note: a5 profile skips the *_bias case (A2 BT-row form); the no-bias twin runs instead
ENV {"device": null, "versions": {"ascriptor_commit": "90cfcdc720bbcd66e8bd4361c4dd4fbc1a2a57b5", "ascriptor_desugar_sha256": "900610ea92dcb97afd1bbea1f4abc6b306adc5fe98547bdbedde37eca34cc295", "ascriptor_lint_sha256": "c2e4662604224cb4e84522859577872b6eeb87f90ac15736c36550ecd61b3a2e", "ascriptor_version": "0.1.0", "numpy": "1.26.4", "python": "3.11.15", "torch": "2.10.0+cpu"}}
CASE splitk_f32_m16_n64_k128_s16 profile=a5 launcher=reference exact_fp32=True ref_sha=1f92875aec85114e
CASE splitk_f32_m16_n64_k32_s16 profile=a5 launcher=reference exact_fp32=True ref_sha=8ce4a0b9cf6f0ec7
CASE splitk_f32_m64_n64_k128_s64 profile=a5 launcher=reference exact_fp32=True ref_sha=f1b0b9afd2568662
CASE splitk_bf16_m16_n64_k128_s16 profile=a5 launcher=reference exact_fp32=True ref_sha=ab27c067dd712d4f
CASE splitk_f16_m16_n64_k128_s16 profile=a5 launcher=reference exact_fp32=True ref_sha=b0773ee0d6b35d32
CASE splitk_bf16_m16_n64_k32_s16 profile=a5 launcher=reference exact_fp32=True ref_sha=928e043033f806e9
CASE splitk_bf16_m16_n64_k48_s16 profile=a5 launcher=reference exact_fp32=True ref_sha=0b863b80b230f59d
CASE splitk_bf16_m16_n64_k64_s16 profile=a5 launcher=reference exact_fp32=True ref_sha=5eee91c5d14307c9
CASE splitk_bf16_m32_n64_k32_s16 profile=a5 launcher=reference exact_fp32=True ref_sha=f204df99d30d86bb
CASE splitk_bf16_m32_n64_k48_s16 profile=a5 launcher=reference exact_fp32=True ref_sha=9f1dcd815dd44776
CASE splitk_bf16_m32_n64_k64_s16 profile=a5 launcher=reference exact_fp32=True ref_sha=fe5e528a0abb64ea
CASE splitk_bf16_m32_n64_k128_s16 profile=a5 launcher=reference exact_fp32=True ref_sha=ef1fe6484b607387
CASE splitk_bf16_m64_n64_k32_s16 profile=a5 launcher=reference exact_fp32=True ref_sha=48a3d04cc181fe29
CASE splitk_bf16_m64_n64_k48_s16 profile=a5 launcher=reference exact_fp32=True ref_sha=2e5b6dc8278b7c49
CASE splitk_bf16_m64_n64_k64_s16 profile=a5 launcher=reference exact_fp32=True ref_sha=14ed65bf7ee26b5d
CASE splitk_bf16_m64_n64_k128_s16 profile=a5 launcher=reference exact_fp32=True ref_sha=643f08de08d1db0c
CASE splitk_f16_m16_n64_k32_s16 profile=a5 launcher=reference exact_fp32=True ref_sha=b5a46ee99af1d755
CASE splitk_f16_m16_n64_k48_s16 profile=a5 launcher=reference exact_fp32=True ref_sha=9966bd71e9b3a62f
CASE splitk_f16_m16_n64_k64_s16 profile=a5 launcher=reference exact_fp32=True ref_sha=01b321877aa36eb9
CASE splitk_f16_m32_n64_k32_s16 profile=a5 launcher=reference exact_fp32=True ref_sha=c6e613002af48108
CASE splitk_f16_m32_n64_k48_s16 profile=a5 launcher=reference exact_fp32=True ref_sha=66d81198f6f50a61
CASE splitk_f16_m32_n64_k64_s16 profile=a5 launcher=reference exact_fp32=True ref_sha=ff17749d69d357ba
CASE splitk_f16_m32_n64_k128_s16 profile=a5 launcher=reference exact_fp32=True ref_sha=eb44b7c0859b9b89
CASE splitk_f16_m64_n64_k32_s16 profile=a5 launcher=reference exact_fp32=True ref_sha=f65013e79301c2b2
CASE splitk_f16_m64_n64_k48_s16 profile=a5 launcher=reference exact_fp32=True ref_sha=1063b6ab31f3cf31
CASE splitk_f16_m64_n64_k64_s16 profile=a5 launcher=reference exact_fp32=True ref_sha=44e3dd4a5e3e9b09
CASE splitk_f16_m64_n64_k128_s16 profile=a5 launcher=reference exact_fp32=True ref_sha=c0fe00946b675fb1
CASE chain_f32_m16_n64_k16_t8_nobar profile=a5 launcher=reference exact_fp32=True ref_sha=52dc672145f958a0
CASE chain_f32_m16_n64_k16_t8_bar profile=a5 launcher=reference exact_fp32=True ref_sha=8b0ceb5ae52e5ddd
CASE chain_bf16_m16_n64_k16_t8_nobar profile=a5 launcher=reference exact_fp32=True ref_sha=1c1741bab66717c2
CASE chain_bf16_m16_n64_k16_t8_bar profile=a5 launcher=reference exact_fp32=True ref_sha=7bd69d9cc3e00905
CASE chain_f16_m16_n64_k16_t8_nobar profile=a5 launcher=reference exact_fp32=True ref_sha=ceb7233f25098765
CASE chain_f16_m16_n64_k16_t8_bar profile=a5 launcher=reference exact_fp32=True ref_sha=e19b2f095109ca5d
CASE chain_f32_m16_n16_k16_t1 profile=a5 launcher=reference exact_fp32=True ref_sha=43700f3830f721ff
CASE chain_f32_m16_n16_k16_t2_nobar profile=a5 launcher=reference exact_fp32=True ref_sha=0b1dbcfcd44549a0
CASE chain_f32_m16_n16_k16_t2_bar profile=a5 launcher=reference exact_fp32=True ref_sha=44237e65a68c3865
CASE chain_f32_m16_n16_k16_t3_nobar profile=a5 launcher=reference exact_fp32=True ref_sha=13d972ae5583ee9e
CASE chain_f32_m16_n16_k16_t3_bar profile=a5 launcher=reference exact_fp32=True ref_sha=459f9c82b38877c4
CASE chain_f32_m32_n16_k16_t2_nobar profile=a5 launcher=reference exact_fp32=True ref_sha=94c2814c8157757d
CASE chain_f32_m32_n16_k16_t2_bar profile=a5 launcher=reference exact_fp32=True ref_sha=4e0655b648d4266a
CASE chain_f32_m32_n16_k16_t3_nobar profile=a5 launcher=reference exact_fp32=True ref_sha=e452cdb60a9121a5
CASE chain_f32_m32_n16_k16_t3_bar profile=a5 launcher=reference exact_fp32=True ref_sha=1b74deb3d8dcd982
CASE chain_f32_m64_n16_k16_t2_nobar profile=a5 launcher=reference exact_fp32=True ref_sha=21f7d0a8c21b9bce
CASE chain_f32_m64_n16_k16_t2_bar profile=a5 launcher=reference exact_fp32=True ref_sha=f3fb99d56a2753db
CASE chain_f32_m64_n16_k16_t3_nobar profile=a5 launcher=reference exact_fp32=True ref_sha=30926d1324397ed2
CASE chain_f32_m64_n16_k16_t3_bar profile=a5 launcher=reference exact_fp32=True ref_sha=39825ef09f8d0aed
CASE chain_bf16_m16_n16_k16_t1 profile=a5 launcher=reference exact_fp32=True ref_sha=c664d78434549d3c
CASE chain_bf16_m16_n16_k16_t2_nobar profile=a5 launcher=reference exact_fp32=True ref_sha=0836f52338e9e991
CASE chain_bf16_m16_n16_k16_t2_bar profile=a5 launcher=reference exact_fp32=True ref_sha=d164a255d38efe81
CASE chain_bf16_m16_n16_k16_t3_nobar profile=a5 launcher=reference exact_fp32=True ref_sha=d1693dfc1396d70d
CASE chain_bf16_m16_n16_k16_t3_bar profile=a5 launcher=reference exact_fp32=True ref_sha=6dd4688ad3387d8e
CASE chain_bf16_m32_n16_k16_t2_nobar profile=a5 launcher=reference exact_fp32=True ref_sha=a2e3785f7e8beda2
CASE chain_bf16_m32_n16_k16_t2_bar profile=a5 launcher=reference exact_fp32=True ref_sha=cca7b4e27ee2420c
CASE chain_bf16_m32_n16_k16_t3_nobar profile=a5 launcher=reference exact_fp32=True ref_sha=262ee4ca0a924cea
CASE chain_bf16_m32_n16_k16_t3_bar profile=a5 launcher=reference exact_fp32=True ref_sha=c2248eb0d77425fb
CASE chain_bf16_m64_n16_k16_t2_nobar profile=a5 launcher=reference exact_fp32=True ref_sha=02af3c56bfad5895
CASE chain_bf16_m64_n16_k16_t2_bar profile=a5 launcher=reference exact_fp32=True ref_sha=fc867af71a6454d8
CASE chain_bf16_m64_n16_k16_t3_nobar profile=a5 launcher=reference exact_fp32=True ref_sha=9385b668b90cb079
CASE chain_bf16_m64_n16_k16_t3_bar profile=a5 launcher=reference exact_fp32=True ref_sha=a64dff4016be88c3
CASE chain_f16_m16_n16_k16_t1 profile=a5 launcher=reference exact_fp32=True ref_sha=37dce6f7073683d5
CASE chain_f16_m16_n16_k16_t2_nobar profile=a5 launcher=reference exact_fp32=True ref_sha=0b3f6c80e84b6f50
CASE chain_f16_m16_n16_k16_t2_bar profile=a5 launcher=reference exact_fp32=True ref_sha=01f8e6cda3e2a984
CASE chain_f16_m16_n16_k16_t3_nobar profile=a5 launcher=reference exact_fp32=True ref_sha=10512ec7f318bf58
CASE chain_f16_m16_n16_k16_t3_bar profile=a5 launcher=reference exact_fp32=True ref_sha=8774979c1d6218da
CASE chain_f16_m32_n16_k16_t2_nobar profile=a5 launcher=reference exact_fp32=True ref_sha=19c31be4cba81cec
CASE chain_f16_m32_n16_k16_t2_bar profile=a5 launcher=reference exact_fp32=True ref_sha=fda5e7cf95a5deba
CASE chain_f16_m32_n16_k16_t3_nobar profile=a5 launcher=reference exact_fp32=True ref_sha=0c9504ac3b83f982
CASE chain_f16_m32_n16_k16_t3_bar profile=a5 launcher=reference exact_fp32=True ref_sha=de8443a3b59f3f3d
CASE chain_f16_m64_n16_k16_t2_nobar profile=a5 launcher=reference exact_fp32=True ref_sha=cdb67ffaacdcad55
CASE chain_f16_m64_n16_k16_t2_bar profile=a5 launcher=reference exact_fp32=True ref_sha=3ab4eca82f5f020e
CASE chain_f16_m64_n16_k16_t3_nobar profile=a5 launcher=reference exact_fp32=True ref_sha=6ce81b69849187e0
CASE chain_f16_m64_n16_k16_t3_bar profile=a5 launcher=reference exact_fp32=True ref_sha=8cc5c421b425e907
SUMMARY profile=a5 launcher=reference cases=72 all_bitwise=72 errors=0 failed_expectation=[]
