[INFO] ATRACE(<PID>,python):2026-09-20-02:28:10.747.500 [trace_recorder.c:166](tid:<PID>) get path by env ASCEND_WORK_PATH: <TASK_NATIVE>/work
[INFO] RUNTIME(<PID>,python):2026-09-20-02:28:10.748.928 [task_fail_callback_data_manager.cc:89] <PID> TaskFailCallBackManager: Constructor.
[INFO] RUNTIME(<PID>,python):2026-09-20-02:28:10.748.935 [xpu_task_fail_callback_data_manager.cc:59] <PID> XpuTaskFailCallBackManager: XpuTaskFailCallBackManager Constructor.
[INFO] RUNTIME(<PID>,python):2026-09-20-02:28:10.778.759 [runtime_keeper.cc:213] <PID> CreateRuntimeImpl: Open libruntime_v200.so successfully
[INFO] RUNTIME(<PID>,python):2026-09-20-02:28:10.780.186 [runtime.cc:5059] <PID> GetVisibleDevices: real deviceCnt:2 userDeviceCnt:1 isSetVisibleDev:<DEVICE> ASCEND_RT_VISIBLE_DEVICES:[1] available visible devices:[1]
[INFO] TDT(<PID>,python):2026-09-20-02:28:10.781.503 [package_worker_factory.cpp:37][RegisterPackageWorkerCreator][tid:<PID>] Register[2] package worker was created successfully
[INFO] TDT(<PID>,python):2026-09-20-02:28:10.781.511 [package_worker_factory.cpp:37][RegisterPackageWorkerCreator][tid:<PID>] Register[3] package worker was created successfully
[INFO] HCCL(<PID>,python):2026-09-20-02:28:10.873.471 [adapter_rts.cc:2637] [<PID>][adapter_rts.cc][CallBackInitRts] g_deviceType [9] g_deviceLogicId [-1] g_devicePhyId [-1]
[INFO] GE(<PID>,python):2026-09-20-02:28:15.136.957 [op_tiling_manager.cc:109]<PID> ~FuncPerfScope:[GEPERFTRACE] The time cost of OpTilingManager::LoadSo is [1815] micro seconds.
[INFO] IDEDD(<PID>,python):2026-09-20-02:28:15.169.770 [adx_dump_record.cpp:699][tid:<PID>] start dump thread, remote dump record temp path : <TASK_NATIVE>/.
[INFO] DRV(<PID>,python):2026-09-20-02:28:15.170.182 [drv_share_log.c:233][ascend][curpid:<PID>,503888][drv][hdc][share_log_read_in_single_module]Server create success. (dev_id=<DEVICE>; fid=0; pid=<PID>; service_type="service_dump")
[INFO] DRV(<PID>,python):2026-09-20-02:28:15.170.314 [drv_share_log.c:233][ascend][curpid:<PID>,503888][drv][hdc][share_log_read_in_single_module]Server create success. (dev_id=<DEVICE>; fid=0; pid=<PID>; service_type="service_dump")
[INFO] IDEDD(<PID>,python):2026-09-20-02:28:15.170.969 [dump_manager.cpp:241][tid:<PID>] Set aic_err_brief_dump[3] dump setting, status: on, dump switch: 3
[INFO] ASCENDCL(<PID>,python):2026-09-20-02:28:15.173.768 [acl_op_resource_manager.cpp:60]<PID> GetRuntimeV2Env: runtime v2 flag : model flag = 1, singleOp flag = 1
[INFO] PROFILING(<PID>,python):2026-09-20-02:28:15.177.531 [platform.cpp:52] (tid:<PID>) Profiling platform version: 1.0.
[INFO] PROFILING(<PID>,python):2026-09-20-02:28:15.177.549 [platform.cpp:272] (tid:<PID>) Succeeded to DrvGetApiVersion version: 0x72418
[INFO] ASCENDCL(<PID>,python):2026-09-20-02:28:15.177.806 [acl.cpp:369]<PID> GetAllPackageVersion: Version of runtime package is 9.2.0
[INFO] ASCENDCL(<PID>,python):2026-09-20-02:28:15.177.835 [acl.cpp:369]<PID> GetAllPackageVersion: Version of runtime package is 9.2.0
[INFO] ASCENDCL(<PID>,python):2026-09-20-02:28:15.177.860 [acl.cpp:369]<PID> GetAllPackageVersion: Version of bisheng-compiler package is 9.2.0
[INFO] ASCENDCL(<PID>,python):2026-09-20-02:28:15.177.884 [acl.cpp:369]<PID> GetAllPackageVersion: Version of hccl package is 9.2.0
[INFO] ASCENDCL(<PID>,python):2026-09-20-02:28:15.177.919 [acl.cpp:369]<PID> GetAllPackageVersion: Version of oam-tools package is 9.2.0
[INFO] ASCENDCL(<PID>,python):2026-09-20-02:28:15.177.953 [acl.cpp:369]<PID> GetAllPackageVersion: Version of ops-legacy package is 9.2.0
[INFO] ASCENDCL(<PID>,python):2026-09-20-02:28:15.177.984 [acl.cpp:369]<PID> GetAllPackageVersion: Version of ops-legacy package is 9.2.0
[INFO] ASCENDCL(<PID>,python):2026-09-20-02:28:15.178.018 [acl.cpp:369]<PID> GetAllPackageVersion: Version of driver package is 7.0.t9.0.B798
[INFO] ATRACE(<PID>,python):2026-09-20-02:28:15.188.461 [atrace_client_core.c:160](tid:<PID>) start to receive device[<DEVICE>] trace log.
[INFO] ASCENDCL(<PID>,python):2026-09-20-02:28:15.188.485 [acl_resource_manager.cpp:128]<PID> GetRuntimeV2Env: runtime v2 flag : model flag = 1, singleOp flag = 1
[INFO] TDT(<PID>,python):2026-09-20-02:28:15.188.515 [client_manager.cpp:140][GetInstance][tid:<PID>] [ClientManager] Current mode:1
[INFO] TDT(<PID>,python):2026-09-20-02:28:15.188.587 [process_mode_manager.cpp:168][GetLogLevel][tid:<PID>] [TsdClient] get ASCEND_GLOBAL_LOG_LEVEL [] ASCEND_GLOBAL_EVENT_ENABLE [] ASCEND_MODULE_LOG_LEVEL []
[INFO] TDT(<PID>,python):2026-09-20-02:28:15.188.657 [tsd_process_controller.cpp:59][OpenProcess][tid:<PID>] [ProcessModeManager] enter into open process deviceId[<DEVICE>] rankSize[0]
[INFO] TDT(<PID>,python):2026-09-20-02:28:15.188.706 [capability_manager.cpp:401][IsSupportCommonSink][tid:<PID>] mutexFile[<EXTERNAL_PATH> found means supporting common sink
[INFO] TDT(<PID>,python):2026-09-20-02:28:15.188.923 [device_comm_agent.cpp:41][InitTsdClient][tid:<PID>] [TsdClient] deviceId[<DEVICE>] begin to init hdc client
[INFO] TDT(<PID>,python):2026-09-20-02:28:15.189.209 [version_verify.cpp:39][SetVersionInfo][tid:<PID>] VersionVerify: send client version to server
[INFO] TDT(<PID>,python):2026-09-20-02:28:15.192.358 [version_verify.cpp:71][PeerVersionCheck][tid:<PID>] VersionVerify: Check client version info, server[1230], client[1230]
[INFO] TDT(<PID>,python):2026-09-20-02:28:15.192.365 [version_verify.cpp:92][ParseVersionInfo][tid:<PID>] VersionVerify: pass client version info success
[INFO] TDT(<PID>,python):2026-09-20-02:28:15.192.372 [hdc_client.cpp:243][CheckHdcConnection][tid:<PID>] Service create hdc successfully.
[INFO] TDT(<PID>,python):2026-09-20-02:28:15.193.949 [package_env_info.cpp:131][GetShortSocVersion][tid:<PID>] get short_soc_version:Ascend950
[INFO] TDT(<PID>,python):2026-09-20-02:28:15.194.052 [package_process_config.cpp:265][SetConfigDataOnHost][tid:<PID>] insert package:Ascend-aicpu_legacy.tar.gz config
[INFO] TDT(<PID>,python):2026-09-20-02:28:15.194.067 [package_process_config.cpp:265][SetConfigDataOnHost][tid:<PID>] insert package:Ascend910-aicpu_legacy.tar.gz config
[INFO] TDT(<PID>,python):2026-09-20-02:28:15.194.079 [package_process_config.cpp:265][SetConfigDataOnHost][tid:<PID>] insert package:Ascend310P-aicpu_legacy.tar.gz config
[INFO] TDT(<PID>,python):2026-09-20-02:28:15.194.093 [package_process_config.cpp:265][SetConfigDataOnHost][tid:<PID>] insert package:aicpu_hccl.tar.gz config
[INFO] TDT(<PID>,python):2026-09-20-02:28:15.194.105 [package_process_config.cpp:265][SetConfigDataOnHost][tid:<PID>] insert package:mc2_server.tar.gz config
[INFO] TDT(<PID>,python):2026-09-20-02:28:15.194.116 [package_process_config.cpp:265][SetConfigDataOnHost][tid:<PID>] insert package:aicpu_hcomm.tar.gz config
[INFO] TDT(<PID>,python):2026-09-20-02:28:15.194.128 [package_process_config.cpp:265][SetConfigDataOnHost][tid:<PID>] insert package:cann-hixl-compat.tar.gz config
[INFO] TDT(<PID>,python):2026-09-20-02:28:15.194.140 [package_process_config.cpp:265][SetConfigDataOnHost][tid:<PID>] insert package:cann-hcomm-compat.tar.gz config
[INFO] TDT(<PID>,python):2026-09-20-02:28:15.194.151 [package_process_config.cpp:265][SetConfigDataOnHost][tid:<PID>] insert package:cann-hccd-compat.tar.gz config
[INFO] TDT(<PID>,python):2026-09-20-02:28:15.194.162 [package_process_config.cpp:265][SetConfigDataOnHost][tid:<PID>] insert package:cann-udf-compat.tar.gz config
[INFO] TDT(<PID>,python):2026-09-20-02:28:15.194.174 [package_process_config.cpp:265][SetConfigDataOnHost][tid:<PID>] insert package:cann-tsch-compat.tar.gz config
[INFO] TDT(<PID>,python):2026-09-20-02:28:15.194.197 [package_process_config.cpp:331][RefreshHostPluginVersions][tid:<PID>] host plugin pkg:cann-hcomm-compat.tar.gz ini parsed, version:9.2.0 timestamp:20260805_101249091
[INFO] TDT(<PID>,python):2026-09-20-02:28:15.194.213 [package_process_config.cpp:331][RefreshHostPluginVersions][tid:<PID>] host plugin pkg:cann-tsch-compat.tar.gz ini parsed, version:9.2.0 timestamp:20260805_101249091
[INFO] TDT(<PID>,python):2026-09-20-02:28:15.194.219 [hdc_message_builder.cpp:54][SetProcSignPid][tid:<PID>] [HdcMessageBuilder] tsd get process sign successfully, procpid[<PID>]
[INFO] TDT(<PID>,python):2026-09-20-02:28:15.194.260 [version_verify.cpp:117][SpecialFeatureCheck][tid:<PID>] VersionVerify: previous type[69], supported
[INFO] TDT(<PID>,python):2026-09-20-02:28:15.196.292 [plugin_version_manager.cpp:114][HandleDevicePluginVersionRsp][tid:<PID>] device plugin info rsp, pkgCount:0
[INFO] TDT(<PID>,python):2026-09-20-02:28:15.196.298 [package_loader.cpp:427][LoadPackageConfigInfoToDevice][tid:<PID>] Receive load package config response result:0
[INFO] TDT(<PID>,python):2026-09-20-02:28:15.196.325 [capability_manager.cpp:401][IsSupportCommonSink][tid:<PID>] mutexFile[<EXTERNAL_PATH> found means supporting common sink
[INFO] TDT(<PID>,python):2026-09-20-02:28:15.196.330 [package_loader.cpp:134][ShouldLoadLegacyPackage][tid:<PID>] [TsdClient][logicDeviceId_=1] use legacy package
[INFO] TDT(<PID>,python):2026-09-20-02:28:15.196.461 [package_env_info.cpp:221][CheckPackageExistsOnce][tid:<PID>] [TsdClient][deviceId=<DEVICE>] pkg size[0] in path[<CANN>/opp/built-in/] must be only one, skip send package, packageType[6]
[INFO] TDT(<PID>,python):2026-09-20-02:28:15.196.468 [package_loader.cpp:103][LoadSysOpKernel][tid:<PID>] [TsdClient][logicDeviceId_=1] cannot find aicpu packages
[INFO] TDT(<PID>,python):2026-09-20-02:28:15.196.485 [capability_manager.cpp:401][IsSupportCommonSink][tid:<PID>] mutexFile[<EXTERNAL_PATH> found means supporting common sink
[INFO] TDT(<PID>,python):2026-09-20-02:28:15.196.498 [package_loader.cpp:464][LoadSinglePackageToDevice][tid:<PID>] begin to load package:Ascend-aicpu_legacy.tar.gz to device:<DEVICE>
[INFO] TDT(<PID>,python):2026-09-20-02:28:15.196.508 [package_process_config.cpp:396][GetPkgHostAndDeviceDstPath][tid:<PID>] get orgFile:<CANN>/opp/Ascend/aicpu/Ascend-aicpu_legacy.tar.gz, dstFile:<EXTERNAL_PATH>
[INFO] TDT(<PID>,python):2026-09-20-02:28:15.856.695 [package_loader.cpp:491][LoadSinglePackageToDevice][tid:<PID>] current package:Ascend-aicpu_legacy.tar.gz is same as device, skip load
[INFO] TDT(<PID>,python):2026-09-20-02:28:15.856.716 [package_loader.cpp:464][LoadSinglePackageToDevice][tid:<PID>] begin to load package:Ascend310P-aicpu_legacy.tar.gz to device:<DEVICE>
[INFO] TDT(<PID>,python):2026-09-20-02:28:15.856.724 [package_loader.cpp:481][LoadSinglePackageToDevice][tid:<PID>] cannot find package:Ascend310P-aicpu_legacy.tar.gz, optional is true skip
[INFO] TDT(<PID>,python):2026-09-20-02:28:15.856.729 [package_loader.cpp:464][LoadSinglePackageToDevice][tid:<PID>] begin to load package:Ascend910-aicpu_legacy.tar.gz to device:<DEVICE>
[INFO] TDT(<PID>,python):2026-09-20-02:28:15.856.733 [package_loader.cpp:481][LoadSinglePackageToDevice][tid:<PID>] cannot find package:Ascend910-aicpu_legacy.tar.gz, optional is true skip
[INFO] TDT(<PID>,python):2026-09-20-02:28:15.856.738 [package_loader.cpp:464][LoadSinglePackageToDevice][tid:<PID>] begin to load package:aicpu_hccl.tar.gz to device:<DEVICE>
[INFO] TDT(<PID>,python):2026-09-20-02:28:15.856.749 [package_process_config.cpp:396][GetPkgHostAndDeviceDstPath][tid:<PID>] get orgFile:<CANN>/opp/built-in/op_impl/aicpu/kernel/aicpu_hccl.tar.gz, dstFile:<EXTERNAL_PATH>
[INFO] TDT(<PID>,python):2026-09-20-02:28:15.868.768 [package_loader.cpp:491][LoadSinglePackageToDevice][tid:<PID>] current package:aicpu_hccl.tar.gz is same as device, skip load
[INFO] TDT(<PID>,python):2026-09-20-02:28:15.868.780 [package_loader.cpp:464][LoadSinglePackageToDevice][tid:<PID>] begin to load package:aicpu_hcomm.tar.gz to device:<DEVICE>
[INFO] TDT(<PID>,python):2026-09-20-02:28:15.868.791 [package_process_config.cpp:396][GetPkgHostAndDeviceDstPath][tid:<PID>] get orgFile:<CANN>/opp/built-in/op_impl/aicpu/kernel/aicpu_hcomm.tar.gz, dstFile:<EXTERNAL_PATH>
[INFO] TDT(<PID>,python):2026-09-20-02:28:15.926.823 [package_loader.cpp:491][LoadSinglePackageToDevice][tid:<PID>] current package:aicpu_hcomm.tar.gz is same as device, skip load
[INFO] TDT(<PID>,python):2026-09-20-02:28:15.926.835 [package_loader.cpp:464][LoadSinglePackageToDevice][tid:<PID>] begin to load package:cann-hccd-compat.tar.gz to device:<DEVICE>
[INFO] TDT(<PID>,python):2026-09-20-02:28:15.926.850 [package_loader.cpp:467][LoadSinglePackageToDevice][tid:<PID>] current package:cann-hccd-compat.tar.gz does not need to load to device:<DEVICE>
[INFO] TDT(<PID>,python):2026-09-20-02:28:15.926.854 [package_loader.cpp:464][LoadSinglePackageToDevice][tid:<PID>] begin to load package:cann-hcomm-compat.tar.gz to device:<DEVICE>
[INFO] TDT(<PID>,python):2026-09-20-02:28:15.926.866 [package_process_config.cpp:396][GetPkgHostAndDeviceDstPath][tid:<PID>] get orgFile:<CANN>/compat/cann-hcomm-compat.tar.gz, dstFile:<EXTERNAL_PATH>
[WARNING] TDT(<PID>,python):2026-09-20-02:28:15.952.840 [plugin_version_manager.cpp:38][GetPluginUpdateStrategy][tid:<PID>] [TsdClient][deviceId=<DEVICE>] halGetDeviceInfo(INFO_TYPE_SWPLUGIN_UPGRADE_POLICY) failed, retCode[3], fallback to PLUGIN_NOT_FORCE_UPDATE
[INFO] TDT(<PID>,python):2026-09-20-02:28:15.952.852 [plugin_version_manager.cpp:76][CompareHostDeviceCompatPluginVersion][tid:<PID>] device plugin pkg:cann-hcomm-compat.tar.gz version unavailable, fallback to checkcode compare
[INFO] TDT(<PID>,python):2026-09-20-02:28:15.952.859 [package_loader.cpp:487][LoadSinglePackageToDevice][tid:<PID>] skip load compat plugin package:cann-hcomm-compat.tar.gz by version/strategy check
[INFO] TDT(<PID>,python):2026-09-20-02:28:15.952.865 [package_loader.cpp:464][LoadSinglePackageToDevice][tid:<PID>] begin to load package:cann-hixl-compat.tar.gz to device:<DEVICE>
[INFO] TDT(<PID>,python):2026-09-20-02:28:15.952.876 [package_process_config.cpp:396][GetPkgHostAndDeviceDstPath][tid:<PID>] get orgFile:<CANN>/opp/built-in/op_impl/aicpu/kernel/cann-hixl-compat.tar.gz, dstFile:<EXTERNAL_PATH>
[INFO] TDT(<PID>,python):2026-09-20-02:28:15.953.522 [package_loader.cpp:491][LoadSinglePackageToDevice][tid:<PID>] current package:cann-hixl-compat.tar.gz is same as device, skip load
[INFO] TDT(<PID>,python):2026-09-20-02:28:15.953.528 [package_loader.cpp:464][LoadSinglePackageToDevice][tid:<PID>] begin to load package:cann-tsch-compat.tar.gz to device:<DEVICE>
[INFO] TDT(<PID>,python):2026-09-20-02:28:15.953.532 [package_loader.cpp:454][SupportLoadPkg][tid:<PID>] current device chip:15 does not support package:cann-tsch-compat.tar.gz
[INFO] TDT(<PID>,python):2026-09-20-02:28:15.953.537 [package_loader.cpp:467][LoadSinglePackageToDevice][tid:<PID>] current package:cann-tsch-compat.tar.gz does not need to load to device:<DEVICE>
[INFO] TDT(<PID>,python):2026-09-20-02:28:15.953.541 [package_loader.cpp:464][LoadSinglePackageToDevice][tid:<PID>] begin to load package:cann-udf-compat.tar.gz to device:<DEVICE>
[INFO] TDT(<PID>,python):2026-09-20-02:28:15.953.545 [package_loader.cpp:467][LoadSinglePackageToDevice][tid:<PID>] current package:cann-udf-compat.tar.gz does not need to load to device:<DEVICE>
[INFO] TDT(<PID>,python):2026-09-20-02:28:15.953.549 [package_loader.cpp:464][LoadSinglePackageToDevice][tid:<PID>] begin to load package:mc2_server.tar.gz to device:<DEVICE>
[INFO] TDT(<PID>,python):2026-09-20-02:28:15.953.554 [package_process_config.cpp:396][GetPkgHostAndDeviceDstPath][tid:<PID>] get orgFile:<CANN>/opp/built-in/op_impl/aicpu/kernel/mc2_server.tar.gz, dstFile:<EXTERNAL_PATH>
[INFO] TDT(<PID>,python):2026-09-20-02:28:15.956.616 [package_loader.cpp:491][LoadSinglePackageToDevice][tid:<PID>] current package:mc2_server.tar.gz is same as device, skip load
[INFO] TDT(<PID>,python):2026-09-20-02:28:15.956.629 [hdc_message_builder.cpp:54][SetProcSignPid][tid:<PID>] [HdcMessageBuilder] tsd get process sign successfully, procpid[<PID>]
[INFO] TDT(<PID>,python):2026-09-20-02:28:15.956.645 [version_verify.cpp:117][SpecialFeatureCheck][tid:<PID>] VersionVerify: previous type[6], supported
[INFO] TDT(<PID>,python):2026-09-20-02:28:15.956.758 [tsd_process_controller.cpp:111][WaitOpenRsp][tid:<PID>] [ProcessModeManager] deviceId[<DEVICE>] sessionId[1] rankSize[0], wait subprocess start response
[INFO] TDT(<PID>,python):2026-09-20-02:28:16.383.240 [tsd_process_controller.cpp:472][ProcessQueueForAdc][tid:<PID>] [TsdClient] it is unnecessary for current mode[0] to grant queue auth to aicpusd
[INFO] TDT(<PID>,python):2026-09-20-02:28:16.383.255 [tsd_process_controller.cpp:134][LogOpenProcessDuration][tid:<PID>] [TsdClient][deviceId=<DEVICE>] [sessionId=1] start hccp and computer process success,phase4:[768]ms send open message to device,phase5:[426]ms receive open message to device,phase6:[0]ms process for adc on host,whole duration:[1194]ms
[INFO] DRV(<PID>,python):2026-09-20-02:28:16.383.299 [event_sched.c:1536][ascend][curpid:<PID>,<PID>][drv][event-sche][esched_device_open]The dev_id has opened. (dev_id=<DEVICE>)
[INFO] DRV(<PID>,python):2026-09-20-02:28:16.384.163 [drv_share_log.c:233][ascend][curpid:<PID>,<PID>][drv][devmm][share_log_read_in_single_module]Open. (udevid=<DEVICE>; tgid=<PID>)
[INFO] DRV(<PID>,python):2026-09-20-02:28:16.384.707 [drv_share_log.c:233][ascend][curpid:<PID>,<PID>][drv][devmm][share_log_read_in_single_module]Open. (udevid=<DEVICE>; tgid=<PID>)
[INFO] DRV(<PID>,python):2026-09-20-02:28:16.423.624 [queue_interface.c:954][ascend][curpid:<PID>,<PID>][drv][queuemng][queue_device_open]queue open finish. (dev_id=<DEVICE>)
[INFO] RUNTIME(<PID>,python):2026-09-20-02:28:16.423.853 [raw_device.cc:589] <PID> Init: isAddrFlat:0
[INFO] TDT(<PID>,python):2026-09-20-02:28:16.428.856 [tsd_client.cpp:188][TsdCapabilityGet][tid:<PID>] TsdCapabilityGet Begin.
[INFO] TDT(<PID>,python):2026-09-20-02:28:16.428.866 [capability_manager.cpp:489][CapabilityGet][tid:<PID>] [CapabilityManager] enter into CapabilityGet process deviceId[<DEVICE>] type[0].
[INFO] TDT(<PID>,python):2026-09-20-02:28:16.428.873 [hdc_message_builder.cpp:54][SetProcSignPid][tid:<PID>] [HdcMessageBuilder] tsd get process sign successfully, procpid[<PID>]
[INFO] TDT(<PID>,python):2026-09-20-02:28:16.428.879 [version_verify.cpp:117][SpecialFeatureCheck][tid:<PID>] VersionVerify: previous type[38], supported
[INFO] TDT(<PID>,python):2026-09-20-02:28:16.429.014 [capability_manager.cpp:514][CapabilityGet][tid:<PID>] [CapabilityManager][deviceId=<DEVICE>] [sessionId=1] [type=0]send capability successfully.
[INFO] TDT(<PID>,python):2026-09-20-02:28:16.431.745 [capability_manager.cpp:564][HandlePidQosRsp][tid:<PID>] [TsdClient] PidQosMsgProc recvMsg realDeviceId[<DEVICE>] msgType[39] localDevId[<DEVICE>] rspCode[0],pidqos[1]
[INFO] TDT(<PID>,python):2026-09-20-02:28:16.431.751 [capability_manager.cpp:520][CapabilityGet][tid:<PID>] [CapabilityManager][logicDeviceId_=1][type=0][pidQos=1][ret=0]recv capability response finished.
[INFO] RUNTIME(<PID>,python):2026-09-20-02:28:16.431.759 [engine.cc:77] <PID> Engine: Constructor.
[INFO] RUNTIME(<PID>,python):2026-09-20-02:28:16.431.763 [stars_engine.cc:51] <PID> StarsEngine: Constructor.
[INFO] RUNTIME(<PID>,python):2026-09-20-02:28:16.451.836 [runtime.cc:5453] <PID> CreateReportRasThread: Start report ras thread success!
[INFO] RUNTIME(<PID>,python):2026-09-20-02:28:16.451.905 [npu_driver_res.cc:305] 503892 GetDeviceStatus: GetDeviceStatus status=1.
[INFO] ATRACE(<PID>,python):2026-09-20-02:28:16.458.865 [tracer_mgr_operate.c:66](tid:<PID>) create object RUNTIME_ATRACE_DEV1_TS0 successfully, exitSave(false), noLock(false).
[INFO] TDT(<PID>,python):2026-09-20-02:28:16.458.881 [client_manager.cpp:194][SetProfilingCallback][tid:<PID>] [TsdClient] set profiling callback successfully
[INFO] RUNTIME(<PID>,python):2026-09-20-02:28:17.483.050 [runtime.cc:5659] 503893 ReportPageFaultProc: pageFaultSupportFlag_=0.
[INFO] RUNTIME(<PID>,python):2026-09-20-02:38:17.631.872 [context.cc:474] 503892 TryToRecycleProgPool: recycle prog pool
[INFO] RUNTIME(<PID>,python):2026-09-20-02:38:17.632.420 [raw_device.cc:427] 503892 TryToRecycleModulesPool: recycle raw dev pool
[INFO] RUNTIME(<PID>,python):2026-09-20-02:48:17.824.403 [context.cc:474] 503892 TryToRecycleProgPool: recycle prog pool
[INFO] RUNTIME(<PID>,python):2026-09-20-02:48:17.824.699 [raw_device.cc:427] 503892 TryToRecycleModulesPool: recycle raw dev pool
[INFO] ASCENDCL(<PID>,python):2026-09-20-02:48:49.120.951 [resource_statistics.cpp:113]<PID> TraverseStatistics: The ResourceType:ACL_STATISTICS_MALLOC_FREE, applyTotal = 52, applySucc = 52, releaseTotal = 46, releaseSucc = 46
[INFO] ASCENDCL(<PID>,python):2026-09-20-02:48:49.120.966 [resource_statistics.cpp:113]<PID> TraverseStatistics: The ResourceType:ACL_STATISTICS_MALLOC_FREE_HOST, applyTotal = 0, applySucc = 0, releaseTotal = 0, releaseSucc = 0
[INFO] ASCENDCL(<PID>,python):2026-09-20-02:48:49.120.971 [resource_statistics.cpp:113]<PID> TraverseStatistics: The ResourceType:ACL_STATISTICS_CREATE_DESTROY_CONTEXT, applyTotal = 0, applySucc = 0, releaseTotal = 0, releaseSucc = 0
[INFO] ASCENDCL(<PID>,python):2026-09-20-02:48:49.120.975 [resource_statistics.cpp:113]<PID> TraverseStatistics: The ResourceType:ACL_STATISTICS_SET_RESET_DEVICE, applyTotal = 2, applySucc = 2, releaseTotal = 1, releaseSucc = 1
[INFO] ASCENDCL(<PID>,python):2026-09-20-02:48:49.120.979 [resource_statistics.cpp:113]<PID> TraverseStatistics: The ResourceType:ACL_STATISTICS_CREATE_DESTROY_EVENT, applyTotal = 0, applySucc = 0, releaseTotal = 0, releaseSucc = 0
[INFO] ASCENDCL(<PID>,python):2026-09-20-02:48:49.120.983 [resource_statistics.cpp:113]<PID> TraverseStatistics: The ResourceType:ACL_STATISTICS_CREATE_DESTROY_STREAM, applyTotal = 2, applySucc = 2, releaseTotal = 1, releaseSucc = 1
[INFO] ASCENDCL(<PID>,python):2026-09-20-02:48:49.120.987 [resource_statistics.cpp:113]<PID> TraverseStatistics: The ResourceType:ACL_STATISTICS_DVPP_MALLOC_FREE, applyTotal = 0, applySucc = 0, releaseTotal = 0, releaseSucc = 0
[INFO] ASCENDCL(<PID>,python):2026-09-20-02:48:49.120.991 [resource_statistics.cpp:113]<PID> TraverseStatistics: The ResourceType:ACL_STATISTICS_RECORD_RESET_EVENT, applyTotal = 0, applySucc = 0, releaseTotal = 0, releaseSucc = 0
[INFO] ASCENDCL(<PID>,python):2026-09-20-02:48:49.120.995 [resource_statistics.cpp:113]<PID> TraverseStatistics: The ResourceType:ACL_STATISTICS_CREATE_DESTROY_DATA_BUFFER, applyTotal = 0, applySucc = 0, releaseTotal = 0, releaseSucc = 0
[INFO] ASCENDCL(<PID>,python):2026-09-20-02:48:49.120.999 [resource_statistics.cpp:113]<PID> TraverseStatistics: The ResourceType:ACL_STATISTICS_CREATE_DESTROY_TENSOR_DESC, applyTotal = 0, applySucc = 0, releaseTotal = 0, releaseSucc = 0
[INFO] ASCENDCL(<PID>,python):2026-09-20-02:48:49.121.003 [resource_statistics.cpp:113]<PID> TraverseStatistics: The ResourceType:ACL_STATISTICS_CREATE_DESTROY_DESC, applyTotal = 0, applySucc = 0, releaseTotal = 0, releaseSucc = 0
[INFO] ASCENDCL(<PID>,python):2026-09-20-02:48:49.121.007 [resource_statistics.cpp:113]<PID> TraverseStatistics: The ResourceType:ACL_STATISTICS_CREATE_DESTROY_DATASET, applyTotal = 0, applySucc = 0, releaseTotal = 0, releaseSucc = 0
[INFO] ASCENDCL(<PID>,python):2026-09-20-02:48:49.121.011 [resource_statistics.cpp:113]<PID> TraverseStatistics: The ResourceType:ACL_STATISTICS_CREATE_LOAD_UNLOAD_MODEL, applyTotal = 0, applySucc = 0, releaseTotal = 0, releaseSucc = 0
[INFO] ASCENDCL(<PID>,python):2026-09-20-02:48:49.121.015 [resource_statistics.cpp:113]<PID> TraverseStatistics: The ResourceType:ACL_STATISTICS_CREATE_DESTROY_AIPP, applyTotal = 0, applySucc = 0, releaseTotal = 0, releaseSucc = 0
[INFO] ASCENDCL(<PID>,python):2026-09-20-02:48:49.121.019 [resource_statistics.cpp:113]<PID> TraverseStatistics: The ResourceType:ACL_STATISTICS_CREATE_DESTROY_ATTR, applyTotal = 0, applySucc = 0, releaseTotal = 0, releaseSucc = 0
[INFO] ASCENDCL(<PID>,python):2026-09-20-02:48:49.121.023 [resource_statistics.cpp:113]<PID> TraverseStatistics: The ResourceType:ACL_STATISTICS_CREATE_DESTROY_HANDLE, applyTotal = 0, applySucc = 0, releaseTotal = 0, releaseSucc = 0
[INFO] ASCENDCL(<PID>,python):2026-09-20-02:48:49.121.027 [resource_statistics.cpp:113]<PID> TraverseStatistics: The ResourceType:ACL_STATISTICS_CREATE_DESTROY_DVPP_CHANNEL_DESC, applyTotal = 0, applySucc = 0, releaseTotal = 0, releaseSucc = 0
[INFO] ASCENDCL(<PID>,python):2026-09-20-02:48:49.121.031 [resource_statistics.cpp:113]<PID> TraverseStatistics: The ResourceType:ACL_STATISTICS_CREATE_DESTROY_DVPP_PIC_DESC, applyTotal = 0, applySucc = 0, releaseTotal = 0, releaseSucc = 0
[INFO] ASCENDCL(<PID>,python):2026-09-20-02:48:49.121.036 [resource_statistics.cpp:113]<PID> TraverseStatistics: The ResourceType:ACL_STATISTICS_CREATE_DESTROY_DVPP_ROI_CONFIG, applyTotal = 0, applySucc = 0, releaseTotal = 0, releaseSucc = 0
[INFO] ASCENDCL(<PID>,python):2026-09-20-02:48:49.121.042 [resource_statistics.cpp:113]<PID> TraverseStatistics: The ResourceType:ACL_STATISTICS_CREATE_DESTROY_DVPP_RESIZE_CONFIG, applyTotal = 0, applySucc = 0, releaseTotal = 0, releaseSucc = 0
[INFO] ASCENDCL(<PID>,python):2026-09-20-02:48:49.121.047 [resource_statistics.cpp:113]<PID> TraverseStatistics: The ResourceType:ACL_STATISTICS_CREATE_DESTROY_DVPP_JPEGE_CONFIG, applyTotal = 0, applySucc = 0, releaseTotal = 0, releaseSucc = 0
[INFO] ASCENDCL(<PID>,python):2026-09-20-02:48:49.121.051 [resource_statistics.cpp:113]<PID> TraverseStatistics: The ResourceType:ACL_STATISTICS_CREATE_DESTROY_VDEC_CHANNEL_DESC, applyTotal = 0, applySucc = 0, releaseTotal = 0, releaseSucc = 0
[INFO] ASCENDCL(<PID>,python):2026-09-20-02:48:49.121.055 [resource_statistics.cpp:113]<PID> TraverseStatistics: The ResourceType:ACL_STATISTICS_CREATE_DESTROY_VENC_CHANNEL_DESC, applyTotal = 0, applySucc = 0, releaseTotal = 0, releaseSucc = 0
[INFO] ASCENDCL(<PID>,python):2026-09-20-02:48:49.121.059 [resource_statistics.cpp:113]<PID> TraverseStatistics: The ResourceType:ACL_STATISTICS_CREATE_DESTROY_DVPP_STREAM_DESC, applyTotal = 0, applySucc = 0, releaseTotal = 0, releaseSucc = 0
[INFO] ASCENDCL(<PID>,python):2026-09-20-02:48:49.121.063 [resource_statistics.cpp:113]<PID> TraverseStatistics: The ResourceType:ACL_STATISTICS_CREATE_DESTROY_VDEC_FRAME_CONFIG, applyTotal = 0, applySucc = 0, releaseTotal = 0, releaseSucc = 0
[INFO] ASCENDCL(<PID>,python):2026-09-20-02:48:49.121.067 [resource_statistics.cpp:113]<PID> TraverseStatistics: The ResourceType:ACL_STATISTICS_CREATE_DESTROY_VENC_FRAME_CONFIG, applyTotal = 0, applySucc = 0, releaseTotal = 0, releaseSucc = 0
[INFO] ASCENDCL(<PID>,python):2026-09-20-02:48:49.121.071 [resource_statistics.cpp:113]<PID> TraverseStatistics: The ResourceType:ACL_STATISTICS_CREATE_DESTROY_DVPP_CHANNEL, applyTotal = 0, applySucc = 0, releaseTotal = 0, releaseSucc = 0
[INFO] ASCENDCL(<PID>,python):2026-09-20-02:48:49.121.075 [resource_statistics.cpp:113]<PID> TraverseStatistics: The ResourceType:ACL_STATISTICS_CREATE_DESTROY_VDEC_CHANNEL, applyTotal = 0, applySucc = 0, releaseTotal = 0, releaseSucc = 0
[INFO] ASCENDCL(<PID>,python):2026-09-20-02:48:49.121.079 [resource_statistics.cpp:113]<PID> TraverseStatistics: The ResourceType:ACL_STATISTICS_CREATE_DESTROY_VENC_CHANNEL, applyTotal = 0, applySucc = 0, releaseTotal = 0, releaseSucc = 0
[INFO] ASCENDCL(<PID>,python):2026-09-20-02:48:49.121.083 [resource_statistics.cpp:113]<PID> TraverseStatistics: The ResourceType:ACL_STATISTICS_CREATE_DESTROY_DVPP_BATCH_PIC_DESC, applyTotal = 0, applySucc = 0, releaseTotal = 0, releaseSucc = 0
[INFO] ASCENDCL(<PID>,python):2026-09-20-02:48:49.121.087 [resource_statistics.cpp:113]<PID> TraverseStatistics: The ResourceType:ACL_STATISTICS_CREATE_DESTROY_GROUP_INFO, applyTotal = 0, applySucc = 0, releaseTotal = 0, releaseSucc = 0
[INFO] ASCENDCL(<PID>,python):2026-09-20-02:48:49.121.090 [resource_statistics.cpp:113]<PID> TraverseStatistics: The ResourceType:ACL_STATISTICS_CREATE_DESTROY_PROF_CONFIG, applyTotal = 0, applySucc = 0, releaseTotal = 0, releaseSucc = 0
[INFO] ASCENDCL(<PID>,python):2026-09-20-02:48:49.121.094 [resource_statistics.cpp:113]<PID> TraverseStatistics: The ResourceType:ACL_STATISTICS_CREATE_DESTROY_PROF_SUB_CONFIG, applyTotal = 0, applySucc = 0, releaseTotal = 0, releaseSucc = 0
[INFO] ASCENDCL(<PID>,python):2026-09-20-02:48:49.121.098 [resource_statistics.cpp:113]<PID> TraverseStatistics: The ResourceType:ACL_STATISTICS_CREATE_DESTROY_MODEL_CONFIG, applyTotal = 0, applySucc = 0, releaseTotal = 0, releaseSucc = 0
[INFO] ASCENDCL(<PID>,python):2026-09-20-02:48:49.121.102 [resource_statistics.cpp:113]<PID> TraverseStatistics: The ResourceType:ACL_STATISTICS_CREATE_DESTROY_QUEUE_ID, applyTotal = 0, applySucc = 0, releaseTotal = 0, releaseSucc = 0
[INFO] ASCENDCL(<PID>,python):2026-09-20-02:48:49.121.107 [resource_statistics.cpp:113]<PID> TraverseStatistics: The ResourceType:ACL_STATISTICS_CREATE_DESTROY_QUEUE_ATTR, applyTotal = 0, applySucc = 0, releaseTotal = 0, releaseSucc = 0
[INFO] ASCENDCL(<PID>,python):2026-09-20-02:48:49.121.111 [resource_statistics.cpp:113]<PID> TraverseStatistics: The ResourceType:ACL_STATISTICS_CREATE_DESTROY_QUEUE_ROUTE, applyTotal = 0, applySucc = 0, releaseTotal = 0, releaseSucc = 0
[INFO] ASCENDCL(<PID>,python):2026-09-20-02:48:49.121.115 [resource_statistics.cpp:113]<PID> TraverseStatistics: The ResourceType:ACL_STATISTICS_CREATE_DESTROY_QUEUE_ROUTE_LIST, applyTotal = 0, applySucc = 0, releaseTotal = 0, releaseSucc = 0
[INFO] ASCENDCL(<PID>,python):2026-09-20-02:48:49.121.119 [resource_statistics.cpp:113]<PID> TraverseStatistics: The ResourceType:ACL_STATISTICS_CREATE_DESTROY_QUEUE_ROUTE_QUERY, applyTotal = 0, applySucc = 0, releaseTotal = 0, releaseSucc = 0
[INFO] ASCENDCL(<PID>,python):2026-09-20-02:48:49.121.123 [resource_statistics.cpp:113]<PID> TraverseStatistics: The ResourceType:ACL_STATISTICS_CREATE_DESTROY_MBUF, applyTotal = 0, applySucc = 0, releaseTotal = 0, releaseSucc = 0
[INFO] ASCENDCL(<PID>,python):2026-09-20-02:48:49.121.127 [resource_statistics.cpp:113]<PID> TraverseStatistics: The ResourceType:ACL_STATISTICS_CREATE_DESTROY_GRAPH_DUMP_OPTION, applyTotal = 0, applySucc = 0, releaseTotal = 0, releaseSucc = 0
[INFO] ASCENDCL(<PID>,python):2026-09-20-02:48:49.121.131 [resource_statistics.cpp:113]<PID> TraverseStatistics: The ResourceType:ACL_STATISTICS_CREATE_DESTROY_ALLOCATOR_DESC, applyTotal = 0, applySucc = 0, releaseTotal = 0, releaseSucc = 0
[INFO] ASCENDCL(<PID>,python):2026-09-20-02:48:49.121.135 [resource_statistics.cpp:113]<PID> TraverseStatistics: The ResourceType:ACL_STATISTICS_CREATE_DESTROY_ALLOCATOR_BINARY_DESC, applyTotal = 0, applySucc = 0, releaseTotal = 0, releaseSucc = 0
[INFO] ASCENDCL(<PID>,python):2026-09-20-02:48:49.121.139 [resource_statistics.cpp:113]<PID> TraverseStatistics: The ResourceType:ACL_STATISTICS_RESERVE_RELEASE_MEMORY_ADDRESS, applyTotal = 0, applySucc = 0, releaseTotal = 0, releaseSucc = 0
[INFO] ASCENDCL(<PID>,python):2026-09-20-02:48:49.121.143 [resource_statistics.cpp:113]<PID> TraverseStatistics: The ResourceType:ACL_STATISTICS_MALLOC_FREE_PHYSICAL_MEMORY, applyTotal = 0, applySucc = 0, releaseTotal = 0, releaseSucc = 0
[INFO] ASCENDCL(<PID>,python):2026-09-20-02:48:49.121.147 [resource_statistics.cpp:113]<PID> TraverseStatistics: The ResourceType:ACL_STATISTICS_MAP_UNMAP_MEMORY, applyTotal = 0, applySucc = 0, releaseTotal = 0, releaseSucc = 0
[INFO] ASCENDCL(<PID>,python):2026-09-20-02:48:49.121.150 [resource_statistics.cpp:113]<PID> TraverseStatistics: The ResourceType:ACL_STATISTICS_LOAD_UNLOAD_BINARY, applyTotal = 0, applySucc = 0, releaseTotal = 0, releaseSucc = 0
[INFO] DRV(<PID>,python):2026-09-20-02:48:49.621.328 [drv_share_log.c:233][ascend][curpid:<PID>,<PID>][drv][hdc][share_log_read_in_single_module]Server destroy success. (dev_id=<DEVICE>; fid=0; service="service_dump"; pid=<PID>)
[INFO] DRV(<PID>,python):2026-09-20-02:48:49.621.366 [drv_share_log.c:233][ascend][curpid:<PID>,<PID>][drv][hdc][share_log_read_in_single_module]Server destroy success. (dev_id=<DEVICE>; fid=0; service="service_dump"; pid=<PID>)
[INFO] RUNTIME(<PID>,python):2026-09-20-02:48:51.413.215 [runtime.cc:5493] 503893 ReportRasRun: Report ras thread exits normally!
[INFO] RUNTIME(<PID>,python):2026-09-20-02:48:51.974.228 [runtime.cc:5463] <PID> DestroyReportRasThread: Join report ras thread OK.
[INFO] RUNTIME(<PID>,python):2026-09-20-02:48:51.974.249 [runtime.cc:1582] <PID> WaitMonitorExit: wait monitor success, used count=0.
[INFO] RUNTIME(<PID>,python):2026-09-20-02:48:52.145.380 [xpu_task_fail_callback_data_manager.cc:64] <PID> ~XpuTaskFailCallBackManager: XpuTaskFailCallBackManager Destructor.
[INFO] RUNTIME(<PID>,python):2026-09-20-02:48:52.145.390 [task_fail_callback_data_manager.cc:91] <PID> ~TaskFailCallBackManager: Destructor.
[INFO] ATRACE(<PID>,python):2026-09-20-02:48:52.248.290 [stacktrace_signal.c:229](tid:<PID>) unregister all signal handlers, can not capture signal.
[INFO] ATRACE(<PID>,python):2026-09-20-02:48:52.328.997 [atrace_client_core.c:127](tid:<PID>) atrace receive thread exited, devId=<DEVICE>.
