[INFO] CCECPU(<PID>,aicpu_scheduler):2026-09-20-11:30:48.202.495 [main.cpp:323][main][tid:<PID>] Start parameter. deviceId=<DEVICE>, hostPid=<PID>, pidSign=, profilingMode=0, vfId=0, logLevel=3, ccecpulogLevel=-1, aicpulogLevel=-1, deviceMode=0, hostProcName=, grpNameNum=0, aicpuProcNum=0, grpNameList=[]
[INFO] CCECPU(<PID>,aicpu_scheduler):2026-09-20-11:30:48.305.691 [aicpusd_resource_limit.cpp:60][AddToCgroup][tid:<PID>] Add to cgroup finished, cmd:[cd <EXTERNAL_PATH> && sudo .<EXTERNAL_PATH> memory <PID> 0 0].
[INFO] CCECPU(<PID>,aicpu_scheduler):2026-09-20-11:30:48.306.161 [aicpusd_interface_process.cpp:615][GetCurrentRunMode][tid:<PID>] Current aicpu mode is online (call from host).
[INFO] CCECPU(<PID>,aicpu_scheduler):2026-09-20-11:30:48.306.419 [aicpusd_feature_ctrl.cpp:242][InitMsqEnableStatus][tid:<PID>] The aicpu schedule mode is interrupt
[INFO] CCECPU(<PID>,aicpu_scheduler):2026-09-20-11:30:48.306.456 [aicpusd_drv_manager.cpp:165][GetNormalAicpuInfo][tid:<PID>] aicpuBitMap[254], aicpuNum[7].
[INFO] CCECPU(<PID>,aicpu_scheduler):2026-09-20-11:30:48.306.492 [aicpusd_drv_manager.cpp:198][GetCcpuInfo][tid:<PID>] ccpuBitMap[1].
[INFO] CCECPU(<PID>,aicpu_scheduler):2026-09-20-11:30:48.306.585 [aicpusd_drv_manager.cpp:116][GetNormalAicpuDCpuInfo][tid:<PID>] GetNormalAicpuDCpuInfo, deviceId[<DEVICE>], aicpu_num[7], aicpu_os_sched[1], ccpu_num[1], ccpu_os_sched[1], dcpu_num[0], dcpu_os_sched[1], tscpu_num[0], tscpu_os_sched[0].
[INFO] CCECPU(<PID>,aicpu_scheduler):2026-09-20-11:30:48.306.614 [aicpusd_drv_manager.cpp:281][InitDrvMgrCaluniqueVfId][tid:<PID>] InitDrvMgr uniqueVfId=0, deviceId=<DEVICE>
[INFO] CCECPU(<PID>,aicpu_scheduler):2026-09-20-11:30:48.306.633 [aicpusd_drv_manager.cpp:350][InitDrvMgr][tid:<PID>] host pid[<PID>], host proc name[], vf id[0], first aicpu index[0], aicpu num[7], dcpu base index[1], dcpu num[0].
[INFO] CCECPU(<PID>,aicpu_scheduler):2026-09-20-11:30:48.306.665 [aicpusd_drv_manager.cpp:546][CheckBindHostPid][tid:<PID>] Start query process host pid
[INFO] CCECPU(<PID>,aicpu_scheduler):2026-09-20-11:30:48.307.116 [aicpusd_drv_manager.cpp:559][CheckBindHostPid][tid:<PID>] Query process host pid end, ret=0, hostpid=<PID>, expect=<PID>, cpType=0
[INFO] CCECPU(<PID>,aicpu_scheduler):2026-09-20-11:30:48.307.154 [aicpusd_drv_manager.cpp:574][CheckBindHostPid][tid:<PID>] call drvQueryProcessHostPid successfully, hostpid[<PID>], cpType[0].
[INFO] CCECPU(<PID>,aicpu_scheduler):2026-09-20-11:30:48.307.900 [aicpusd_resource_manager.cpp:264][InitBufManager][tid:<PID>] Aicpu schedule SetBuffCfg successfully!
[INFO] CCECPU(<PID>,aicpu_scheduler):2026-09-20-11:30:48.310.831 [aicpusd_drv_manager.cpp:419][InitDrvSchedModule][tid:<PID>] Enable process drv queue msg on ccpu, ret is 0.
[INFO] CCECPU(<PID>,aicpu_scheduler):2026-09-20-11:30:48.311.139 [aicpusd_monitor.cpp:228][SetModelTimeoutFlag][tid:<PID>] Not set aicpu model timeout. Env is not set.
[INFO] CCECPU(<PID>,aicpu_scheduler):2026-09-20-11:30:48.311.943 [aicpusd_monitor.cpp:158][InitMonitor][tid:<PID>] Init aicpu monitor successfully, taskTimeout=28s, tickFreq=1000000000.
[INFO] CCECPU(<PID>,aicpu_scheduler):2026-09-20-11:30:48.314.144 [prof_so_manager.cpp:32][tid:<PID>]:The new profiling so had taken effect.
[INFO] DRV(<PID>,aicpu_scheduler):2026-09-20-11:30:48.321.291 [drv_share_log.c:233][devmm] [share_log_read_in_single_module] Open. (udevid=<DEVICE>; tgid=<PID>)
[INFO] DRV(<PID>,aicpu_scheduler):2026-09-20-11:30:48.322.290 [grp_mng.c:84][bufmng] [halGrpCreate] Create grp. (grp_name=svm_share_grp_<PID>; grp_id=<IDENTITY>; max_size=0; cache_flag=0)
[INFO] DRV(<PID>,aicpu_scheduler):2026-09-20-11:30:48.322.362 [grp_mng.c:147][bufmng] [halGrpAddProc] add grp succ, name:svm_share_grp_<PID>, pid:<PID>, grp_id:<IDENTITY>, admin:1 alloc:1 read:1 write:1
[INFO] DRV(<PID>,aicpu_scheduler):2026-09-20-11:30:48.322.814 [buff_recycle_ctx.c:88][bufmng] [pool_ctx_init] pool_id <IDENTITY> add task node uid <IDENTITY> pid <PID>
[INFO] DRV(<PID>,aicpu_scheduler):2026-09-20-11:30:48.323.268 [drv_buff_mbuf.c:68][bufmng] [mbuf_set_priv_flag] Set mbuf priv flag success. (flag=0, g_mbuf_priv_flag=0)
[INFO] DRV(<PID>,aicpu_scheduler):2026-09-20-11:30:48.323.299 [grp_mng.c:208][bufmng] [halGrpAttach] grp attach, grp_name:svm_share_grp_<PID>, grp_id:<IDENTITY>, timeout:0ms
[INFO] CCECPU(<PID>,aicpu_scheduler):2026-09-20-11:30:48.323.377 [aicpusd_worker.cpp:73][ThreadPool][tid:<PID>] ThreadPool
[INFO] CCECPU(<PID>,aicpu_scheduler):2026-09-20-11:30:48.323.408 [aicpusd_worker.cpp:181][WaitForStop][tid:<PID>] Wait for stop begin.
[INFO] CCECPU(<PID>,aicpu_scheduler):2026-09-20-11:30:48.323.428 [aicpusd_worker.cpp:188][WaitForStop][tid:<PID>] Wait for stop end.
[INFO] TDT(<PID>,aicpu_scheduler):2026-09-20-11:30:48.340.934 [tsd_event_client.cpp:646][SetSubProcScheduleMode][tid:<PID>] [TsdEventClient] Enter Set ScheduleMode deviceid[<DEVICE>],hostPid[<PID>],vfId[0].
[INFO] TDT(<PID>,aicpu_scheduler):2026-09-20-11:30:48.341.187 [tsd_event_client.cpp:667][SetSubProcScheduleMode][tid:<PID>] [TsdEventClient] Submit event Set ScheduleMode to tsd successfully.
[INFO] CCECPU(<PID>,aicpu_scheduler):2026-09-20-11:30:48.341.203 [aicpusd_threads_process.cpp:62][LoadKernelSo][tid:<PID>] Start to preload aicpu so.
[WARNING] CCECPU(<PID>,aicpu_scheduler):2026-09-20-11:30:48.341.427 [ae_kernel_lib_fwk.cc:298][LoadTfSo][tid:<PID>][AICPU_PROCESSER] load tensorflow so failed, ret is[11002]
[INFO] CCECPU(<PID>,aicpu_scheduler):2026-09-20-11:30:48.478.847 [aicpusd_threads_process.cpp:66][LoadKernelSo][tid:<PID>] End to preload aicpu so.
[INFO] CCECPU(<PID>,aicpu_scheduler):2026-09-20-11:30:48.478.927 [aicpusd_threads_process.cpp:82][LoadExtendKernelSo][tid:<PID>] Start to preload extend kernel so.
[INFO] CCECPU(<PID>,aicpu_scheduler):2026-09-20-11:30:48.489.711 [aicpusd_threads_process.cpp:86][LoadExtendKernelSo][tid:<PID>] End to preload extend kernel so.
[INFO] CCECPU(<PID>,aicpu_scheduler):2026-09-20-11:30:48.492.038 [aicpusd_period_statistic.cpp:133][SetThreadAffinity][tid:<PID>] aicpu bind by self success
[INFO] CCECPU(<PID>,aicpu_scheduler):2026-09-20-11:30:48.495.548 [aicpusd_cust_so_manager.cpp:83][InitAicpuCustSoManager][tid:<PID>] Cust so manager init successfully, dir=<EXTERNAL_PATH>, runMode=0, schedMode=0.
[INFO] CCECPU(<PID>,aicpu_scheduler):2026-09-20-11:30:48.495.795 [main.cpp:352][main][tid:<PID>] Aicpu schedule start successfully, LD_LIBRARY_PATH=<EXTERNAL_PATH>:<EXTERNAL_PATH>:<EXTERNAL_PATH>:<EXTERNAL_PATH>:<EXTERNAL_PATH>:
[INFO] CCECPU(<PID>,aicpu_scheduler):2026-09-20-11:30:48.495.815 [main.cpp:363][main][tid:<PID>] Aicpu schedule attach and init successfully.
[INFO] TDT(<PID>,aicpu_scheduler):2026-09-20-11:30:48.495.847 [tsd_event_client.cpp:404][ReportMsgToTsd][tid:<PID>] [TsdEventClient] Enter ReportMsgToTsd deviceid[<DEVICE>],hostPid[<PID>],vfId[0].
[INFO] TDT(<PID>,aicpu_scheduler):2026-09-20-11:30:48.495.869 [tsd_event_client.cpp:420][ReportMsgToTsd][tid:<PID>] [TsdEventClient] subCapabilityType[8], value[1]
[INFO] TDT(<PID>,aicpu_scheduler):2026-09-20-11:30:48.495.963 [tsd_event_client.cpp:427][ReportMsgToTsd][tid:<PID>] [TsdEventClient] Submit event ReportMsgToTsd to tsd successfully.
[INFO] CCECPU(<PID>,aicpu_scheduler):2026-09-20-11:30:48.502.295 [main.cpp:205][RegQueueScheduleModuleCallBack][tid:<PID>] Register queue schedule module callback successfully.
[INFO] TDT(<PID>,aicpu_scheduler):2026-09-20-11:30:48.502.455 [tsd_event_client.cpp:257][TsdStartupResponse][tid:<PID>] [TsdEventClient] TsdStartupResponseProc to dev[<DEVICE>] pid[<PID>] hostpid[<PID>] vfId[0] is running.
[INFO] TDT(<PID>,aicpu_scheduler):2026-09-20-11:30:48.502.730 [tsd_event_client.cpp:276][TsdStartupResponse][tid:<PID>] [TsdEventClient] Submit event TSD_EVENT_START_RSP to tsd successfully.
[INFO] CCECPU(<PID>,aicpu_scheduler):2026-09-20-11:30:48.502.753 [main.cpp:380][main][tid:<PID>] Aicpu startup response return successfully.
[INFO] TDT(<PID>,aicpu_scheduler):2026-09-20-11:30:48.502.770 [tsd_event_client.cpp:221][DoLoopProcessEvent][tid:<PID>] [TsdEventClient] Start waiting event, deviceId=<DEVICE>.
[INFO] CCECPU(<PID>,aicpu_scheduler):2026-09-20-11:30:48.604.156 [aicpusd_event_process.cpp:383][ProcessSetTimeoutEvent][tid:<PID>] Get opTimeoutEnable[1] value[547] waitTimeoutEnable[0] value[0] from ts success.
[INFO] CCECPU(<PID>,aicpu_scheduler):2026-09-20-11:30:48.604.211 [aicpusd_monitor.cpp:436][SetOpExecuteTimeOut][tid:<PID>] Get enable op execute timeout config from ts. timeout[547]s tickFrequency[547000000000]
