[INFO] CCECPU(<PID>,aicpu_scheduler):2026-09-19-21:26:44.977.694 [main.cpp:323][main][tid:<PID>] Start parameter. deviceId=<DEVICE>, hostPid=<PID>, pidSign=, profilingMode=0, vfId=0, logLevel=3, ccecpulogLevel=-1, aicpulogLevel=-1, deviceMode=0, hostProcName=, grpNameNum=0, aicpuProcNum=0, grpNameList=[]
[INFO] CCECPU(<PID>,aicpu_scheduler):2026-09-19-21:26:45.084.099 [aicpusd_resource_limit.cpp:60][AddToCgroup][tid:<PID>] Add to cgroup finished, cmd:[cd <EXTERNAL_PATH> && sudo .<EXTERNAL_PATH> memory <PID> 0 0].
[INFO] CCECPU(<PID>,aicpu_scheduler):2026-09-19-21:26:45.084.382 [aicpusd_interface_process.cpp:615][GetCurrentRunMode][tid:<PID>] Current aicpu mode is online (call from host).
[INFO] CCECPU(<PID>,aicpu_scheduler):2026-09-19-21:26:45.084.632 [aicpusd_feature_ctrl.cpp:242][InitMsqEnableStatus][tid:<PID>] The aicpu schedule mode is interrupt
[INFO] CCECPU(<PID>,aicpu_scheduler):2026-09-19-21:26:45.084.655 [aicpusd_drv_manager.cpp:165][GetNormalAicpuInfo][tid:<PID>] aicpuBitMap[254], aicpuNum[7].
[INFO] CCECPU(<PID>,aicpu_scheduler):2026-09-19-21:26:45.084.677 [aicpusd_drv_manager.cpp:198][GetCcpuInfo][tid:<PID>] ccpuBitMap[1].
[INFO] CCECPU(<PID>,aicpu_scheduler):2026-09-19-21:26:45.084.828 [aicpusd_drv_manager.cpp:116][GetNormalAicpuDCpuInfo][tid:<PID>] GetNormalAicpuDCpuInfo, deviceId[<DEVICE>], aicpu_num[7], aicpu_os_sched[1], ccpu_num[1], ccpu_os_sched[1], dcpu_num[0], dcpu_os_sched[1], tscpu_num[0], tscpu_os_sched[0].
[INFO] CCECPU(<PID>,aicpu_scheduler):2026-09-19-21:26:45.084.842 [aicpusd_drv_manager.cpp:281][InitDrvMgrCaluniqueVfId][tid:<PID>] InitDrvMgr uniqueVfId=0, deviceId=<DEVICE>
[INFO] CCECPU(<PID>,aicpu_scheduler):2026-09-19-21:26:45.084.855 [aicpusd_drv_manager.cpp:350][InitDrvMgr][tid:<PID>] host pid[<PID>], host proc name[], vf id[0], first aicpu index[0], aicpu num[7], dcpu base index[1], dcpu num[0].
[INFO] CCECPU(<PID>,aicpu_scheduler):2026-09-19-21:26:45.084.881 [aicpusd_drv_manager.cpp:546][CheckBindHostPid][tid:<PID>] Start query process host pid
[INFO] CCECPU(<PID>,aicpu_scheduler):2026-09-19-21:26:45.085.261 [aicpusd_drv_manager.cpp:559][CheckBindHostPid][tid:<PID>] Query process host pid end, ret=0, hostpid=<PID>, expect=<PID>, cpType=0
[INFO] CCECPU(<PID>,aicpu_scheduler):2026-09-19-21:26:45.085.275 [aicpusd_drv_manager.cpp:574][CheckBindHostPid][tid:<PID>] call drvQueryProcessHostPid successfully, hostpid[<PID>], cpType[0].
[INFO] CCECPU(<PID>,aicpu_scheduler):2026-09-19-21:26:45.085.969 [aicpusd_resource_manager.cpp:264][InitBufManager][tid:<PID>] Aicpu schedule SetBuffCfg successfully!
[INFO] CCECPU(<PID>,aicpu_scheduler):2026-09-19-21:26:45.088.039 [aicpusd_drv_manager.cpp:419][InitDrvSchedModule][tid:<PID>] Enable process drv queue msg on ccpu, ret is 0.
[INFO] CCECPU(<PID>,aicpu_scheduler):2026-09-19-21:26:45.088.226 [aicpusd_monitor.cpp:228][SetModelTimeoutFlag][tid:<PID>] Not set aicpu model timeout. Env is not set.
[INFO] CCECPU(<PID>,aicpu_scheduler):2026-09-19-21:26:45.088.880 [aicpusd_monitor.cpp:158][InitMonitor][tid:<PID>] Init aicpu monitor successfully, taskTimeout=28s, tickFreq=1000000000.
[INFO] CCECPU(<PID>,aicpu_scheduler):2026-09-19-21:26:45.090.745 [prof_so_manager.cpp:32][tid:<PID>]:The new profiling so had taken effect.
[INFO] DRV(<PID>,aicpu_scheduler):2026-09-19-21:26:45.097.892 [drv_share_log.c:233][devmm] [share_log_read_in_single_module] Open. (udevid=<DEVICE>; tgid=<PID>)
[INFO] DRV(<PID>,aicpu_scheduler):2026-09-19-21:26:45.098.769 [grp_mng.c:84][bufmng] [halGrpCreate] Create grp. (grp_name=svm_share_grp_<PID>; grp_id=<IDENTITY>; max_size=0; cache_flag=0)
[INFO] DRV(<PID>,aicpu_scheduler):2026-09-19-21:26:45.098.833 [grp_mng.c:147][bufmng] [halGrpAddProc] add grp succ, name:svm_share_grp_<PID>, pid:<PID>, grp_id:<IDENTITY>, admin:1 alloc:1 read:1 write:1
[INFO] DRV(<PID>,aicpu_scheduler):2026-09-19-21:26:45.099.331 [buff_recycle_ctx.c:88][bufmng] [pool_ctx_init] pool_id <IDENTITY> add task node uid <IDENTITY> pid <PID>
[INFO] DRV(<PID>,aicpu_scheduler):2026-09-19-21:26:45.099.606 [drv_buff_mbuf.c:68][bufmng] [mbuf_set_priv_flag] Set mbuf priv flag success. (flag=0, g_mbuf_priv_flag=0)
[INFO] DRV(<PID>,aicpu_scheduler):2026-09-19-21:26:45.099.620 [grp_mng.c:208][bufmng] [halGrpAttach] grp attach, grp_name:svm_share_grp_<PID>, grp_id:<IDENTITY>, timeout:0ms
[INFO] CCECPU(<PID>,aicpu_scheduler):2026-09-19-21:26:45.099.681 [aicpusd_worker.cpp:73][ThreadPool][tid:<PID>] ThreadPool
[INFO] CCECPU(<PID>,aicpu_scheduler):2026-09-19-21:26:45.099.703 [aicpusd_worker.cpp:181][WaitForStop][tid:<PID>] Wait for stop begin.
[INFO] CCECPU(<PID>,aicpu_scheduler):2026-09-19-21:26:45.099.713 [aicpusd_worker.cpp:188][WaitForStop][tid:<PID>] Wait for stop end.
[INFO] TDT(<PID>,aicpu_scheduler):2026-09-19-21:26:45.103.481 [tsd_event_client.cpp:646][SetSubProcScheduleMode][tid:<PID>] [TsdEventClient] Enter Set ScheduleMode deviceid[<DEVICE>],hostPid[<PID>],vfId[0].
[INFO] TDT(<PID>,aicpu_scheduler):2026-09-19-21:26:45.106.722 [tsd_event_client.cpp:667][SetSubProcScheduleMode][tid:<PID>] [TsdEventClient] Submit event Set ScheduleMode to tsd successfully.
[INFO] CCECPU(<PID>,aicpu_scheduler):2026-09-19-21:26:45.106.753 [aicpusd_threads_process.cpp:62][LoadKernelSo][tid:<PID>] Start to preload aicpu so.
[WARNING] CCECPU(<PID>,aicpu_scheduler):2026-09-19-21:26:45.107.024 [ae_kernel_lib_fwk.cc:298][LoadTfSo][tid:<PID>][AICPU_PROCESSER] load tensorflow so failed, ret is[11002]
[INFO] CCECPU(<PID>,aicpu_scheduler):2026-09-19-21:26:45.251.364 [aicpusd_threads_process.cpp:66][LoadKernelSo][tid:<PID>] End to preload aicpu so.
[INFO] CCECPU(<PID>,aicpu_scheduler):2026-09-19-21:26:45.251.588 [aicpusd_threads_process.cpp:82][LoadExtendKernelSo][tid:<PID>] Start to preload extend kernel so.
[INFO] CCECPU(<PID>,aicpu_scheduler):2026-09-19-21:26:45.261.865 [aicpusd_threads_process.cpp:86][LoadExtendKernelSo][tid:<PID>] End to preload extend kernel so.
[INFO] CCECPU(<PID>,aicpu_scheduler):2026-09-19-21:26:45.265.120 [aicpusd_period_statistic.cpp:133][SetThreadAffinity][tid:<PID>] aicpu bind by self success
[INFO] CCECPU(<PID>,aicpu_scheduler):2026-09-19-21:26:45.267.375 [aicpusd_cust_so_manager.cpp:83][InitAicpuCustSoManager][tid:<PID>] Cust so manager init successfully, dir=<EXTERNAL_PATH>, runMode=0, schedMode=0.
[INFO] CCECPU(<PID>,aicpu_scheduler):2026-09-19-21:26:45.267.545 [main.cpp:352][main][tid:<PID>] Aicpu schedule start successfully, LD_LIBRARY_PATH=<EXTERNAL_PATH>:<EXTERNAL_PATH>:<EXTERNAL_PATH>:<EXTERNAL_PATH>:<EXTERNAL_PATH>:
[INFO] CCECPU(<PID>,aicpu_scheduler):2026-09-19-21:26:45.267.560 [main.cpp:363][main][tid:<PID>] Aicpu schedule attach and init successfully.
[INFO] TDT(<PID>,aicpu_scheduler):2026-09-19-21:26:45.267.586 [tsd_event_client.cpp:404][ReportMsgToTsd][tid:<PID>] [TsdEventClient] Enter ReportMsgToTsd deviceid[<DEVICE>],hostPid[<PID>],vfId[0].
[INFO] TDT(<PID>,aicpu_scheduler):2026-09-19-21:26:45.267.609 [tsd_event_client.cpp:420][ReportMsgToTsd][tid:<PID>] [TsdEventClient] subCapabilityType[8], value[1]
[INFO] TDT(<PID>,aicpu_scheduler):2026-09-19-21:26:45.268.316 [tsd_event_client.cpp:427][ReportMsgToTsd][tid:<PID>] [TsdEventClient] Submit event ReportMsgToTsd to tsd successfully.
[INFO] CCECPU(<PID>,aicpu_scheduler):2026-09-19-21:26:45.274.170 [main.cpp:205][RegQueueScheduleModuleCallBack][tid:<PID>] Register queue schedule module callback successfully.
[INFO] TDT(<PID>,aicpu_scheduler):2026-09-19-21:26:45.274.326 [tsd_event_client.cpp:257][TsdStartupResponse][tid:<PID>] [TsdEventClient] TsdStartupResponseProc to dev[<DEVICE>] pid[<PID>] hostpid[<PID>] vfId[0] is running.
[INFO] TDT(<PID>,aicpu_scheduler):2026-09-19-21:26:45.274.581 [tsd_event_client.cpp:276][TsdStartupResponse][tid:<PID>] [TsdEventClient] Submit event TSD_EVENT_START_RSP to tsd successfully.
[INFO] CCECPU(<PID>,aicpu_scheduler):2026-09-19-21:26:45.274.599 [main.cpp:380][main][tid:<PID>] Aicpu startup response return successfully.
[INFO] TDT(<PID>,aicpu_scheduler):2026-09-19-21:26:45.274.615 [tsd_event_client.cpp:221][DoLoopProcessEvent][tid:<PID>] [TsdEventClient] Start waiting event, deviceId=<DEVICE>.
[INFO] TDT(<PID>,aicpu_scheduler):2026-09-19-21:27:46.389.808 [tsd_event_client.cpp:59][TsdEventShutdown][tid:<PID>] [TsdEvent] Do shutdown event proc dev[<DEVICE>] hostPid[<PID>] procType[1].
[INFO] TDT(<PID>,aicpu_scheduler):2026-09-19-21:27:46.390.119 [tsd_event_client.cpp:74][TsdEventShutdown][tid:<PID>] [TsdEventClient] Submit event TSD_EVENT_SHUTDOWN_RSP to tsd success, reqId=3079.
[INFO] TDT(<PID>,aicpu_scheduler):2026-09-19-21:27:46.390.157 [tsd_event_client.cpp:233][DoLoopProcessEvent][tid:<PID>] [TsdEventClient] Start detaching the event schedule module, devId[<DEVICE>].
[INFO] TDT(<PID>,aicpu_scheduler):2026-09-19-21:27:46.390.182 [tsd_event_client.cpp:237][DoLoopProcessEvent][tid:<PID>] [TsdEventClient] Wait exit.
[INFO] AICPU(<PID>,aicpu_scheduler):2026-09-19-21:27:46.390.240 [queue_schedule_sub_module_interface.cpp:203][StopQueueScheduleModule][tid:<PID>] enter queue schedule sub module stop process.
[INFO] AICPU(<PID>,aicpu_scheduler):2026-09-19-21:27:46.390.265 [queue_schedule_sub_module_interface.cpp:205][StopQueueScheduleModule][tid:<PID>] no need to stop qs submodule.
[INFO] CCECPU(<PID>,aicpu_scheduler):2026-09-19-21:27:46.391.919 [aicpusd_interface_process.cpp:554][StopAICPUSchedulerWithFlag][tid:<PID>] Begin to stop aicpu scheduler, hostPid[<PID>]
[INFO] CCECPU(<PID>,aicpu_scheduler):2026-09-19-21:27:46.549.287 [aicpusd_period_statistic.cpp:73][DoStatistic][tid:<PID>] DoStatistic running over
[INFO] CCECPU(<PID>,aicpu_scheduler):2026-09-19-21:27:46.549.611 [aicpusd_proc_mem_statistic.cpp:263][PrintOutProcMemInfo][tid:<PID>] proc_metrics:pid=<PID>, rssavg=74809344 B, rsshwm=75227136 B, xsmemavg=0 B, xsmemhwm=0 B, svmmemavg=0 B, svmmemhwm=0 B
[INFO] CCECPU(<PID>,aicpu_scheduler):2026-09-19-21:27:46.551.242 [aicpusd_interface_process.cpp:632][DettachDeviceInDestroy][tid:<PID>] Uninit process drv queue msg on ccpu, ret is 0.
[INFO] CCECPU(<PID>,aicpu_scheduler):2026-09-19-21:27:46.551.417 [aicpusd_worker.cpp:181][WaitForStop][tid:<PID>] Wait for stop begin.
[INFO] CCECPU(<PID>,aicpu_scheduler):2026-09-19-21:27:46.800.719 [aicpusd_worker.cpp:188][WaitForStop][tid:<PID>] Wait for stop end.
[INFO] CCECPU(<PID>,aicpu_scheduler):2026-09-19-21:27:46.800.839 [aicpusd_interface_process.cpp:586][StopAICPUSchedulerWithFlag][tid:<PID>] Success to stop aicpu scheduler, hostPid[<PID>]
[INFO] CCECPU(<PID>,aicpu_scheduler):2026-09-19-21:27:46.800.861 [main.cpp:396][main][tid:<PID>] Aicpu schedule stopped
[INFO] CCECPU(<PID>,aicpu_scheduler):2026-09-19-21:27:46.802.608 [aicpusd_worker.cpp:181][WaitForStop][tid:<PID>] Wait for stop begin.
[INFO] CCECPU(<PID>,aicpu_scheduler):2026-09-19-21:27:46.802.696 [aicpusd_worker.cpp:188][WaitForStop][tid:<PID>] Wait for stop end.
[INFO] CCECPU(<PID>,aicpu_scheduler):2026-09-19-21:27:46.805.289 [aicpusd_mpi_mgr.cpp:48][PrintStatisticInfo][tid:<PID>] Mpi Dvpp event statistics: [0]
