[INFO] ATRACE(<PID>,python):2026-09-19-14:31:37.876.850 [trace_recorder.c:166](tid:<PID>) get path by env ASCEND_WORK_PATH: <TASK_NATIVE>/work
[INFO] RUNTIME(<PID>,python):2026-09-19-14:31:37.879.113 [task_fail_callback_data_manager.cc:89] <PID> TaskFailCallBackManager: Constructor.
[INFO] RUNTIME(<PID>,python):2026-09-19-14:31:37.879.126 [xpu_task_fail_callback_data_manager.cc:59] <PID> XpuTaskFailCallBackManager: XpuTaskFailCallBackManager Constructor.
[INFO] RUNTIME(<PID>,python):2026-09-19-14:31:37.921.781 [runtime_keeper.cc:213] <PID> CreateRuntimeImpl: Open libruntime_v200.so successfully
[INFO] RUNTIME(<PID>,python):2026-09-19-14:31:37.923.852 [runtime.cc:5059] <PID> GetVisibleDevices: real deviceCnt:2 userDeviceCnt:1 isSetVisibleDev:<DEVICE> ASCEND_RT_VISIBLE_DEVICES:[1] available visible devices:[1]
[INFO] TDT(<PID>,python):2026-09-19-14:31:37.925.586 [package_worker_factory.cpp:37][RegisterPackageWorkerCreator][tid:<PID>] Register[2] package worker was created successfully
[INFO] TDT(<PID>,python):2026-09-19-14:31:37.925.600 [package_worker_factory.cpp:37][RegisterPackageWorkerCreator][tid:<PID>] Register[3] package worker was created successfully
[INFO] HCCL(<PID>,python):2026-09-19-14:31:38.059.912 [adapter_rts.cc:2637] [<PID>][adapter_rts.cc][CallBackInitRts] g_deviceType [9] g_deviceLogicId [-1] g_devicePhyId [-1]
[INFO] GE(<PID>,python):2026-09-19-14:31:44.319.183 [op_tiling_manager.cc:109]<PID> ~FuncPerfScope:[GEPERFTRACE] The time cost of OpTilingManager::LoadSo is [1921] micro seconds.
[INFO] IDEDD(<PID>,python):2026-09-19-14:31:44.357.250 [adx_dump_record.cpp:699][tid:<PID>] start dump thread, remote dump record temp path : <TASK_NATIVE>/.
[INFO] DRV(<PID>,python):2026-09-19-14:31:44.363.299 [drv_share_log.c:233][ascend][curpid:<PID>,383446][drv][hdc][share_log_read_in_single_module]Server create success. (dev_id=<DEVICE>; fid=0; pid=<PID>; service_type="service_dump")
[INFO] DRV(<PID>,python):2026-09-19-14:31:44.363.482 [drv_share_log.c:233][ascend][curpid:<PID>,383446][drv][hdc][share_log_read_in_single_module]Server create success. (dev_id=<DEVICE>; fid=0; pid=<PID>; service_type="service_dump")
[INFO] IDEDD(<PID>,python):2026-09-19-14:31:44.364.675 [dump_manager.cpp:241][tid:<PID>] Set aic_err_brief_dump[3] dump setting, status: on, dump switch: 3
[INFO] ASCENDCL(<PID>,python):2026-09-19-14:31:44.368.312 [acl_op_resource_manager.cpp:60]<PID> GetRuntimeV2Env: runtime v2 flag : model flag = 1, singleOp flag = 1
[INFO] PROFILING(<PID>,python):2026-09-19-14:31:44.372.595 [platform.cpp:52] (tid:<PID>) Profiling platform version: 1.0.
[INFO] PROFILING(<PID>,python):2026-09-19-14:31:44.372.619 [platform.cpp:272] (tid:<PID>) Succeeded to DrvGetApiVersion version: 0x72418
[INFO] ASCENDCL(<PID>,python):2026-09-19-14:31:44.372.934 [acl.cpp:369]<PID> GetAllPackageVersion: Version of runtime package is 9.2.0
[INFO] ASCENDCL(<PID>,python):2026-09-19-14:31:44.372.964 [acl.cpp:369]<PID> GetAllPackageVersion: Version of runtime package is 9.2.0
[INFO] ASCENDCL(<PID>,python):2026-09-19-14:31:44.372.989 [acl.cpp:369]<PID> GetAllPackageVersion: Version of bisheng-compiler package is 9.2.0
[INFO] ASCENDCL(<PID>,python):2026-09-19-14:31:44.373.014 [acl.cpp:369]<PID> GetAllPackageVersion: Version of hccl package is 9.2.0
[INFO] ASCENDCL(<PID>,python):2026-09-19-14:31:44.373.048 [acl.cpp:369]<PID> GetAllPackageVersion: Version of oam-tools package is 9.2.0
[INFO] ASCENDCL(<PID>,python):2026-09-19-14:31:44.373.081 [acl.cpp:369]<PID> GetAllPackageVersion: Version of ops-legacy package is 9.2.0
[INFO] ASCENDCL(<PID>,python):2026-09-19-14:31:44.373.112 [acl.cpp:369]<PID> GetAllPackageVersion: Version of ops-legacy package is 9.2.0
[INFO] ASCENDCL(<PID>,python):2026-09-19-14:31:44.373.152 [acl.cpp:369]<PID> GetAllPackageVersion: Version of driver package is 7.0.t9.0.B798
[INFO] ATRACE(<PID>,python):2026-09-19-14:31:44.386.126 [atrace_client_core.c:160](tid:<PID>) start to receive device[<DEVICE>] trace log.
[INFO] ASCENDCL(<PID>,python):2026-09-19-14:31:44.386.161 [acl_resource_manager.cpp:128]<PID> GetRuntimeV2Env: runtime v2 flag : model flag = 1, singleOp flag = 1
[INFO] TDT(<PID>,python):2026-09-19-14:31:44.386.214 [client_manager.cpp:140][GetInstance][tid:<PID>] [ClientManager] Current mode:1
[INFO] TDT(<PID>,python):2026-09-19-14:31:44.386.314 [process_mode_manager.cpp:168][GetLogLevel][tid:<PID>] [TsdClient] get ASCEND_GLOBAL_LOG_LEVEL [] ASCEND_GLOBAL_EVENT_ENABLE [] ASCEND_MODULE_LOG_LEVEL []
[INFO] TDT(<PID>,python):2026-09-19-14:31:44.386.433 [tsd_process_controller.cpp:59][OpenProcess][tid:<PID>] [ProcessModeManager] enter into open process deviceId[<DEVICE>] rankSize[0]
[INFO] TDT(<PID>,python):2026-09-19-14:31:44.386.518 [capability_manager.cpp:401][IsSupportCommonSink][tid:<PID>] mutexFile[<EXTERNAL_PATH> found means supporting common sink
[INFO] TDT(<PID>,python):2026-09-19-14:31:44.386.810 [device_comm_agent.cpp:41][InitTsdClient][tid:<PID>] [TsdClient] deviceId[<DEVICE>] begin to init hdc client
[INFO] TDT(<PID>,python):2026-09-19-14:31:44.387.077 [version_verify.cpp:39][SetVersionInfo][tid:<PID>] VersionVerify: send client version to server
[INFO] TDT(<PID>,python):2026-09-19-14:31:44.391.065 [version_verify.cpp:71][PeerVersionCheck][tid:<PID>] VersionVerify: Check client version info, server[1230], client[1230]
[INFO] TDT(<PID>,python):2026-09-19-14:31:44.391.086 [version_verify.cpp:92][ParseVersionInfo][tid:<PID>] VersionVerify: pass client version info success
[INFO] TDT(<PID>,python):2026-09-19-14:31:44.391.093 [hdc_client.cpp:243][CheckHdcConnection][tid:<PID>] Service create hdc successfully.
[INFO] TDT(<PID>,python):2026-09-19-14:31:44.394.081 [package_env_info.cpp:131][GetShortSocVersion][tid:<PID>] get short_soc_version:Ascend950
[INFO] TDT(<PID>,python):2026-09-19-14:31:44.394.259 [package_process_config.cpp:265][SetConfigDataOnHost][tid:<PID>] insert package:Ascend-aicpu_legacy.tar.gz config
[INFO] TDT(<PID>,python):2026-09-19-14:31:44.394.285 [package_process_config.cpp:265][SetConfigDataOnHost][tid:<PID>] insert package:Ascend910-aicpu_legacy.tar.gz config
[INFO] TDT(<PID>,python):2026-09-19-14:31:44.394.307 [package_process_config.cpp:265][SetConfigDataOnHost][tid:<PID>] insert package:Ascend310P-aicpu_legacy.tar.gz config
[INFO] TDT(<PID>,python):2026-09-19-14:31:44.394.330 [package_process_config.cpp:265][SetConfigDataOnHost][tid:<PID>] insert package:aicpu_hccl.tar.gz config
[INFO] TDT(<PID>,python):2026-09-19-14:31:44.394.350 [package_process_config.cpp:265][SetConfigDataOnHost][tid:<PID>] insert package:mc2_server.tar.gz config
[INFO] TDT(<PID>,python):2026-09-19-14:31:44.394.370 [package_process_config.cpp:265][SetConfigDataOnHost][tid:<PID>] insert package:aicpu_hcomm.tar.gz config
[INFO] TDT(<PID>,python):2026-09-19-14:31:44.394.389 [package_process_config.cpp:265][SetConfigDataOnHost][tid:<PID>] insert package:cann-hixl-compat.tar.gz config
[INFO] TDT(<PID>,python):2026-09-19-14:31:44.394.409 [package_process_config.cpp:265][SetConfigDataOnHost][tid:<PID>] insert package:cann-hcomm-compat.tar.gz config
[INFO] TDT(<PID>,python):2026-09-19-14:31:44.394.428 [package_process_config.cpp:265][SetConfigDataOnHost][tid:<PID>] insert package:cann-hccd-compat.tar.gz config
[INFO] TDT(<PID>,python):2026-09-19-14:31:44.394.447 [package_process_config.cpp:265][SetConfigDataOnHost][tid:<PID>] insert package:cann-udf-compat.tar.gz config
[INFO] TDT(<PID>,python):2026-09-19-14:31:44.394.470 [package_process_config.cpp:265][SetConfigDataOnHost][tid:<PID>] insert package:cann-tsch-compat.tar.gz config
[INFO] TDT(<PID>,python):2026-09-19-14:31:44.394.511 [package_process_config.cpp:331][RefreshHostPluginVersions][tid:<PID>] host plugin pkg:cann-hcomm-compat.tar.gz ini parsed, version:9.2.0 timestamp:20260805_101249091
[INFO] TDT(<PID>,python):2026-09-19-14:31:44.394.537 [package_process_config.cpp:331][RefreshHostPluginVersions][tid:<PID>] host plugin pkg:cann-tsch-compat.tar.gz ini parsed, version:9.2.0 timestamp:20260805_101249091
[INFO] TDT(<PID>,python):2026-09-19-14:31:44.394.547 [hdc_message_builder.cpp:54][SetProcSignPid][tid:<PID>] [HdcMessageBuilder] tsd get process sign successfully, procpid[<PID>]
[INFO] TDT(<PID>,python):2026-09-19-14:31:44.394.615 [version_verify.cpp:117][SpecialFeatureCheck][tid:<PID>] VersionVerify: previous type[69], supported
[INFO] TDT(<PID>,python):2026-09-19-14:31:44.396.198 [plugin_version_manager.cpp:114][HandleDevicePluginVersionRsp][tid:<PID>] device plugin info rsp, pkgCount:0
[INFO] TDT(<PID>,python):2026-09-19-14:31:44.396.212 [package_loader.cpp:427][LoadPackageConfigInfoToDevice][tid:<PID>] Receive load package config response result:0
[INFO] TDT(<PID>,python):2026-09-19-14:31:44.396.267 [capability_manager.cpp:401][IsSupportCommonSink][tid:<PID>] mutexFile[<EXTERNAL_PATH> found means supporting common sink
[INFO] TDT(<PID>,python):2026-09-19-14:31:44.396.277 [package_loader.cpp:134][ShouldLoadLegacyPackage][tid:<PID>] [TsdClient][logicDeviceId_=1] use legacy package
[INFO] TDT(<PID>,python):2026-09-19-14:31:44.396.511 [package_env_info.cpp:221][CheckPackageExistsOnce][tid:<PID>] [TsdClient][deviceId=<DEVICE>] pkg size[0] in path[<CANN>/opp/built-in/] must be only one, skip send package, packageType[6]
[INFO] TDT(<PID>,python):2026-09-19-14:31:44.396.522 [package_loader.cpp:103][LoadSysOpKernel][tid:<PID>] [TsdClient][logicDeviceId_=1] cannot find aicpu packages
[INFO] TDT(<PID>,python):2026-09-19-14:31:44.396.551 [capability_manager.cpp:401][IsSupportCommonSink][tid:<PID>] mutexFile[<EXTERNAL_PATH> found means supporting common sink
[INFO] TDT(<PID>,python):2026-09-19-14:31:44.396.572 [package_loader.cpp:464][LoadSinglePackageToDevice][tid:<PID>] begin to load package:Ascend-aicpu_legacy.tar.gz to device:<DEVICE>
[INFO] TDT(<PID>,python):2026-09-19-14:31:44.396.590 [package_process_config.cpp:396][GetPkgHostAndDeviceDstPath][tid:<PID>] get orgFile:<CANN>/opp/Ascend/aicpu/Ascend-aicpu_legacy.tar.gz, dstFile:<EXTERNAL_PATH>
[INFO] TDT(<PID>,python):2026-09-19-14:31:45.399.568 [package_loader.cpp:491][LoadSinglePackageToDevice][tid:<PID>] current package:Ascend-aicpu_legacy.tar.gz is same as device, skip load
[INFO] TDT(<PID>,python):2026-09-19-14:31:45.399.588 [package_loader.cpp:464][LoadSinglePackageToDevice][tid:<PID>] begin to load package:Ascend310P-aicpu_legacy.tar.gz to device:<DEVICE>
[INFO] TDT(<PID>,python):2026-09-19-14:31:45.399.596 [package_loader.cpp:481][LoadSinglePackageToDevice][tid:<PID>] cannot find package:Ascend310P-aicpu_legacy.tar.gz, optional is true skip
[INFO] TDT(<PID>,python):2026-09-19-14:31:45.399.601 [package_loader.cpp:464][LoadSinglePackageToDevice][tid:<PID>] begin to load package:Ascend910-aicpu_legacy.tar.gz to device:<DEVICE>
[INFO] TDT(<PID>,python):2026-09-19-14:31:45.399.606 [package_loader.cpp:481][LoadSinglePackageToDevice][tid:<PID>] cannot find package:Ascend910-aicpu_legacy.tar.gz, optional is true skip
[INFO] TDT(<PID>,python):2026-09-19-14:31:45.399.610 [package_loader.cpp:464][LoadSinglePackageToDevice][tid:<PID>] begin to load package:aicpu_hccl.tar.gz to device:<DEVICE>
[INFO] TDT(<PID>,python):2026-09-19-14:31:45.399.623 [package_process_config.cpp:396][GetPkgHostAndDeviceDstPath][tid:<PID>] get orgFile:<CANN>/opp/built-in/op_impl/aicpu/kernel/aicpu_hccl.tar.gz, dstFile:<EXTERNAL_PATH>
[INFO] TDT(<PID>,python):2026-09-19-14:31:45.417.974 [package_loader.cpp:491][LoadSinglePackageToDevice][tid:<PID>] current package:aicpu_hccl.tar.gz is same as device, skip load
[INFO] TDT(<PID>,python):2026-09-19-14:31:45.417.997 [package_loader.cpp:464][LoadSinglePackageToDevice][tid:<PID>] begin to load package:aicpu_hcomm.tar.gz to device:<DEVICE>
[INFO] TDT(<PID>,python):2026-09-19-14:31:45.418.020 [package_process_config.cpp:396][GetPkgHostAndDeviceDstPath][tid:<PID>] get orgFile:<CANN>/opp/built-in/op_impl/aicpu/kernel/aicpu_hcomm.tar.gz, dstFile:<EXTERNAL_PATH>
[INFO] TDT(<PID>,python):2026-09-19-14:31:45.509.444 [package_loader.cpp:491][LoadSinglePackageToDevice][tid:<PID>] current package:aicpu_hcomm.tar.gz is same as device, skip load
[INFO] TDT(<PID>,python):2026-09-19-14:31:45.509.466 [package_loader.cpp:464][LoadSinglePackageToDevice][tid:<PID>] begin to load package:cann-hccd-compat.tar.gz to device:<DEVICE>
[INFO] TDT(<PID>,python):2026-09-19-14:31:45.509.475 [package_loader.cpp:467][LoadSinglePackageToDevice][tid:<PID>] current package:cann-hccd-compat.tar.gz does not need to load to device:<DEVICE>
[INFO] TDT(<PID>,python):2026-09-19-14:31:45.509.482 [package_loader.cpp:464][LoadSinglePackageToDevice][tid:<PID>] begin to load package:cann-hcomm-compat.tar.gz to device:<DEVICE>
[INFO] TDT(<PID>,python):2026-09-19-14:31:45.509.503 [package_process_config.cpp:396][GetPkgHostAndDeviceDstPath][tid:<PID>] get orgFile:<CANN>/compat/cann-hcomm-compat.tar.gz, dstFile:<EXTERNAL_PATH>
[WARNING] TDT(<PID>,python):2026-09-19-14:31:45.558.796 [plugin_version_manager.cpp:38][GetPluginUpdateStrategy][tid:<PID>] [TsdClient][deviceId=<DEVICE>] halGetDeviceInfo(INFO_TYPE_SWPLUGIN_UPGRADE_POLICY) failed, retCode[3], fallback to PLUGIN_NOT_FORCE_UPDATE
[INFO] TDT(<PID>,python):2026-09-19-14:31:45.558.825 [plugin_version_manager.cpp:76][CompareHostDeviceCompatPluginVersion][tid:<PID>] device plugin pkg:cann-hcomm-compat.tar.gz version unavailable, fallback to checkcode compare
[INFO] TDT(<PID>,python):2026-09-19-14:31:45.558.836 [package_loader.cpp:487][LoadSinglePackageToDevice][tid:<PID>] skip load compat plugin package:cann-hcomm-compat.tar.gz by version/strategy check
[INFO] TDT(<PID>,python):2026-09-19-14:31:45.558.845 [package_loader.cpp:464][LoadSinglePackageToDevice][tid:<PID>] begin to load package:cann-hixl-compat.tar.gz to device:<DEVICE>
[INFO] TDT(<PID>,python):2026-09-19-14:31:45.558.884 [package_process_config.cpp:396][GetPkgHostAndDeviceDstPath][tid:<PID>] get orgFile:<CANN>/opp/built-in/op_impl/aicpu/kernel/cann-hixl-compat.tar.gz, dstFile:<EXTERNAL_PATH>
[INFO] TDT(<PID>,python):2026-09-19-14:31:45.559.918 [package_loader.cpp:491][LoadSinglePackageToDevice][tid:<PID>] current package:cann-hixl-compat.tar.gz is same as device, skip load
[INFO] TDT(<PID>,python):2026-09-19-14:31:45.559.929 [package_loader.cpp:464][LoadSinglePackageToDevice][tid:<PID>] begin to load package:cann-tsch-compat.tar.gz to device:<DEVICE>
[INFO] TDT(<PID>,python):2026-09-19-14:31:45.559.937 [package_loader.cpp:454][SupportLoadPkg][tid:<PID>] current device chip:15 does not support package:cann-tsch-compat.tar.gz
[INFO] TDT(<PID>,python):2026-09-19-14:31:45.559.943 [package_loader.cpp:467][LoadSinglePackageToDevice][tid:<PID>] current package:cann-tsch-compat.tar.gz does not need to load to device:<DEVICE>
[INFO] TDT(<PID>,python):2026-09-19-14:31:45.559.950 [package_loader.cpp:464][LoadSinglePackageToDevice][tid:<PID>] begin to load package:cann-udf-compat.tar.gz to device:<DEVICE>
[INFO] TDT(<PID>,python):2026-09-19-14:31:45.559.957 [package_loader.cpp:467][LoadSinglePackageToDevice][tid:<PID>] current package:cann-udf-compat.tar.gz does not need to load to device:<DEVICE>
[INFO] TDT(<PID>,python):2026-09-19-14:31:45.559.963 [package_loader.cpp:464][LoadSinglePackageToDevice][tid:<PID>] begin to load package:mc2_server.tar.gz to device:<DEVICE>
[INFO] TDT(<PID>,python):2026-09-19-14:31:45.559.981 [package_process_config.cpp:396][GetPkgHostAndDeviceDstPath][tid:<PID>] get orgFile:<CANN>/opp/built-in/op_impl/aicpu/kernel/mc2_server.tar.gz, dstFile:<EXTERNAL_PATH>
[INFO] TDT(<PID>,python):2026-09-19-14:31:45.564.785 [package_loader.cpp:491][LoadSinglePackageToDevice][tid:<PID>] current package:mc2_server.tar.gz is same as device, skip load
[INFO] TDT(<PID>,python):2026-09-19-14:31:45.564.824 [hdc_message_builder.cpp:54][SetProcSignPid][tid:<PID>] [HdcMessageBuilder] tsd get process sign successfully, procpid[<PID>]
[INFO] TDT(<PID>,python):2026-09-19-14:31:45.564.856 [version_verify.cpp:117][SpecialFeatureCheck][tid:<PID>] VersionVerify: previous type[6], supported
[INFO] TDT(<PID>,python):2026-09-19-14:31:45.565.031 [tsd_process_controller.cpp:111][WaitOpenRsp][tid:<PID>] [ProcessModeManager] deviceId[<DEVICE>] sessionId[1] rankSize[0], wait subprocess start response
[INFO] TDT(<PID>,python):2026-09-19-14:31:45.997.180 [tsd_process_controller.cpp:472][ProcessQueueForAdc][tid:<PID>] [TsdClient] it is unnecessary for current mode[0] to grant queue auth to aicpusd
[INFO] TDT(<PID>,python):2026-09-19-14:31:45.997.203 [tsd_process_controller.cpp:134][LogOpenProcessDuration][tid:<PID>] [TsdClient][deviceId=<DEVICE>] [sessionId=1] start hccp and computer process success,phase4:[1178]ms send open message to device,phase5:[432]ms receive open message to device,phase6:[0]ms process for adc on host,whole duration:[1610]ms
[INFO] DRV(<PID>,python):2026-09-19-14:31:45.997.263 [event_sched.c:1536][ascend][curpid:<PID>,<PID>][drv][event-sche][esched_device_open]The dev_id has opened. (dev_id=<DEVICE>)
[INFO] DRV(<PID>,python):2026-09-19-14:31:45.998.461 [drv_share_log.c:233][ascend][curpid:<PID>,<PID>][drv][devmm][share_log_read_in_single_module]Open. (udevid=<DEVICE>; tgid=<PID>)
[INFO] DRV(<PID>,python):2026-09-19-14:31:45.999.232 [drv_share_log.c:233][ascend][curpid:<PID>,<PID>][drv][devmm][share_log_read_in_single_module]Open. (udevid=<DEVICE>; tgid=<PID>)
[INFO] DRV(<PID>,python):2026-09-19-14:31:46.044.846 [queue_interface.c:954][ascend][curpid:<PID>,<PID>][drv][queuemng][queue_device_open]queue open finish. (dev_id=<DEVICE>)
[INFO] RUNTIME(<PID>,python):2026-09-19-14:31:46.045.128 [raw_device.cc:589] <PID> Init: isAddrFlat:0
[INFO] TDT(<PID>,python):2026-09-19-14:31:46.049.963 [tsd_client.cpp:188][TsdCapabilityGet][tid:<PID>] TsdCapabilityGet Begin.
[INFO] TDT(<PID>,python):2026-09-19-14:31:46.049.983 [capability_manager.cpp:489][CapabilityGet][tid:<PID>] [CapabilityManager] enter into CapabilityGet process deviceId[<DEVICE>] type[0].
[INFO] TDT(<PID>,python):2026-09-19-14:31:46.049.996 [hdc_message_builder.cpp:54][SetProcSignPid][tid:<PID>] [HdcMessageBuilder] tsd get process sign successfully, procpid[<PID>]
[INFO] TDT(<PID>,python):2026-09-19-14:31:46.050.009 [version_verify.cpp:117][SpecialFeatureCheck][tid:<PID>] VersionVerify: previous type[38], supported
[INFO] TDT(<PID>,python):2026-09-19-14:31:46.050.163 [capability_manager.cpp:514][CapabilityGet][tid:<PID>] [CapabilityManager][deviceId=<DEVICE>] [sessionId=1] [type=0]send capability successfully.
[INFO] TDT(<PID>,python):2026-09-19-14:31:46.052.012 [capability_manager.cpp:564][HandlePidQosRsp][tid:<PID>] [TsdClient] PidQosMsgProc recvMsg realDeviceId[<DEVICE>] msgType[39] localDevId[<DEVICE>] rspCode[0],pidqos[1]
[INFO] TDT(<PID>,python):2026-09-19-14:31:46.052.028 [capability_manager.cpp:520][CapabilityGet][tid:<PID>] [CapabilityManager][logicDeviceId_=1][type=0][pidQos=1][ret=0]recv capability response finished.
[INFO] RUNTIME(<PID>,python):2026-09-19-14:31:46.052.055 [engine.cc:77] <PID> Engine: Constructor.
[INFO] RUNTIME(<PID>,python):2026-09-19-14:31:46.052.062 [stars_engine.cc:51] <PID> StarsEngine: Constructor.
[INFO] RUNTIME(<PID>,python):2026-09-19-14:31:46.073.185 [runtime.cc:5453] <PID> CreateReportRasThread: Start report ras thread success!
[INFO] RUNTIME(<PID>,python):2026-09-19-14:31:46.073.265 [npu_driver_res.cc:305] 383450 GetDeviceStatus: GetDeviceStatus status=1.
[INFO] ATRACE(<PID>,python):2026-09-19-14:31:46.081.697 [tracer_mgr_operate.c:66](tid:<PID>) create object RUNTIME_ATRACE_DEV1_TS0 successfully, exitSave(false), noLock(false).
[INFO] TDT(<PID>,python):2026-09-19-14:31:46.081.732 [client_manager.cpp:194][SetProfilingCallback][tid:<PID>] [TsdClient] set profiling callback successfully
[INFO] RUNTIME(<PID>,python):2026-09-19-14:31:47.083.049 [runtime.cc:5659] 383451 ReportPageFaultProc: pageFaultSupportFlag_=0.
[INFO] RUNTIME(<PID>,python):2026-09-19-14:41:47.501.916 [context.cc:474] 383450 TryToRecycleProgPool: recycle prog pool
[INFO] RUNTIME(<PID>,python):2026-09-19-14:41:47.502.235 [raw_device.cc:427] 383450 TryToRecycleModulesPool: recycle raw dev pool
[INFO] ASCENDCL(<PID>,python):2026-09-19-14:45:17.155.895 [resource_statistics.cpp:113]<PID> TraverseStatistics: The ResourceType:ACL_STATISTICS_MALLOC_FREE, applyTotal = 25, applySucc = 25, releaseTotal = 22, releaseSucc = 22
[INFO] ASCENDCL(<PID>,python):2026-09-19-14:45:17.155.918 [resource_statistics.cpp:113]<PID> TraverseStatistics: The ResourceType:ACL_STATISTICS_MALLOC_FREE_HOST, applyTotal = 0, applySucc = 0, releaseTotal = 0, releaseSucc = 0
[INFO] ASCENDCL(<PID>,python):2026-09-19-14:45:17.155.925 [resource_statistics.cpp:113]<PID> TraverseStatistics: The ResourceType:ACL_STATISTICS_CREATE_DESTROY_CONTEXT, applyTotal = 0, applySucc = 0, releaseTotal = 0, releaseSucc = 0
[INFO] ASCENDCL(<PID>,python):2026-09-19-14:45:17.155.932 [resource_statistics.cpp:113]<PID> TraverseStatistics: The ResourceType:ACL_STATISTICS_SET_RESET_DEVICE, applyTotal = 2, applySucc = 2, releaseTotal = 1, releaseSucc = 1
[INFO] ASCENDCL(<PID>,python):2026-09-19-14:45:17.155.938 [resource_statistics.cpp:113]<PID> TraverseStatistics: The ResourceType:ACL_STATISTICS_CREATE_DESTROY_EVENT, applyTotal = 0, applySucc = 0, releaseTotal = 0, releaseSucc = 0
[INFO] ASCENDCL(<PID>,python):2026-09-19-14:45:17.155.944 [resource_statistics.cpp:113]<PID> TraverseStatistics: The ResourceType:ACL_STATISTICS_CREATE_DESTROY_STREAM, applyTotal = 2, applySucc = 2, releaseTotal = 1, releaseSucc = 1
[INFO] ASCENDCL(<PID>,python):2026-09-19-14:45:17.155.950 [resource_statistics.cpp:113]<PID> TraverseStatistics: The ResourceType:ACL_STATISTICS_DVPP_MALLOC_FREE, applyTotal = 0, applySucc = 0, releaseTotal = 0, releaseSucc = 0
[INFO] ASCENDCL(<PID>,python):2026-09-19-14:45:17.155.956 [resource_statistics.cpp:113]<PID> TraverseStatistics: The ResourceType:ACL_STATISTICS_RECORD_RESET_EVENT, applyTotal = 0, applySucc = 0, releaseTotal = 0, releaseSucc = 0
[INFO] ASCENDCL(<PID>,python):2026-09-19-14:45:17.155.963 [resource_statistics.cpp:113]<PID> TraverseStatistics: The ResourceType:ACL_STATISTICS_CREATE_DESTROY_DATA_BUFFER, applyTotal = 0, applySucc = 0, releaseTotal = 0, releaseSucc = 0
[INFO] ASCENDCL(<PID>,python):2026-09-19-14:45:17.155.969 [resource_statistics.cpp:113]<PID> TraverseStatistics: The ResourceType:ACL_STATISTICS_CREATE_DESTROY_TENSOR_DESC, applyTotal = 0, applySucc = 0, releaseTotal = 0, releaseSucc = 0
[INFO] ASCENDCL(<PID>,python):2026-09-19-14:45:17.155.975 [resource_statistics.cpp:113]<PID> TraverseStatistics: The ResourceType:ACL_STATISTICS_CREATE_DESTROY_DESC, applyTotal = 0, applySucc = 0, releaseTotal = 0, releaseSucc = 0
[INFO] ASCENDCL(<PID>,python):2026-09-19-14:45:17.155.981 [resource_statistics.cpp:113]<PID> TraverseStatistics: The ResourceType:ACL_STATISTICS_CREATE_DESTROY_DATASET, applyTotal = 0, applySucc = 0, releaseTotal = 0, releaseSucc = 0
[INFO] ASCENDCL(<PID>,python):2026-09-19-14:45:17.155.988 [resource_statistics.cpp:113]<PID> TraverseStatistics: The ResourceType:ACL_STATISTICS_CREATE_LOAD_UNLOAD_MODEL, applyTotal = 0, applySucc = 0, releaseTotal = 0, releaseSucc = 0
[INFO] ASCENDCL(<PID>,python):2026-09-19-14:45:17.155.994 [resource_statistics.cpp:113]<PID> TraverseStatistics: The ResourceType:ACL_STATISTICS_CREATE_DESTROY_AIPP, applyTotal = 0, applySucc = 0, releaseTotal = 0, releaseSucc = 0
[INFO] ASCENDCL(<PID>,python):2026-09-19-14:45:17.156.001 [resource_statistics.cpp:113]<PID> TraverseStatistics: The ResourceType:ACL_STATISTICS_CREATE_DESTROY_ATTR, applyTotal = 0, applySucc = 0, releaseTotal = 0, releaseSucc = 0
[INFO] ASCENDCL(<PID>,python):2026-09-19-14:45:17.156.007 [resource_statistics.cpp:113]<PID> TraverseStatistics: The ResourceType:ACL_STATISTICS_CREATE_DESTROY_HANDLE, applyTotal = 0, applySucc = 0, releaseTotal = 0, releaseSucc = 0
[INFO] ASCENDCL(<PID>,python):2026-09-19-14:45:17.156.014 [resource_statistics.cpp:113]<PID> TraverseStatistics: The ResourceType:ACL_STATISTICS_CREATE_DESTROY_DVPP_CHANNEL_DESC, applyTotal = 0, applySucc = 0, releaseTotal = 0, releaseSucc = 0
[INFO] ASCENDCL(<PID>,python):2026-09-19-14:45:17.156.021 [resource_statistics.cpp:113]<PID> TraverseStatistics: The ResourceType:ACL_STATISTICS_CREATE_DESTROY_DVPP_PIC_DESC, applyTotal = 0, applySucc = 0, releaseTotal = 0, releaseSucc = 0
[INFO] ASCENDCL(<PID>,python):2026-09-19-14:45:17.156.029 [resource_statistics.cpp:113]<PID> TraverseStatistics: The ResourceType:ACL_STATISTICS_CREATE_DESTROY_DVPP_ROI_CONFIG, applyTotal = 0, applySucc = 0, releaseTotal = 0, releaseSucc = 0
[INFO] ASCENDCL(<PID>,python):2026-09-19-14:45:17.156.037 [resource_statistics.cpp:113]<PID> TraverseStatistics: The ResourceType:ACL_STATISTICS_CREATE_DESTROY_DVPP_RESIZE_CONFIG, applyTotal = 0, applySucc = 0, releaseTotal = 0, releaseSucc = 0
[INFO] ASCENDCL(<PID>,python):2026-09-19-14:45:17.156.044 [resource_statistics.cpp:113]<PID> TraverseStatistics: The ResourceType:ACL_STATISTICS_CREATE_DESTROY_DVPP_JPEGE_CONFIG, applyTotal = 0, applySucc = 0, releaseTotal = 0, releaseSucc = 0
[INFO] ASCENDCL(<PID>,python):2026-09-19-14:45:17.156.050 [resource_statistics.cpp:113]<PID> TraverseStatistics: The ResourceType:ACL_STATISTICS_CREATE_DESTROY_VDEC_CHANNEL_DESC, applyTotal = 0, applySucc = 0, releaseTotal = 0, releaseSucc = 0
[INFO] ASCENDCL(<PID>,python):2026-09-19-14:45:17.156.056 [resource_statistics.cpp:113]<PID> TraverseStatistics: The ResourceType:ACL_STATISTICS_CREATE_DESTROY_VENC_CHANNEL_DESC, applyTotal = 0, applySucc = 0, releaseTotal = 0, releaseSucc = 0
[INFO] ASCENDCL(<PID>,python):2026-09-19-14:45:17.156.062 [resource_statistics.cpp:113]<PID> TraverseStatistics: The ResourceType:ACL_STATISTICS_CREATE_DESTROY_DVPP_STREAM_DESC, applyTotal = 0, applySucc = 0, releaseTotal = 0, releaseSucc = 0
[INFO] ASCENDCL(<PID>,python):2026-09-19-14:45:17.156.068 [resource_statistics.cpp:113]<PID> TraverseStatistics: The ResourceType:ACL_STATISTICS_CREATE_DESTROY_VDEC_FRAME_CONFIG, applyTotal = 0, applySucc = 0, releaseTotal = 0, releaseSucc = 0
[INFO] ASCENDCL(<PID>,python):2026-09-19-14:45:17.156.075 [resource_statistics.cpp:113]<PID> TraverseStatistics: The ResourceType:ACL_STATISTICS_CREATE_DESTROY_VENC_FRAME_CONFIG, applyTotal = 0, applySucc = 0, releaseTotal = 0, releaseSucc = 0
[INFO] ASCENDCL(<PID>,python):2026-09-19-14:45:17.156.081 [resource_statistics.cpp:113]<PID> TraverseStatistics: The ResourceType:ACL_STATISTICS_CREATE_DESTROY_DVPP_CHANNEL, applyTotal = 0, applySucc = 0, releaseTotal = 0, releaseSucc = 0
[INFO] ASCENDCL(<PID>,python):2026-09-19-14:45:17.156.087 [resource_statistics.cpp:113]<PID> TraverseStatistics: The ResourceType:ACL_STATISTICS_CREATE_DESTROY_VDEC_CHANNEL, applyTotal = 0, applySucc = 0, releaseTotal = 0, releaseSucc = 0
[INFO] ASCENDCL(<PID>,python):2026-09-19-14:45:17.156.094 [resource_statistics.cpp:113]<PID> TraverseStatistics: The ResourceType:ACL_STATISTICS_CREATE_DESTROY_VENC_CHANNEL, applyTotal = 0, applySucc = 0, releaseTotal = 0, releaseSucc = 0
[INFO] ASCENDCL(<PID>,python):2026-09-19-14:45:17.156.101 [resource_statistics.cpp:113]<PID> TraverseStatistics: The ResourceType:ACL_STATISTICS_CREATE_DESTROY_DVPP_BATCH_PIC_DESC, applyTotal = 0, applySucc = 0, releaseTotal = 0, releaseSucc = 0
[INFO] ASCENDCL(<PID>,python):2026-09-19-14:45:17.156.108 [resource_statistics.cpp:113]<PID> TraverseStatistics: The ResourceType:ACL_STATISTICS_CREATE_DESTROY_GROUP_INFO, applyTotal = 0, applySucc = 0, releaseTotal = 0, releaseSucc = 0
[INFO] ASCENDCL(<PID>,python):2026-09-19-14:45:17.156.114 [resource_statistics.cpp:113]<PID> TraverseStatistics: The ResourceType:ACL_STATISTICS_CREATE_DESTROY_PROF_CONFIG, applyTotal = 0, applySucc = 0, releaseTotal = 0, releaseSucc = 0
[INFO] ASCENDCL(<PID>,python):2026-09-19-14:45:17.156.121 [resource_statistics.cpp:113]<PID> TraverseStatistics: The ResourceType:ACL_STATISTICS_CREATE_DESTROY_PROF_SUB_CONFIG, applyTotal = 0, applySucc = 0, releaseTotal = 0, releaseSucc = 0
[INFO] ASCENDCL(<PID>,python):2026-09-19-14:45:17.156.127 [resource_statistics.cpp:113]<PID> TraverseStatistics: The ResourceType:ACL_STATISTICS_CREATE_DESTROY_MODEL_CONFIG, applyTotal = 0, applySucc = 0, releaseTotal = 0, releaseSucc = 0
[INFO] ASCENDCL(<PID>,python):2026-09-19-14:45:17.156.133 [resource_statistics.cpp:113]<PID> TraverseStatistics: The ResourceType:ACL_STATISTICS_CREATE_DESTROY_QUEUE_ID, applyTotal = 0, applySucc = 0, releaseTotal = 0, releaseSucc = 0
[INFO] ASCENDCL(<PID>,python):2026-09-19-14:45:17.156.141 [resource_statistics.cpp:113]<PID> TraverseStatistics: The ResourceType:ACL_STATISTICS_CREATE_DESTROY_QUEUE_ATTR, applyTotal = 0, applySucc = 0, releaseTotal = 0, releaseSucc = 0
[INFO] ASCENDCL(<PID>,python):2026-09-19-14:45:17.156.147 [resource_statistics.cpp:113]<PID> TraverseStatistics: The ResourceType:ACL_STATISTICS_CREATE_DESTROY_QUEUE_ROUTE, applyTotal = 0, applySucc = 0, releaseTotal = 0, releaseSucc = 0
[INFO] ASCENDCL(<PID>,python):2026-09-19-14:45:17.156.154 [resource_statistics.cpp:113]<PID> TraverseStatistics: The ResourceType:ACL_STATISTICS_CREATE_DESTROY_QUEUE_ROUTE_LIST, applyTotal = 0, applySucc = 0, releaseTotal = 0, releaseSucc = 0
[INFO] ASCENDCL(<PID>,python):2026-09-19-14:45:17.156.160 [resource_statistics.cpp:113]<PID> TraverseStatistics: The ResourceType:ACL_STATISTICS_CREATE_DESTROY_QUEUE_ROUTE_QUERY, applyTotal = 0, applySucc = 0, releaseTotal = 0, releaseSucc = 0
[INFO] ASCENDCL(<PID>,python):2026-09-19-14:45:17.156.166 [resource_statistics.cpp:113]<PID> TraverseStatistics: The ResourceType:ACL_STATISTICS_CREATE_DESTROY_MBUF, applyTotal = 0, applySucc = 0, releaseTotal = 0, releaseSucc = 0
[INFO] ASCENDCL(<PID>,python):2026-09-19-14:45:17.156.172 [resource_statistics.cpp:113]<PID> TraverseStatistics: The ResourceType:ACL_STATISTICS_CREATE_DESTROY_GRAPH_DUMP_OPTION, applyTotal = 0, applySucc = 0, releaseTotal = 0, releaseSucc = 0
[INFO] ASCENDCL(<PID>,python):2026-09-19-14:45:17.156.179 [resource_statistics.cpp:113]<PID> TraverseStatistics: The ResourceType:ACL_STATISTICS_CREATE_DESTROY_ALLOCATOR_DESC, applyTotal = 0, applySucc = 0, releaseTotal = 0, releaseSucc = 0
[INFO] ASCENDCL(<PID>,python):2026-09-19-14:45:17.156.186 [resource_statistics.cpp:113]<PID> TraverseStatistics: The ResourceType:ACL_STATISTICS_CREATE_DESTROY_ALLOCATOR_BINARY_DESC, applyTotal = 0, applySucc = 0, releaseTotal = 0, releaseSucc = 0
[INFO] ASCENDCL(<PID>,python):2026-09-19-14:45:17.156.192 [resource_statistics.cpp:113]<PID> TraverseStatistics: The ResourceType:ACL_STATISTICS_RESERVE_RELEASE_MEMORY_ADDRESS, applyTotal = 0, applySucc = 0, releaseTotal = 0, releaseSucc = 0
[INFO] ASCENDCL(<PID>,python):2026-09-19-14:45:17.156.199 [resource_statistics.cpp:113]<PID> TraverseStatistics: The ResourceType:ACL_STATISTICS_MALLOC_FREE_PHYSICAL_MEMORY, applyTotal = 0, applySucc = 0, releaseTotal = 0, releaseSucc = 0
[INFO] ASCENDCL(<PID>,python):2026-09-19-14:45:17.156.206 [resource_statistics.cpp:113]<PID> TraverseStatistics: The ResourceType:ACL_STATISTICS_MAP_UNMAP_MEMORY, applyTotal = 0, applySucc = 0, releaseTotal = 0, releaseSucc = 0
[INFO] ASCENDCL(<PID>,python):2026-09-19-14:45:17.156.212 [resource_statistics.cpp:113]<PID> TraverseStatistics: The ResourceType:ACL_STATISTICS_LOAD_UNLOAD_BINARY, applyTotal = 0, applySucc = 0, releaseTotal = 0, releaseSucc = 0
[INFO] DRV(<PID>,python):2026-09-19-14:45:17.656.478 [drv_share_log.c:233][ascend][curpid:<PID>,<PID>][drv][hdc][share_log_read_in_single_module]Server destroy success. (dev_id=<DEVICE>; fid=0; service="service_dump"; pid=<PID>)
[INFO] DRV(<PID>,python):2026-09-19-14:45:17.656.534 [drv_share_log.c:233][ascend][curpid:<PID>,<PID>][drv][hdc][share_log_read_in_single_module]Server destroy success. (dev_id=<DEVICE>; fid=0; service="service_dump"; pid=<PID>)
[INFO] RUNTIME(<PID>,python):2026-09-19-14:45:19.129.285 [runtime.cc:5493] 383451 ReportRasRun: Report ras thread exits normally!
[INFO] RUNTIME(<PID>,python):2026-09-19-14:45:20.797.402 [runtime.cc:5463] <PID> DestroyReportRasThread: Join report ras thread OK.
[INFO] RUNTIME(<PID>,python):2026-09-19-14:45:20.797.434 [runtime.cc:1582] <PID> WaitMonitorExit: wait monitor success, used count=0.
[INFO] RUNTIME(<PID>,python):2026-09-19-14:45:20.990.049 [xpu_task_fail_callback_data_manager.cc:64] <PID> ~XpuTaskFailCallBackManager: XpuTaskFailCallBackManager Destructor.
[INFO] RUNTIME(<PID>,python):2026-09-19-14:45:20.990.069 [task_fail_callback_data_manager.cc:91] <PID> ~TaskFailCallBackManager: Destructor.
[INFO] ATRACE(<PID>,python):2026-09-19-14:45:21.192.345 [stacktrace_signal.c:229](tid:<PID>) unregister all signal handlers, can not capture signal.
[INFO] ATRACE(<PID>,python):2026-09-19-14:45:21.243.086 [atrace_client_core.c:127](tid:<PID>) atrace receive thread exited, devId=<DEVICE>.
