CALIBRATION r1_c64 bfloat16 {"o": {"relative_l2": 4.851855926543738e-07, "max_abs": 2.6775524020195007e-09, "finite": true}, "final_state": {"relative_l2": 7.051380297187827e-07, "max_abs": 1.955777406692505e-08, "finite": true}}
CALIBRATION r1_c64 float32 {"o": {"relative_l2": 5.203894784531472e-07, "max_abs": 2.3865140974521637e-09, "finite": true}, "final_state": {"relative_l2": 7.008006818139886e-07, "max_abs": 1.955777406692505e-08, "finite": true}}
CALIBRATION r1_c1 bfloat16 {"o": {"relative_l2": 4.7408547018638633e-07, "max_abs": 6.111804395914078e-10, "finite": true}, "final_state": {"relative_l2": 3.5407017217508746e-07, "max_abs": 5.573383532464504e-09, "finite": true}}
CALIBRATION r1_c1 float32 {"o": {"relative_l2": 5.322482570505843e-07, "max_abs": 9.89530235528946e-10, "finite": true}, "final_state": {"relative_l2": 3.543381449450484e-07, "max_abs": 6.257323548197746e-09, "finite": true}}
CALIBRATION r1_c2 bfloat16 {"o": {"relative_l2": 4.0989851139517537e-07, "max_abs": 5.238689482212067e-10, "finite": true}, "final_state": {"relative_l2": 3.4467335231131167e-07, "max_abs": 5.587935447692871e-09, "finite": true}}
CALIBRATION r1_c2 float32 {"o": {"relative_l2": 4.7220835173938884e-07, "max_abs": 6.111804395914078e-10, "finite": true}, "final_state": {"relative_l2": 3.4052862441603117e-07, "max_abs": 7.450580596923828e-09, "finite": true}}
CALIBRATION r1_c3 bfloat16 {"o": {"relative_l2": 4.841095027553987e-07, "max_abs": 8.149072527885437e-10, "finite": true}, "final_state": {"relative_l2": 5.869672029747269e-07, "max_abs": 1.0244548320770264e-08, "finite": true}}
CALIBRATION r1_c3 float32 {"o": {"relative_l2": 5.131302534806109e-07, "max_abs": 1.280568540096283e-09, "finite": true}, "final_state": {"relative_l2": 5.883180518888154e-07, "max_abs": 9.313225746154785e-09, "finite": true}}
CALIBRATION r2_c64 bfloat16 {"o": {"relative_l2": 4.77120740838274e-07, "max_abs": 1.979060471057892e-09, "finite": true}, "final_state": {"relative_l2": 5.04090711264175e-07, "max_abs": 1.3969838619232178e-08, "finite": true}}
CALIBRATION r2_c64 float32 {"o": {"relative_l2": 5.134808119258919e-07, "max_abs": 1.862645149230957e-09, "finite": true}, "final_state": {"relative_l2": 5.061514084941538e-07, "max_abs": 1.4901161193847656e-08, "finite": true}}
CALIBRATION r2_c1 bfloat16 {"o": {"relative_l2": 4.943698809879325e-07, "max_abs": 7.566995918750763e-10, "finite": true}, "final_state": {"relative_l2": 5.916832849166054e-07, "max_abs": 5.587935447692871e-09, "finite": true}}
CALIBRATION r2_c1 float32 {"o": {"relative_l2": 5.405196412525677e-07, "max_abs": 9.313225746154785e-10, "finite": true}, "final_state": {"relative_l2": 6.113451350332263e-07, "max_abs": 6.984919309616089e-09, "finite": true}}
CALIBRATION r2_c2 bfloat16 {"o": {"relative_l2": 4.876211645212303e-07, "max_abs": 9.604264050722122e-10, "finite": true}, "final_state": {"relative_l2": 1.7733698790699956e-06, "max_abs": 4.842877388000488e-08, "finite": true}}
CALIBRATION r2_c2 float32 {"o": {"relative_l2": 5.158844474471191e-07, "max_abs": 8.731149137020111e-10, "finite": true}, "final_state": {"relative_l2": 1.7792152098930612e-06, "max_abs": 4.470348358154297e-08, "finite": true}}
CALIBRATION r2_c3 bfloat16 {"o": {"relative_l2": 5.085988935918998e-07, "max_abs": 1.280568540096283e-09, "finite": true}, "final_state": {"relative_l2": 5.815361614854281e-07, "max_abs": 8.847564458847046e-09, "finite": true}}
CALIBRATION r2_c3 float32 {"o": {"relative_l2": 5.42769081958059e-07, "max_abs": 1.1641532182693481e-09, "finite": true}, "final_state": {"relative_l2": 5.75692385551498e-07, "max_abs": 1.0710209608078003e-08, "finite": true}}
CALIBRATION r4_c64 bfloat16 {"o": {"relative_l2": 4.915306082062686e-07, "max_abs": 2.0954757928848267e-09, "finite": true}, "final_state": {"relative_l2": 6.394637002679217e-07, "max_abs": 1.7695128917694092e-08, "finite": true}}
CALIBRATION r4_c64 float32 {"o": {"relative_l2": 5.257232043911061e-07, "max_abs": 1.8335413187742233e-09, "finite": true}, "final_state": {"relative_l2": 6.402633600446583e-07, "max_abs": 1.862645149230957e-08, "finite": true}}
CALIBRATION r4_c1 bfloat16 {"o": {"relative_l2": 4.4304146384299487e-07, "max_abs": 1.0477378964424133e-09, "finite": true}, "final_state": {"relative_l2": 5.920275203771804e-07, "max_abs": 1.7229467630386353e-08, "finite": true}}
CALIBRATION r4_c1 float32 {"o": {"relative_l2": 4.841457747699103e-07, "max_abs": 9.89530235528946e-10, "finite": true}, "final_state": {"relative_l2": 5.916663377348863e-07, "max_abs": 1.7695128917694092e-08, "finite": true}}
CALIBRATION r4_c2 bfloat16 {"o": {"relative_l2": 4.834441532639317e-07, "max_abs": 9.89530235528946e-10, "finite": true}, "final_state": {"relative_l2": 4.304672416940057e-07, "max_abs": 9.313225746154785e-09, "finite": true}}
CALIBRATION r4_c2 float32 {"o": {"relative_l2": 5.266150434420033e-07, "max_abs": 1.1059455573558807e-09, "finite": true}, "final_state": {"relative_l2": 4.2893911470857286e-07, "max_abs": 8.381903171539307e-09, "finite": true}}
CALIBRATION r4_c3 bfloat16 {"o": {"relative_l2": 5.02976291204986e-07, "max_abs": 1.3387762010097504e-09, "finite": true}, "final_state": {"relative_l2": 9.894447066318239e-07, "max_abs": 3.073364496231079e-08, "finite": true}}
CALIBRATION r4_c3 float32 {"o": {"relative_l2": 5.394139079887108e-07, "max_abs": 1.3969838619232178e-09, "finite": true}, "final_state": {"relative_l2": 9.895855131074007e-07, "max_abs": 3.073364496231079e-08, "finite": true}}
CALIBRATION r8_c64 bfloat16 {"o": {"relative_l2": 4.777480259573877e-07, "max_abs": 1.979060471057892e-09, "finite": true}, "final_state": {"relative_l2": 5.572007358936155e-07, "max_abs": 1.1175870895385742e-08, "finite": true}}
CALIBRATION r8_c64 float32 {"o": {"relative_l2": 5.126986067919388e-07, "max_abs": 1.7462298274040222e-09, "finite": true}, "final_state": {"relative_l2": 5.556369305515059e-07, "max_abs": 1.1175870895385742e-08, "finite": true}}
CALIBRATION r8_c1 bfloat16 {"o": {"relative_l2": 4.2957283549385606e-07, "max_abs": 6.402842700481415e-10, "finite": true}, "final_state": {"relative_l2": 7.386904452447436e-07, "max_abs": 2.421438694000244e-08, "finite": true}}
CALIBRATION r8_c1 float32 {"o": {"relative_l2": 4.731690497431862e-07, "max_abs": 8.149072527885437e-10, "finite": true}, "final_state": {"relative_l2": 7.34530853739102e-07, "max_abs": 2.2351741790771484e-08, "finite": true}}
CALIBRATION r8_c2 bfloat16 {"o": {"relative_l2": 4.949947061680915e-07, "max_abs": 1.1641532182693481e-09, "finite": true}, "final_state": {"relative_l2": 6.949423924069859e-07, "max_abs": 2.2351741790771484e-08, "finite": true}}
CALIBRATION r8_c2 float32 {"o": {"relative_l2": 5.264954873579053e-07, "max_abs": 1.5133991837501526e-09, "finite": true}, "final_state": {"relative_l2": 6.94085418151428e-07, "max_abs": 2.2351741790771484e-08, "finite": true}}
CALIBRATION r8_c3 bfloat16 {"o": {"relative_l2": 4.889368197375022e-07, "max_abs": 1.7462298274040222e-09, "finite": true}, "final_state": {"relative_l2": 5.7680757686494e-07, "max_abs": 2.1420419216156006e-08, "finite": true}}
CALIBRATION r8_c3 float32 {"o": {"relative_l2": 5.338291912730856e-07, "max_abs": 1.9208528101444244e-09, "finite": true}, "final_state": {"relative_l2": 5.715099013119862e-07, "max_abs": 2.2351741790771484e-08, "finite": true}}
CALIBRATION batch2_c2 bfloat16 {"o": {"relative_l2": 4.956418194685541e-07, "max_abs": 9.89530235528946e-10, "finite": true}, "final_state": {"relative_l2": 5.697002502048649e-07, "max_abs": 1.3271346688270569e-08, "finite": true}}
CALIBRATION batch2_c2 float32 {"o": {"relative_l2": 5.235802743510901e-07, "max_abs": 9.313225746154785e-10, "finite": true}, "final_state": {"relative_l2": 5.734666254508108e-07, "max_abs": 1.30385160446167e-08, "finite": true}}
CALIBRATION batch2_c3 bfloat16 {"o": {"relative_l2": 4.732855397370534e-07, "max_abs": 1.1059455573558807e-09, "finite": true}, "final_state": {"relative_l2": 7.893201092912503e-07, "max_abs": 4.842877388000488e-08, "finite": true}}
CALIBRATION batch2_c3 float32 {"o": {"relative_l2": 5.065533241999894e-07, "max_abs": 1.1059455573558807e-09, "finite": true}, "final_state": {"relative_l2": 7.883293664779429e-07, "max_abs": 4.284083843231201e-08, "finite": true}}
CALIBRATION uneven_c1 bfloat16 {"o": {"relative_l2": 4.380738724848075e-07, "max_abs": 6.984919309616089e-10, "finite": true}, "final_state": {"relative_l2": 4.1858295983136434e-07, "max_abs": 6.05359673500061e-09, "finite": true}}
CALIBRATION uneven_c1 float32 {"o": {"relative_l2": 4.77287565231408e-07, "max_abs": 7.566995918750763e-10, "finite": true}, "final_state": {"relative_l2": 4.349116059661154e-07, "max_abs": 6.984919309616089e-09, "finite": true}}
CALIBRATION uneven_c3 bfloat16 {"o": {"relative_l2": 4.964946706899828e-07, "max_abs": 9.313225746154785e-10, "finite": true}, "final_state": {"relative_l2": 4.15992762663265e-07, "max_abs": 8.847564458847046e-09, "finite": true}}
CALIBRATION uneven_c3 float32 {"o": {"relative_l2": 5.4553272446838e-07, "max_abs": 9.313225746154785e-10, "finite": true}, "final_state": {"relative_l2": 4.174503616079281e-07, "max_abs": 8.149072527885437e-09, "finite": true}}
CALIBRATION gate_zero bfloat16 {"o": {"relative_l2": 3.592777032100893e-07, "max_abs": 1.862645149230957e-09, "finite": true}, "final_state": {"relative_l2": 2.8490678742269747e-07, "max_abs": 5.21540641784668e-08, "finite": true}}
CALIBRATION gate_zero float32 {"o": {"relative_l2": 3.777476815483705e-07, "max_abs": 2.3283064365386963e-09, "finite": true}, "final_state": {"relative_l2": 2.822354109128085e-07, "max_abs": 4.470348358154297e-08, "finite": true}}
CALIBRATION gate_small bfloat16 {"o": {"relative_l2": 3.485935970123075e-07, "max_abs": 1.1641532182693481e-09, "finite": true}, "final_state": {"relative_l2": 2.8124077988679e-07, "max_abs": 1.6763806343078613e-08, "finite": true}}
CALIBRATION gate_small float32 {"o": {"relative_l2": 3.832240563749226e-07, "max_abs": 1.280568540096283e-09, "finite": true}, "final_state": {"relative_l2": 2.813857010475647e-07, "max_abs": 1.862645149230957e-08, "finite": true}}
CALIBRATION gate_large bfloat16 {"o": {"relative_l2": 2.029360187350065e-06, "max_abs": 1.0622898116707802e-08, "finite": true}, "final_state": {"relative_l2": 7.836222285274962e-09, "max_abs": 9.313225746154785e-10, "finite": true}}
CALIBRATION gate_large float32 {"o": {"relative_l2": 2.03599722099332e-06, "max_abs": 1.100124791264534e-08, "finite": true}, "final_state": {"relative_l2": 6.908809445106603e-10, "max_abs": 2.3283064365386963e-10, "finite": true}}
CALIBRATION gate_underflow bfloat16 {"o": {"relative_l2": 2.1539723408658499e-07, "max_abs": 4.656612873077393e-10, "finite": true}, "final_state": {"relative_l2": 0.0, "max_abs": 0.0, "finite": true}}
CALIBRATION gate_underflow float32 {"o": {"relative_l2": 2.8275564370301384e-07, "max_abs": 5.820766091346741e-10, "finite": true}, "final_state": {"relative_l2": 0.0, "max_abs": 0.0, "finite": true}}
CALIBRATION beta_zero bfloat16 {"o": {"relative_l2": 0.0, "max_abs": 0.0, "finite": true}, "final_state": {"relative_l2": 0.0, "max_abs": 0.0, "finite": true}}
CALIBRATION beta_zero float32 {"o": {"relative_l2": 0.0, "max_abs": 0.0, "finite": true}, "final_state": {"relative_l2": 0.0, "max_abs": 0.0, "finite": true}}
CALIBRATION beta_one bfloat16 {"o": {"relative_l2": 4.820199850966588e-07, "max_abs": 2.561137080192566e-09, "finite": true}, "final_state": {"relative_l2": 5.972728450113016e-07, "max_abs": 3.91155481338501e-08, "finite": true}}
CALIBRATION beta_one float32 {"o": {"relative_l2": 5.10331684696092e-07, "max_abs": 1.862645149230957e-09, "finite": true}, "final_state": {"relative_l2": 5.948967464999072e-07, "max_abs": 3.91155481338501e-08, "finite": true}}
CALIBRATION zero_qk bfloat16 {"o": {"relative_l2": 0.0, "max_abs": 0.0, "finite": true}, "final_state": {"relative_l2": 0.0, "max_abs": 0.0, "finite": true}}
CALIBRATION zero_qk float32 {"o": {"relative_l2": 0.0, "max_abs": 0.0, "finite": true}, "final_state": {"relative_l2": 0.0, "max_abs": 0.0, "finite": true}}
CALIBRATION spike bfloat16 {"o": {"relative_l2": 4.585870610292119e-07, "max_abs": 1.1059455573558807e-09, "finite": true}, "final_state": {"relative_l2": 8.561753591629089e-07, "max_abs": 2.514570951461792e-08, "finite": true}}
CALIBRATION spike float32 {"o": {"relative_l2": 5.035063551893436e-07, "max_abs": 9.313225746154785e-10, "finite": true}, "final_state": {"relative_l2": 8.536868232081955e-07, "max_abs": 2.514570951461792e-08, "finite": true}}
CALIBRATION_PASS 56
