ENV {"device": {"builtin_op_packages": ["ascend910_93", "ascend910b", "config"], "cann_version": "9.0.0", "cube_core_num": 20, "soc": "Ascend910B3", "torch_npu": "2.10.0", "vector_core_num": 40}, "versions": {"ascriptor_commit": "90cfcdc720bbcd66e8bd4361c4dd4fbc1a2a57b5", "ascriptor_desugar_sha256": "900610ea92dcb97afd1bbea1f4abc6b306adc5fe98547bdbedde37eca34cc295", "ascriptor_lint_sha256": "c2e4662604224cb4e84522859577872b6eeb87f90ac15736c36550ecd61b3a2e", "ascriptor_version": "0.1.0", "numpy": "1.26.4", "python": "3.11.15", "torch": "2.10.0+cpu"}}
DECOMP splitk_bf16_m16_n64_k128_s16 run=1 fragments=8 tile_coef=[-0.3363, 0.4206, -0.1577, 1.2891, 0.9301, 0.341, -1.0484, 0.6467] tile_rel_resid=0.99 max_row_resid=0.972 rows_not_all_ones=[0, 1, 2, 3, 4, 5, 6, 7, 8, 9, 10, 11, 12, 13, 14, 15]
CASE splitk_bf16_m16_n64_k128_s16 profile=a2 launcher=aclnn run=1/5 expect=probe bitwise=False max_abs_diff=39.2029 rel_l2=5.37965 mismatched=1024/1024 non_finite=0 poison_left=0 sha=5659ac3a24d06263 ir_settle=0 ir_barrier_M=0 traps=0
DECOMP splitk_bf16_m16_n64_k128_s16 run=2 fragments=8 tile_coef=[-0.2593, 0.3798, 0.0169, 1.0565, 0.8913, 0.4216, -0.9212, 0.783] tile_rel_resid=0.991 max_row_resid=0.978 rows_not_all_ones=[0, 1, 2, 3, 4, 5, 6, 7, 8, 9, 10, 11, 12, 13, 14, 15]
CASE splitk_bf16_m16_n64_k128_s16 profile=a2 launcher=aclnn run=2/5 expect=probe bitwise=False max_abs_diff=34.5544 rel_l2=5.04282 mismatched=1024/1024 non_finite=0 poison_left=0 sha=a8f0604116131b60 ir_settle=0 ir_barrier_M=0 traps=0
DECOMP splitk_bf16_m16_n64_k128_s16 run=3 fragments=8 tile_coef=[-0.2893, 0.2956, -0.193, 1.1523, 0.653, 0.3759, -0.9155, 0.8036] tile_rel_resid=0.992 max_row_resid=0.968 rows_not_all_ones=[0, 1, 2, 3, 4, 5, 6, 7, 8, 9, 10, 11, 12, 13, 14, 15]
CASE splitk_bf16_m16_n64_k128_s16 profile=a2 launcher=aclnn run=3/5 expect=probe bitwise=False max_abs_diff=38.3822 rel_l2=5.21545 mismatched=1024/1024 non_finite=0 poison_left=0 sha=0abe90db545ae27c ir_settle=0 ir_barrier_M=0 traps=0
DECOMP splitk_bf16_m16_n64_k128_s16 run=4 fragments=8 tile_coef=[-0.2108, 0.3844, -0.19, 1.1298, 0.9058, 0.439, -1.0516, 0.6527] tile_rel_resid=0.99 max_row_resid=0.971 rows_not_all_ones=[0, 1, 2, 3, 4, 5, 6, 7, 8, 9, 10, 11, 12, 13, 14, 15]
CASE splitk_bf16_m16_n64_k128_s16 profile=a2 launcher=aclnn run=4/5 expect=probe bitwise=False max_abs_diff=39.3845 rel_l2=5.09334 mismatched=1024/1024 non_finite=0 poison_left=0 sha=460fef0f9dbda173 ir_settle=0 ir_barrier_M=0 traps=0
DECOMP splitk_bf16_m16_n64_k128_s16 run=5 fragments=8 tile_coef=[-0.2882, 0.2938, -0.176, 1.1407, 0.8874, 0.3347, -1.013, 0.6972] tile_rel_resid=0.992 max_row_resid=0.97 rows_not_all_ones=[0, 1, 2, 3, 4, 5, 6, 7, 8, 9, 10, 11, 12, 13, 14, 15]
CASE splitk_bf16_m16_n64_k128_s16 profile=a2 launcher=aclnn run=5/5 expect=probe bitwise=False max_abs_diff=38.2087 rel_l2=5.67027 mismatched=1024/1024 non_finite=0 poison_left=0 sha=ca0abefe609b3d27 ir_settle=0 ir_barrier_M=0 traps=0
DECOMP splitk_f16_m16_n64_k128_s16 run=1 fragments=8 tile_coef=[0.6182, 0.6694, -0.9402, 1.159, -0.6195, 0.7454, -0.4019, 0.7959] tile_rel_resid=0.991 max_row_resid=0.975 rows_not_all_ones=[0, 1, 2, 3, 4, 5, 6, 7, 8, 9, 10, 11, 12, 13, 14, 15]
CASE splitk_f16_m16_n64_k128_s16 profile=a2 launcher=aclnn run=1/5 expect=probe bitwise=False max_abs_diff=40.9742 rel_l2=5.54435 mismatched=1024/1024 non_finite=0 poison_left=0 sha=96ec7b333c3f30bd ir_settle=0 ir_barrier_M=0 traps=0
DECOMP splitk_f16_m16_n64_k128_s16 run=2 fragments=8 tile_coef=[0.5213, 0.6641, -0.7341, 1.3623, -0.6668, 0.8321, -0.3658, 0.8618] tile_rel_resid=0.99 max_row_resid=0.977 rows_not_all_ones=[0, 1, 2, 3, 4, 5, 6, 7, 8, 9, 10, 11, 12, 13, 14, 15]
CASE splitk_f16_m16_n64_k128_s16 profile=a2 launcher=aclnn run=2/5 expect=probe bitwise=False max_abs_diff=40.0965 rel_l2=5.47605 mismatched=1024/1024 non_finite=0 poison_left=0 sha=e05daef4d7ac7038 ir_settle=0 ir_barrier_M=0 traps=0
DECOMP splitk_f16_m16_n64_k128_s16 run=3 fragments=8 tile_coef=[0.399, 0.5787, -0.8841, 1.2261, -0.5201, 0.7436, -0.2003, 0.8685] tile_rel_resid=0.989 max_row_resid=0.968 rows_not_all_ones=[0, 1, 2, 3, 4, 5, 6, 7, 8, 9, 10, 11, 12, 13, 14, 15]
CASE splitk_f16_m16_n64_k128_s16 profile=a2 launcher=aclnn run=3/5 expect=probe bitwise=False max_abs_diff=33.4555 rel_l2=4.78907 mismatched=1024/1024 non_finite=0 poison_left=0 sha=a5f07b548275d0ff ir_settle=0 ir_barrier_M=0 traps=0
DECOMP splitk_f16_m16_n64_k128_s16 run=4 fragments=8 tile_coef=[0.491, 0.8422, -0.8269, 1.2737, -0.4579, 0.6527, -0.3072, 0.9324] tile_rel_resid=0.991 max_row_resid=0.967 rows_not_all_ones=[0, 1, 2, 3, 4, 5, 6, 7, 8, 9, 10, 11, 12, 13, 14, 15]
CASE splitk_f16_m16_n64_k128_s16 profile=a2 launcher=aclnn run=4/5 expect=probe bitwise=False max_abs_diff=40.0397 rel_l2=5.37853 mismatched=1024/1024 non_finite=0 poison_left=0 sha=567d801368de2568 ir_settle=0 ir_barrier_M=0 traps=0
DECOMP splitk_f16_m16_n64_k128_s16 run=5 fragments=8 tile_coef=[0.5184, 0.6642, -0.801, 1.277, -0.6126, 0.6896, -0.4477, 0.8729] tile_rel_resid=0.991 max_row_resid=0.975 rows_not_all_ones=[0, 1, 2, 3, 4, 5, 6, 7, 8, 9, 10, 11, 12, 13, 14, 15]
CASE splitk_f16_m16_n64_k128_s16 profile=a2 launcher=aclnn run=5/5 expect=probe bitwise=False max_abs_diff=39.2357 rel_l2=5.61071 mismatched=1024/1024 non_finite=0 poison_left=0 sha=43bb705f64be35b3 ir_settle=0 ir_barrier_M=0 traps=0
[lint] @a201_chain_f32_m16_n64_k16_t8_nobar.cube #68 tmp/A2-01/runs_npu5/kernels/a2/a201_chain_f32_m16_n64_k16_t8_nobar.py:41:8: warning: fp32 MMAD accumulation reads %l0c after an earlier MMAD on at least one path with no PIPE_M/PIPE_ALL barrier between them: 910B and 910_93 returned wrong values for the M=16 split-K boundary while the interpreter was exact. Add `barrier(Pipe.M)` after the producing MMAD; `matmul(..., splitk=...)` already inserts this A2-family settle automatically
[lint] @a201_chain_f32_m16_n64_k16_t8_nobar.cube #79 tmp/A2-01/runs_npu5/kernels/a2/a201_chain_f32_m16_n64_k16_t8_nobar.py:42:8: warning: fp32 MMAD accumulation reads %l0c after an earlier MMAD on at least one path with no PIPE_M/PIPE_ALL barrier between them: 910B and 910_93 returned wrong values for the M=16 split-K boundary while the interpreter was exact. Add `barrier(Pipe.M)` after the producing MMAD; `matmul(..., splitk=...)` already inserts this A2-family settle automatically
[lint] @a201_chain_f32_m16_n64_k16_t8_nobar.cube #90 tmp/A2-01/runs_npu5/kernels/a2/a201_chain_f32_m16_n64_k16_t8_nobar.py:43:8: warning: fp32 MMAD accumulation reads %l0c after an earlier MMAD on at least one path with no PIPE_M/PIPE_ALL barrier between them: 910B and 910_93 returned wrong values for the M=16 split-K boundary while the interpreter was exact. Add `barrier(Pipe.M)` after the producing MMAD; `matmul(..., splitk=...)` already inserts this A2-family settle automatically
[lint] @a201_chain_f32_m16_n64_k16_t8_nobar.cube #101 tmp/A2-01/runs_npu5/kernels/a2/a201_chain_f32_m16_n64_k16_t8_nobar.py:44:8: warning: fp32 MMAD accumulation reads %l0c after an earlier MMAD on at least one path with no PIPE_M/PIPE_ALL barrier between them: 910B and 910_93 returned wrong values for the M=16 split-K boundary while the interpreter was exact. Add `barrier(Pipe.M)` after the producing MMAD; `matmul(..., splitk=...)` already inserts this A2-family settle automatically
[lint] @a201_chain_f32_m16_n64_k16_t8_nobar.cube #112 tmp/A2-01/runs_npu5/kernels/a2/a201_chain_f32_m16_n64_k16_t8_nobar.py:45:8: warning: fp32 MMAD accumulation reads %l0c after an earlier MMAD on at least one path with no PIPE_M/PIPE_ALL barrier between them: 910B and 910_93 returned wrong values for the M=16 split-K boundary while the interpreter was exact. Add `barrier(Pipe.M)` after the producing MMAD; `matmul(..., splitk=...)` already inserts this A2-family settle automatically
[lint] @a201_chain_f32_m16_n64_k16_t8_nobar.cube #123 tmp/A2-01/runs_npu5/kernels/a2/a201_chain_f32_m16_n64_k16_t8_nobar.py:46:8: warning: fp32 MMAD accumulation reads %l0c after an earlier MMAD on at least one path with no PIPE_M/PIPE_ALL barrier between them: 910B and 910_93 returned wrong values for the M=16 split-K boundary while the interpreter was exact. Add `barrier(Pipe.M)` after the producing MMAD; `matmul(..., splitk=...)` already inserts this A2-family settle automatically
[lint] @a201_chain_f32_m16_n64_k16_t8_nobar.cube #134 tmp/A2-01/runs_npu5/kernels/a2/a201_chain_f32_m16_n64_k16_t8_nobar.py:47:8: warning: fp32 MMAD accumulation reads %l0c after an earlier MMAD on at least one path with no PIPE_M/PIPE_ALL barrier between them: 910B and 910_93 returned wrong values for the M=16 split-K boundary while the interpreter was exact. Add `barrier(Pipe.M)` after the producing MMAD; `matmul(..., splitk=...)` already inserts this A2-family settle automatically
[lint] @a201_chain_f32_m16_n64_k16_t8_nobar.cube tmp/A2-01/runs_npu5/kernels/a2/a201_chain_f32_m16_n64_k16_t8_nobar.py:41:8: _a2_family_unsettled_fp32_mmad again (reported above)
[lint] @a201_chain_f32_m16_n64_k16_t8_nobar.cube tmp/A2-01/runs_npu5/kernels/a2/a201_chain_f32_m16_n64_k16_t8_nobar.py:42:8: _a2_family_unsettled_fp32_mmad again (reported above)
[lint] @a201_chain_f32_m16_n64_k16_t8_nobar.cube tmp/A2-01/runs_npu5/kernels/a2/a201_chain_f32_m16_n64_k16_t8_nobar.py:43:8: _a2_family_unsettled_fp32_mmad again (reported above)
[lint] @a201_chain_f32_m16_n64_k16_t8_nobar.cube tmp/A2-01/runs_npu5/kernels/a2/a201_chain_f32_m16_n64_k16_t8_nobar.py:44:8: _a2_family_unsettled_fp32_mmad again (reported above)
[lint] @a201_chain_f32_m16_n64_k16_t8_nobar.cube tmp/A2-01/runs_npu5/kernels/a2/a201_chain_f32_m16_n64_k16_t8_nobar.py:45:8: _a2_family_unsettled_fp32_mmad again (reported above)
[lint] @a201_chain_f32_m16_n64_k16_t8_nobar.cube tmp/A2-01/runs_npu5/kernels/a2/a201_chain_f32_m16_n64_k16_t8_nobar.py:46:8: _a2_family_unsettled_fp32_mmad again (reported above)
[lint] @a201_chain_f32_m16_n64_k16_t8_nobar.cube tmp/A2-01/runs_npu5/kernels/a2/a201_chain_f32_m16_n64_k16_t8_nobar.py:47:8: _a2_family_unsettled_fp32_mmad again (reported above)
CASE chain_f32_m16_n64_k16_t8_nobar profile=a2 launcher=aclnn run=1/5 expect=probe bitwise=True max_abs_diff=0 rel_l2=0 mismatched=0/1024 non_finite=0 poison_left=0 sha=52dc672145f958a0 ir_settle=0 ir_barrier_M=0 traps=1
[lint] @a201_chain_f32_m16_n64_k16_t8_nobar.cube tmp/A2-01/runs_npu5/kernels/a2/a201_chain_f32_m16_n64_k16_t8_nobar.py:41:8: _a2_family_unsettled_fp32_mmad again (reported above)
[lint] @a201_chain_f32_m16_n64_k16_t8_nobar.cube tmp/A2-01/runs_npu5/kernels/a2/a201_chain_f32_m16_n64_k16_t8_nobar.py:42:8: _a2_family_unsettled_fp32_mmad again (reported above)
[lint] @a201_chain_f32_m16_n64_k16_t8_nobar.cube tmp/A2-01/runs_npu5/kernels/a2/a201_chain_f32_m16_n64_k16_t8_nobar.py:43:8: _a2_family_unsettled_fp32_mmad again (reported above)
[lint] @a201_chain_f32_m16_n64_k16_t8_nobar.cube tmp/A2-01/runs_npu5/kernels/a2/a201_chain_f32_m16_n64_k16_t8_nobar.py:44:8: _a2_family_unsettled_fp32_mmad again (reported above)
[lint] @a201_chain_f32_m16_n64_k16_t8_nobar.cube tmp/A2-01/runs_npu5/kernels/a2/a201_chain_f32_m16_n64_k16_t8_nobar.py:45:8: _a2_family_unsettled_fp32_mmad again (reported above)
[lint] @a201_chain_f32_m16_n64_k16_t8_nobar.cube tmp/A2-01/runs_npu5/kernels/a2/a201_chain_f32_m16_n64_k16_t8_nobar.py:46:8: _a2_family_unsettled_fp32_mmad again (reported above)
[lint] @a201_chain_f32_m16_n64_k16_t8_nobar.cube tmp/A2-01/runs_npu5/kernels/a2/a201_chain_f32_m16_n64_k16_t8_nobar.py:47:8: _a2_family_unsettled_fp32_mmad again (reported above)
CASE chain_f32_m16_n64_k16_t8_nobar profile=a2 launcher=aclnn run=2/5 expect=probe bitwise=True max_abs_diff=0 rel_l2=0 mismatched=0/1024 non_finite=0 poison_left=0 sha=52dc672145f958a0 ir_settle=0 ir_barrier_M=0 traps=1
[lint] @a201_chain_f32_m16_n64_k16_t8_nobar.cube tmp/A2-01/runs_npu5/kernels/a2/a201_chain_f32_m16_n64_k16_t8_nobar.py:41:8: _a2_family_unsettled_fp32_mmad again (reported above)
[lint] @a201_chain_f32_m16_n64_k16_t8_nobar.cube tmp/A2-01/runs_npu5/kernels/a2/a201_chain_f32_m16_n64_k16_t8_nobar.py:42:8: _a2_family_unsettled_fp32_mmad again (reported above)
[lint] @a201_chain_f32_m16_n64_k16_t8_nobar.cube tmp/A2-01/runs_npu5/kernels/a2/a201_chain_f32_m16_n64_k16_t8_nobar.py:43:8: _a2_family_unsettled_fp32_mmad again (reported above)
[lint] @a201_chain_f32_m16_n64_k16_t8_nobar.cube tmp/A2-01/runs_npu5/kernels/a2/a201_chain_f32_m16_n64_k16_t8_nobar.py:44:8: _a2_family_unsettled_fp32_mmad again (reported above)
[lint] @a201_chain_f32_m16_n64_k16_t8_nobar.cube tmp/A2-01/runs_npu5/kernels/a2/a201_chain_f32_m16_n64_k16_t8_nobar.py:45:8: _a2_family_unsettled_fp32_mmad again (reported above)
[lint] @a201_chain_f32_m16_n64_k16_t8_nobar.cube tmp/A2-01/runs_npu5/kernels/a2/a201_chain_f32_m16_n64_k16_t8_nobar.py:46:8: _a2_family_unsettled_fp32_mmad again (reported above)
[lint] @a201_chain_f32_m16_n64_k16_t8_nobar.cube tmp/A2-01/runs_npu5/kernels/a2/a201_chain_f32_m16_n64_k16_t8_nobar.py:47:8: _a2_family_unsettled_fp32_mmad again (reported above)
CASE chain_f32_m16_n64_k16_t8_nobar profile=a2 launcher=aclnn run=3/5 expect=probe bitwise=True max_abs_diff=0 rel_l2=0 mismatched=0/1024 non_finite=0 poison_left=0 sha=52dc672145f958a0 ir_settle=0 ir_barrier_M=0 traps=1
[lint] @a201_chain_f32_m16_n64_k16_t8_nobar.cube tmp/A2-01/runs_npu5/kernels/a2/a201_chain_f32_m16_n64_k16_t8_nobar.py:41:8: _a2_family_unsettled_fp32_mmad again (reported above)
[lint] @a201_chain_f32_m16_n64_k16_t8_nobar.cube tmp/A2-01/runs_npu5/kernels/a2/a201_chain_f32_m16_n64_k16_t8_nobar.py:42:8: _a2_family_unsettled_fp32_mmad again (reported above)
[lint] @a201_chain_f32_m16_n64_k16_t8_nobar.cube tmp/A2-01/runs_npu5/kernels/a2/a201_chain_f32_m16_n64_k16_t8_nobar.py:43:8: _a2_family_unsettled_fp32_mmad again (reported above)
[lint] @a201_chain_f32_m16_n64_k16_t8_nobar.cube tmp/A2-01/runs_npu5/kernels/a2/a201_chain_f32_m16_n64_k16_t8_nobar.py:44:8: _a2_family_unsettled_fp32_mmad again (reported above)
[lint] @a201_chain_f32_m16_n64_k16_t8_nobar.cube tmp/A2-01/runs_npu5/kernels/a2/a201_chain_f32_m16_n64_k16_t8_nobar.py:45:8: _a2_family_unsettled_fp32_mmad again (reported above)
[lint] @a201_chain_f32_m16_n64_k16_t8_nobar.cube tmp/A2-01/runs_npu5/kernels/a2/a201_chain_f32_m16_n64_k16_t8_nobar.py:46:8: _a2_family_unsettled_fp32_mmad again (reported above)
[lint] @a201_chain_f32_m16_n64_k16_t8_nobar.cube tmp/A2-01/runs_npu5/kernels/a2/a201_chain_f32_m16_n64_k16_t8_nobar.py:47:8: _a2_family_unsettled_fp32_mmad again (reported above)
CASE chain_f32_m16_n64_k16_t8_nobar profile=a2 launcher=aclnn run=4/5 expect=probe bitwise=True max_abs_diff=0 rel_l2=0 mismatched=0/1024 non_finite=0 poison_left=0 sha=52dc672145f958a0 ir_settle=0 ir_barrier_M=0 traps=1
[lint] @a201_chain_f32_m16_n64_k16_t8_nobar.cube tmp/A2-01/runs_npu5/kernels/a2/a201_chain_f32_m16_n64_k16_t8_nobar.py:41:8: _a2_family_unsettled_fp32_mmad again (reported above)
[lint] @a201_chain_f32_m16_n64_k16_t8_nobar.cube tmp/A2-01/runs_npu5/kernels/a2/a201_chain_f32_m16_n64_k16_t8_nobar.py:42:8: _a2_family_unsettled_fp32_mmad again (reported above)
[lint] @a201_chain_f32_m16_n64_k16_t8_nobar.cube tmp/A2-01/runs_npu5/kernels/a2/a201_chain_f32_m16_n64_k16_t8_nobar.py:43:8: _a2_family_unsettled_fp32_mmad again (reported above)
[lint] @a201_chain_f32_m16_n64_k16_t8_nobar.cube tmp/A2-01/runs_npu5/kernels/a2/a201_chain_f32_m16_n64_k16_t8_nobar.py:44:8: _a2_family_unsettled_fp32_mmad again (reported above)
[lint] @a201_chain_f32_m16_n64_k16_t8_nobar.cube tmp/A2-01/runs_npu5/kernels/a2/a201_chain_f32_m16_n64_k16_t8_nobar.py:45:8: _a2_family_unsettled_fp32_mmad again (reported above)
[lint] @a201_chain_f32_m16_n64_k16_t8_nobar.cube tmp/A2-01/runs_npu5/kernels/a2/a201_chain_f32_m16_n64_k16_t8_nobar.py:46:8: _a2_family_unsettled_fp32_mmad again (reported above)
[lint] @a201_chain_f32_m16_n64_k16_t8_nobar.cube tmp/A2-01/runs_npu5/kernels/a2/a201_chain_f32_m16_n64_k16_t8_nobar.py:47:8: _a2_family_unsettled_fp32_mmad again (reported above)
CASE chain_f32_m16_n64_k16_t8_nobar profile=a2 launcher=aclnn run=5/5 expect=probe bitwise=True max_abs_diff=0 rel_l2=0 mismatched=0/1024 non_finite=0 poison_left=0 sha=52dc672145f958a0 ir_settle=0 ir_barrier_M=0 traps=1
CASE chain_f32_m16_n64_k16_t8_bar profile=a2 launcher=aclnn run=1/5 expect=bitwise bitwise=True max_abs_diff=0 rel_l2=0 mismatched=0/1024 non_finite=0 poison_left=0 sha=8b0ceb5ae52e5ddd ir_settle=0 ir_barrier_M=7 traps=0
CASE chain_f32_m16_n64_k16_t8_bar profile=a2 launcher=aclnn run=2/5 expect=bitwise bitwise=True max_abs_diff=0 rel_l2=0 mismatched=0/1024 non_finite=0 poison_left=0 sha=8b0ceb5ae52e5ddd ir_settle=0 ir_barrier_M=7 traps=0
CASE chain_f32_m16_n64_k16_t8_bar profile=a2 launcher=aclnn run=3/5 expect=bitwise bitwise=True max_abs_diff=0 rel_l2=0 mismatched=0/1024 non_finite=0 poison_left=0 sha=8b0ceb5ae52e5ddd ir_settle=0 ir_barrier_M=7 traps=0
CASE chain_f32_m16_n64_k16_t8_bar profile=a2 launcher=aclnn run=4/5 expect=bitwise bitwise=True max_abs_diff=0 rel_l2=0 mismatched=0/1024 non_finite=0 poison_left=0 sha=8b0ceb5ae52e5ddd ir_settle=0 ir_barrier_M=7 traps=0
CASE chain_f32_m16_n64_k16_t8_bar profile=a2 launcher=aclnn run=5/5 expect=bitwise bitwise=True max_abs_diff=0 rel_l2=0 mismatched=0/1024 non_finite=0 poison_left=0 sha=8b0ceb5ae52e5ddd ir_settle=0 ir_barrier_M=7 traps=0
CASE chain_bf16_m16_n64_k16_t8_nobar profile=a2 launcher=aclnn run=1/5 expect=probe bitwise=True max_abs_diff=0 rel_l2=0 mismatched=0/1024 non_finite=0 poison_left=0 sha=1c1741bab66717c2 ir_settle=0 ir_barrier_M=0 traps=0
CASE chain_bf16_m16_n64_k16_t8_nobar profile=a2 launcher=aclnn run=2/5 expect=probe bitwise=True max_abs_diff=0 rel_l2=0 mismatched=0/1024 non_finite=0 poison_left=0 sha=1c1741bab66717c2 ir_settle=0 ir_barrier_M=0 traps=0
CASE chain_bf16_m16_n64_k16_t8_nobar profile=a2 launcher=aclnn run=3/5 expect=probe bitwise=True max_abs_diff=0 rel_l2=0 mismatched=0/1024 non_finite=0 poison_left=0 sha=1c1741bab66717c2 ir_settle=0 ir_barrier_M=0 traps=0
CASE chain_bf16_m16_n64_k16_t8_nobar profile=a2 launcher=aclnn run=4/5 expect=probe bitwise=True max_abs_diff=0 rel_l2=0 mismatched=0/1024 non_finite=0 poison_left=0 sha=1c1741bab66717c2 ir_settle=0 ir_barrier_M=0 traps=0
CASE chain_bf16_m16_n64_k16_t8_nobar profile=a2 launcher=aclnn run=5/5 expect=probe bitwise=True max_abs_diff=0 rel_l2=0 mismatched=0/1024 non_finite=0 poison_left=0 sha=1c1741bab66717c2 ir_settle=0 ir_barrier_M=0 traps=0
CASE chain_bf16_m16_n64_k16_t8_bar profile=a2 launcher=aclnn run=1/5 expect=bitwise bitwise=True max_abs_diff=0 rel_l2=0 mismatched=0/1024 non_finite=0 poison_left=0 sha=7bd69d9cc3e00905 ir_settle=0 ir_barrier_M=7 traps=0
CASE chain_bf16_m16_n64_k16_t8_bar profile=a2 launcher=aclnn run=2/5 expect=bitwise bitwise=True max_abs_diff=0 rel_l2=0 mismatched=0/1024 non_finite=0 poison_left=0 sha=7bd69d9cc3e00905 ir_settle=0 ir_barrier_M=7 traps=0
CASE chain_bf16_m16_n64_k16_t8_bar profile=a2 launcher=aclnn run=3/5 expect=bitwise bitwise=True max_abs_diff=0 rel_l2=0 mismatched=0/1024 non_finite=0 poison_left=0 sha=7bd69d9cc3e00905 ir_settle=0 ir_barrier_M=7 traps=0
CASE chain_bf16_m16_n64_k16_t8_bar profile=a2 launcher=aclnn run=4/5 expect=bitwise bitwise=True max_abs_diff=0 rel_l2=0 mismatched=0/1024 non_finite=0 poison_left=0 sha=7bd69d9cc3e00905 ir_settle=0 ir_barrier_M=7 traps=0
CASE chain_bf16_m16_n64_k16_t8_bar profile=a2 launcher=aclnn run=5/5 expect=bitwise bitwise=True max_abs_diff=0 rel_l2=0 mismatched=0/1024 non_finite=0 poison_left=0 sha=7bd69d9cc3e00905 ir_settle=0 ir_barrier_M=7 traps=0
CASE chain_f16_m16_n64_k16_t8_nobar profile=a2 launcher=aclnn run=1/5 expect=probe bitwise=True max_abs_diff=0 rel_l2=0 mismatched=0/1024 non_finite=0 poison_left=0 sha=ceb7233f25098765 ir_settle=0 ir_barrier_M=0 traps=0
CASE chain_f16_m16_n64_k16_t8_nobar profile=a2 launcher=aclnn run=2/5 expect=probe bitwise=True max_abs_diff=0 rel_l2=0 mismatched=0/1024 non_finite=0 poison_left=0 sha=ceb7233f25098765 ir_settle=0 ir_barrier_M=0 traps=0
CASE chain_f16_m16_n64_k16_t8_nobar profile=a2 launcher=aclnn run=3/5 expect=probe bitwise=True max_abs_diff=0 rel_l2=0 mismatched=0/1024 non_finite=0 poison_left=0 sha=ceb7233f25098765 ir_settle=0 ir_barrier_M=0 traps=0
CASE chain_f16_m16_n64_k16_t8_nobar profile=a2 launcher=aclnn run=4/5 expect=probe bitwise=True max_abs_diff=0 rel_l2=0 mismatched=0/1024 non_finite=0 poison_left=0 sha=ceb7233f25098765 ir_settle=0 ir_barrier_M=0 traps=0
CASE chain_f16_m16_n64_k16_t8_nobar profile=a2 launcher=aclnn run=5/5 expect=probe bitwise=True max_abs_diff=0 rel_l2=0 mismatched=0/1024 non_finite=0 poison_left=0 sha=ceb7233f25098765 ir_settle=0 ir_barrier_M=0 traps=0
CASE chain_f16_m16_n64_k16_t8_bar profile=a2 launcher=aclnn run=1/5 expect=bitwise bitwise=True max_abs_diff=0 rel_l2=0 mismatched=0/1024 non_finite=0 poison_left=0 sha=e19b2f095109ca5d ir_settle=0 ir_barrier_M=7 traps=0
CASE chain_f16_m16_n64_k16_t8_bar profile=a2 launcher=aclnn run=2/5 expect=bitwise bitwise=True max_abs_diff=0 rel_l2=0 mismatched=0/1024 non_finite=0 poison_left=0 sha=e19b2f095109ca5d ir_settle=0 ir_barrier_M=7 traps=0
CASE chain_f16_m16_n64_k16_t8_bar profile=a2 launcher=aclnn run=3/5 expect=bitwise bitwise=True max_abs_diff=0 rel_l2=0 mismatched=0/1024 non_finite=0 poison_left=0 sha=e19b2f095109ca5d ir_settle=0 ir_barrier_M=7 traps=0
CASE chain_f16_m16_n64_k16_t8_bar profile=a2 launcher=aclnn run=4/5 expect=bitwise bitwise=True max_abs_diff=0 rel_l2=0 mismatched=0/1024 non_finite=0 poison_left=0 sha=e19b2f095109ca5d ir_settle=0 ir_barrier_M=7 traps=0
CASE chain_f16_m16_n64_k16_t8_bar profile=a2 launcher=aclnn run=5/5 expect=bitwise bitwise=True max_abs_diff=0 rel_l2=0 mismatched=0/1024 non_finite=0 poison_left=0 sha=e19b2f095109ca5d ir_settle=0 ir_barrier_M=7 traps=0
SUMMARY profile=a2 launcher=aclnn cases=8 all_bitwise=6 errors=0 failed_expectation=[]
exit=0
