ENV {"device": {"builtin_op_packages": ["ascend910_93", "ascend910b", "config"], "cann_version": "9.0.0", "cube_core_num": 20, "soc": "Ascend910B3", "torch_npu": "2.10.0", "vector_core_num": 40}, "versions": {"ascriptor_commit": "90cfcdc720bbcd66e8bd4361c4dd4fbc1a2a57b5", "ascriptor_desugar_sha256": "900610ea92dcb97afd1bbea1f4abc6b306adc5fe98547bdbedde37eca34cc295", "ascriptor_lint_sha256": "c2e4662604224cb4e84522859577872b6eeb87f90ac15736c36550ecd61b3a2e", "ascriptor_version": "0.1.0", "numpy": "1.26.4", "python": "3.11.15", "torch": "2.10.0+cpu"}}
DECOMP splitk_bf16_m16_n64_k128_s16 run=1 fragments=8 tile_coef=[-0.0518, 1.0031, 0.2601, 0.8406, 0.1061, 1.2, -0.0396, 1.0826] tile_rel_resid=0.931 max_row_resid=0.943 rows_not_all_ones=[0, 1, 2, 3, 4, 5, 6, 7, 8, 9, 10, 11, 12, 13, 14, 15]
CASE splitk_bf16_m16_n64_k128_s16 profile=a2 launcher=aclnn run=1/5 expect=probe bitwise=False max_abs_diff=26.5405 rel_l2=2.0201 mismatched=1024/1024 non_finite=0 poison_left=0 sha=91d3214fdf82e40d ir_settle=0 ir_barrier_M=0 traps=0
DECOMP splitk_bf16_m16_n64_k128_s16 run=2 fragments=8 tile_coef=[-0.002, 0.9988, -0.0005, 0.9992, 0.0019, 0.9978, -0.0023, 0.9987] tile_rel_resid=0.02 max_row_resid=0.0217 rows_not_all_ones=[0, 1, 2, 3, 4, 5, 6, 7, 8, 9, 10, 11, 12, 13, 14, 15]
CASE splitk_bf16_m16_n64_k128_s16 profile=a2 launcher=aclnn run=2/5 expect=probe bitwise=False max_abs_diff=8.85831 rel_l2=0.678885 mismatched=1024/1024 non_finite=0 poison_left=0 sha=09d0bd6ae45a742e ir_settle=0 ir_barrier_M=0 traps=0
DECOMP splitk_bf16_m16_n64_k128_s16 run=3 fragments=8 tile_coef=[0.0012, 0.9998, -0.0012, 0.9998, 0.0012, 0.9978, -0.0004, 0.9997] tile_rel_resid=0.0153 max_row_resid=0.017 rows_not_all_ones=[0, 1, 2, 3, 4, 5, 6, 7, 8, 9, 10, 11, 12, 13, 14, 15]
CASE splitk_bf16_m16_n64_k128_s16 profile=a2 launcher=aclnn run=3/5 expect=probe bitwise=False max_abs_diff=8.92866 rel_l2=0.67811 mismatched=1024/1024 non_finite=0 poison_left=0 sha=abc7d3e70ef3362c ir_settle=0 ir_barrier_M=0 traps=0
DECOMP splitk_bf16_m16_n64_k128_s16 run=4 fragments=8 tile_coef=[0.0004, 1.0001, -0.0011, 0.9992, 0.0012, 0.9978, -0.0012, 0.9987] tile_rel_resid=0.0147 max_row_resid=0.0169 rows_not_all_ones=[0, 1, 2, 3, 4, 5, 6, 7, 8, 9, 10, 11, 12, 13, 14, 15]
CASE splitk_bf16_m16_n64_k128_s16 profile=a2 launcher=aclnn run=4/5 expect=probe bitwise=False max_abs_diff=8.886 rel_l2=0.678387 mismatched=1024/1024 non_finite=0 poison_left=0 sha=b579785afa10ec43 ir_settle=0 ir_barrier_M=0 traps=0
DECOMP splitk_bf16_m16_n64_k128_s16 run=5 fragments=8 tile_coef=[0.0, 0.999, -0.0013, 0.9997, 0.001, 0.999, -0.0005, 0.9998] tile_rel_resid=0.013 max_row_resid=0.0139 rows_not_all_ones=[0, 1, 2, 3, 4, 5, 6, 7, 8, 9, 10, 11, 12, 13, 14, 15]
CASE splitk_bf16_m16_n64_k128_s16 profile=a2 launcher=aclnn run=5/5 expect=probe bitwise=False max_abs_diff=8.9223 rel_l2=0.678341 mismatched=1024/1024 non_finite=0 poison_left=0 sha=c8c06c95d58ea916 ir_settle=0 ir_barrier_M=0 traps=0
DECOMP splitk_f16_m16_n64_k128_s16 run=1 fragments=8 tile_coef=[0.0005, 1.0029, -0.0039, 1.001, -0.0001, 1.0007, 0.0008, 1.0003] tile_rel_resid=0.0209 max_row_resid=0.023 rows_not_all_ones=[0, 1, 2, 3, 4, 5, 6, 7, 8, 9, 10, 11, 12, 13, 14, 15]
CASE splitk_f16_m16_n64_k128_s16 profile=a2 launcher=aclnn run=1/5 expect=probe bitwise=False max_abs_diff=9.34053 rel_l2=0.699424 mismatched=1024/1024 non_finite=0 poison_left=0 sha=42a534a2730dcf47 ir_settle=0 ir_barrier_M=0 traps=0
DECOMP splitk_f16_m16_n64_k128_s16 run=2 fragments=8 tile_coef=[0.0004, 1.0, -0.0008, 1.0005, 0.0003, 1.0002, -0.0007, 0.9967] tile_rel_resid=0.015 max_row_resid=0.0179 rows_not_all_ones=[0, 1, 2, 3, 4, 5, 6, 7, 8, 9, 10, 11, 12, 13, 14, 15]
CASE splitk_f16_m16_n64_k128_s16 profile=a2 launcher=aclnn run=2/5 expect=probe bitwise=False max_abs_diff=9.25394 rel_l2=0.699023 mismatched=1024/1024 non_finite=0 poison_left=0 sha=1613b6ef0e685ca3 ir_settle=0 ir_barrier_M=0 traps=0
DECOMP splitk_f16_m16_n64_k128_s16 run=3 fragments=8 tile_coef=[-0.0001, 0.9995, 0.0014, 1.0017, 0.0004, 1.0009, 0.0005, 0.9987] tile_rel_resid=0.0133 max_row_resid=0.0151 rows_not_all_ones=[0, 1, 2, 3, 4, 5, 6, 7, 8, 9, 10, 11, 12, 13, 14, 15]
CASE splitk_f16_m16_n64_k128_s16 profile=a2 launcher=aclnn run=3/5 expect=probe bitwise=False max_abs_diff=9.23751 rel_l2=0.698455 mismatched=1024/1024 non_finite=0 poison_left=0 sha=84a292037843c50d ir_settle=0 ir_barrier_M=0 traps=0
DECOMP splitk_f16_m16_n64_k128_s16 run=4 fragments=8 tile_coef=[-0.001, 0.9993, 0.0004, 1.0016, 0.0007, 1.0009, 0.0002, 0.9982] tile_rel_resid=0.0136 max_row_resid=0.0167 rows_not_all_ones=[0, 1, 2, 3, 4, 5, 6, 7, 8, 9, 10, 11, 12, 13, 14, 15]
CASE splitk_f16_m16_n64_k128_s16 profile=a2 launcher=aclnn run=4/5 expect=probe bitwise=False max_abs_diff=9.24695 rel_l2=0.698792 mismatched=1024/1024 non_finite=0 poison_left=0 sha=32e3c83ba7f39907 ir_settle=0 ir_barrier_M=0 traps=0
DECOMP splitk_f16_m16_n64_k128_s16 run=5 fragments=8 tile_coef=[0.0006, 0.9998, -0.0007, 1.0004, 0.0007, 0.9991, -0.0006, 0.9971] tile_rel_resid=0.0149 max_row_resid=0.0174 rows_not_all_ones=[0, 1, 2, 3, 4, 5, 6, 7, 8, 9, 10, 11, 12, 13, 14, 15]
CASE splitk_f16_m16_n64_k128_s16 profile=a2 launcher=aclnn run=5/5 expect=probe bitwise=False max_abs_diff=9.22899 rel_l2=0.69891 mismatched=1024/1024 non_finite=0 poison_left=0 sha=79ced2a0da599872 ir_settle=0 ir_barrier_M=0 traps=0
DECOMP splitk_bf16_m16_n64_k32_s16 run=1 fragments=2 tile_coef=[-0.0011, 1.0] tile_rel_resid=0.0289 max_row_resid=0.0354 rows_not_all_ones=[0, 1, 2, 3, 4, 5, 6, 7, 8, 9, 10, 11, 12, 13, 14, 15]
CASE splitk_bf16_m16_n64_k32_s16 profile=a2 launcher=aclnn run=1/5 expect=probe bitwise=False max_abs_diff=5.06378 rel_l2=0.743402 mismatched=1024/1024 non_finite=0 poison_left=0 sha=fed17386710590a5 ir_settle=0 ir_barrier_M=0 traps=0
DECOMP splitk_bf16_m16_n64_k32_s16 run=2 fragments=2 tile_coef=[-0.0004, 0.998] tile_rel_resid=0.0296 max_row_resid=0.0373 rows_not_all_ones=[0, 1, 2, 3, 4, 5, 6, 7, 8, 9, 10, 11, 12, 13, 14, 15]
CASE splitk_bf16_m16_n64_k32_s16 profile=a2 launcher=aclnn run=2/5 expect=probe bitwise=False max_abs_diff=5.12524 rel_l2=0.742845 mismatched=1024/1024 non_finite=0 poison_left=0 sha=daf9ce8fe85c5fea ir_settle=0 ir_barrier_M=0 traps=0
DECOMP splitk_bf16_m16_n64_k32_s16 run=3 fragments=2 tile_coef=[-0.0007, 0.9982] tile_rel_resid=0.0319 max_row_resid=0.0381 rows_not_all_ones=[0, 1, 2, 3, 4, 5, 6, 7, 8, 9, 10, 11, 12, 13, 14, 15]
CASE splitk_bf16_m16_n64_k32_s16 profile=a2 launcher=aclnn run=3/5 expect=probe bitwise=False max_abs_diff=5.10127 rel_l2=0.743163 mismatched=1024/1024 non_finite=0 poison_left=0 sha=be05546eca2cb726 ir_settle=0 ir_barrier_M=0 traps=0
DECOMP splitk_bf16_m16_n64_k32_s16 run=4 fragments=2 tile_coef=[-0.0003, 0.9997] tile_rel_resid=0.0288 max_row_resid=0.0355 rows_not_all_ones=[0, 1, 2, 3, 4, 5, 6, 7, 8, 9, 10, 11, 12, 13, 14, 15]
CASE splitk_bf16_m16_n64_k32_s16 profile=a2 launcher=aclnn run=4/5 expect=probe bitwise=False max_abs_diff=5.08338 rel_l2=0.742807 mismatched=1024/1024 non_finite=0 poison_left=0 sha=92342cff2cc5bcb0 ir_settle=0 ir_barrier_M=0 traps=0
DECOMP splitk_bf16_m16_n64_k32_s16 run=5 fragments=2 tile_coef=[-0.0003, 0.9982] tile_rel_resid=0.0319 max_row_resid=0.0383 rows_not_all_ones=[0, 1, 2, 3, 4, 5, 6, 7, 8, 9, 10, 11, 12, 13, 14, 15]
CASE splitk_bf16_m16_n64_k32_s16 profile=a2 launcher=aclnn run=5/5 expect=probe bitwise=False max_abs_diff=5.23447 rel_l2=0.74281 mismatched=1024/1024 non_finite=0 poison_left=0 sha=1b973c117aac7a71 ir_settle=0 ir_barrier_M=0 traps=0
DECOMP splitk_f16_m16_n64_k32_s16 run=1 fragments=2 tile_coef=[-0.0001, 0.9989] tile_rel_resid=0.0317 max_row_resid=0.0395 rows_not_all_ones=[0, 1, 2, 3, 4, 5, 6, 7, 8, 9, 10, 11, 12, 13, 14, 15]
CASE splitk_f16_m16_n64_k32_s16 profile=a2 launcher=aclnn run=1/5 expect=probe bitwise=False max_abs_diff=4.21449 rel_l2=0.724452 mismatched=1024/1024 non_finite=0 poison_left=0 sha=38e46f57ba917420 ir_settle=0 ir_barrier_M=0 traps=0
DECOMP splitk_f16_m16_n64_k32_s16 run=2 fragments=2 tile_coef=[-0.001, 1.0008] tile_rel_resid=0.0285 max_row_resid=0.0348 rows_not_all_ones=[0, 1, 2, 3, 4, 5, 6, 7, 8, 9, 10, 11, 12, 13, 14, 15]
CASE splitk_f16_m16_n64_k32_s16 profile=a2 launcher=aclnn run=2/5 expect=probe bitwise=False max_abs_diff=4.26158 rel_l2=0.725042 mismatched=1024/1024 non_finite=0 poison_left=0 sha=1d23a4b1760afeff ir_settle=0 ir_barrier_M=0 traps=0
DECOMP splitk_f16_m16_n64_k32_s16 run=3 fragments=2 tile_coef=[0.0007, 1.0] tile_rel_resid=0.032 max_row_resid=0.0397 rows_not_all_ones=[0, 1, 2, 3, 4, 5, 6, 7, 8, 9, 10, 11, 12, 13, 14, 15]
CASE splitk_f16_m16_n64_k32_s16 profile=a2 launcher=aclnn run=3/5 expect=probe bitwise=False max_abs_diff=4.16351 rel_l2=0.723922 mismatched=1024/1024 non_finite=0 poison_left=0 sha=186da138899530fa ir_settle=0 ir_barrier_M=0 traps=0
DECOMP splitk_f16_m16_n64_k32_s16 run=4 fragments=2 tile_coef=[-0.0012, 0.997] tile_rel_resid=0.0456 max_row_resid=0.0573 rows_not_all_ones=[0, 1, 2, 3, 4, 5, 6, 7, 8, 9, 10, 11, 12, 13, 14, 15]
CASE splitk_f16_m16_n64_k32_s16 profile=a2 launcher=aclnn run=4/5 expect=probe bitwise=False max_abs_diff=4.23016 rel_l2=0.725587 mismatched=1024/1024 non_finite=0 poison_left=0 sha=a59a16ef8bdb218f ir_settle=0 ir_barrier_M=0 traps=0
DECOMP splitk_f16_m16_n64_k32_s16 run=5 fragments=2 tile_coef=[-0.0003, 0.9996] tile_rel_resid=0.0307 max_row_resid=0.0411 rows_not_all_ones=[0, 1, 2, 3, 4, 5, 6, 7, 8, 9, 10, 11, 12, 13, 14, 15]
CASE splitk_f16_m16_n64_k32_s16 profile=a2 launcher=aclnn run=5/5 expect=probe bitwise=False max_abs_diff=4.19778 rel_l2=0.724604 mismatched=1024/1024 non_finite=0 poison_left=0 sha=7c1a06d549a39557 ir_settle=0 ir_barrier_M=0 traps=0
SUMMARY profile=a2 launcher=aclnn cases=4 all_bitwise=0 errors=0 failed_expectation=[]
exit=0
