ENV {"device": {"builtin_op_packages": ["ascend910_93", "ascend910b", "config"], "cann_version": "9.0.0", "cube_core_num": 20, "soc": "Ascend910B3", "torch_npu": "2.10.0", "vector_core_num": 40}, "versions": {"ascriptor_commit": "90cfcdc720bbcd66e8bd4361c4dd4fbc1a2a57b5", "ascriptor_desugar_sha256": "900610ea92dcb97afd1bbea1f4abc6b306adc5fe98547bdbedde37eca34cc295", "ascriptor_lint_sha256": "c2e4662604224cb4e84522859577872b6eeb87f90ac15736c36550ecd61b3a2e", "ascriptor_version": "0.1.0", "numpy": "1.26.4", "python": "3.11.15", "torch": "2.10.0+cpu"}}
CASE splitk_f32_m16_n64_k128_s16_bias profile=a2 launcher=aclnn run=1/5 expect=bitwise bitwise=True max_abs_diff=0 rel_l2=0 mismatched=0/1024 non_finite=0 poison_left=0 sha=dd9925e181274d1d ir_settle=1 ir_barrier_M=1 traps=0
CASE splitk_f32_m16_n64_k128_s16_bias profile=a2 launcher=aclnn run=2/5 expect=bitwise bitwise=True max_abs_diff=0 rel_l2=0 mismatched=0/1024 non_finite=0 poison_left=0 sha=dd9925e181274d1d ir_settle=1 ir_barrier_M=1 traps=0
CASE splitk_f32_m16_n64_k128_s16_bias profile=a2 launcher=aclnn run=3/5 expect=bitwise bitwise=True max_abs_diff=0 rel_l2=0 mismatched=0/1024 non_finite=0 poison_left=0 sha=dd9925e181274d1d ir_settle=1 ir_barrier_M=1 traps=0
CASE splitk_f32_m16_n64_k128_s16_bias profile=a2 launcher=aclnn run=4/5 expect=bitwise bitwise=True max_abs_diff=0 rel_l2=0 mismatched=0/1024 non_finite=0 poison_left=0 sha=dd9925e181274d1d ir_settle=1 ir_barrier_M=1 traps=0
CASE splitk_f32_m16_n64_k128_s16_bias profile=a2 launcher=aclnn run=5/5 expect=bitwise bitwise=True max_abs_diff=0 rel_l2=0 mismatched=0/1024 non_finite=0 poison_left=0 sha=dd9925e181274d1d ir_settle=1 ir_barrier_M=1 traps=0
CASE splitk_f32_m16_n64_k128_s16 profile=a2 launcher=aclnn run=1/5 expect=bitwise bitwise=True max_abs_diff=0 rel_l2=0 mismatched=0/1024 non_finite=0 poison_left=0 sha=1f92875aec85114e ir_settle=1 ir_barrier_M=1 traps=0
CASE splitk_f32_m16_n64_k128_s16 profile=a2 launcher=aclnn run=2/5 expect=bitwise bitwise=True max_abs_diff=0 rel_l2=0 mismatched=0/1024 non_finite=0 poison_left=0 sha=1f92875aec85114e ir_settle=1 ir_barrier_M=1 traps=0
CASE splitk_f32_m16_n64_k128_s16 profile=a2 launcher=aclnn run=3/5 expect=bitwise bitwise=True max_abs_diff=0 rel_l2=0 mismatched=0/1024 non_finite=0 poison_left=0 sha=1f92875aec85114e ir_settle=1 ir_barrier_M=1 traps=0
CASE splitk_f32_m16_n64_k128_s16 profile=a2 launcher=aclnn run=4/5 expect=bitwise bitwise=True max_abs_diff=0 rel_l2=0 mismatched=0/1024 non_finite=0 poison_left=0 sha=1f92875aec85114e ir_settle=1 ir_barrier_M=1 traps=0
CASE splitk_f32_m16_n64_k128_s16 profile=a2 launcher=aclnn run=5/5 expect=bitwise bitwise=True max_abs_diff=0 rel_l2=0 mismatched=0/1024 non_finite=0 poison_left=0 sha=1f92875aec85114e ir_settle=1 ir_barrier_M=1 traps=0
CASE splitk_f32_m16_n64_k32_s16 profile=a2 launcher=aclnn run=1/5 expect=bitwise bitwise=True max_abs_diff=0 rel_l2=0 mismatched=0/1024 non_finite=0 poison_left=0 sha=8ce4a0b9cf6f0ec7 ir_settle=1 ir_barrier_M=1 traps=0
CASE splitk_f32_m16_n64_k32_s16 profile=a2 launcher=aclnn run=2/5 expect=bitwise bitwise=True max_abs_diff=0 rel_l2=0 mismatched=0/1024 non_finite=0 poison_left=0 sha=8ce4a0b9cf6f0ec7 ir_settle=1 ir_barrier_M=1 traps=0
CASE splitk_f32_m16_n64_k32_s16 profile=a2 launcher=aclnn run=3/5 expect=bitwise bitwise=True max_abs_diff=0 rel_l2=0 mismatched=0/1024 non_finite=0 poison_left=0 sha=8ce4a0b9cf6f0ec7 ir_settle=1 ir_barrier_M=1 traps=0
CASE splitk_f32_m16_n64_k32_s16 profile=a2 launcher=aclnn run=4/5 expect=bitwise bitwise=True max_abs_diff=0 rel_l2=0 mismatched=0/1024 non_finite=0 poison_left=0 sha=8ce4a0b9cf6f0ec7 ir_settle=1 ir_barrier_M=1 traps=0
CASE splitk_f32_m16_n64_k32_s16 profile=a2 launcher=aclnn run=5/5 expect=bitwise bitwise=True max_abs_diff=0 rel_l2=0 mismatched=0/1024 non_finite=0 poison_left=0 sha=8ce4a0b9cf6f0ec7 ir_settle=1 ir_barrier_M=1 traps=0
CASE splitk_f32_m64_n64_k128_s64 profile=a2 launcher=aclnn run=1/5 expect=bitwise bitwise=True max_abs_diff=0 rel_l2=0 mismatched=0/4096 non_finite=0 poison_left=0 sha=f1b0b9afd2568662 ir_settle=1 ir_barrier_M=1 traps=0
CASE splitk_f32_m64_n64_k128_s64 profile=a2 launcher=aclnn run=2/5 expect=bitwise bitwise=True max_abs_diff=0 rel_l2=0 mismatched=0/4096 non_finite=0 poison_left=0 sha=f1b0b9afd2568662 ir_settle=1 ir_barrier_M=1 traps=0
CASE splitk_f32_m64_n64_k128_s64 profile=a2 launcher=aclnn run=3/5 expect=bitwise bitwise=True max_abs_diff=0 rel_l2=0 mismatched=0/4096 non_finite=0 poison_left=0 sha=f1b0b9afd2568662 ir_settle=1 ir_barrier_M=1 traps=0
CASE splitk_f32_m64_n64_k128_s64 profile=a2 launcher=aclnn run=4/5 expect=bitwise bitwise=True max_abs_diff=0 rel_l2=0 mismatched=0/4096 non_finite=0 poison_left=0 sha=f1b0b9afd2568662 ir_settle=1 ir_barrier_M=1 traps=0
CASE splitk_f32_m64_n64_k128_s64 profile=a2 launcher=aclnn run=5/5 expect=bitwise bitwise=True max_abs_diff=0 rel_l2=0 mismatched=0/4096 non_finite=0 poison_left=0 sha=f1b0b9afd2568662 ir_settle=1 ir_barrier_M=1 traps=0
CASE splitk_bf16_m16_n64_k128_s16 profile=a2 launcher=aclnn run=1/5 expect=probe bitwise=False max_abs_diff=15.6719 rel_l2=1.34567 mismatched=1024/1024 non_finite=0 poison_left=0 sha=69e5b56d79caa78e ir_settle=0 ir_barrier_M=0 traps=0
CASE splitk_bf16_m16_n64_k128_s16 profile=a2 launcher=aclnn run=2/5 expect=probe bitwise=False max_abs_diff=15.6719 rel_l2=1.34567 mismatched=1024/1024 non_finite=0 poison_left=0 sha=69e5b56d79caa78e ir_settle=0 ir_barrier_M=0 traps=0
CASE splitk_bf16_m16_n64_k128_s16 profile=a2 launcher=aclnn run=3/5 expect=probe bitwise=False max_abs_diff=15.6719 rel_l2=1.34567 mismatched=1024/1024 non_finite=0 poison_left=0 sha=69e5b56d79caa78e ir_settle=0 ir_barrier_M=0 traps=0
CASE splitk_bf16_m16_n64_k128_s16 profile=a2 launcher=aclnn run=4/5 expect=probe bitwise=False max_abs_diff=15.6719 rel_l2=1.34567 mismatched=1024/1024 non_finite=0 poison_left=0 sha=69e5b56d79caa78e ir_settle=0 ir_barrier_M=0 traps=0
CASE splitk_bf16_m16_n64_k128_s16 profile=a2 launcher=aclnn run=5/5 expect=probe bitwise=False max_abs_diff=15.6719 rel_l2=1.34567 mismatched=1024/1024 non_finite=0 poison_left=0 sha=69e5b56d79caa78e ir_settle=0 ir_barrier_M=0 traps=0
CASE splitk_f16_m16_n64_k128_s16 profile=a2 launcher=aclnn run=1/5 expect=probe bitwise=False max_abs_diff=15.875 rel_l2=1.17102 mismatched=1022/1024 non_finite=0 poison_left=0 sha=dc4996a879173eb9 ir_settle=0 ir_barrier_M=0 traps=0
CASE splitk_f16_m16_n64_k128_s16 profile=a2 launcher=aclnn run=2/5 expect=probe bitwise=False max_abs_diff=15.875 rel_l2=1.17102 mismatched=1022/1024 non_finite=0 poison_left=0 sha=dc4996a879173eb9 ir_settle=0 ir_barrier_M=0 traps=0
CASE splitk_f16_m16_n64_k128_s16 profile=a2 launcher=aclnn run=3/5 expect=probe bitwise=False max_abs_diff=15.875 rel_l2=1.17102 mismatched=1022/1024 non_finite=0 poison_left=0 sha=dc4996a879173eb9 ir_settle=0 ir_barrier_M=0 traps=0
CASE splitk_f16_m16_n64_k128_s16 profile=a2 launcher=aclnn run=4/5 expect=probe bitwise=False max_abs_diff=15.875 rel_l2=1.17102 mismatched=1022/1024 non_finite=0 poison_left=0 sha=dc4996a879173eb9 ir_settle=0 ir_barrier_M=0 traps=0
CASE splitk_f16_m16_n64_k128_s16 profile=a2 launcher=aclnn run=5/5 expect=probe bitwise=False max_abs_diff=15.875 rel_l2=1.17102 mismatched=1022/1024 non_finite=0 poison_left=0 sha=dc4996a879173eb9 ir_settle=0 ir_barrier_M=0 traps=0
CASE chain_f32_m16_n16_k16_t1 profile=a2 launcher=aclnn run=1/5 expect=bitwise bitwise=True max_abs_diff=0 rel_l2=0 mismatched=0/256 non_finite=0 poison_left=0 sha=43700f3830f721ff ir_settle=0 ir_barrier_M=0 traps=0
CASE chain_f32_m16_n16_k16_t1 profile=a2 launcher=aclnn run=2/5 expect=bitwise bitwise=True max_abs_diff=0 rel_l2=0 mismatched=0/256 non_finite=0 poison_left=0 sha=43700f3830f721ff ir_settle=0 ir_barrier_M=0 traps=0
CASE chain_f32_m16_n16_k16_t1 profile=a2 launcher=aclnn run=3/5 expect=bitwise bitwise=True max_abs_diff=0 rel_l2=0 mismatched=0/256 non_finite=0 poison_left=0 sha=43700f3830f721ff ir_settle=0 ir_barrier_M=0 traps=0
CASE chain_f32_m16_n16_k16_t1 profile=a2 launcher=aclnn run=4/5 expect=bitwise bitwise=True max_abs_diff=0 rel_l2=0 mismatched=0/256 non_finite=0 poison_left=0 sha=43700f3830f721ff ir_settle=0 ir_barrier_M=0 traps=0
CASE chain_f32_m16_n16_k16_t1 profile=a2 launcher=aclnn run=5/5 expect=bitwise bitwise=True max_abs_diff=0 rel_l2=0 mismatched=0/256 non_finite=0 poison_left=0 sha=43700f3830f721ff ir_settle=0 ir_barrier_M=0 traps=0
[lint] @a201_chain_f32_m16_n16_k16_t2_nobar.cube #38 tmp/A2-01/runs/kernels/a2/a201_chain_f32_m16_n16_k16_t2_nobar.py:17:8: warning: fp32 MMAD accumulation reads %l0c after an earlier MMAD on at least one path with no PIPE_M/PIPE_ALL barrier between them: 910B and 910_93 returned wrong values for the M=16 split-K boundary while the interpreter was exact. Add `barrier(Pipe.M)` after the producing MMAD; `matmul(..., splitk=...)` already inserts this A2-family settle automatically
[lint] @a201_chain_f32_m16_n16_k16_t2_nobar.cube tmp/A2-01/runs/kernels/a2/a201_chain_f32_m16_n16_k16_t2_nobar.py:17:8: _a2_family_unsettled_fp32_mmad again (reported above)
CASE chain_f32_m16_n16_k16_t2_nobar profile=a2 launcher=aclnn run=1/5 expect=probe bitwise=True max_abs_diff=0 rel_l2=0 mismatched=0/256 non_finite=0 poison_left=0 sha=0b1dbcfcd44549a0 ir_settle=0 ir_barrier_M=0 traps=1
[lint] @a201_chain_f32_m16_n16_k16_t2_nobar.cube tmp/A2-01/runs/kernels/a2/a201_chain_f32_m16_n16_k16_t2_nobar.py:17:8: _a2_family_unsettled_fp32_mmad again (reported above)
CASE chain_f32_m16_n16_k16_t2_nobar profile=a2 launcher=aclnn run=2/5 expect=probe bitwise=True max_abs_diff=0 rel_l2=0 mismatched=0/256 non_finite=0 poison_left=0 sha=0b1dbcfcd44549a0 ir_settle=0 ir_barrier_M=0 traps=1
[lint] @a201_chain_f32_m16_n16_k16_t2_nobar.cube tmp/A2-01/runs/kernels/a2/a201_chain_f32_m16_n16_k16_t2_nobar.py:17:8: _a2_family_unsettled_fp32_mmad again (reported above)
CASE chain_f32_m16_n16_k16_t2_nobar profile=a2 launcher=aclnn run=3/5 expect=probe bitwise=True max_abs_diff=0 rel_l2=0 mismatched=0/256 non_finite=0 poison_left=0 sha=0b1dbcfcd44549a0 ir_settle=0 ir_barrier_M=0 traps=1
[lint] @a201_chain_f32_m16_n16_k16_t2_nobar.cube tmp/A2-01/runs/kernels/a2/a201_chain_f32_m16_n16_k16_t2_nobar.py:17:8: _a2_family_unsettled_fp32_mmad again (reported above)
CASE chain_f32_m16_n16_k16_t2_nobar profile=a2 launcher=aclnn run=4/5 expect=probe bitwise=True max_abs_diff=0 rel_l2=0 mismatched=0/256 non_finite=0 poison_left=0 sha=0b1dbcfcd44549a0 ir_settle=0 ir_barrier_M=0 traps=1
[lint] @a201_chain_f32_m16_n16_k16_t2_nobar.cube tmp/A2-01/runs/kernels/a2/a201_chain_f32_m16_n16_k16_t2_nobar.py:17:8: _a2_family_unsettled_fp32_mmad again (reported above)
CASE chain_f32_m16_n16_k16_t2_nobar profile=a2 launcher=aclnn run=5/5 expect=probe bitwise=True max_abs_diff=0 rel_l2=0 mismatched=0/256 non_finite=0 poison_left=0 sha=0b1dbcfcd44549a0 ir_settle=0 ir_barrier_M=0 traps=1
CASE chain_f32_m16_n16_k16_t2_bar profile=a2 launcher=aclnn run=1/5 expect=bitwise bitwise=True max_abs_diff=0 rel_l2=0 mismatched=0/256 non_finite=0 poison_left=0 sha=44237e65a68c3865 ir_settle=0 ir_barrier_M=1 traps=0
CASE chain_f32_m16_n16_k16_t2_bar profile=a2 launcher=aclnn run=2/5 expect=bitwise bitwise=True max_abs_diff=0 rel_l2=0 mismatched=0/256 non_finite=0 poison_left=0 sha=44237e65a68c3865 ir_settle=0 ir_barrier_M=1 traps=0
CASE chain_f32_m16_n16_k16_t2_bar profile=a2 launcher=aclnn run=3/5 expect=bitwise bitwise=True max_abs_diff=0 rel_l2=0 mismatched=0/256 non_finite=0 poison_left=0 sha=44237e65a68c3865 ir_settle=0 ir_barrier_M=1 traps=0
CASE chain_f32_m16_n16_k16_t2_bar profile=a2 launcher=aclnn run=4/5 expect=bitwise bitwise=True max_abs_diff=0 rel_l2=0 mismatched=0/256 non_finite=0 poison_left=0 sha=44237e65a68c3865 ir_settle=0 ir_barrier_M=1 traps=0
CASE chain_f32_m16_n16_k16_t2_bar profile=a2 launcher=aclnn run=5/5 expect=bitwise bitwise=True max_abs_diff=0 rel_l2=0 mismatched=0/256 non_finite=0 poison_left=0 sha=44237e65a68c3865 ir_settle=0 ir_barrier_M=1 traps=0
[lint] @a201_chain_f32_m16_n16_k16_t3_nobar.cube #43 tmp/A2-01/runs/kernels/a2/a201_chain_f32_m16_n16_k16_t3_nobar.py:21:8: warning: fp32 MMAD accumulation reads %l0c after an earlier MMAD on at least one path with no PIPE_M/PIPE_ALL barrier between them: 910B and 910_93 returned wrong values for the M=16 split-K boundary while the interpreter was exact. Add `barrier(Pipe.M)` after the producing MMAD; `matmul(..., splitk=...)` already inserts this A2-family settle automatically
[lint] @a201_chain_f32_m16_n16_k16_t3_nobar.cube #54 tmp/A2-01/runs/kernels/a2/a201_chain_f32_m16_n16_k16_t3_nobar.py:22:8: warning: fp32 MMAD accumulation reads %l0c after an earlier MMAD on at least one path with no PIPE_M/PIPE_ALL barrier between them: 910B and 910_93 returned wrong values for the M=16 split-K boundary while the interpreter was exact. Add `barrier(Pipe.M)` after the producing MMAD; `matmul(..., splitk=...)` already inserts this A2-family settle automatically
[lint] @a201_chain_f32_m16_n16_k16_t3_nobar.cube tmp/A2-01/runs/kernels/a2/a201_chain_f32_m16_n16_k16_t3_nobar.py:21:8: _a2_family_unsettled_fp32_mmad again (reported above)
[lint] @a201_chain_f32_m16_n16_k16_t3_nobar.cube tmp/A2-01/runs/kernels/a2/a201_chain_f32_m16_n16_k16_t3_nobar.py:22:8: _a2_family_unsettled_fp32_mmad again (reported above)
CASE chain_f32_m16_n16_k16_t3_nobar profile=a2 launcher=aclnn run=1/5 expect=probe bitwise=True max_abs_diff=0 rel_l2=0 mismatched=0/256 non_finite=0 poison_left=0 sha=13d972ae5583ee9e ir_settle=0 ir_barrier_M=0 traps=1
[lint] @a201_chain_f32_m16_n16_k16_t3_nobar.cube tmp/A2-01/runs/kernels/a2/a201_chain_f32_m16_n16_k16_t3_nobar.py:21:8: _a2_family_unsettled_fp32_mmad again (reported above)
[lint] @a201_chain_f32_m16_n16_k16_t3_nobar.cube tmp/A2-01/runs/kernels/a2/a201_chain_f32_m16_n16_k16_t3_nobar.py:22:8: _a2_family_unsettled_fp32_mmad again (reported above)
CASE chain_f32_m16_n16_k16_t3_nobar profile=a2 launcher=aclnn run=2/5 expect=probe bitwise=True max_abs_diff=0 rel_l2=0 mismatched=0/256 non_finite=0 poison_left=0 sha=13d972ae5583ee9e ir_settle=0 ir_barrier_M=0 traps=1
[lint] @a201_chain_f32_m16_n16_k16_t3_nobar.cube tmp/A2-01/runs/kernels/a2/a201_chain_f32_m16_n16_k16_t3_nobar.py:21:8: _a2_family_unsettled_fp32_mmad again (reported above)
[lint] @a201_chain_f32_m16_n16_k16_t3_nobar.cube tmp/A2-01/runs/kernels/a2/a201_chain_f32_m16_n16_k16_t3_nobar.py:22:8: _a2_family_unsettled_fp32_mmad again (reported above)
CASE chain_f32_m16_n16_k16_t3_nobar profile=a2 launcher=aclnn run=3/5 expect=probe bitwise=True max_abs_diff=0 rel_l2=0 mismatched=0/256 non_finite=0 poison_left=0 sha=13d972ae5583ee9e ir_settle=0 ir_barrier_M=0 traps=1
[lint] @a201_chain_f32_m16_n16_k16_t3_nobar.cube tmp/A2-01/runs/kernels/a2/a201_chain_f32_m16_n16_k16_t3_nobar.py:21:8: _a2_family_unsettled_fp32_mmad again (reported above)
[lint] @a201_chain_f32_m16_n16_k16_t3_nobar.cube tmp/A2-01/runs/kernels/a2/a201_chain_f32_m16_n16_k16_t3_nobar.py:22:8: _a2_family_unsettled_fp32_mmad again (reported above)
CASE chain_f32_m16_n16_k16_t3_nobar profile=a2 launcher=aclnn run=4/5 expect=probe bitwise=True max_abs_diff=0 rel_l2=0 mismatched=0/256 non_finite=0 poison_left=0 sha=13d972ae5583ee9e ir_settle=0 ir_barrier_M=0 traps=1
[lint] @a201_chain_f32_m16_n16_k16_t3_nobar.cube tmp/A2-01/runs/kernels/a2/a201_chain_f32_m16_n16_k16_t3_nobar.py:21:8: _a2_family_unsettled_fp32_mmad again (reported above)
[lint] @a201_chain_f32_m16_n16_k16_t3_nobar.cube tmp/A2-01/runs/kernels/a2/a201_chain_f32_m16_n16_k16_t3_nobar.py:22:8: _a2_family_unsettled_fp32_mmad again (reported above)
CASE chain_f32_m16_n16_k16_t3_nobar profile=a2 launcher=aclnn run=5/5 expect=probe bitwise=True max_abs_diff=0 rel_l2=0 mismatched=0/256 non_finite=0 poison_left=0 sha=13d972ae5583ee9e ir_settle=0 ir_barrier_M=0 traps=1
CASE chain_f32_m16_n16_k16_t3_bar profile=a2 launcher=aclnn run=1/5 expect=bitwise bitwise=True max_abs_diff=0 rel_l2=0 mismatched=0/256 non_finite=0 poison_left=0 sha=459f9c82b38877c4 ir_settle=0 ir_barrier_M=2 traps=0
CASE chain_f32_m16_n16_k16_t3_bar profile=a2 launcher=aclnn run=2/5 expect=bitwise bitwise=True max_abs_diff=0 rel_l2=0 mismatched=0/256 non_finite=0 poison_left=0 sha=459f9c82b38877c4 ir_settle=0 ir_barrier_M=2 traps=0
CASE chain_f32_m16_n16_k16_t3_bar profile=a2 launcher=aclnn run=3/5 expect=bitwise bitwise=True max_abs_diff=0 rel_l2=0 mismatched=0/256 non_finite=0 poison_left=0 sha=459f9c82b38877c4 ir_settle=0 ir_barrier_M=2 traps=0
CASE chain_f32_m16_n16_k16_t3_bar profile=a2 launcher=aclnn run=4/5 expect=bitwise bitwise=True max_abs_diff=0 rel_l2=0 mismatched=0/256 non_finite=0 poison_left=0 sha=459f9c82b38877c4 ir_settle=0 ir_barrier_M=2 traps=0
CASE chain_f32_m16_n16_k16_t3_bar profile=a2 launcher=aclnn run=5/5 expect=bitwise bitwise=True max_abs_diff=0 rel_l2=0 mismatched=0/256 non_finite=0 poison_left=0 sha=459f9c82b38877c4 ir_settle=0 ir_barrier_M=2 traps=0
[lint] @a201_chain_f32_m32_n16_k16_t2_nobar.cube #38 tmp/A2-01/runs/kernels/a2/a201_chain_f32_m32_n16_k16_t2_nobar.py:17:8: warning: fp32 MMAD accumulation reads %l0c after an earlier MMAD on at least one path with no PIPE_M/PIPE_ALL barrier between them: 910B and 910_93 returned wrong values for the M=16 split-K boundary while the interpreter was exact. Add `barrier(Pipe.M)` after the producing MMAD; `matmul(..., splitk=...)` already inserts this A2-family settle automatically
[lint] @a201_chain_f32_m32_n16_k16_t2_nobar.cube tmp/A2-01/runs/kernels/a2/a201_chain_f32_m32_n16_k16_t2_nobar.py:17:8: _a2_family_unsettled_fp32_mmad again (reported above)
CASE chain_f32_m32_n16_k16_t2_nobar profile=a2 launcher=aclnn run=1/5 expect=probe bitwise=True max_abs_diff=0 rel_l2=0 mismatched=0/512 non_finite=0 poison_left=0 sha=94c2814c8157757d ir_settle=0 ir_barrier_M=0 traps=1
[lint] @a201_chain_f32_m32_n16_k16_t2_nobar.cube tmp/A2-01/runs/kernels/a2/a201_chain_f32_m32_n16_k16_t2_nobar.py:17:8: _a2_family_unsettled_fp32_mmad again (reported above)
CASE chain_f32_m32_n16_k16_t2_nobar profile=a2 launcher=aclnn run=2/5 expect=probe bitwise=True max_abs_diff=0 rel_l2=0 mismatched=0/512 non_finite=0 poison_left=0 sha=94c2814c8157757d ir_settle=0 ir_barrier_M=0 traps=1
[lint] @a201_chain_f32_m32_n16_k16_t2_nobar.cube tmp/A2-01/runs/kernels/a2/a201_chain_f32_m32_n16_k16_t2_nobar.py:17:8: _a2_family_unsettled_fp32_mmad again (reported above)
CASE chain_f32_m32_n16_k16_t2_nobar profile=a2 launcher=aclnn run=3/5 expect=probe bitwise=True max_abs_diff=0 rel_l2=0 mismatched=0/512 non_finite=0 poison_left=0 sha=94c2814c8157757d ir_settle=0 ir_barrier_M=0 traps=1
[lint] @a201_chain_f32_m32_n16_k16_t2_nobar.cube tmp/A2-01/runs/kernels/a2/a201_chain_f32_m32_n16_k16_t2_nobar.py:17:8: _a2_family_unsettled_fp32_mmad again (reported above)
CASE chain_f32_m32_n16_k16_t2_nobar profile=a2 launcher=aclnn run=4/5 expect=probe bitwise=True max_abs_diff=0 rel_l2=0 mismatched=0/512 non_finite=0 poison_left=0 sha=94c2814c8157757d ir_settle=0 ir_barrier_M=0 traps=1
[lint] @a201_chain_f32_m32_n16_k16_t2_nobar.cube tmp/A2-01/runs/kernels/a2/a201_chain_f32_m32_n16_k16_t2_nobar.py:17:8: _a2_family_unsettled_fp32_mmad again (reported above)
CASE chain_f32_m32_n16_k16_t2_nobar profile=a2 launcher=aclnn run=5/5 expect=probe bitwise=True max_abs_diff=0 rel_l2=0 mismatched=0/512 non_finite=0 poison_left=0 sha=94c2814c8157757d ir_settle=0 ir_barrier_M=0 traps=1
CASE chain_f32_m32_n16_k16_t2_bar profile=a2 launcher=aclnn run=1/5 expect=bitwise bitwise=True max_abs_diff=0 rel_l2=0 mismatched=0/512 non_finite=0 poison_left=0 sha=4e0655b648d4266a ir_settle=0 ir_barrier_M=1 traps=0
CASE chain_f32_m32_n16_k16_t2_bar profile=a2 launcher=aclnn run=2/5 expect=bitwise bitwise=True max_abs_diff=0 rel_l2=0 mismatched=0/512 non_finite=0 poison_left=0 sha=4e0655b648d4266a ir_settle=0 ir_barrier_M=1 traps=0
CASE chain_f32_m32_n16_k16_t2_bar profile=a2 launcher=aclnn run=3/5 expect=bitwise bitwise=True max_abs_diff=0 rel_l2=0 mismatched=0/512 non_finite=0 poison_left=0 sha=4e0655b648d4266a ir_settle=0 ir_barrier_M=1 traps=0
CASE chain_f32_m32_n16_k16_t2_bar profile=a2 launcher=aclnn run=4/5 expect=bitwise bitwise=True max_abs_diff=0 rel_l2=0 mismatched=0/512 non_finite=0 poison_left=0 sha=4e0655b648d4266a ir_settle=0 ir_barrier_M=1 traps=0
CASE chain_f32_m32_n16_k16_t2_bar profile=a2 launcher=aclnn run=5/5 expect=bitwise bitwise=True max_abs_diff=0 rel_l2=0 mismatched=0/512 non_finite=0 poison_left=0 sha=4e0655b648d4266a ir_settle=0 ir_barrier_M=1 traps=0
[lint] @a201_chain_f32_m32_n16_k16_t3_nobar.cube #43 tmp/A2-01/runs/kernels/a2/a201_chain_f32_m32_n16_k16_t3_nobar.py:21:8: warning: fp32 MMAD accumulation reads %l0c after an earlier MMAD on at least one path with no PIPE_M/PIPE_ALL barrier between them: 910B and 910_93 returned wrong values for the M=16 split-K boundary while the interpreter was exact. Add `barrier(Pipe.M)` after the producing MMAD; `matmul(..., splitk=...)` already inserts this A2-family settle automatically
[lint] @a201_chain_f32_m32_n16_k16_t3_nobar.cube #54 tmp/A2-01/runs/kernels/a2/a201_chain_f32_m32_n16_k16_t3_nobar.py:22:8: warning: fp32 MMAD accumulation reads %l0c after an earlier MMAD on at least one path with no PIPE_M/PIPE_ALL barrier between them: 910B and 910_93 returned wrong values for the M=16 split-K boundary while the interpreter was exact. Add `barrier(Pipe.M)` after the producing MMAD; `matmul(..., splitk=...)` already inserts this A2-family settle automatically
[lint] @a201_chain_f32_m32_n16_k16_t3_nobar.cube tmp/A2-01/runs/kernels/a2/a201_chain_f32_m32_n16_k16_t3_nobar.py:21:8: _a2_family_unsettled_fp32_mmad again (reported above)
[lint] @a201_chain_f32_m32_n16_k16_t3_nobar.cube tmp/A2-01/runs/kernels/a2/a201_chain_f32_m32_n16_k16_t3_nobar.py:22:8: _a2_family_unsettled_fp32_mmad again (reported above)
CASE chain_f32_m32_n16_k16_t3_nobar profile=a2 launcher=aclnn run=1/5 expect=probe bitwise=True max_abs_diff=0 rel_l2=0 mismatched=0/512 non_finite=0 poison_left=0 sha=e452cdb60a9121a5 ir_settle=0 ir_barrier_M=0 traps=1
[lint] @a201_chain_f32_m32_n16_k16_t3_nobar.cube tmp/A2-01/runs/kernels/a2/a201_chain_f32_m32_n16_k16_t3_nobar.py:21:8: _a2_family_unsettled_fp32_mmad again (reported above)
[lint] @a201_chain_f32_m32_n16_k16_t3_nobar.cube tmp/A2-01/runs/kernels/a2/a201_chain_f32_m32_n16_k16_t3_nobar.py:22:8: _a2_family_unsettled_fp32_mmad again (reported above)
CASE chain_f32_m32_n16_k16_t3_nobar profile=a2 launcher=aclnn run=2/5 expect=probe bitwise=True max_abs_diff=0 rel_l2=0 mismatched=0/512 non_finite=0 poison_left=0 sha=e452cdb60a9121a5 ir_settle=0 ir_barrier_M=0 traps=1
[lint] @a201_chain_f32_m32_n16_k16_t3_nobar.cube tmp/A2-01/runs/kernels/a2/a201_chain_f32_m32_n16_k16_t3_nobar.py:21:8: _a2_family_unsettled_fp32_mmad again (reported above)
[lint] @a201_chain_f32_m32_n16_k16_t3_nobar.cube tmp/A2-01/runs/kernels/a2/a201_chain_f32_m32_n16_k16_t3_nobar.py:22:8: _a2_family_unsettled_fp32_mmad again (reported above)
CASE chain_f32_m32_n16_k16_t3_nobar profile=a2 launcher=aclnn run=3/5 expect=probe bitwise=True max_abs_diff=0 rel_l2=0 mismatched=0/512 non_finite=0 poison_left=0 sha=e452cdb60a9121a5 ir_settle=0 ir_barrier_M=0 traps=1
[lint] @a201_chain_f32_m32_n16_k16_t3_nobar.cube tmp/A2-01/runs/kernels/a2/a201_chain_f32_m32_n16_k16_t3_nobar.py:21:8: _a2_family_unsettled_fp32_mmad again (reported above)
[lint] @a201_chain_f32_m32_n16_k16_t3_nobar.cube tmp/A2-01/runs/kernels/a2/a201_chain_f32_m32_n16_k16_t3_nobar.py:22:8: _a2_family_unsettled_fp32_mmad again (reported above)
CASE chain_f32_m32_n16_k16_t3_nobar profile=a2 launcher=aclnn run=4/5 expect=probe bitwise=True max_abs_diff=0 rel_l2=0 mismatched=0/512 non_finite=0 poison_left=0 sha=e452cdb60a9121a5 ir_settle=0 ir_barrier_M=0 traps=1
[lint] @a201_chain_f32_m32_n16_k16_t3_nobar.cube tmp/A2-01/runs/kernels/a2/a201_chain_f32_m32_n16_k16_t3_nobar.py:21:8: _a2_family_unsettled_fp32_mmad again (reported above)
[lint] @a201_chain_f32_m32_n16_k16_t3_nobar.cube tmp/A2-01/runs/kernels/a2/a201_chain_f32_m32_n16_k16_t3_nobar.py:22:8: _a2_family_unsettled_fp32_mmad again (reported above)
CASE chain_f32_m32_n16_k16_t3_nobar profile=a2 launcher=aclnn run=5/5 expect=probe bitwise=True max_abs_diff=0 rel_l2=0 mismatched=0/512 non_finite=0 poison_left=0 sha=e452cdb60a9121a5 ir_settle=0 ir_barrier_M=0 traps=1
CASE chain_f32_m32_n16_k16_t3_bar profile=a2 launcher=aclnn run=1/5 expect=bitwise bitwise=True max_abs_diff=0 rel_l2=0 mismatched=0/512 non_finite=0 poison_left=0 sha=1b74deb3d8dcd982 ir_settle=0 ir_barrier_M=2 traps=0
CASE chain_f32_m32_n16_k16_t3_bar profile=a2 launcher=aclnn run=2/5 expect=bitwise bitwise=True max_abs_diff=0 rel_l2=0 mismatched=0/512 non_finite=0 poison_left=0 sha=1b74deb3d8dcd982 ir_settle=0 ir_barrier_M=2 traps=0
CASE chain_f32_m32_n16_k16_t3_bar profile=a2 launcher=aclnn run=3/5 expect=bitwise bitwise=True max_abs_diff=0 rel_l2=0 mismatched=0/512 non_finite=0 poison_left=0 sha=1b74deb3d8dcd982 ir_settle=0 ir_barrier_M=2 traps=0
CASE chain_f32_m32_n16_k16_t3_bar profile=a2 launcher=aclnn run=4/5 expect=bitwise bitwise=True max_abs_diff=0 rel_l2=0 mismatched=0/512 non_finite=0 poison_left=0 sha=1b74deb3d8dcd982 ir_settle=0 ir_barrier_M=2 traps=0
CASE chain_f32_m32_n16_k16_t3_bar profile=a2 launcher=aclnn run=5/5 expect=bitwise bitwise=True max_abs_diff=0 rel_l2=0 mismatched=0/512 non_finite=0 poison_left=0 sha=1b74deb3d8dcd982 ir_settle=0 ir_barrier_M=2 traps=0
[lint] @a201_chain_f32_m64_n16_k16_t2_nobar.cube #38 tmp/A2-01/runs/kernels/a2/a201_chain_f32_m64_n16_k16_t2_nobar.py:17:8: warning: fp32 MMAD accumulation reads %l0c after an earlier MMAD on at least one path with no PIPE_M/PIPE_ALL barrier between them: 910B and 910_93 returned wrong values for the M=16 split-K boundary while the interpreter was exact. Add `barrier(Pipe.M)` after the producing MMAD; `matmul(..., splitk=...)` already inserts this A2-family settle automatically
[lint] @a201_chain_f32_m64_n16_k16_t2_nobar.cube tmp/A2-01/runs/kernels/a2/a201_chain_f32_m64_n16_k16_t2_nobar.py:17:8: _a2_family_unsettled_fp32_mmad again (reported above)
CASE chain_f32_m64_n16_k16_t2_nobar profile=a2 launcher=aclnn run=1/5 expect=probe bitwise=True max_abs_diff=0 rel_l2=0 mismatched=0/1024 non_finite=0 poison_left=0 sha=21f7d0a8c21b9bce ir_settle=0 ir_barrier_M=0 traps=1
[lint] @a201_chain_f32_m64_n16_k16_t2_nobar.cube tmp/A2-01/runs/kernels/a2/a201_chain_f32_m64_n16_k16_t2_nobar.py:17:8: _a2_family_unsettled_fp32_mmad again (reported above)
CASE chain_f32_m64_n16_k16_t2_nobar profile=a2 launcher=aclnn run=2/5 expect=probe bitwise=True max_abs_diff=0 rel_l2=0 mismatched=0/1024 non_finite=0 poison_left=0 sha=21f7d0a8c21b9bce ir_settle=0 ir_barrier_M=0 traps=1
[lint] @a201_chain_f32_m64_n16_k16_t2_nobar.cube tmp/A2-01/runs/kernels/a2/a201_chain_f32_m64_n16_k16_t2_nobar.py:17:8: _a2_family_unsettled_fp32_mmad again (reported above)
CASE chain_f32_m64_n16_k16_t2_nobar profile=a2 launcher=aclnn run=3/5 expect=probe bitwise=True max_abs_diff=0 rel_l2=0 mismatched=0/1024 non_finite=0 poison_left=0 sha=21f7d0a8c21b9bce ir_settle=0 ir_barrier_M=0 traps=1
[lint] @a201_chain_f32_m64_n16_k16_t2_nobar.cube tmp/A2-01/runs/kernels/a2/a201_chain_f32_m64_n16_k16_t2_nobar.py:17:8: _a2_family_unsettled_fp32_mmad again (reported above)
CASE chain_f32_m64_n16_k16_t2_nobar profile=a2 launcher=aclnn run=4/5 expect=probe bitwise=True max_abs_diff=0 rel_l2=0 mismatched=0/1024 non_finite=0 poison_left=0 sha=21f7d0a8c21b9bce ir_settle=0 ir_barrier_M=0 traps=1
[lint] @a201_chain_f32_m64_n16_k16_t2_nobar.cube tmp/A2-01/runs/kernels/a2/a201_chain_f32_m64_n16_k16_t2_nobar.py:17:8: _a2_family_unsettled_fp32_mmad again (reported above)
CASE chain_f32_m64_n16_k16_t2_nobar profile=a2 launcher=aclnn run=5/5 expect=probe bitwise=True max_abs_diff=0 rel_l2=0 mismatched=0/1024 non_finite=0 poison_left=0 sha=21f7d0a8c21b9bce ir_settle=0 ir_barrier_M=0 traps=1
CASE chain_f32_m64_n16_k16_t2_bar profile=a2 launcher=aclnn run=1/5 expect=bitwise bitwise=True max_abs_diff=0 rel_l2=0 mismatched=0/1024 non_finite=0 poison_left=0 sha=f3fb99d56a2753db ir_settle=0 ir_barrier_M=1 traps=0
CASE chain_f32_m64_n16_k16_t2_bar profile=a2 launcher=aclnn run=2/5 expect=bitwise bitwise=True max_abs_diff=0 rel_l2=0 mismatched=0/1024 non_finite=0 poison_left=0 sha=f3fb99d56a2753db ir_settle=0 ir_barrier_M=1 traps=0
CASE chain_f32_m64_n16_k16_t2_bar profile=a2 launcher=aclnn run=3/5 expect=bitwise bitwise=True max_abs_diff=0 rel_l2=0 mismatched=0/1024 non_finite=0 poison_left=0 sha=f3fb99d56a2753db ir_settle=0 ir_barrier_M=1 traps=0
CASE chain_f32_m64_n16_k16_t2_bar profile=a2 launcher=aclnn run=4/5 expect=bitwise bitwise=True max_abs_diff=0 rel_l2=0 mismatched=0/1024 non_finite=0 poison_left=0 sha=f3fb99d56a2753db ir_settle=0 ir_barrier_M=1 traps=0
CASE chain_f32_m64_n16_k16_t2_bar profile=a2 launcher=aclnn run=5/5 expect=bitwise bitwise=True max_abs_diff=0 rel_l2=0 mismatched=0/1024 non_finite=0 poison_left=0 sha=f3fb99d56a2753db ir_settle=0 ir_barrier_M=1 traps=0
[lint] @a201_chain_f32_m64_n16_k16_t3_nobar.cube #43 tmp/A2-01/runs/kernels/a2/a201_chain_f32_m64_n16_k16_t3_nobar.py:21:8: warning: fp32 MMAD accumulation reads %l0c after an earlier MMAD on at least one path with no PIPE_M/PIPE_ALL barrier between them: 910B and 910_93 returned wrong values for the M=16 split-K boundary while the interpreter was exact. Add `barrier(Pipe.M)` after the producing MMAD; `matmul(..., splitk=...)` already inserts this A2-family settle automatically
[lint] @a201_chain_f32_m64_n16_k16_t3_nobar.cube #54 tmp/A2-01/runs/kernels/a2/a201_chain_f32_m64_n16_k16_t3_nobar.py:22:8: warning: fp32 MMAD accumulation reads %l0c after an earlier MMAD on at least one path with no PIPE_M/PIPE_ALL barrier between them: 910B and 910_93 returned wrong values for the M=16 split-K boundary while the interpreter was exact. Add `barrier(Pipe.M)` after the producing MMAD; `matmul(..., splitk=...)` already inserts this A2-family settle automatically
[lint] @a201_chain_f32_m64_n16_k16_t3_nobar.cube tmp/A2-01/runs/kernels/a2/a201_chain_f32_m64_n16_k16_t3_nobar.py:21:8: _a2_family_unsettled_fp32_mmad again (reported above)
[lint] @a201_chain_f32_m64_n16_k16_t3_nobar.cube tmp/A2-01/runs/kernels/a2/a201_chain_f32_m64_n16_k16_t3_nobar.py:22:8: _a2_family_unsettled_fp32_mmad again (reported above)
CASE chain_f32_m64_n16_k16_t3_nobar profile=a2 launcher=aclnn run=1/5 expect=probe bitwise=True max_abs_diff=0 rel_l2=0 mismatched=0/1024 non_finite=0 poison_left=0 sha=30926d1324397ed2 ir_settle=0 ir_barrier_M=0 traps=1
[lint] @a201_chain_f32_m64_n16_k16_t3_nobar.cube tmp/A2-01/runs/kernels/a2/a201_chain_f32_m64_n16_k16_t3_nobar.py:21:8: _a2_family_unsettled_fp32_mmad again (reported above)
[lint] @a201_chain_f32_m64_n16_k16_t3_nobar.cube tmp/A2-01/runs/kernels/a2/a201_chain_f32_m64_n16_k16_t3_nobar.py:22:8: _a2_family_unsettled_fp32_mmad again (reported above)
CASE chain_f32_m64_n16_k16_t3_nobar profile=a2 launcher=aclnn run=2/5 expect=probe bitwise=True max_abs_diff=0 rel_l2=0 mismatched=0/1024 non_finite=0 poison_left=0 sha=30926d1324397ed2 ir_settle=0 ir_barrier_M=0 traps=1
[lint] @a201_chain_f32_m64_n16_k16_t3_nobar.cube tmp/A2-01/runs/kernels/a2/a201_chain_f32_m64_n16_k16_t3_nobar.py:21:8: _a2_family_unsettled_fp32_mmad again (reported above)
[lint] @a201_chain_f32_m64_n16_k16_t3_nobar.cube tmp/A2-01/runs/kernels/a2/a201_chain_f32_m64_n16_k16_t3_nobar.py:22:8: _a2_family_unsettled_fp32_mmad again (reported above)
CASE chain_f32_m64_n16_k16_t3_nobar profile=a2 launcher=aclnn run=3/5 expect=probe bitwise=True max_abs_diff=0 rel_l2=0 mismatched=0/1024 non_finite=0 poison_left=0 sha=30926d1324397ed2 ir_settle=0 ir_barrier_M=0 traps=1
[lint] @a201_chain_f32_m64_n16_k16_t3_nobar.cube tmp/A2-01/runs/kernels/a2/a201_chain_f32_m64_n16_k16_t3_nobar.py:21:8: _a2_family_unsettled_fp32_mmad again (reported above)
[lint] @a201_chain_f32_m64_n16_k16_t3_nobar.cube tmp/A2-01/runs/kernels/a2/a201_chain_f32_m64_n16_k16_t3_nobar.py:22:8: _a2_family_unsettled_fp32_mmad again (reported above)
CASE chain_f32_m64_n16_k16_t3_nobar profile=a2 launcher=aclnn run=4/5 expect=probe bitwise=True max_abs_diff=0 rel_l2=0 mismatched=0/1024 non_finite=0 poison_left=0 sha=30926d1324397ed2 ir_settle=0 ir_barrier_M=0 traps=1
[lint] @a201_chain_f32_m64_n16_k16_t3_nobar.cube tmp/A2-01/runs/kernels/a2/a201_chain_f32_m64_n16_k16_t3_nobar.py:21:8: _a2_family_unsettled_fp32_mmad again (reported above)
[lint] @a201_chain_f32_m64_n16_k16_t3_nobar.cube tmp/A2-01/runs/kernels/a2/a201_chain_f32_m64_n16_k16_t3_nobar.py:22:8: _a2_family_unsettled_fp32_mmad again (reported above)
CASE chain_f32_m64_n16_k16_t3_nobar profile=a2 launcher=aclnn run=5/5 expect=probe bitwise=True max_abs_diff=0 rel_l2=0 mismatched=0/1024 non_finite=0 poison_left=0 sha=30926d1324397ed2 ir_settle=0 ir_barrier_M=0 traps=1
CASE chain_f32_m64_n16_k16_t3_bar profile=a2 launcher=aclnn run=1/5 expect=bitwise bitwise=True max_abs_diff=0 rel_l2=0 mismatched=0/1024 non_finite=0 poison_left=0 sha=39825ef09f8d0aed ir_settle=0 ir_barrier_M=2 traps=0
CASE chain_f32_m64_n16_k16_t3_bar profile=a2 launcher=aclnn run=2/5 expect=bitwise bitwise=True max_abs_diff=0 rel_l2=0 mismatched=0/1024 non_finite=0 poison_left=0 sha=39825ef09f8d0aed ir_settle=0 ir_barrier_M=2 traps=0
CASE chain_f32_m64_n16_k16_t3_bar profile=a2 launcher=aclnn run=3/5 expect=bitwise bitwise=True max_abs_diff=0 rel_l2=0 mismatched=0/1024 non_finite=0 poison_left=0 sha=39825ef09f8d0aed ir_settle=0 ir_barrier_M=2 traps=0
CASE chain_f32_m64_n16_k16_t3_bar profile=a2 launcher=aclnn run=4/5 expect=bitwise bitwise=True max_abs_diff=0 rel_l2=0 mismatched=0/1024 non_finite=0 poison_left=0 sha=39825ef09f8d0aed ir_settle=0 ir_barrier_M=2 traps=0
CASE chain_f32_m64_n16_k16_t3_bar profile=a2 launcher=aclnn run=5/5 expect=bitwise bitwise=True max_abs_diff=0 rel_l2=0 mismatched=0/1024 non_finite=0 poison_left=0 sha=39825ef09f8d0aed ir_settle=0 ir_barrier_M=2 traps=0
CASE chain_bf16_m16_n16_k16_t1 profile=a2 launcher=aclnn run=1/5 expect=bitwise bitwise=True max_abs_diff=0 rel_l2=0 mismatched=0/256 non_finite=0 poison_left=0 sha=c664d78434549d3c ir_settle=0 ir_barrier_M=0 traps=0
CASE chain_bf16_m16_n16_k16_t1 profile=a2 launcher=aclnn run=2/5 expect=bitwise bitwise=True max_abs_diff=0 rel_l2=0 mismatched=0/256 non_finite=0 poison_left=0 sha=c664d78434549d3c ir_settle=0 ir_barrier_M=0 traps=0
CASE chain_bf16_m16_n16_k16_t1 profile=a2 launcher=aclnn run=3/5 expect=bitwise bitwise=True max_abs_diff=0 rel_l2=0 mismatched=0/256 non_finite=0 poison_left=0 sha=c664d78434549d3c ir_settle=0 ir_barrier_M=0 traps=0
CASE chain_bf16_m16_n16_k16_t1 profile=a2 launcher=aclnn run=4/5 expect=bitwise bitwise=True max_abs_diff=0 rel_l2=0 mismatched=0/256 non_finite=0 poison_left=0 sha=c664d78434549d3c ir_settle=0 ir_barrier_M=0 traps=0
CASE chain_bf16_m16_n16_k16_t1 profile=a2 launcher=aclnn run=5/5 expect=bitwise bitwise=True max_abs_diff=0 rel_l2=0 mismatched=0/256 non_finite=0 poison_left=0 sha=c664d78434549d3c ir_settle=0 ir_barrier_M=0 traps=0
CASE chain_bf16_m16_n16_k16_t2_nobar profile=a2 launcher=aclnn run=1/5 expect=probe bitwise=True max_abs_diff=0 rel_l2=0 mismatched=0/256 non_finite=0 poison_left=0 sha=0836f52338e9e991 ir_settle=0 ir_barrier_M=0 traps=0
CASE chain_bf16_m16_n16_k16_t2_nobar profile=a2 launcher=aclnn run=2/5 expect=probe bitwise=True max_abs_diff=0 rel_l2=0 mismatched=0/256 non_finite=0 poison_left=0 sha=0836f52338e9e991 ir_settle=0 ir_barrier_M=0 traps=0
CASE chain_bf16_m16_n16_k16_t2_nobar profile=a2 launcher=aclnn run=3/5 expect=probe bitwise=True max_abs_diff=0 rel_l2=0 mismatched=0/256 non_finite=0 poison_left=0 sha=0836f52338e9e991 ir_settle=0 ir_barrier_M=0 traps=0
CASE chain_bf16_m16_n16_k16_t2_nobar profile=a2 launcher=aclnn run=4/5 expect=probe bitwise=True max_abs_diff=0 rel_l2=0 mismatched=0/256 non_finite=0 poison_left=0 sha=0836f52338e9e991 ir_settle=0 ir_barrier_M=0 traps=0
CASE chain_bf16_m16_n16_k16_t2_nobar profile=a2 launcher=aclnn run=5/5 expect=probe bitwise=True max_abs_diff=0 rel_l2=0 mismatched=0/256 non_finite=0 poison_left=0 sha=0836f52338e9e991 ir_settle=0 ir_barrier_M=0 traps=0
CASE chain_bf16_m16_n16_k16_t2_bar profile=a2 launcher=aclnn run=1/5 expect=bitwise bitwise=True max_abs_diff=0 rel_l2=0 mismatched=0/256 non_finite=0 poison_left=0 sha=d164a255d38efe81 ir_settle=0 ir_barrier_M=1 traps=0
CASE chain_bf16_m16_n16_k16_t2_bar profile=a2 launcher=aclnn run=2/5 expect=bitwise bitwise=True max_abs_diff=0 rel_l2=0 mismatched=0/256 non_finite=0 poison_left=0 sha=d164a255d38efe81 ir_settle=0 ir_barrier_M=1 traps=0
CASE chain_bf16_m16_n16_k16_t2_bar profile=a2 launcher=aclnn run=3/5 expect=bitwise bitwise=True max_abs_diff=0 rel_l2=0 mismatched=0/256 non_finite=0 poison_left=0 sha=d164a255d38efe81 ir_settle=0 ir_barrier_M=1 traps=0
CASE chain_bf16_m16_n16_k16_t2_bar profile=a2 launcher=aclnn run=4/5 expect=bitwise bitwise=True max_abs_diff=0 rel_l2=0 mismatched=0/256 non_finite=0 poison_left=0 sha=d164a255d38efe81 ir_settle=0 ir_barrier_M=1 traps=0
CASE chain_bf16_m16_n16_k16_t2_bar profile=a2 launcher=aclnn run=5/5 expect=bitwise bitwise=True max_abs_diff=0 rel_l2=0 mismatched=0/256 non_finite=0 poison_left=0 sha=d164a255d38efe81 ir_settle=0 ir_barrier_M=1 traps=0
CASE chain_bf16_m16_n16_k16_t3_nobar profile=a2 launcher=aclnn run=1/5 expect=probe bitwise=True max_abs_diff=0 rel_l2=0 mismatched=0/256 non_finite=0 poison_left=0 sha=d1693dfc1396d70d ir_settle=0 ir_barrier_M=0 traps=0
CASE chain_bf16_m16_n16_k16_t3_nobar profile=a2 launcher=aclnn run=2/5 expect=probe bitwise=True max_abs_diff=0 rel_l2=0 mismatched=0/256 non_finite=0 poison_left=0 sha=d1693dfc1396d70d ir_settle=0 ir_barrier_M=0 traps=0
CASE chain_bf16_m16_n16_k16_t3_nobar profile=a2 launcher=aclnn run=3/5 expect=probe bitwise=True max_abs_diff=0 rel_l2=0 mismatched=0/256 non_finite=0 poison_left=0 sha=d1693dfc1396d70d ir_settle=0 ir_barrier_M=0 traps=0
CASE chain_bf16_m16_n16_k16_t3_nobar profile=a2 launcher=aclnn run=4/5 expect=probe bitwise=True max_abs_diff=0 rel_l2=0 mismatched=0/256 non_finite=0 poison_left=0 sha=d1693dfc1396d70d ir_settle=0 ir_barrier_M=0 traps=0
CASE chain_bf16_m16_n16_k16_t3_nobar profile=a2 launcher=aclnn run=5/5 expect=probe bitwise=True max_abs_diff=0 rel_l2=0 mismatched=0/256 non_finite=0 poison_left=0 sha=d1693dfc1396d70d ir_settle=0 ir_barrier_M=0 traps=0
CASE chain_bf16_m16_n16_k16_t3_bar profile=a2 launcher=aclnn run=1/5 expect=bitwise bitwise=True max_abs_diff=0 rel_l2=0 mismatched=0/256 non_finite=0 poison_left=0 sha=6dd4688ad3387d8e ir_settle=0 ir_barrier_M=2 traps=0
CASE chain_bf16_m16_n16_k16_t3_bar profile=a2 launcher=aclnn run=2/5 expect=bitwise bitwise=True max_abs_diff=0 rel_l2=0 mismatched=0/256 non_finite=0 poison_left=0 sha=6dd4688ad3387d8e ir_settle=0 ir_barrier_M=2 traps=0
CASE chain_bf16_m16_n16_k16_t3_bar profile=a2 launcher=aclnn run=3/5 expect=bitwise bitwise=True max_abs_diff=0 rel_l2=0 mismatched=0/256 non_finite=0 poison_left=0 sha=6dd4688ad3387d8e ir_settle=0 ir_barrier_M=2 traps=0
CASE chain_bf16_m16_n16_k16_t3_bar profile=a2 launcher=aclnn run=4/5 expect=bitwise bitwise=True max_abs_diff=0 rel_l2=0 mismatched=0/256 non_finite=0 poison_left=0 sha=6dd4688ad3387d8e ir_settle=0 ir_barrier_M=2 traps=0
CASE chain_bf16_m16_n16_k16_t3_bar profile=a2 launcher=aclnn run=5/5 expect=bitwise bitwise=True max_abs_diff=0 rel_l2=0 mismatched=0/256 non_finite=0 poison_left=0 sha=6dd4688ad3387d8e ir_settle=0 ir_barrier_M=2 traps=0
CASE chain_bf16_m32_n16_k16_t2_nobar profile=a2 launcher=aclnn run=1/5 expect=probe bitwise=True max_abs_diff=0 rel_l2=0 mismatched=0/512 non_finite=0 poison_left=0 sha=a2e3785f7e8beda2 ir_settle=0 ir_barrier_M=0 traps=0
CASE chain_bf16_m32_n16_k16_t2_nobar profile=a2 launcher=aclnn run=2/5 expect=probe bitwise=True max_abs_diff=0 rel_l2=0 mismatched=0/512 non_finite=0 poison_left=0 sha=a2e3785f7e8beda2 ir_settle=0 ir_barrier_M=0 traps=0
CASE chain_bf16_m32_n16_k16_t2_nobar profile=a2 launcher=aclnn run=3/5 expect=probe bitwise=True max_abs_diff=0 rel_l2=0 mismatched=0/512 non_finite=0 poison_left=0 sha=a2e3785f7e8beda2 ir_settle=0 ir_barrier_M=0 traps=0
CASE chain_bf16_m32_n16_k16_t2_nobar profile=a2 launcher=aclnn run=4/5 expect=probe bitwise=True max_abs_diff=0 rel_l2=0 mismatched=0/512 non_finite=0 poison_left=0 sha=a2e3785f7e8beda2 ir_settle=0 ir_barrier_M=0 traps=0
CASE chain_bf16_m32_n16_k16_t2_nobar profile=a2 launcher=aclnn run=5/5 expect=probe bitwise=True max_abs_diff=0 rel_l2=0 mismatched=0/512 non_finite=0 poison_left=0 sha=a2e3785f7e8beda2 ir_settle=0 ir_barrier_M=0 traps=0
CASE chain_bf16_m32_n16_k16_t2_bar profile=a2 launcher=aclnn run=1/5 expect=bitwise bitwise=True max_abs_diff=0 rel_l2=0 mismatched=0/512 non_finite=0 poison_left=0 sha=cca7b4e27ee2420c ir_settle=0 ir_barrier_M=1 traps=0
CASE chain_bf16_m32_n16_k16_t2_bar profile=a2 launcher=aclnn run=2/5 expect=bitwise bitwise=True max_abs_diff=0 rel_l2=0 mismatched=0/512 non_finite=0 poison_left=0 sha=cca7b4e27ee2420c ir_settle=0 ir_barrier_M=1 traps=0
CASE chain_bf16_m32_n16_k16_t2_bar profile=a2 launcher=aclnn run=3/5 expect=bitwise bitwise=True max_abs_diff=0 rel_l2=0 mismatched=0/512 non_finite=0 poison_left=0 sha=cca7b4e27ee2420c ir_settle=0 ir_barrier_M=1 traps=0
CASE chain_bf16_m32_n16_k16_t2_bar profile=a2 launcher=aclnn run=4/5 expect=bitwise bitwise=True max_abs_diff=0 rel_l2=0 mismatched=0/512 non_finite=0 poison_left=0 sha=cca7b4e27ee2420c ir_settle=0 ir_barrier_M=1 traps=0
CASE chain_bf16_m32_n16_k16_t2_bar profile=a2 launcher=aclnn run=5/5 expect=bitwise bitwise=True max_abs_diff=0 rel_l2=0 mismatched=0/512 non_finite=0 poison_left=0 sha=cca7b4e27ee2420c ir_settle=0 ir_barrier_M=1 traps=0
CASE chain_bf16_m32_n16_k16_t3_nobar profile=a2 launcher=aclnn run=1/5 expect=probe bitwise=True max_abs_diff=0 rel_l2=0 mismatched=0/512 non_finite=0 poison_left=0 sha=262ee4ca0a924cea ir_settle=0 ir_barrier_M=0 traps=0
CASE chain_bf16_m32_n16_k16_t3_nobar profile=a2 launcher=aclnn run=2/5 expect=probe bitwise=True max_abs_diff=0 rel_l2=0 mismatched=0/512 non_finite=0 poison_left=0 sha=262ee4ca0a924cea ir_settle=0 ir_barrier_M=0 traps=0
CASE chain_bf16_m32_n16_k16_t3_nobar profile=a2 launcher=aclnn run=3/5 expect=probe bitwise=True max_abs_diff=0 rel_l2=0 mismatched=0/512 non_finite=0 poison_left=0 sha=262ee4ca0a924cea ir_settle=0 ir_barrier_M=0 traps=0
CASE chain_bf16_m32_n16_k16_t3_nobar profile=a2 launcher=aclnn run=4/5 expect=probe bitwise=True max_abs_diff=0 rel_l2=0 mismatched=0/512 non_finite=0 poison_left=0 sha=262ee4ca0a924cea ir_settle=0 ir_barrier_M=0 traps=0
CASE chain_bf16_m32_n16_k16_t3_nobar profile=a2 launcher=aclnn run=5/5 expect=probe bitwise=True max_abs_diff=0 rel_l2=0 mismatched=0/512 non_finite=0 poison_left=0 sha=262ee4ca0a924cea ir_settle=0 ir_barrier_M=0 traps=0
CASE chain_bf16_m32_n16_k16_t3_bar profile=a2 launcher=aclnn run=1/5 expect=bitwise bitwise=True max_abs_diff=0 rel_l2=0 mismatched=0/512 non_finite=0 poison_left=0 sha=c2248eb0d77425fb ir_settle=0 ir_barrier_M=2 traps=0
CASE chain_bf16_m32_n16_k16_t3_bar profile=a2 launcher=aclnn run=2/5 expect=bitwise bitwise=True max_abs_diff=0 rel_l2=0 mismatched=0/512 non_finite=0 poison_left=0 sha=c2248eb0d77425fb ir_settle=0 ir_barrier_M=2 traps=0
CASE chain_bf16_m32_n16_k16_t3_bar profile=a2 launcher=aclnn run=3/5 expect=bitwise bitwise=True max_abs_diff=0 rel_l2=0 mismatched=0/512 non_finite=0 poison_left=0 sha=c2248eb0d77425fb ir_settle=0 ir_barrier_M=2 traps=0
CASE chain_bf16_m32_n16_k16_t3_bar profile=a2 launcher=aclnn run=4/5 expect=bitwise bitwise=True max_abs_diff=0 rel_l2=0 mismatched=0/512 non_finite=0 poison_left=0 sha=c2248eb0d77425fb ir_settle=0 ir_barrier_M=2 traps=0
CASE chain_bf16_m32_n16_k16_t3_bar profile=a2 launcher=aclnn run=5/5 expect=bitwise bitwise=True max_abs_diff=0 rel_l2=0 mismatched=0/512 non_finite=0 poison_left=0 sha=c2248eb0d77425fb ir_settle=0 ir_barrier_M=2 traps=0
CASE chain_bf16_m64_n16_k16_t2_nobar profile=a2 launcher=aclnn run=1/5 expect=probe bitwise=True max_abs_diff=0 rel_l2=0 mismatched=0/1024 non_finite=0 poison_left=0 sha=02af3c56bfad5895 ir_settle=0 ir_barrier_M=0 traps=0
CASE chain_bf16_m64_n16_k16_t2_nobar profile=a2 launcher=aclnn run=2/5 expect=probe bitwise=True max_abs_diff=0 rel_l2=0 mismatched=0/1024 non_finite=0 poison_left=0 sha=02af3c56bfad5895 ir_settle=0 ir_barrier_M=0 traps=0
CASE chain_bf16_m64_n16_k16_t2_nobar profile=a2 launcher=aclnn run=3/5 expect=probe bitwise=True max_abs_diff=0 rel_l2=0 mismatched=0/1024 non_finite=0 poison_left=0 sha=02af3c56bfad5895 ir_settle=0 ir_barrier_M=0 traps=0
CASE chain_bf16_m64_n16_k16_t2_nobar profile=a2 launcher=aclnn run=4/5 expect=probe bitwise=True max_abs_diff=0 rel_l2=0 mismatched=0/1024 non_finite=0 poison_left=0 sha=02af3c56bfad5895 ir_settle=0 ir_barrier_M=0 traps=0
CASE chain_bf16_m64_n16_k16_t2_nobar profile=a2 launcher=aclnn run=5/5 expect=probe bitwise=True max_abs_diff=0 rel_l2=0 mismatched=0/1024 non_finite=0 poison_left=0 sha=02af3c56bfad5895 ir_settle=0 ir_barrier_M=0 traps=0
CASE chain_bf16_m64_n16_k16_t2_bar profile=a2 launcher=aclnn run=1/5 expect=bitwise bitwise=True max_abs_diff=0 rel_l2=0 mismatched=0/1024 non_finite=0 poison_left=0 sha=fc867af71a6454d8 ir_settle=0 ir_barrier_M=1 traps=0
CASE chain_bf16_m64_n16_k16_t2_bar profile=a2 launcher=aclnn run=2/5 expect=bitwise bitwise=True max_abs_diff=0 rel_l2=0 mismatched=0/1024 non_finite=0 poison_left=0 sha=fc867af71a6454d8 ir_settle=0 ir_barrier_M=1 traps=0
CASE chain_bf16_m64_n16_k16_t2_bar profile=a2 launcher=aclnn run=3/5 expect=bitwise bitwise=True max_abs_diff=0 rel_l2=0 mismatched=0/1024 non_finite=0 poison_left=0 sha=fc867af71a6454d8 ir_settle=0 ir_barrier_M=1 traps=0
CASE chain_bf16_m64_n16_k16_t2_bar profile=a2 launcher=aclnn run=4/5 expect=bitwise bitwise=True max_abs_diff=0 rel_l2=0 mismatched=0/1024 non_finite=0 poison_left=0 sha=fc867af71a6454d8 ir_settle=0 ir_barrier_M=1 traps=0
CASE chain_bf16_m64_n16_k16_t2_bar profile=a2 launcher=aclnn run=5/5 expect=bitwise bitwise=True max_abs_diff=0 rel_l2=0 mismatched=0/1024 non_finite=0 poison_left=0 sha=fc867af71a6454d8 ir_settle=0 ir_barrier_M=1 traps=0
CASE chain_bf16_m64_n16_k16_t3_nobar profile=a2 launcher=aclnn run=1/5 expect=probe bitwise=True max_abs_diff=0 rel_l2=0 mismatched=0/1024 non_finite=0 poison_left=0 sha=9385b668b90cb079 ir_settle=0 ir_barrier_M=0 traps=0
CASE chain_bf16_m64_n16_k16_t3_nobar profile=a2 launcher=aclnn run=2/5 expect=probe bitwise=True max_abs_diff=0 rel_l2=0 mismatched=0/1024 non_finite=0 poison_left=0 sha=9385b668b90cb079 ir_settle=0 ir_barrier_M=0 traps=0
CASE chain_bf16_m64_n16_k16_t3_nobar profile=a2 launcher=aclnn run=3/5 expect=probe bitwise=True max_abs_diff=0 rel_l2=0 mismatched=0/1024 non_finite=0 poison_left=0 sha=9385b668b90cb079 ir_settle=0 ir_barrier_M=0 traps=0
CASE chain_bf16_m64_n16_k16_t3_nobar profile=a2 launcher=aclnn run=4/5 expect=probe bitwise=True max_abs_diff=0 rel_l2=0 mismatched=0/1024 non_finite=0 poison_left=0 sha=9385b668b90cb079 ir_settle=0 ir_barrier_M=0 traps=0
CASE chain_bf16_m64_n16_k16_t3_nobar profile=a2 launcher=aclnn run=5/5 expect=probe bitwise=True max_abs_diff=0 rel_l2=0 mismatched=0/1024 non_finite=0 poison_left=0 sha=9385b668b90cb079 ir_settle=0 ir_barrier_M=0 traps=0
CASE chain_bf16_m64_n16_k16_t3_bar profile=a2 launcher=aclnn run=1/5 expect=bitwise bitwise=True max_abs_diff=0 rel_l2=0 mismatched=0/1024 non_finite=0 poison_left=0 sha=a64dff4016be88c3 ir_settle=0 ir_barrier_M=2 traps=0
CASE chain_bf16_m64_n16_k16_t3_bar profile=a2 launcher=aclnn run=2/5 expect=bitwise bitwise=True max_abs_diff=0 rel_l2=0 mismatched=0/1024 non_finite=0 poison_left=0 sha=a64dff4016be88c3 ir_settle=0 ir_barrier_M=2 traps=0
CASE chain_bf16_m64_n16_k16_t3_bar profile=a2 launcher=aclnn run=3/5 expect=bitwise bitwise=True max_abs_diff=0 rel_l2=0 mismatched=0/1024 non_finite=0 poison_left=0 sha=a64dff4016be88c3 ir_settle=0 ir_barrier_M=2 traps=0
CASE chain_bf16_m64_n16_k16_t3_bar profile=a2 launcher=aclnn run=4/5 expect=bitwise bitwise=True max_abs_diff=0 rel_l2=0 mismatched=0/1024 non_finite=0 poison_left=0 sha=a64dff4016be88c3 ir_settle=0 ir_barrier_M=2 traps=0
CASE chain_bf16_m64_n16_k16_t3_bar profile=a2 launcher=aclnn run=5/5 expect=bitwise bitwise=True max_abs_diff=0 rel_l2=0 mismatched=0/1024 non_finite=0 poison_left=0 sha=a64dff4016be88c3 ir_settle=0 ir_barrier_M=2 traps=0
CASE chain_f16_m16_n16_k16_t1 profile=a2 launcher=aclnn run=1/5 expect=bitwise bitwise=True max_abs_diff=0 rel_l2=0 mismatched=0/256 non_finite=0 poison_left=0 sha=37dce6f7073683d5 ir_settle=0 ir_barrier_M=0 traps=0
CASE chain_f16_m16_n16_k16_t1 profile=a2 launcher=aclnn run=2/5 expect=bitwise bitwise=True max_abs_diff=0 rel_l2=0 mismatched=0/256 non_finite=0 poison_left=0 sha=37dce6f7073683d5 ir_settle=0 ir_barrier_M=0 traps=0
CASE chain_f16_m16_n16_k16_t1 profile=a2 launcher=aclnn run=3/5 expect=bitwise bitwise=True max_abs_diff=0 rel_l2=0 mismatched=0/256 non_finite=0 poison_left=0 sha=37dce6f7073683d5 ir_settle=0 ir_barrier_M=0 traps=0
CASE chain_f16_m16_n16_k16_t1 profile=a2 launcher=aclnn run=4/5 expect=bitwise bitwise=True max_abs_diff=0 rel_l2=0 mismatched=0/256 non_finite=0 poison_left=0 sha=37dce6f7073683d5 ir_settle=0 ir_barrier_M=0 traps=0
CASE chain_f16_m16_n16_k16_t1 profile=a2 launcher=aclnn run=5/5 expect=bitwise bitwise=True max_abs_diff=0 rel_l2=0 mismatched=0/256 non_finite=0 poison_left=0 sha=37dce6f7073683d5 ir_settle=0 ir_barrier_M=0 traps=0
CASE chain_f16_m16_n16_k16_t2_nobar profile=a2 launcher=aclnn run=1/5 expect=probe bitwise=True max_abs_diff=0 rel_l2=0 mismatched=0/256 non_finite=0 poison_left=0 sha=0b3f6c80e84b6f50 ir_settle=0 ir_barrier_M=0 traps=0
CASE chain_f16_m16_n16_k16_t2_nobar profile=a2 launcher=aclnn run=2/5 expect=probe bitwise=True max_abs_diff=0 rel_l2=0 mismatched=0/256 non_finite=0 poison_left=0 sha=0b3f6c80e84b6f50 ir_settle=0 ir_barrier_M=0 traps=0
CASE chain_f16_m16_n16_k16_t2_nobar profile=a2 launcher=aclnn run=3/5 expect=probe bitwise=True max_abs_diff=0 rel_l2=0 mismatched=0/256 non_finite=0 poison_left=0 sha=0b3f6c80e84b6f50 ir_settle=0 ir_barrier_M=0 traps=0
CASE chain_f16_m16_n16_k16_t2_nobar profile=a2 launcher=aclnn run=4/5 expect=probe bitwise=True max_abs_diff=0 rel_l2=0 mismatched=0/256 non_finite=0 poison_left=0 sha=0b3f6c80e84b6f50 ir_settle=0 ir_barrier_M=0 traps=0
CASE chain_f16_m16_n16_k16_t2_nobar profile=a2 launcher=aclnn run=5/5 expect=probe bitwise=True max_abs_diff=0 rel_l2=0 mismatched=0/256 non_finite=0 poison_left=0 sha=0b3f6c80e84b6f50 ir_settle=0 ir_barrier_M=0 traps=0
CASE chain_f16_m16_n16_k16_t2_bar profile=a2 launcher=aclnn run=1/5 expect=bitwise bitwise=True max_abs_diff=0 rel_l2=0 mismatched=0/256 non_finite=0 poison_left=0 sha=01f8e6cda3e2a984 ir_settle=0 ir_barrier_M=1 traps=0
CASE chain_f16_m16_n16_k16_t2_bar profile=a2 launcher=aclnn run=2/5 expect=bitwise bitwise=True max_abs_diff=0 rel_l2=0 mismatched=0/256 non_finite=0 poison_left=0 sha=01f8e6cda3e2a984 ir_settle=0 ir_barrier_M=1 traps=0
CASE chain_f16_m16_n16_k16_t2_bar profile=a2 launcher=aclnn run=3/5 expect=bitwise bitwise=True max_abs_diff=0 rel_l2=0 mismatched=0/256 non_finite=0 poison_left=0 sha=01f8e6cda3e2a984 ir_settle=0 ir_barrier_M=1 traps=0
CASE chain_f16_m16_n16_k16_t2_bar profile=a2 launcher=aclnn run=4/5 expect=bitwise bitwise=True max_abs_diff=0 rel_l2=0 mismatched=0/256 non_finite=0 poison_left=0 sha=01f8e6cda3e2a984 ir_settle=0 ir_barrier_M=1 traps=0
CASE chain_f16_m16_n16_k16_t2_bar profile=a2 launcher=aclnn run=5/5 expect=bitwise bitwise=True max_abs_diff=0 rel_l2=0 mismatched=0/256 non_finite=0 poison_left=0 sha=01f8e6cda3e2a984 ir_settle=0 ir_barrier_M=1 traps=0
CASE chain_f16_m16_n16_k16_t3_nobar profile=a2 launcher=aclnn run=1/5 expect=probe bitwise=True max_abs_diff=0 rel_l2=0 mismatched=0/256 non_finite=0 poison_left=0 sha=10512ec7f318bf58 ir_settle=0 ir_barrier_M=0 traps=0
CASE chain_f16_m16_n16_k16_t3_nobar profile=a2 launcher=aclnn run=2/5 expect=probe bitwise=True max_abs_diff=0 rel_l2=0 mismatched=0/256 non_finite=0 poison_left=0 sha=10512ec7f318bf58 ir_settle=0 ir_barrier_M=0 traps=0
CASE chain_f16_m16_n16_k16_t3_nobar profile=a2 launcher=aclnn run=3/5 expect=probe bitwise=True max_abs_diff=0 rel_l2=0 mismatched=0/256 non_finite=0 poison_left=0 sha=10512ec7f318bf58 ir_settle=0 ir_barrier_M=0 traps=0
CASE chain_f16_m16_n16_k16_t3_nobar profile=a2 launcher=aclnn run=4/5 expect=probe bitwise=True max_abs_diff=0 rel_l2=0 mismatched=0/256 non_finite=0 poison_left=0 sha=10512ec7f318bf58 ir_settle=0 ir_barrier_M=0 traps=0
CASE chain_f16_m16_n16_k16_t3_nobar profile=a2 launcher=aclnn run=5/5 expect=probe bitwise=True max_abs_diff=0 rel_l2=0 mismatched=0/256 non_finite=0 poison_left=0 sha=10512ec7f318bf58 ir_settle=0 ir_barrier_M=0 traps=0
CASE chain_f16_m16_n16_k16_t3_bar profile=a2 launcher=aclnn run=1/5 expect=bitwise bitwise=True max_abs_diff=0 rel_l2=0 mismatched=0/256 non_finite=0 poison_left=0 sha=8774979c1d6218da ir_settle=0 ir_barrier_M=2 traps=0
CASE chain_f16_m16_n16_k16_t3_bar profile=a2 launcher=aclnn run=2/5 expect=bitwise bitwise=True max_abs_diff=0 rel_l2=0 mismatched=0/256 non_finite=0 poison_left=0 sha=8774979c1d6218da ir_settle=0 ir_barrier_M=2 traps=0
CASE chain_f16_m16_n16_k16_t3_bar profile=a2 launcher=aclnn run=3/5 expect=bitwise bitwise=True max_abs_diff=0 rel_l2=0 mismatched=0/256 non_finite=0 poison_left=0 sha=8774979c1d6218da ir_settle=0 ir_barrier_M=2 traps=0
CASE chain_f16_m16_n16_k16_t3_bar profile=a2 launcher=aclnn run=4/5 expect=bitwise bitwise=True max_abs_diff=0 rel_l2=0 mismatched=0/256 non_finite=0 poison_left=0 sha=8774979c1d6218da ir_settle=0 ir_barrier_M=2 traps=0
CASE chain_f16_m16_n16_k16_t3_bar profile=a2 launcher=aclnn run=5/5 expect=bitwise bitwise=True max_abs_diff=0 rel_l2=0 mismatched=0/256 non_finite=0 poison_left=0 sha=8774979c1d6218da ir_settle=0 ir_barrier_M=2 traps=0
CASE chain_f16_m32_n16_k16_t2_nobar profile=a2 launcher=aclnn run=1/5 expect=probe bitwise=True max_abs_diff=0 rel_l2=0 mismatched=0/512 non_finite=0 poison_left=0 sha=19c31be4cba81cec ir_settle=0 ir_barrier_M=0 traps=0
CASE chain_f16_m32_n16_k16_t2_nobar profile=a2 launcher=aclnn run=2/5 expect=probe bitwise=True max_abs_diff=0 rel_l2=0 mismatched=0/512 non_finite=0 poison_left=0 sha=19c31be4cba81cec ir_settle=0 ir_barrier_M=0 traps=0
CASE chain_f16_m32_n16_k16_t2_nobar profile=a2 launcher=aclnn run=3/5 expect=probe bitwise=True max_abs_diff=0 rel_l2=0 mismatched=0/512 non_finite=0 poison_left=0 sha=19c31be4cba81cec ir_settle=0 ir_barrier_M=0 traps=0
CASE chain_f16_m32_n16_k16_t2_nobar profile=a2 launcher=aclnn run=4/5 expect=probe bitwise=True max_abs_diff=0 rel_l2=0 mismatched=0/512 non_finite=0 poison_left=0 sha=19c31be4cba81cec ir_settle=0 ir_barrier_M=0 traps=0
CASE chain_f16_m32_n16_k16_t2_nobar profile=a2 launcher=aclnn run=5/5 expect=probe bitwise=True max_abs_diff=0 rel_l2=0 mismatched=0/512 non_finite=0 poison_left=0 sha=19c31be4cba81cec ir_settle=0 ir_barrier_M=0 traps=0
CASE chain_f16_m32_n16_k16_t2_bar profile=a2 launcher=aclnn run=1/5 expect=bitwise bitwise=True max_abs_diff=0 rel_l2=0 mismatched=0/512 non_finite=0 poison_left=0 sha=fda5e7cf95a5deba ir_settle=0 ir_barrier_M=1 traps=0
CASE chain_f16_m32_n16_k16_t2_bar profile=a2 launcher=aclnn run=2/5 expect=bitwise bitwise=True max_abs_diff=0 rel_l2=0 mismatched=0/512 non_finite=0 poison_left=0 sha=fda5e7cf95a5deba ir_settle=0 ir_barrier_M=1 traps=0
CASE chain_f16_m32_n16_k16_t2_bar profile=a2 launcher=aclnn run=3/5 expect=bitwise bitwise=True max_abs_diff=0 rel_l2=0 mismatched=0/512 non_finite=0 poison_left=0 sha=fda5e7cf95a5deba ir_settle=0 ir_barrier_M=1 traps=0
CASE chain_f16_m32_n16_k16_t2_bar profile=a2 launcher=aclnn run=4/5 expect=bitwise bitwise=True max_abs_diff=0 rel_l2=0 mismatched=0/512 non_finite=0 poison_left=0 sha=fda5e7cf95a5deba ir_settle=0 ir_barrier_M=1 traps=0
CASE chain_f16_m32_n16_k16_t2_bar profile=a2 launcher=aclnn run=5/5 expect=bitwise bitwise=True max_abs_diff=0 rel_l2=0 mismatched=0/512 non_finite=0 poison_left=0 sha=fda5e7cf95a5deba ir_settle=0 ir_barrier_M=1 traps=0
CASE chain_f16_m32_n16_k16_t3_nobar profile=a2 launcher=aclnn run=1/5 expect=probe bitwise=True max_abs_diff=0 rel_l2=0 mismatched=0/512 non_finite=0 poison_left=0 sha=0c9504ac3b83f982 ir_settle=0 ir_barrier_M=0 traps=0
CASE chain_f16_m32_n16_k16_t3_nobar profile=a2 launcher=aclnn run=2/5 expect=probe bitwise=True max_abs_diff=0 rel_l2=0 mismatched=0/512 non_finite=0 poison_left=0 sha=0c9504ac3b83f982 ir_settle=0 ir_barrier_M=0 traps=0
CASE chain_f16_m32_n16_k16_t3_nobar profile=a2 launcher=aclnn run=3/5 expect=probe bitwise=True max_abs_diff=0 rel_l2=0 mismatched=0/512 non_finite=0 poison_left=0 sha=0c9504ac3b83f982 ir_settle=0 ir_barrier_M=0 traps=0
CASE chain_f16_m32_n16_k16_t3_nobar profile=a2 launcher=aclnn run=4/5 expect=probe bitwise=True max_abs_diff=0 rel_l2=0 mismatched=0/512 non_finite=0 poison_left=0 sha=0c9504ac3b83f982 ir_settle=0 ir_barrier_M=0 traps=0
CASE chain_f16_m32_n16_k16_t3_nobar profile=a2 launcher=aclnn run=5/5 expect=probe bitwise=True max_abs_diff=0 rel_l2=0 mismatched=0/512 non_finite=0 poison_left=0 sha=0c9504ac3b83f982 ir_settle=0 ir_barrier_M=0 traps=0
CASE chain_f16_m32_n16_k16_t3_bar profile=a2 launcher=aclnn run=1/5 expect=bitwise bitwise=True max_abs_diff=0 rel_l2=0 mismatched=0/512 non_finite=0 poison_left=0 sha=de8443a3b59f3f3d ir_settle=0 ir_barrier_M=2 traps=0
CASE chain_f16_m32_n16_k16_t3_bar profile=a2 launcher=aclnn run=2/5 expect=bitwise bitwise=True max_abs_diff=0 rel_l2=0 mismatched=0/512 non_finite=0 poison_left=0 sha=de8443a3b59f3f3d ir_settle=0 ir_barrier_M=2 traps=0
CASE chain_f16_m32_n16_k16_t3_bar profile=a2 launcher=aclnn run=3/5 expect=bitwise bitwise=True max_abs_diff=0 rel_l2=0 mismatched=0/512 non_finite=0 poison_left=0 sha=de8443a3b59f3f3d ir_settle=0 ir_barrier_M=2 traps=0
CASE chain_f16_m32_n16_k16_t3_bar profile=a2 launcher=aclnn run=4/5 expect=bitwise bitwise=True max_abs_diff=0 rel_l2=0 mismatched=0/512 non_finite=0 poison_left=0 sha=de8443a3b59f3f3d ir_settle=0 ir_barrier_M=2 traps=0
CASE chain_f16_m32_n16_k16_t3_bar profile=a2 launcher=aclnn run=5/5 expect=bitwise bitwise=True max_abs_diff=0 rel_l2=0 mismatched=0/512 non_finite=0 poison_left=0 sha=de8443a3b59f3f3d ir_settle=0 ir_barrier_M=2 traps=0
CASE chain_f16_m64_n16_k16_t2_nobar profile=a2 launcher=aclnn run=1/5 expect=probe bitwise=True max_abs_diff=0 rel_l2=0 mismatched=0/1024 non_finite=0 poison_left=0 sha=cdb67ffaacdcad55 ir_settle=0 ir_barrier_M=0 traps=0
CASE chain_f16_m64_n16_k16_t2_nobar profile=a2 launcher=aclnn run=2/5 expect=probe bitwise=True max_abs_diff=0 rel_l2=0 mismatched=0/1024 non_finite=0 poison_left=0 sha=cdb67ffaacdcad55 ir_settle=0 ir_barrier_M=0 traps=0
CASE chain_f16_m64_n16_k16_t2_nobar profile=a2 launcher=aclnn run=3/5 expect=probe bitwise=True max_abs_diff=0 rel_l2=0 mismatched=0/1024 non_finite=0 poison_left=0 sha=cdb67ffaacdcad55 ir_settle=0 ir_barrier_M=0 traps=0
CASE chain_f16_m64_n16_k16_t2_nobar profile=a2 launcher=aclnn run=4/5 expect=probe bitwise=True max_abs_diff=0 rel_l2=0 mismatched=0/1024 non_finite=0 poison_left=0 sha=cdb67ffaacdcad55 ir_settle=0 ir_barrier_M=0 traps=0
CASE chain_f16_m64_n16_k16_t2_nobar profile=a2 launcher=aclnn run=5/5 expect=probe bitwise=True max_abs_diff=0 rel_l2=0 mismatched=0/1024 non_finite=0 poison_left=0 sha=cdb67ffaacdcad55 ir_settle=0 ir_barrier_M=0 traps=0
CASE chain_f16_m64_n16_k16_t2_bar profile=a2 launcher=aclnn run=1/5 expect=bitwise bitwise=True max_abs_diff=0 rel_l2=0 mismatched=0/1024 non_finite=0 poison_left=0 sha=3ab4eca82f5f020e ir_settle=0 ir_barrier_M=1 traps=0
CASE chain_f16_m64_n16_k16_t2_bar profile=a2 launcher=aclnn run=2/5 expect=bitwise bitwise=True max_abs_diff=0 rel_l2=0 mismatched=0/1024 non_finite=0 poison_left=0 sha=3ab4eca82f5f020e ir_settle=0 ir_barrier_M=1 traps=0
CASE chain_f16_m64_n16_k16_t2_bar profile=a2 launcher=aclnn run=3/5 expect=bitwise bitwise=True max_abs_diff=0 rel_l2=0 mismatched=0/1024 non_finite=0 poison_left=0 sha=3ab4eca82f5f020e ir_settle=0 ir_barrier_M=1 traps=0
CASE chain_f16_m64_n16_k16_t2_bar profile=a2 launcher=aclnn run=4/5 expect=bitwise bitwise=True max_abs_diff=0 rel_l2=0 mismatched=0/1024 non_finite=0 poison_left=0 sha=3ab4eca82f5f020e ir_settle=0 ir_barrier_M=1 traps=0
CASE chain_f16_m64_n16_k16_t2_bar profile=a2 launcher=aclnn run=5/5 expect=bitwise bitwise=True max_abs_diff=0 rel_l2=0 mismatched=0/1024 non_finite=0 poison_left=0 sha=3ab4eca82f5f020e ir_settle=0 ir_barrier_M=1 traps=0
CASE chain_f16_m64_n16_k16_t3_nobar profile=a2 launcher=aclnn run=1/5 expect=probe bitwise=True max_abs_diff=0 rel_l2=0 mismatched=0/1024 non_finite=0 poison_left=0 sha=6ce81b69849187e0 ir_settle=0 ir_barrier_M=0 traps=0
CASE chain_f16_m64_n16_k16_t3_nobar profile=a2 launcher=aclnn run=2/5 expect=probe bitwise=True max_abs_diff=0 rel_l2=0 mismatched=0/1024 non_finite=0 poison_left=0 sha=6ce81b69849187e0 ir_settle=0 ir_barrier_M=0 traps=0
CASE chain_f16_m64_n16_k16_t3_nobar profile=a2 launcher=aclnn run=3/5 expect=probe bitwise=True max_abs_diff=0 rel_l2=0 mismatched=0/1024 non_finite=0 poison_left=0 sha=6ce81b69849187e0 ir_settle=0 ir_barrier_M=0 traps=0
CASE chain_f16_m64_n16_k16_t3_nobar profile=a2 launcher=aclnn run=4/5 expect=probe bitwise=True max_abs_diff=0 rel_l2=0 mismatched=0/1024 non_finite=0 poison_left=0 sha=6ce81b69849187e0 ir_settle=0 ir_barrier_M=0 traps=0
CASE chain_f16_m64_n16_k16_t3_nobar profile=a2 launcher=aclnn run=5/5 expect=probe bitwise=True max_abs_diff=0 rel_l2=0 mismatched=0/1024 non_finite=0 poison_left=0 sha=6ce81b69849187e0 ir_settle=0 ir_barrier_M=0 traps=0
CASE chain_f16_m64_n16_k16_t3_bar profile=a2 launcher=aclnn run=1/5 expect=bitwise bitwise=True max_abs_diff=0 rel_l2=0 mismatched=0/1024 non_finite=0 poison_left=0 sha=8cc5c421b425e907 ir_settle=0 ir_barrier_M=2 traps=0
CASE chain_f16_m64_n16_k16_t3_bar profile=a2 launcher=aclnn run=2/5 expect=bitwise bitwise=True max_abs_diff=0 rel_l2=0 mismatched=0/1024 non_finite=0 poison_left=0 sha=8cc5c421b425e907 ir_settle=0 ir_barrier_M=2 traps=0
CASE chain_f16_m64_n16_k16_t3_bar profile=a2 launcher=aclnn run=3/5 expect=bitwise bitwise=True max_abs_diff=0 rel_l2=0 mismatched=0/1024 non_finite=0 poison_left=0 sha=8cc5c421b425e907 ir_settle=0 ir_barrier_M=2 traps=0
CASE chain_f16_m64_n16_k16_t3_bar profile=a2 launcher=aclnn run=4/5 expect=bitwise bitwise=True max_abs_diff=0 rel_l2=0 mismatched=0/1024 non_finite=0 poison_left=0 sha=8cc5c421b425e907 ir_settle=0 ir_barrier_M=2 traps=0
CASE chain_f16_m64_n16_k16_t3_bar profile=a2 launcher=aclnn run=5/5 expect=bitwise bitwise=True max_abs_diff=0 rel_l2=0 mismatched=0/1024 non_finite=0 poison_left=0 sha=8cc5c421b425e907 ir_settle=0 ir_barrier_M=2 traps=0
SUMMARY profile=a2 launcher=aclnn cases=45 all_bitwise=43 errors=0 failed_expectation=[]
exit=0
