ENV {"device": {"builtin_op_packages": ["ascend910_93", "ascend910b", "config"], "cann_version": "9.0.0", "cube_core_num": 20, "soc": "Ascend910B3", "torch_npu": "2.10.0", "vector_core_num": 40}, "versions": {"ascriptor_commit": "90cfcdc720bbcd66e8bd4361c4dd4fbc1a2a57b5", "ascriptor_desugar_sha256": "900610ea92dcb97afd1bbea1f4abc6b306adc5fe98547bdbedde37eca34cc295", "ascriptor_lint_sha256": "c2e4662604224cb4e84522859577872b6eeb87f90ac15736c36550ecd61b3a2e", "ascriptor_version": "0.1.0", "numpy": "1.26.4", "python": "3.11.15", "torch": "2.10.0+cpu"}}
DECOMP splitk_bf16_m16_n64_k32_s16 run=1 fragments=2 tile_coef=[0.053, 0.849] tile_rel_resid=0.965 max_row_resid=0.993 rows_not_all_ones=[0, 1, 2, 3, 4, 5, 6, 7, 8, 9, 10, 11, 12, 13, 14, 15]
CASE splitk_bf16_m16_n64_k32_s16 profile=a2 launcher=aclnn run=1/5 expect=probe bitwise=False max_abs_diff=15.6719 rel_l2=2.1991 mismatched=1022/1024 non_finite=0 poison_left=0 sha=3cef3eb582435175 ir_settle=0 ir_barrier_M=0 traps=0
DECOMP splitk_bf16_m16_n64_k32_s16 run=2 fragments=2 tile_coef=[0.053, 0.849] tile_rel_resid=0.965 max_row_resid=0.993 rows_not_all_ones=[0, 1, 2, 3, 4, 5, 6, 7, 8, 9, 10, 11, 12, 13, 14, 15]
CASE splitk_bf16_m16_n64_k32_s16 profile=a2 launcher=aclnn run=2/5 expect=probe bitwise=False max_abs_diff=15.6719 rel_l2=2.1991 mismatched=1022/1024 non_finite=0 poison_left=0 sha=3cef3eb582435175 ir_settle=0 ir_barrier_M=0 traps=0
DECOMP splitk_bf16_m16_n64_k32_s16 run=3 fragments=2 tile_coef=[0.053, 0.849] tile_rel_resid=0.965 max_row_resid=0.993 rows_not_all_ones=[0, 1, 2, 3, 4, 5, 6, 7, 8, 9, 10, 11, 12, 13, 14, 15]
CASE splitk_bf16_m16_n64_k32_s16 profile=a2 launcher=aclnn run=3/5 expect=probe bitwise=False max_abs_diff=15.6719 rel_l2=2.1991 mismatched=1022/1024 non_finite=0 poison_left=0 sha=3cef3eb582435175 ir_settle=0 ir_barrier_M=0 traps=0
DECOMP splitk_bf16_m16_n64_k32_s16 run=4 fragments=2 tile_coef=[0.053, 0.849] tile_rel_resid=0.965 max_row_resid=0.993 rows_not_all_ones=[0, 1, 2, 3, 4, 5, 6, 7, 8, 9, 10, 11, 12, 13, 14, 15]
CASE splitk_bf16_m16_n64_k32_s16 profile=a2 launcher=aclnn run=4/5 expect=probe bitwise=False max_abs_diff=15.6719 rel_l2=2.1991 mismatched=1022/1024 non_finite=0 poison_left=0 sha=3cef3eb582435175 ir_settle=0 ir_barrier_M=0 traps=0
DECOMP splitk_bf16_m16_n64_k32_s16 run=5 fragments=2 tile_coef=[0.053, 0.849] tile_rel_resid=0.965 max_row_resid=0.993 rows_not_all_ones=[0, 1, 2, 3, 4, 5, 6, 7, 8, 9, 10, 11, 12, 13, 14, 15]
CASE splitk_bf16_m16_n64_k32_s16 profile=a2 launcher=aclnn run=5/5 expect=probe bitwise=False max_abs_diff=15.6719 rel_l2=2.1991 mismatched=1022/1024 non_finite=0 poison_left=0 sha=3cef3eb582435175 ir_settle=0 ir_barrier_M=0 traps=0
DECOMP splitk_bf16_m16_n64_k48_s16 run=1 fragments=3 tile_coef=[-0.0353, 1.1235, 0.9892] tile_rel_resid=0.883 max_row_resid=0.955 rows_not_all_ones=[0, 1, 2, 3, 4, 5, 6, 7, 8, 9, 10, 11, 12, 13, 14, 15]
CASE splitk_bf16_m16_n64_k48_s16 profile=a2 launcher=aclnn run=1/5 expect=probe bitwise=False max_abs_diff=15.5625 rel_l2=1.70332 mismatched=1024/1024 non_finite=0 poison_left=0 sha=61013b09b9148b0c ir_settle=0 ir_barrier_M=0 traps=0
DECOMP splitk_bf16_m16_n64_k48_s16 run=2 fragments=3 tile_coef=[-0.0353, 1.1235, 0.9892] tile_rel_resid=0.883 max_row_resid=0.955 rows_not_all_ones=[0, 1, 2, 3, 4, 5, 6, 7, 8, 9, 10, 11, 12, 13, 14, 15]
CASE splitk_bf16_m16_n64_k48_s16 profile=a2 launcher=aclnn run=2/5 expect=probe bitwise=False max_abs_diff=15.5625 rel_l2=1.70332 mismatched=1024/1024 non_finite=0 poison_left=0 sha=61013b09b9148b0c ir_settle=0 ir_barrier_M=0 traps=0
DECOMP splitk_bf16_m16_n64_k48_s16 run=3 fragments=3 tile_coef=[-0.0353, 1.1235, 0.9892] tile_rel_resid=0.883 max_row_resid=0.955 rows_not_all_ones=[0, 1, 2, 3, 4, 5, 6, 7, 8, 9, 10, 11, 12, 13, 14, 15]
CASE splitk_bf16_m16_n64_k48_s16 profile=a2 launcher=aclnn run=3/5 expect=probe bitwise=False max_abs_diff=15.5625 rel_l2=1.70332 mismatched=1024/1024 non_finite=0 poison_left=0 sha=61013b09b9148b0c ir_settle=0 ir_barrier_M=0 traps=0
DECOMP splitk_bf16_m16_n64_k48_s16 run=4 fragments=3 tile_coef=[-0.0353, 1.1235, 0.9892] tile_rel_resid=0.883 max_row_resid=0.955 rows_not_all_ones=[0, 1, 2, 3, 4, 5, 6, 7, 8, 9, 10, 11, 12, 13, 14, 15]
CASE splitk_bf16_m16_n64_k48_s16 profile=a2 launcher=aclnn run=4/5 expect=probe bitwise=False max_abs_diff=15.5625 rel_l2=1.70332 mismatched=1024/1024 non_finite=0 poison_left=0 sha=61013b09b9148b0c ir_settle=0 ir_barrier_M=0 traps=0
DECOMP splitk_bf16_m16_n64_k48_s16 run=5 fragments=3 tile_coef=[-0.0353, 1.1235, 0.9892] tile_rel_resid=0.883 max_row_resid=0.955 rows_not_all_ones=[0, 1, 2, 3, 4, 5, 6, 7, 8, 9, 10, 11, 12, 13, 14, 15]
CASE splitk_bf16_m16_n64_k48_s16 profile=a2 launcher=aclnn run=5/5 expect=probe bitwise=False max_abs_diff=15.5625 rel_l2=1.70332 mismatched=1024/1024 non_finite=0 poison_left=0 sha=61013b09b9148b0c ir_settle=0 ir_barrier_M=0 traps=0
DECOMP splitk_bf16_m16_n64_k64_s16 run=1 fragments=4 tile_coef=[-0.0845, 0.9401, -0.1239, 0.9496] tile_rel_resid=0.909 max_row_resid=0.943 rows_not_all_ones=[0, 1, 2, 3, 4, 5, 6, 7, 8, 9, 10, 11, 12, 13, 14, 15]
CASE splitk_bf16_m16_n64_k64_s16 profile=a2 launcher=aclnn run=1/5 expect=probe bitwise=False max_abs_diff=13.8906 rel_l2=1.59758 mismatched=1021/1024 non_finite=0 poison_left=0 sha=c16815de0be28b21 ir_settle=0 ir_barrier_M=0 traps=0
DECOMP splitk_bf16_m16_n64_k64_s16 run=2 fragments=4 tile_coef=[-0.0845, 0.9401, -0.1239, 0.9496] tile_rel_resid=0.909 max_row_resid=0.943 rows_not_all_ones=[0, 1, 2, 3, 4, 5, 6, 7, 8, 9, 10, 11, 12, 13, 14, 15]
CASE splitk_bf16_m16_n64_k64_s16 profile=a2 launcher=aclnn run=2/5 expect=probe bitwise=False max_abs_diff=13.8906 rel_l2=1.59758 mismatched=1021/1024 non_finite=0 poison_left=0 sha=c16815de0be28b21 ir_settle=0 ir_barrier_M=0 traps=0
DECOMP splitk_bf16_m16_n64_k64_s16 run=3 fragments=4 tile_coef=[-0.0845, 0.9401, -0.1239, 0.9496] tile_rel_resid=0.909 max_row_resid=0.943 rows_not_all_ones=[0, 1, 2, 3, 4, 5, 6, 7, 8, 9, 10, 11, 12, 13, 14, 15]
CASE splitk_bf16_m16_n64_k64_s16 profile=a2 launcher=aclnn run=3/5 expect=probe bitwise=False max_abs_diff=13.8906 rel_l2=1.59758 mismatched=1021/1024 non_finite=0 poison_left=0 sha=c16815de0be28b21 ir_settle=0 ir_barrier_M=0 traps=0
DECOMP splitk_bf16_m16_n64_k64_s16 run=4 fragments=4 tile_coef=[-0.0845, 0.9401, -0.1239, 0.9496] tile_rel_resid=0.909 max_row_resid=0.943 rows_not_all_ones=[0, 1, 2, 3, 4, 5, 6, 7, 8, 9, 10, 11, 12, 13, 14, 15]
CASE splitk_bf16_m16_n64_k64_s16 profile=a2 launcher=aclnn run=4/5 expect=probe bitwise=False max_abs_diff=13.8906 rel_l2=1.59758 mismatched=1021/1024 non_finite=0 poison_left=0 sha=c16815de0be28b21 ir_settle=0 ir_barrier_M=0 traps=0
DECOMP splitk_bf16_m16_n64_k64_s16 run=5 fragments=4 tile_coef=[-0.0845, 0.9401, -0.1239, 0.9496] tile_rel_resid=0.909 max_row_resid=0.943 rows_not_all_ones=[0, 1, 2, 3, 4, 5, 6, 7, 8, 9, 10, 11, 12, 13, 14, 15]
CASE splitk_bf16_m16_n64_k64_s16 profile=a2 launcher=aclnn run=5/5 expect=probe bitwise=False max_abs_diff=13.8906 rel_l2=1.59758 mismatched=1021/1024 non_finite=0 poison_left=0 sha=c16815de0be28b21 ir_settle=0 ir_barrier_M=0 traps=0
CASE splitk_bf16_m64_n64_k32_s16 profile=a2 launcher=aclnn run=1/5 expect=probe bitwise=True max_abs_diff=0 rel_l2=0 mismatched=0/4096 non_finite=0 poison_left=0 sha=48a3d04cc181fe29 ir_settle=0 ir_barrier_M=0 traps=0
CASE splitk_bf16_m64_n64_k32_s16 profile=a2 launcher=aclnn run=2/5 expect=probe bitwise=True max_abs_diff=0 rel_l2=0 mismatched=0/4096 non_finite=0 poison_left=0 sha=48a3d04cc181fe29 ir_settle=0 ir_barrier_M=0 traps=0
CASE splitk_bf16_m64_n64_k32_s16 profile=a2 launcher=aclnn run=3/5 expect=probe bitwise=True max_abs_diff=0 rel_l2=0 mismatched=0/4096 non_finite=0 poison_left=0 sha=48a3d04cc181fe29 ir_settle=0 ir_barrier_M=0 traps=0
CASE splitk_bf16_m64_n64_k32_s16 profile=a2 launcher=aclnn run=4/5 expect=probe bitwise=True max_abs_diff=0 rel_l2=0 mismatched=0/4096 non_finite=0 poison_left=0 sha=48a3d04cc181fe29 ir_settle=0 ir_barrier_M=0 traps=0
CASE splitk_bf16_m64_n64_k32_s16 profile=a2 launcher=aclnn run=5/5 expect=probe bitwise=True max_abs_diff=0 rel_l2=0 mismatched=0/4096 non_finite=0 poison_left=0 sha=48a3d04cc181fe29 ir_settle=0 ir_barrier_M=0 traps=0
CASE splitk_bf16_m64_n64_k48_s16 profile=a2 launcher=aclnn run=1/5 expect=probe bitwise=True max_abs_diff=0 rel_l2=0 mismatched=0/4096 non_finite=0 poison_left=0 sha=2e5b6dc8278b7c49 ir_settle=0 ir_barrier_M=0 traps=0
CASE splitk_bf16_m64_n64_k48_s16 profile=a2 launcher=aclnn run=2/5 expect=probe bitwise=True max_abs_diff=0 rel_l2=0 mismatched=0/4096 non_finite=0 poison_left=0 sha=2e5b6dc8278b7c49 ir_settle=0 ir_barrier_M=0 traps=0
CASE splitk_bf16_m64_n64_k48_s16 profile=a2 launcher=aclnn run=3/5 expect=probe bitwise=True max_abs_diff=0 rel_l2=0 mismatched=0/4096 non_finite=0 poison_left=0 sha=2e5b6dc8278b7c49 ir_settle=0 ir_barrier_M=0 traps=0
CASE splitk_bf16_m64_n64_k48_s16 profile=a2 launcher=aclnn run=4/5 expect=probe bitwise=True max_abs_diff=0 rel_l2=0 mismatched=0/4096 non_finite=0 poison_left=0 sha=2e5b6dc8278b7c49 ir_settle=0 ir_barrier_M=0 traps=0
CASE splitk_bf16_m64_n64_k48_s16 profile=a2 launcher=aclnn run=5/5 expect=probe bitwise=True max_abs_diff=0 rel_l2=0 mismatched=0/4096 non_finite=0 poison_left=0 sha=2e5b6dc8278b7c49 ir_settle=0 ir_barrier_M=0 traps=0
CASE splitk_bf16_m64_n64_k64_s16 profile=a2 launcher=aclnn run=1/5 expect=probe bitwise=True max_abs_diff=0 rel_l2=0 mismatched=0/4096 non_finite=0 poison_left=0 sha=14ed65bf7ee26b5d ir_settle=0 ir_barrier_M=0 traps=0
CASE splitk_bf16_m64_n64_k64_s16 profile=a2 launcher=aclnn run=2/5 expect=probe bitwise=True max_abs_diff=0 rel_l2=0 mismatched=0/4096 non_finite=0 poison_left=0 sha=14ed65bf7ee26b5d ir_settle=0 ir_barrier_M=0 traps=0
CASE splitk_bf16_m64_n64_k64_s16 profile=a2 launcher=aclnn run=3/5 expect=probe bitwise=True max_abs_diff=0 rel_l2=0 mismatched=0/4096 non_finite=0 poison_left=0 sha=14ed65bf7ee26b5d ir_settle=0 ir_barrier_M=0 traps=0
CASE splitk_bf16_m64_n64_k64_s16 profile=a2 launcher=aclnn run=4/5 expect=probe bitwise=True max_abs_diff=0 rel_l2=0 mismatched=0/4096 non_finite=0 poison_left=0 sha=14ed65bf7ee26b5d ir_settle=0 ir_barrier_M=0 traps=0
CASE splitk_bf16_m64_n64_k64_s16 profile=a2 launcher=aclnn run=5/5 expect=probe bitwise=True max_abs_diff=0 rel_l2=0 mismatched=0/4096 non_finite=0 poison_left=0 sha=14ed65bf7ee26b5d ir_settle=0 ir_barrier_M=0 traps=0
CASE splitk_bf16_m64_n64_k128_s16 profile=a2 launcher=aclnn run=1/5 expect=probe bitwise=True max_abs_diff=0 rel_l2=0 mismatched=0/4096 non_finite=0 poison_left=0 sha=643f08de08d1db0c ir_settle=0 ir_barrier_M=0 traps=0
CASE splitk_bf16_m64_n64_k128_s16 profile=a2 launcher=aclnn run=2/5 expect=probe bitwise=True max_abs_diff=0 rel_l2=0 mismatched=0/4096 non_finite=0 poison_left=0 sha=643f08de08d1db0c ir_settle=0 ir_barrier_M=0 traps=0
CASE splitk_bf16_m64_n64_k128_s16 profile=a2 launcher=aclnn run=3/5 expect=probe bitwise=True max_abs_diff=0 rel_l2=0 mismatched=0/4096 non_finite=0 poison_left=0 sha=643f08de08d1db0c ir_settle=0 ir_barrier_M=0 traps=0
CASE splitk_bf16_m64_n64_k128_s16 profile=a2 launcher=aclnn run=4/5 expect=probe bitwise=True max_abs_diff=0 rel_l2=0 mismatched=0/4096 non_finite=0 poison_left=0 sha=643f08de08d1db0c ir_settle=0 ir_barrier_M=0 traps=0
CASE splitk_bf16_m64_n64_k128_s16 profile=a2 launcher=aclnn run=5/5 expect=probe bitwise=True max_abs_diff=0 rel_l2=0 mismatched=0/4096 non_finite=0 poison_left=0 sha=643f08de08d1db0c ir_settle=0 ir_barrier_M=0 traps=0
DECOMP splitk_f16_m16_n64_k32_s16 run=1 fragments=2 tile_coef=[-0.0054, 0.8836] tile_rel_resid=0.863 max_row_resid=0.965 rows_not_all_ones=[0, 1, 2, 3, 4, 5, 6, 7, 8, 9, 10, 11, 12, 13, 14, 15]
CASE splitk_f16_m16_n64_k32_s16 profile=a2 launcher=aclnn run=1/5 expect=probe bitwise=False max_abs_diff=9.09375 rel_l2=1.29482 mismatched=1022/1024 non_finite=0 poison_left=0 sha=5c4fa662d820a5da ir_settle=0 ir_barrier_M=0 traps=0
DECOMP splitk_f16_m16_n64_k32_s16 run=2 fragments=2 tile_coef=[-0.0054, 0.8836] tile_rel_resid=0.863 max_row_resid=0.965 rows_not_all_ones=[0, 1, 2, 3, 4, 5, 6, 7, 8, 9, 10, 11, 12, 13, 14, 15]
CASE splitk_f16_m16_n64_k32_s16 profile=a2 launcher=aclnn run=2/5 expect=probe bitwise=False max_abs_diff=9.09375 rel_l2=1.29482 mismatched=1022/1024 non_finite=0 poison_left=0 sha=5c4fa662d820a5da ir_settle=0 ir_barrier_M=0 traps=0
DECOMP splitk_f16_m16_n64_k32_s16 run=3 fragments=2 tile_coef=[-0.0054, 0.8836] tile_rel_resid=0.863 max_row_resid=0.965 rows_not_all_ones=[0, 1, 2, 3, 4, 5, 6, 7, 8, 9, 10, 11, 12, 13, 14, 15]
CASE splitk_f16_m16_n64_k32_s16 profile=a2 launcher=aclnn run=3/5 expect=probe bitwise=False max_abs_diff=9.09375 rel_l2=1.29482 mismatched=1022/1024 non_finite=0 poison_left=0 sha=5c4fa662d820a5da ir_settle=0 ir_barrier_M=0 traps=0
DECOMP splitk_f16_m16_n64_k32_s16 run=4 fragments=2 tile_coef=[-0.0054, 0.8836] tile_rel_resid=0.863 max_row_resid=0.965 rows_not_all_ones=[0, 1, 2, 3, 4, 5, 6, 7, 8, 9, 10, 11, 12, 13, 14, 15]
CASE splitk_f16_m16_n64_k32_s16 profile=a2 launcher=aclnn run=4/5 expect=probe bitwise=False max_abs_diff=9.09375 rel_l2=1.29482 mismatched=1022/1024 non_finite=0 poison_left=0 sha=5c4fa662d820a5da ir_settle=0 ir_barrier_M=0 traps=0
DECOMP splitk_f16_m16_n64_k32_s16 run=5 fragments=2 tile_coef=[-0.0054, 0.8836] tile_rel_resid=0.863 max_row_resid=0.965 rows_not_all_ones=[0, 1, 2, 3, 4, 5, 6, 7, 8, 9, 10, 11, 12, 13, 14, 15]
CASE splitk_f16_m16_n64_k32_s16 profile=a2 launcher=aclnn run=5/5 expect=probe bitwise=False max_abs_diff=9.09375 rel_l2=1.29482 mismatched=1022/1024 non_finite=0 poison_left=0 sha=5c4fa662d820a5da ir_settle=0 ir_barrier_M=0 traps=0
DECOMP splitk_f16_m16_n64_k48_s16 run=1 fragments=3 tile_coef=[0.0518, 0.948, 0.9624] tile_rel_resid=0.784 max_row_resid=0.896 rows_not_all_ones=[0, 1, 2, 3, 4, 5, 6, 7, 8, 9, 10, 11, 12, 13, 14, 15]
CASE splitk_f16_m16_n64_k48_s16 profile=a2 launcher=aclnn run=1/5 expect=probe bitwise=False max_abs_diff=9.46875 rel_l2=1.12049 mismatched=1021/1024 non_finite=0 poison_left=0 sha=d49545a4ba8ceeff ir_settle=0 ir_barrier_M=0 traps=0
DECOMP splitk_f16_m16_n64_k48_s16 run=2 fragments=3 tile_coef=[0.0518, 0.948, 0.9624] tile_rel_resid=0.784 max_row_resid=0.896 rows_not_all_ones=[0, 1, 2, 3, 4, 5, 6, 7, 8, 9, 10, 11, 12, 13, 14, 15]
CASE splitk_f16_m16_n64_k48_s16 profile=a2 launcher=aclnn run=2/5 expect=probe bitwise=False max_abs_diff=9.46875 rel_l2=1.12049 mismatched=1021/1024 non_finite=0 poison_left=0 sha=d49545a4ba8ceeff ir_settle=0 ir_barrier_M=0 traps=0
DECOMP splitk_f16_m16_n64_k48_s16 run=3 fragments=3 tile_coef=[0.0518, 0.948, 0.9624] tile_rel_resid=0.784 max_row_resid=0.896 rows_not_all_ones=[0, 1, 2, 3, 4, 5, 6, 7, 8, 9, 10, 11, 12, 13, 14, 15]
CASE splitk_f16_m16_n64_k48_s16 profile=a2 launcher=aclnn run=3/5 expect=probe bitwise=False max_abs_diff=9.46875 rel_l2=1.12049 mismatched=1021/1024 non_finite=0 poison_left=0 sha=d49545a4ba8ceeff ir_settle=0 ir_barrier_M=0 traps=0
DECOMP splitk_f16_m16_n64_k48_s16 run=4 fragments=3 tile_coef=[0.0518, 0.948, 0.9624] tile_rel_resid=0.784 max_row_resid=0.896 rows_not_all_ones=[0, 1, 2, 3, 4, 5, 6, 7, 8, 9, 10, 11, 12, 13, 14, 15]
CASE splitk_f16_m16_n64_k48_s16 profile=a2 launcher=aclnn run=4/5 expect=probe bitwise=False max_abs_diff=9.46875 rel_l2=1.12049 mismatched=1021/1024 non_finite=0 poison_left=0 sha=d49545a4ba8ceeff ir_settle=0 ir_barrier_M=0 traps=0
DECOMP splitk_f16_m16_n64_k48_s16 run=5 fragments=3 tile_coef=[0.0518, 0.948, 0.9624] tile_rel_resid=0.784 max_row_resid=0.896 rows_not_all_ones=[0, 1, 2, 3, 4, 5, 6, 7, 8, 9, 10, 11, 12, 13, 14, 15]
CASE splitk_f16_m16_n64_k48_s16 profile=a2 launcher=aclnn run=5/5 expect=probe bitwise=False max_abs_diff=9.46875 rel_l2=1.12049 mismatched=1021/1024 non_finite=0 poison_left=0 sha=d49545a4ba8ceeff ir_settle=0 ir_barrier_M=0 traps=0
DECOMP splitk_f16_m16_n64_k64_s16 run=1 fragments=4 tile_coef=[0.1408, 0.9565, 0.1007, 0.9885] tile_rel_resid=0.819 max_row_resid=0.909 rows_not_all_ones=[0, 1, 2, 3, 4, 5, 6, 7, 8, 9, 10, 11, 12, 13, 14, 15]
CASE splitk_f16_m16_n64_k64_s16 profile=a2 launcher=aclnn run=1/5 expect=probe bitwise=False max_abs_diff=10.5 rel_l2=1.1762 mismatched=1022/1024 non_finite=0 poison_left=0 sha=05bf5abfb8bc4f41 ir_settle=0 ir_barrier_M=0 traps=0
DECOMP splitk_f16_m16_n64_k64_s16 run=2 fragments=4 tile_coef=[0.1408, 0.9565, 0.1007, 0.9885] tile_rel_resid=0.819 max_row_resid=0.909 rows_not_all_ones=[0, 1, 2, 3, 4, 5, 6, 7, 8, 9, 10, 11, 12, 13, 14, 15]
CASE splitk_f16_m16_n64_k64_s16 profile=a2 launcher=aclnn run=2/5 expect=probe bitwise=False max_abs_diff=10.5 rel_l2=1.1762 mismatched=1022/1024 non_finite=0 poison_left=0 sha=05bf5abfb8bc4f41 ir_settle=0 ir_barrier_M=0 traps=0
DECOMP splitk_f16_m16_n64_k64_s16 run=3 fragments=4 tile_coef=[0.1408, 0.9565, 0.1007, 0.9885] tile_rel_resid=0.819 max_row_resid=0.909 rows_not_all_ones=[0, 1, 2, 3, 4, 5, 6, 7, 8, 9, 10, 11, 12, 13, 14, 15]
CASE splitk_f16_m16_n64_k64_s16 profile=a2 launcher=aclnn run=3/5 expect=probe bitwise=False max_abs_diff=10.5 rel_l2=1.1762 mismatched=1022/1024 non_finite=0 poison_left=0 sha=05bf5abfb8bc4f41 ir_settle=0 ir_barrier_M=0 traps=0
DECOMP splitk_f16_m16_n64_k64_s16 run=4 fragments=4 tile_coef=[0.1408, 0.9565, 0.1007, 0.9885] tile_rel_resid=0.819 max_row_resid=0.909 rows_not_all_ones=[0, 1, 2, 3, 4, 5, 6, 7, 8, 9, 10, 11, 12, 13, 14, 15]
CASE splitk_f16_m16_n64_k64_s16 profile=a2 launcher=aclnn run=4/5 expect=probe bitwise=False max_abs_diff=10.5 rel_l2=1.1762 mismatched=1022/1024 non_finite=0 poison_left=0 sha=05bf5abfb8bc4f41 ir_settle=0 ir_barrier_M=0 traps=0
DECOMP splitk_f16_m16_n64_k64_s16 run=5 fragments=4 tile_coef=[0.1408, 0.9565, 0.1007, 0.9885] tile_rel_resid=0.819 max_row_resid=0.909 rows_not_all_ones=[0, 1, 2, 3, 4, 5, 6, 7, 8, 9, 10, 11, 12, 13, 14, 15]
CASE splitk_f16_m16_n64_k64_s16 profile=a2 launcher=aclnn run=5/5 expect=probe bitwise=False max_abs_diff=10.5 rel_l2=1.1762 mismatched=1022/1024 non_finite=0 poison_left=0 sha=05bf5abfb8bc4f41 ir_settle=0 ir_barrier_M=0 traps=0
CASE splitk_f16_m64_n64_k32_s16 profile=a2 launcher=aclnn run=1/5 expect=probe bitwise=True max_abs_diff=0 rel_l2=0 mismatched=0/4096 non_finite=0 poison_left=0 sha=f65013e79301c2b2 ir_settle=0 ir_barrier_M=0 traps=0
CASE splitk_f16_m64_n64_k32_s16 profile=a2 launcher=aclnn run=2/5 expect=probe bitwise=True max_abs_diff=0 rel_l2=0 mismatched=0/4096 non_finite=0 poison_left=0 sha=f65013e79301c2b2 ir_settle=0 ir_barrier_M=0 traps=0
CASE splitk_f16_m64_n64_k32_s16 profile=a2 launcher=aclnn run=3/5 expect=probe bitwise=True max_abs_diff=0 rel_l2=0 mismatched=0/4096 non_finite=0 poison_left=0 sha=f65013e79301c2b2 ir_settle=0 ir_barrier_M=0 traps=0
CASE splitk_f16_m64_n64_k32_s16 profile=a2 launcher=aclnn run=4/5 expect=probe bitwise=True max_abs_diff=0 rel_l2=0 mismatched=0/4096 non_finite=0 poison_left=0 sha=f65013e79301c2b2 ir_settle=0 ir_barrier_M=0 traps=0
CASE splitk_f16_m64_n64_k32_s16 profile=a2 launcher=aclnn run=5/5 expect=probe bitwise=True max_abs_diff=0 rel_l2=0 mismatched=0/4096 non_finite=0 poison_left=0 sha=f65013e79301c2b2 ir_settle=0 ir_barrier_M=0 traps=0
CASE splitk_f16_m64_n64_k48_s16 profile=a2 launcher=aclnn run=1/5 expect=probe bitwise=True max_abs_diff=0 rel_l2=0 mismatched=0/4096 non_finite=0 poison_left=0 sha=1063b6ab31f3cf31 ir_settle=0 ir_barrier_M=0 traps=0
CASE splitk_f16_m64_n64_k48_s16 profile=a2 launcher=aclnn run=2/5 expect=probe bitwise=True max_abs_diff=0 rel_l2=0 mismatched=0/4096 non_finite=0 poison_left=0 sha=1063b6ab31f3cf31 ir_settle=0 ir_barrier_M=0 traps=0
CASE splitk_f16_m64_n64_k48_s16 profile=a2 launcher=aclnn run=3/5 expect=probe bitwise=True max_abs_diff=0 rel_l2=0 mismatched=0/4096 non_finite=0 poison_left=0 sha=1063b6ab31f3cf31 ir_settle=0 ir_barrier_M=0 traps=0
CASE splitk_f16_m64_n64_k48_s16 profile=a2 launcher=aclnn run=4/5 expect=probe bitwise=True max_abs_diff=0 rel_l2=0 mismatched=0/4096 non_finite=0 poison_left=0 sha=1063b6ab31f3cf31 ir_settle=0 ir_barrier_M=0 traps=0
CASE splitk_f16_m64_n64_k48_s16 profile=a2 launcher=aclnn run=5/5 expect=probe bitwise=True max_abs_diff=0 rel_l2=0 mismatched=0/4096 non_finite=0 poison_left=0 sha=1063b6ab31f3cf31 ir_settle=0 ir_barrier_M=0 traps=0
CASE splitk_f16_m64_n64_k64_s16 profile=a2 launcher=aclnn run=1/5 expect=probe bitwise=True max_abs_diff=0 rel_l2=0 mismatched=0/4096 non_finite=0 poison_left=0 sha=44e3dd4a5e3e9b09 ir_settle=0 ir_barrier_M=0 traps=0
CASE splitk_f16_m64_n64_k64_s16 profile=a2 launcher=aclnn run=2/5 expect=probe bitwise=True max_abs_diff=0 rel_l2=0 mismatched=0/4096 non_finite=0 poison_left=0 sha=44e3dd4a5e3e9b09 ir_settle=0 ir_barrier_M=0 traps=0
CASE splitk_f16_m64_n64_k64_s16 profile=a2 launcher=aclnn run=3/5 expect=probe bitwise=True max_abs_diff=0 rel_l2=0 mismatched=0/4096 non_finite=0 poison_left=0 sha=44e3dd4a5e3e9b09 ir_settle=0 ir_barrier_M=0 traps=0
CASE splitk_f16_m64_n64_k64_s16 profile=a2 launcher=aclnn run=4/5 expect=probe bitwise=True max_abs_diff=0 rel_l2=0 mismatched=0/4096 non_finite=0 poison_left=0 sha=44e3dd4a5e3e9b09 ir_settle=0 ir_barrier_M=0 traps=0
CASE splitk_f16_m64_n64_k64_s16 profile=a2 launcher=aclnn run=5/5 expect=probe bitwise=True max_abs_diff=0 rel_l2=0 mismatched=0/4096 non_finite=0 poison_left=0 sha=44e3dd4a5e3e9b09 ir_settle=0 ir_barrier_M=0 traps=0
CASE splitk_f16_m64_n64_k128_s16 profile=a2 launcher=aclnn run=1/5 expect=probe bitwise=True max_abs_diff=0 rel_l2=0 mismatched=0/4096 non_finite=0 poison_left=0 sha=c0fe00946b675fb1 ir_settle=0 ir_barrier_M=0 traps=0
CASE splitk_f16_m64_n64_k128_s16 profile=a2 launcher=aclnn run=2/5 expect=probe bitwise=True max_abs_diff=0 rel_l2=0 mismatched=0/4096 non_finite=0 poison_left=0 sha=c0fe00946b675fb1 ir_settle=0 ir_barrier_M=0 traps=0
CASE splitk_f16_m64_n64_k128_s16 profile=a2 launcher=aclnn run=3/5 expect=probe bitwise=True max_abs_diff=0 rel_l2=0 mismatched=0/4096 non_finite=0 poison_left=0 sha=c0fe00946b675fb1 ir_settle=0 ir_barrier_M=0 traps=0
CASE splitk_f16_m64_n64_k128_s16 profile=a2 launcher=aclnn run=4/5 expect=probe bitwise=True max_abs_diff=0 rel_l2=0 mismatched=0/4096 non_finite=0 poison_left=0 sha=c0fe00946b675fb1 ir_settle=0 ir_barrier_M=0 traps=0
CASE splitk_f16_m64_n64_k128_s16 profile=a2 launcher=aclnn run=5/5 expect=probe bitwise=True max_abs_diff=0 rel_l2=0 mismatched=0/4096 non_finite=0 poison_left=0 sha=c0fe00946b675fb1 ir_settle=0 ir_barrier_M=0 traps=0
SUMMARY profile=a2 launcher=aclnn cases=14 all_bitwise=8 errors=0 failed_expectation=[]
exit=0
