torch 2.10.0+cpu torch_npu 2.10.0
device_count 1
props _NPUDeviceProperties(name='Ascend910B3', total_memory=62420MB, cube_core_num=20, vector_core_num=40, uuid=00cc0800-d000-0000-0000-f0a9514b4841, L2_cache_size=192MB)
   L2_cache_size = 201326592
   cube_core_num = 20
   gcnArchName = None
   is_integrated = None
   is_multi_gpu_board = None
   major = None
   max_threads_per_multi_processor = None
   minor = None
   multi_processor_count = 40
   name = Ascend910B3
   regs_per_multiprocessor = None
   total_memory = 65452113920
   uuid = 00cc0800-d000-0000-0000-f0a9514b4841
   vector_core_num = 40
   warp_size = None
soc_name Ascend910B3
soc_version 223
