==> plog-3128394_20260919154615495.log
[ERROR] RUNTIME(3128394,test_aclnnop):2026-09-19-15:46:15.474.222 [stars_engine.cc:1548]3128848 ProcLogicCqReport:Task run failed, device_id=5, stream_id=46, task_id=0, sqe_type=0(ffts), errType=0x1(task exception), sqSwStatus=0
[ERROR] RUNTIME(3128394,test_aclnnop):2026-09-19-15:46:15.487.670 [device_error_core_proc.cc:619]3128848 AddExceptionRegInfo:add error register: core_id=12, stream_id=46, task_id=0
[ERROR] RUNTIME(3128394,test_aclnnop):2026-09-19-15:46:15.487.684 [device_error_core_proc.cc:645]3128848 PrintCoreInfo:The error from device(chipId:5, dieId:0), serial number is 17, there is an exception of aicore error, core id is 12, error code = 0x40000, dump info: pc start: 0x12c042400000, current: 0x12c042400164, vec error info: 0, mte error info: 0x690660f7ea, ifu error info: 0x212c088166640, ccu error info: 0xc81b8b9f00000013, cube error info: 0x1e035, biu error info: 0, aic error mask: 0x6500020bd00028c, para base: 0x12c100000000.
[ERROR] RUNTIME(3128394,test_aclnnop):2026-09-19-15:46:15.487.744 [device_error_core_proc.cc:658]3128848 PrintCoreInfo:The extend info: errcode:(0x40000, 0, 0) errorStr: L0C read/write conflict(cube read operation or cube write operation). fixp_error0 info: 0x660f7ea, fixp_error1 info: 0x69, fsmId:1, tslot:0, thread:0, ctxid:0, blk:0, sublk:0, subErrType:4.
[ERROR] RUNTIME(3128394,test_aclnnop):2026-09-19-15:46:15.487.760 [device_error_core_proc.cc:732]3128848 ProcessStarsCoreErrorInfo:devId=5, streamId=46, taskId=0, MTE errorCode=0.
[ERROR] RUNTIME(3128394,test_aclnnop):2026-09-19-15:46:15.487.836 [davinci_task.cc:213]3128848 SetStarsResultForDavinciTask:AICORE Kernel task happen error, retCode=0x26.
[ERROR] RUNTIME(3128394,test_aclnnop):2026-09-19-15:46:15.494.510 [davinci_kernel_task.cc:1729]3128848 PreCheckTaskErr:Kernel task happen error, retCode=0x26, [aicore exception].
[ERROR] RUNTIME(3128394,test_aclnnop):2026-09-19-15:46:15.494.937 [davinci_kernel_task.cc:1525]3128848 GetArgsInfo:[AIC_INFO] args(0 to 10) after execute:0x12c0c0015000, 0x12c0c0016000, 0x12c0c0018000, 0x12c041200000, 0x12c100000038, 0x12c0c0013000, 0, 0, 0, 0, 0.
[ERROR] RUNTIME(3128394,test_aclnnop):2026-09-19-15:46:15.494.949 [davinci_kernel_task.cc:1529]3128848 GetArgsInfo:tilingKey = 0, print 1 Times totalLen=(11*8), argsSize=88, schemMode=0, blockDim=1
[ERROR] RUNTIME(3128394,test_aclnnop):2026-09-19-15:46:15.494.971 [davinci_kernel_task.cc:1609]3128848 PrintErrorInfoForDavinciTask:[AIC_INFO] after execute:args print end
[ERROR] RUNTIME(3128394,test_aclnnop):2026-09-19-15:46:15.495.059 [davinci_kernel_task.cc:1639]3128848 PrintErrorInfoForDavinciTask:[DFX_INFO]Aicore kernel execute failed, device_id=5, stream_id=46, report_stream_id=46, task_id=0, flip_num=0, fault kernel_name=A201SplitkBf16M32N64K32S16_0fe2673e904309b033c5143c2e183cae_0, fault kernel info ext=none, program id=0, hash=8394006193741790326.
[ERROR] RUNTIME(3128394,test_aclnnop):2026-09-19-15:46:15.495.106 [stream.cc:1472]3128394 GetError:Stream Synchronize failed, stream_id=46, retCode=0x26, [aicore exception].
[ERROR] RUNTIME(3128394,test_aclnnop):2026-09-19-15:46:15.495.115 [stream.cc:1475]3128394 GetError:AICORE Kernel task happen error, retCode=0x26.
[ERROR] RUNTIME(3128394,test_aclnnop):2026-09-19-15:46:15.495.146 [stream.cc:1475]3128394 GetError:[AIC_INFO] after execute:args print end
[ERROR] RUNTIME(3128394,test_aclnnop):2026-09-19-15:46:15.495.158 [stream.cc:1475]3128394 GetError:[DFX_INFO]Aicore kernel execute failed, device_id=5, stream_id=46, report_stream_id=46, task_id=0, flip_num=0, fault kernel_name=A201SplitkBf16M32N64K32S16_0fe2673e904309b033c5143c2e183cae_0, fault kernel info ext=none, program id=0, hash=8394006193741790326.
[ERROR] RUNTIME(3128394,test_aclnnop):2026-09-19-15:46:15.495.193 [api_error.cc:1029]3128394 StreamSynchronize:Stream synchronize failed, stream_id=46, timeout=-1ms.
[ERROR] RUNTIME(3128394,test_aclnnop):2026-09-19-15:46:15.495.208 [api_c_stream.cc:161]3128394 rtStreamSynchronize:ErrCode=507015, desc=[aicore exception], InnerCode=0x7150026
[ERROR] RUNTIME(3128394,test_aclnnop):2026-09-19-15:46:15.495.215 [error_message_manage.cc:65]3128394 FuncErrorReason:rtStreamSynchronize execution failed, reason=aicore exception
[ERROR] ASCENDCL(3128394,test_aclnnop):2026-09-19-15:46:15.496.938 [stream.cpp:139]3128394 aclrtSynchronizeStreamImpl:synchronize stream failed, runtime result = 507015

==> plog-3150958_20260919155253208.log
[ERROR] RUNTIME(3150958,test_aclnnop):2026-09-19-15:52:53.192.348 [stars_engine.cc:1548]3151085 ProcLogicCqReport:Task run failed, device_id=2, stream_id=46, task_id=0, sqe_type=0(ffts), errType=0x1(task exception), sqSwStatus=0
[ERROR] RUNTIME(3150958,test_aclnnop):2026-09-19-15:52:53.207.608 [device_error_core_proc.cc:619]3151085 AddExceptionRegInfo:add error register: core_id=3, stream_id=46, task_id=0
[ERROR] RUNTIME(3150958,test_aclnnop):2026-09-19-15:52:53.207.621 [device_error_core_proc.cc:645]3151085 PrintCoreInfo:The error from device(chipId:2, dieId:0), serial number is 156, there is an exception of aicore error, core id is 3, error code = 0x40000, dump info: pc start: 0x12c042400000, current: 0x12c042400164, vec error info: 0, mte error info: 0x5bfb289b0, ifu error info: 0x4767e522037c0, ccu error info: 0xe444289800000013, cube error info: 0x7e035, biu error info: 0, aic error mask: 0x6500020bd00028c, para base: 0x12c100000000.
[ERROR] RUNTIME(3150958,test_aclnnop):2026-09-19-15:52:53.207.680 [device_error_core_proc.cc:658]3151085 PrintCoreInfo:The extend info: errcode:(0x40000, 0, 0) errorStr: L0C read/write conflict(cube read operation or cube write operation). fixp_error0 info: 0xfb289b0, fixp_error1 info: 0x5, fsmId:1, tslot:7, thread:0, ctxid:0, blk:0, sublk:0, subErrType:4.
[ERROR] RUNTIME(3150958,test_aclnnop):2026-09-19-15:52:53.207.697 [device_error_core_proc.cc:732]3151085 ProcessStarsCoreErrorInfo:devId=2, streamId=46, taskId=0, MTE errorCode=0.
[ERROR] RUNTIME(3150958,test_aclnnop):2026-09-19-15:52:53.207.709 [davinci_task.cc:213]3151085 SetStarsResultForDavinciTask:AICORE Kernel task happen error, retCode=0x26.
[ERROR] RUNTIME(3150958,test_aclnnop):2026-09-19-15:52:53.208.347 [davinci_kernel_task.cc:1729]3151085 PreCheckTaskErr:Kernel task happen error, retCode=0x26, [aicore exception].
[ERROR] RUNTIME(3150958,test_aclnnop):2026-09-19-15:52:53.208.456 [davinci_kernel_task.cc:1525]3151085 GetArgsInfo:[AIC_INFO] args(0 to 10) after execute:0x12c0c0015000, 0x12c0c0016000, 0x12c0c0018000, 0x12c041200000, 0x12c100000038, 0x12c0c0013000, 0, 0, 0, 0, 0.
[ERROR] RUNTIME(3150958,test_aclnnop):2026-09-19-15:52:53.208.469 [davinci_kernel_task.cc:1529]3151085 GetArgsInfo:tilingKey = 0, print 1 Times totalLen=(11*8), argsSize=88, schemMode=0, blockDim=1
[ERROR] RUNTIME(3150958,test_aclnnop):2026-09-19-15:52:53.208.484 [davinci_kernel_task.cc:1609]3151085 PrintErrorInfoForDavinciTask:[AIC_INFO] after execute:args print end
[ERROR] RUNTIME(3150958,test_aclnnop):2026-09-19-15:52:53.208.564 [davinci_kernel_task.cc:1639]3151085 PrintErrorInfoForDavinciTask:[DFX_INFO]Aicore kernel execute failed, device_id=2, stream_id=46, report_stream_id=46, task_id=0, flip_num=0, fault kernel_name=A201SplitkBf16M32N64K32S16_0fe2673e904309b033c5143c2e183cae_0, fault kernel info ext=none, program id=0, hash=8394006193741790326.
[ERROR] RUNTIME(3150958,test_aclnnop):2026-09-19-15:52:53.208.611 [stream.cc:1472]3150958 GetError:Stream Synchronize failed, stream_id=46, retCode=0x26, [aicore exception].
[ERROR] RUNTIME(3150958,test_aclnnop):2026-09-19-15:52:53.208.621 [stream.cc:1475]3150958 GetError:AICORE Kernel task happen error, retCode=0x26.
[ERROR] RUNTIME(3150958,test_aclnnop):2026-09-19-15:52:53.208.654 [stream.cc:1475]3150958 GetError:[AIC_INFO] after execute:args print end
[ERROR] RUNTIME(3150958,test_aclnnop):2026-09-19-15:52:53.208.666 [stream.cc:1475]3150958 GetError:[DFX_INFO]Aicore kernel execute failed, device_id=2, stream_id=46, report_stream_id=46, task_id=0, flip_num=0, fault kernel_name=A201SplitkBf16M32N64K32S16_0fe2673e904309b033c5143c2e183cae_0, fault kernel info ext=none, program id=0, hash=8394006193741790326.
[ERROR] RUNTIME(3150958,test_aclnnop):2026-09-19-15:52:53.208.679 [api_error.cc:1029]3150958 StreamSynchronize:Stream synchronize failed, stream_id=46, timeout=-1ms.
[ERROR] RUNTIME(3150958,test_aclnnop):2026-09-19-15:52:53.208.695 [api_c_stream.cc:161]3150958 rtStreamSynchronize:ErrCode=507015, desc=[aicore exception], InnerCode=0x7150026
[ERROR] RUNTIME(3150958,test_aclnnop):2026-09-19-15:52:53.208.702 [error_message_manage.cc:65]3150958 FuncErrorReason:rtStreamSynchronize execution failed, reason=aicore exception
[ERROR] ASCENDCL(3150958,test_aclnnop):2026-09-19-15:52:53.209.232 [stream.cpp:139]3150958 aclrtSynchronizeStreamImpl:synchronize stream failed, runtime result = 507015
