COMPILE_START decode kda_decode_fp32_kernel 4
COMPILE_PASS kda_decode_fp32_kernel
COMPILE_START decode kda_decode_bf16_kernel 4
COMPILE_PASS kda_decode_bf16_kernel
COMPILE_START original_decode kda_fused_recurrent_kernel 4
COMPILE_PASS kda_fused_recurrent_kernel
COMPILE_START forward kda_sub1_gate_stable_kernel 4
COMPILE_PASS kda_sub1_gate_stable_kernel
COMPILE_START forward kda_sub2_score_stable_kernel 4
[perf] @kda_sub2_score_stable_kernel.vec #164 repo/kernels/projects/a5/kda_fwd_stable/kernels/intra.py:238:16: warning: ub_to_l1.nd2nz composes multiple MTE3 bursts (one per NZ fractal column of the ND rows) — not a single instruction, and board-measured 10x slower than the compact-NZ move (D-084); store the tile as compact NZ from the @vf instead (a strided vf.store writes the fractal directly) and move it with the plain ub_to_l1. WHEN YOU DO: pad the staging tile by one row so that store's block stride is ODD. The natural stride is the tile's row count, which is 16-aligned by nature and so is the worst rung of the bank ladder (~8.7 cycles a store against ~1.1, D-084) — on the two kernels reworked in D-226 the padding was worth MORE than this move is (-12.3 and -10.8 us of -17.7 and -28.2), and it is worth taking blind: one UB row, and it only ever costs nothing when the store pipe is idle anyway
[perf] @kda_sub2_score_stable_kernel.vec #170 repo/kernels/projects/a5/kda_fwd_stable/kernels/intra.py:239:16: warning: ub_to_l1.nd2nz composes multiple MTE3 bursts (one per NZ fractal column of the ND rows) — not a single instruction, and board-measured 10x slower than the compact-NZ move (D-084); store the tile as compact NZ from the @vf instead (a strided vf.store writes the fractal directly) and move it with the plain ub_to_l1. WHEN YOU DO: pad the staging tile by one row so that store's block stride is ODD. The natural stride is the tile's row count, which is 16-aligned by nature and so is the worst rung of the bank ladder (~8.7 cycles a store against ~1.1, D-084) — on the two kernels reworked in D-226 the padding was worth MORE than this move is (-12.3 and -10.8 us of -17.7 and -28.2), and it is worth taking blind: one UB row, and it only ever costs nothing when the store pipe is idle anyway
[perf] @kda_sub2_score_stable_kernel.vec #176 repo/kernels/projects/a5/kda_fwd_stable/kernels/intra.py:240:16: warning: ub_to_l1.nd2nz composes multiple MTE3 bursts (one per NZ fractal column of the ND rows) — not a single instruction, and board-measured 10x slower than the compact-NZ move (D-084); store the tile as compact NZ from the @vf instead (a strided vf.store writes the fractal directly) and move it with the plain ub_to_l1. WHEN YOU DO: pad the staging tile by one row so that store's block stride is ODD. The natural stride is the tile's row count, which is 16-aligned by nature and so is the worst rung of the bank ladder (~8.7 cycles a store against ~1.1, D-084) — on the two kernels reworked in D-226 the padding was worth MORE than this move is (-12.3 and -10.8 us of -17.7 and -28.2), and it is worth taking blind: one UB row, and it only ever costs nothing when the store pipe is idle anyway
COMPILE_PASS kda_sub2_score_stable_kernel
COMPILE_START forward tril_inverse64_v2_strict_bf16_kernel 4
[perf] @tril_inverse64_v2_strict_bf16_kernel.vec #101 workspace/kernels/projects/a5/kda_fwd/kernels/triangular_inverse.py:202:16: warning: ub_to_l1.nd2nz composes multiple MTE3 bursts (one per NZ fractal column of the ND rows) — not a single instruction, and board-measured 10x slower than the compact-NZ move (D-084); store the tile as compact NZ from the @vf instead (a strided vf.store writes the fractal directly) and move it with the plain ub_to_l1. WHEN YOU DO: pad the staging tile by one row so that store's block stride is ODD. The natural stride is the tile's row count, which is 16-aligned by nature and so is the worst rung of the bank ladder (~8.7 cycles a store against ~1.1, D-084) — on the two kernels reworked in D-226 the padding was worth MORE than this move is (-12.3 and -10.8 us of -17.7 and -28.2), and it is worth taking blind: one UB row, and it only ever costs nothing when the store pipe is idle anyway
[perf] @tril_inverse64_v2_strict_bf16_kernel.vec #156 workspace/kernels/projects/a5/kda_fwd/kernels/triangular_inverse.py:209:16: warning: ub_to_l1.nd2nz composes multiple MTE3 bursts (one per NZ fractal column of the ND rows) — not a single instruction, and board-measured 10x slower than the compact-NZ move (D-084); store the tile as compact NZ from the @vf instead (a strided vf.store writes the fractal directly) and move it with the plain ub_to_l1. WHEN YOU DO: pad the staging tile by one row so that store's block stride is ODD. The natural stride is the tile's row count, which is 16-aligned by nature and so is the worst rung of the bank ladder (~8.7 cycles a store against ~1.1, D-084) — on the two kernels reworked in D-226 the padding was worth MORE than this move is (-12.3 and -10.8 us of -17.7 and -28.2), and it is worth taking blind: one UB row, and it only ever costs nothing when the store pipe is idle anyway
[perf] @tril_inverse64_v2_strict_bf16_kernel.vec #158 workspace/kernels/projects/a5/kda_fwd/kernels/triangular_inverse.py:210:16: warning: ub_to_l1.nd2nz composes multiple MTE3 bursts (one per NZ fractal column of the ND rows) — not a single instruction, and board-measured 10x slower than the compact-NZ move (D-084); store the tile as compact NZ from the @vf instead (a strided vf.store writes the fractal directly) and move it with the plain ub_to_l1. WHEN YOU DO: pad the staging tile by one row so that store's block stride is ODD. The natural stride is the tile's row count, which is 16-aligned by nature and so is the worst rung of the bank ladder (~8.7 cycles a store against ~1.1, D-084) — on the two kernels reworked in D-226 the padding was worth MORE than this move is (-12.3 and -10.8 us of -17.7 and -28.2), and it is worth taking blind: one UB row, and it only ever costs nothing when the store pipe is idle anyway
[perf] @tril_inverse64_v2_strict_bf16_kernel.vec #242 workspace/kernels/projects/a5/kda_fwd/kernels/triangular_inverse.py:226:16: warning: ub_to_l1.nd2nz composes multiple MTE3 bursts (one per NZ fractal column of the ND rows) — not a single instruction, and board-measured 10x slower than the compact-NZ move (D-084); store the tile as compact NZ from the @vf instead (a strided vf.store writes the fractal directly) and move it with the plain ub_to_l1. WHEN YOU DO: pad the staging tile by one row so that store's block stride is ODD. The natural stride is the tile's row count, which is 16-aligned by nature and so is the worst rung of the bank ladder (~8.7 cycles a store against ~1.1, D-084) — on the two kernels reworked in D-226 the padding was worth MORE than this move is (-12.3 and -10.8 us of -17.7 and -28.2), and it is worth taking blind: one UB row, and it only ever costs nothing when the store pipe is idle anyway
[perf] @tril_inverse64_v2_strict_bf16_kernel.vec #244 workspace/kernels/projects/a5/kda_fwd/kernels/triangular_inverse.py:227:16: warning: ub_to_l1.nd2nz composes multiple MTE3 bursts (one per NZ fractal column of the ND rows) — not a single instruction, and board-measured 10x slower than the compact-NZ move (D-084); store the tile as compact NZ from the @vf instead (a strided vf.store writes the fractal directly) and move it with the plain ub_to_l1. WHEN YOU DO: pad the staging tile by one row so that store's block stride is ODD. The natural stride is the tile's row count, which is 16-aligned by nature and so is the worst rung of the bank ladder (~8.7 cycles a store against ~1.1, D-084) — on the two kernels reworked in D-226 the padding was worth MORE than this move is (-12.3 and -10.8 us of -17.7 and -28.2), and it is worth taking blind: one UB row, and it only ever costs nothing when the store pipe is idle anyway
[perf] @tril_inverse64_v2_strict_bf16_kernel.vec #246 workspace/kernels/projects/a5/kda_fwd/kernels/triangular_inverse.py:228:16: warning: ub_to_l1.nd2nz composes multiple MTE3 bursts (one per NZ fractal column of the ND rows) — not a single instruction, and board-measured 10x slower than the compact-NZ move (D-084); store the tile as compact NZ from the @vf instead (a strided vf.store writes the fractal directly) and move it with the plain ub_to_l1. WHEN YOU DO: pad the staging tile by one row so that store's block stride is ODD. The natural stride is the tile's row count, which is 16-aligned by nature and so is the worst rung of the bank ladder (~8.7 cycles a store against ~1.1, D-084) — on the two kernels reworked in D-226 the padding was worth MORE than this move is (-12.3 and -10.8 us of -17.7 and -28.2), and it is worth taking blind: one UB row, and it only ever costs nothing when the store pipe is idle anyway
[perf] @tril_inverse64_v2_strict_bf16_kernel.vec #248 workspace/kernels/projects/a5/kda_fwd/kernels/triangular_inverse.py:229:16: warning: ub_to_l1.nd2nz composes multiple MTE3 bursts (one per NZ fractal column of the ND rows) — not a single instruction, and board-measured 10x slower than the compact-NZ move (D-084); store the tile as compact NZ from the @vf instead (a strided vf.store writes the fractal directly) and move it with the plain ub_to_l1. WHEN YOU DO: pad the staging tile by one row so that store's block stride is ODD. The natural stride is the tile's row count, which is 16-aligned by nature and so is the worst rung of the bank ladder (~8.7 cycles a store against ~1.1, D-084) — on the two kernels reworked in D-226 the padding was worth MORE than this move is (-12.3 and -10.8 us of -17.7 and -28.2), and it is worth taking blind: one UB row, and it only ever costs nothing when the store pipe is idle anyway
[perf] @tril_inverse64_v2_strict_bf16_kernel.vec #305 workspace/kernels/projects/a5/kda_fwd/kernels/triangular_inverse.py:237:16: warning: ub_to_l1.nd2nz composes multiple MTE3 bursts (one per NZ fractal column of the ND rows) — not a single instruction, and board-measured 10x slower than the compact-NZ move (D-084); store the tile as compact NZ from the @vf instead (a strided vf.store writes the fractal directly) and move it with the plain ub_to_l1. WHEN YOU DO: pad the staging tile by one row so that store's block stride is ODD. The natural stride is the tile's row count, which is 16-aligned by nature and so is the worst rung of the bank ladder (~8.7 cycles a store against ~1.1, D-084) — on the two kernels reworked in D-226 the padding was worth MORE than this move is (-12.3 and -10.8 us of -17.7 and -28.2), and it is worth taking blind: one UB row, and it only ever costs nothing when the store pipe is idle anyway
[perf] @tril_inverse64_v2_strict_bf16_kernel.vec #307 workspace/kernels/projects/a5/kda_fwd/kernels/triangular_inverse.py:238:16: warning: ub_to_l1.nd2nz composes multiple MTE3 bursts (one per NZ fractal column of the ND rows) — not a single instruction, and board-measured 10x slower than the compact-NZ move (D-084); store the tile as compact NZ from the @vf instead (a strided vf.store writes the fractal directly) and move it with the plain ub_to_l1. WHEN YOU DO: pad the staging tile by one row so that store's block stride is ODD. The natural stride is the tile's row count, which is 16-aligned by nature and so is the worst rung of the bank ladder (~8.7 cycles a store against ~1.1, D-084) — on the two kernels reworked in D-226 the padding was worth MORE than this move is (-12.3 and -10.8 us of -17.7 and -28.2), and it is worth taking blind: one UB row, and it only ever costs nothing when the store pipe is idle anyway
[perf] @tril_inverse64_v2_strict_bf16_kernel.vec #309 workspace/kernels/projects/a5/kda_fwd/kernels/triangular_inverse.py:239:16: warning: ub_to_l1.nd2nz composes multiple MTE3 bursts (one per NZ fractal column of the ND rows) — not a single instruction, and board-measured 10x slower than the compact-NZ move (D-084); store the tile as compact NZ from the @vf instead (a strided vf.store writes the fractal directly) and move it with the plain ub_to_l1. WHEN YOU DO: pad the staging tile by one row so that store's block stride is ODD. The natural stride is the tile's row count, which is 16-aligned by nature and so is the worst rung of the bank ladder (~8.7 cycles a store against ~1.1, D-084) — on the two kernels reworked in D-226 the padding was worth MORE than this move is (-12.3 and -10.8 us of -17.7 and -28.2), and it is worth taking blind: one UB row, and it only ever costs nothing when the store pipe is idle anyway
COMPILE_PASS tril_inverse64_v2_strict_bf16_kernel
COMPILE_START forward kda_sub3_wy_stable_kernel 4
[perf] @kda_sub3_wy_stable_kernel.vec #181 repo/kernels/projects/a5/kda_fwd_stable/kernels/wy.py:192:12: warning: ub_to_l1.nd2nz composes multiple MTE3 bursts (one per NZ fractal column of the ND rows) — not a single instruction, and board-measured 10x slower than the compact-NZ move (D-084); store the tile as compact NZ from the @vf instead (a strided vf.store writes the fractal directly) and move it with the plain ub_to_l1. WHEN YOU DO: pad the staging tile by one row so that store's block stride is ODD. The natural stride is the tile's row count, which is 16-aligned by nature and so is the worst rung of the bank ladder (~8.7 cycles a store against ~1.1, D-084) — on the two kernels reworked in D-226 the padding was worth MORE than this move is (-12.3 and -10.8 us of -17.7 and -28.2), and it is worth taking blind: one UB row, and it only ever costs nothing when the store pipe is idle anyway
[perf] @kda_sub3_wy_stable_kernel.vec #187 repo/kernels/projects/a5/kda_fwd_stable/kernels/wy.py:193:12: warning: ub_to_l1.nd2nz composes multiple MTE3 bursts (one per NZ fractal column of the ND rows) — not a single instruction, and board-measured 10x slower than the compact-NZ move (D-084); store the tile as compact NZ from the @vf instead (a strided vf.store writes the fractal directly) and move it with the plain ub_to_l1. WHEN YOU DO: pad the staging tile by one row so that store's block stride is ODD. The natural stride is the tile's row count, which is 16-aligned by nature and so is the worst rung of the bank ladder (~8.7 cycles a store against ~1.1, D-084) — on the two kernels reworked in D-226 the padding was worth MORE than this move is (-12.3 and -10.8 us of -17.7 and -28.2), and it is worth taking blind: one UB row, and it only ever costs nothing when the store pipe is idle anyway
COMPILE_PASS kda_sub3_wy_stable_kernel
COMPILE_START forward kda_sub45_aqk_repaired_kernel 4
[perf] @kda_sub45_aqk_repaired_kernel.vec #144 repo/kernels/projects/a5/kda_fwd_stable/kernels/recurrent.py:210:16: warning: ub_to_l1.nd2nz composes multiple MTE3 bursts (one per NZ fractal column of the ND rows) — not a single instruction, and board-measured 10x slower than the compact-NZ move (D-084); store the tile as compact NZ from the @vf instead (a strided vf.store writes the fractal directly) and move it with the plain ub_to_l1. WHEN YOU DO: pad the staging tile by one row so that store's block stride is ODD. The natural stride is the tile's row count, which is 16-aligned by nature and so is the worst rung of the bank ladder (~8.7 cycles a store against ~1.1, D-084) — on the two kernels reworked in D-226 the padding was worth MORE than this move is (-12.3 and -10.8 us of -17.7 and -28.2), and it is worth taking blind: one UB row, and it only ever costs nothing when the store pipe is idle anyway
[perf] @kda_sub45_aqk_repaired_kernel.vec #213 repo/kernels/projects/a5/kda_fwd_stable/kernels/recurrent.py:234:12: warning: ub_to_l1.nd2nz composes multiple MTE3 bursts (one per NZ fractal column of the ND rows) — not a single instruction, and board-measured 10x slower than the compact-NZ move (D-084); store the tile as compact NZ from the @vf instead (a strided vf.store writes the fractal directly) and move it with the plain ub_to_l1. WHEN YOU DO: pad the staging tile by one row so that store's block stride is ODD. The natural stride is the tile's row count, which is 16-aligned by nature and so is the worst rung of the bank ladder (~8.7 cycles a store against ~1.1, D-084) — on the two kernels reworked in D-226 the padding was worth MORE than this move is (-12.3 and -10.8 us of -17.7 and -28.2), and it is worth taking blind: one UB row, and it only ever costs nothing when the store pipe is idle anyway
[perf] @kda_sub45_aqk_repaired_kernel.vec #371 repo/kernels/projects/a5/kda_fwd_stable/kernels/recurrent.py:314:16: warning: ub_to_l1.nd2nz composes multiple MTE3 bursts (one per NZ fractal column of the ND rows) — not a single instruction, and board-measured 10x slower than the compact-NZ move (D-084); store the tile as compact NZ from the @vf instead (a strided vf.store writes the fractal directly) and move it with the plain ub_to_l1. WHEN YOU DO: pad the staging tile by one row so that store's block stride is ODD. The natural stride is the tile's row count, which is 16-aligned by nature and so is the worst rung of the bank ladder (~8.7 cycles a store against ~1.1, D-084) — on the two kernels reworked in D-226 the padding was worth MORE than this move is (-12.3 and -10.8 us of -17.7 and -28.2), and it is worth taking blind: one UB row, and it only ever costs nothing when the store pipe is idle anyway
COMPILE_PASS kda_sub45_aqk_repaired_kernel
COMPILE_START backward scan_fused_kernel 4
[perf] @snapshot_and_cast_state_vf #106 workspace/kernels/projects/a5/kda_bwd/kernels/scan_fused.py:53:8: warning: strided block store with an even block stride (64): consecutive datablocks hit conflicting UB banks and the store port serialises (board-measured: ~2x an odd stride, ~8x at multiples of 16 — D-084); pad the destination row so the stride is odd (65) to restore the flat rate
[perf] @add_dv_and_cast_bf16_vf #260 workspace/kernels/projects/a5/kda_bwd/kernels/scan_fused.py:77:8: warning: strided block store with an even block stride (32): consecutive datablocks hit conflicting UB banks and the store port serialises (board-measured: ~2x an odd stride, ~8x at multiples of 16 — D-084); pad the destination row so the stride is odd (33) to restore the flat rate
[perf] @update_dstate_vf #457 workspace/kernels/projects/a5/kda_bwd/kernels/scan_fused.py:135:8: warning: strided block store with an even block stride (64): consecutive datablocks hit conflicting UB banks and the store port serialises (board-measured: ~2x an odd stride, ~8x at multiples of 16 — D-084); pad the destination row so the stride is odd (65) to restore the flat rate
COMPILE_PASS scan_fused_kernel
COMPILE_START backward inverse_mm_bounded_kernel 4
[perf] @inverse_mm_bounded_kernel.vec #117 repo/kernels/projects/a5/kda_bwd_stable/kernels/inverse_mm.py:120:16: warning: ub_to_l1.nd2nz composes multiple MTE3 bursts (one per NZ fractal column of the ND rows) — not a single instruction, and board-measured 10x slower than the compact-NZ move (D-084); store the tile as compact NZ from the @vf instead (a strided vf.store writes the fractal directly) and move it with the plain ub_to_l1. WHEN YOU DO: pad the staging tile by one row so that store's block stride is ODD. The natural stride is the tile's row count, which is 16-aligned by nature and so is the worst rung of the bank ladder (~8.7 cycles a store against ~1.1, D-084) — on the two kernels reworked in D-226 the padding was worth MORE than this move is (-12.3 and -10.8 us of -17.7 and -28.2), and it is worth taking blind: one UB row, and it only ever costs nothing when the store pipe is idle anyway
COMPILE_PASS inverse_mm_bounded_kernel
COMPILE_START backward inverse_epilogue_kernel 4
COMPILE_PASS inverse_epilogue_kernel
COMPILE_START backward inverse_dainv_kernel 4
COMPILE_PASS inverse_dainv_kernel
COMPILE_START backward inverse_dakk_fused_kernel 4
[perf] @inverse_dakk_fused_kernel.vec #85 workspace/kernels/projects/a5/kda_bwd/kernels/inverse_dakk_fused.py:99:16: warning: ub_to_l1.nd2nz composes multiple MTE3 bursts (one per NZ fractal column of the ND rows) — not a single instruction, and board-measured 10x slower than the compact-NZ move (D-084); store the tile as compact NZ from the @vf instead (a strided vf.store writes the fractal directly) and move it with the plain ub_to_l1. WHEN YOU DO: pad the staging tile by one row so that store's block stride is ODD. The natural stride is the tile's row count, which is 16-aligned by nature and so is the worst rung of the bank ladder (~8.7 cycles a store against ~1.1, D-084) — on the two kernels reworked in D-226 the padding was worth MORE than this move is (-12.3 and -10.8 us of -17.7 and -28.2), and it is worth taking blind: one UB row, and it only ever costs nothing when the store pipe is idle anyway
COMPILE_PASS inverse_dakk_fused_kernel
COMPILE_START backward finalize_pre_stable_kernel 4
COMPILE_PASS finalize_pre_stable_kernel
COMPILE_START backward finalize_pair_kernel 4
COMPILE_PASS finalize_pair_kernel
COMPILE_START backward finalize_post_stable_kernel 4
COMPILE_PASS finalize_post_stable_kernel
COMPILE_START backward finalize_reduce_kernel 4
COMPILE_PASS finalize_reduce_kernel
CASE_START full_b2_t16_h4_g8_bf16
CASE_PASS full_b2_t16_h4_g8_bf16 {"o": {"relative_l2": 0.0016565226398026175, "max_abs": 5.6259334087371826e-05, "finite": true}, "final_state": {"relative_l2": 1.5258328760170573e-07, "max_abs": 5.960464477539063e-08, "finite": true}, "output_floor": 0.0016565226136608152, "output_budget": 0.004969567840982445, "state_budget": 1e-05, "passed": true}
CASE_START full_b2_t16_h4_g8_fp32
CASE_PASS full_b2_t16_h4_g8_fp32 {"o": {"relative_l2": 1.9424225033648819e-07, "max_abs": 4.6566128730773926e-09, "finite": true}, "final_state": {"relative_l2": 1.5258328760170573e-07, "max_abs": 5.960464477539063e-08, "finite": true}, "passed": true}
CASE_START fp32_scale_0.0_fp32
CASE_PASS fp32_scale_0.0_fp32 {"o": {"relative_l2": 0.0, "max_abs": 0.0, "finite": true}, "final_state": {"relative_l2": 1.5258328760170573e-07, "max_abs": 5.960464477539063e-08, "finite": true}, "passed": true}
CASE_START fp32_scale_1.0_fp32
CASE_PASS fp32_scale_1.0_fp32 {"o": {"relative_l2": 1.9357030602762217e-07, "max_abs": 7.450580596923828e-08, "finite": true}, "final_state": {"relative_l2": 1.5258328760170573e-07, "max_abs": 5.960464477539063e-08, "finite": true}, "passed": true}
CASE_START fp32_scale_0.3_fp32
CASE_PASS fp32_scale_0.3_fp32 {"o": {"relative_l2": 1.9418409810108787e-07, "max_abs": 1.862645149230957e-08, "finite": true}, "final_state": {"relative_l2": 1.5258328760170573e-07, "max_abs": 5.960464477539063e-08, "finite": true}, "passed": true}
CASE_START fp32_scale_-1.0_fp32
CASE_PASS fp32_scale_-1.0_fp32 {"o": {"relative_l2": 1.9357030602762217e-07, "max_abs": 7.450580596923828e-08, "finite": true}, "final_state": {"relative_l2": 1.5258328760170573e-07, "max_abs": 5.960464477539063e-08, "finite": true}, "passed": true}
PREFILL_START prefill_00 {'B': 1, 'H': 2, 'G': 1, 'prefix': 64, 'state': False}
PREFILL_PASS prefill_00 {"A": {"o": 0.00276444034439438, "state": 0.0001225161348853423, "o_budget": 0.01, "state_budget": 0.01}, "B": {"o": 0.00276444034439438, "state": 0.0001225161348853423, "o_budget": 0.01, "state_budget": 0.01}}
PREFILL_START prefill_01 {'B': 1, 'H': 2, 'G': 1, 'prefix': 64, 'state': True}
PREFILL_PASS prefill_01 {"A": {"o": 0.0030572367376811667, "state": 0.00014733305316494278, "o_budget": 0.01, "state_budget": 0.01}, "B": {"o": 0.0030572367376811667, "state": 0.00014733305316494278, "o_budget": 0.01, "state_budget": 0.01}}
PREFILL_START prefill_02 {'B': 1, 'H': 2, 'G': 2, 'prefix': 64, 'state': False}
PREFILL_PASS prefill_02 {"A": {"o": 0.0026340403117936194, "state": 9.112665231392635e-05, "o_budget": 0.01, "state_budget": 0.01}, "B": {"o": 0.0026340403117936194, "state": 9.112665231392635e-05, "o_budget": 0.01, "state_budget": 0.01}}
PREFILL_START prefill_03 {'B': 1, 'H': 2, 'G': 2, 'prefix': 64, 'state': True}
PREFILL_PASS prefill_03 {"A": {"o": 0.002903309410096069, "state": 0.00010529610833987695, "o_budget": 0.01, "state_budget": 0.01}, "B": {"o": 0.002903309410096069, "state": 0.00010529610833987695, "o_budget": 0.01, "state_budget": 0.01}}
PREFILL_START prefill_04 {'B': 1, 'H': 2, 'G': 4, 'prefix': 64, 'state': False}
PREFILL_PASS prefill_04 {"A": {"o": 0.0027244759749369234, "state": 0.00010356193116292161, "o_budget": 0.01, "state_budget": 0.01}, "B": {"o": 0.0027244759749369234, "state": 0.00010356193116292161, "o_budget": 0.01, "state_budget": 0.01}}
PREFILL_START prefill_05 {'B': 1, 'H': 2, 'G': 4, 'prefix': 64, 'state': True}
PREFILL_PASS prefill_05 {"A": {"o": 0.002987628749789164, "state": 0.00012015736183366287, "o_budget": 0.01, "state_budget": 0.00995619387390431}, "B": {"o": 0.002987628749789164, "state": 0.00012015736183366287, "o_budget": 0.01, "state_budget": 0.00995619387390431}}
PREFILL_START prefill_06 {'B': 1, 'H': 2, 'G': 8, 'prefix': 64, 'state': False}
PREFILL_PASS prefill_06 {"A": {"o": 0.002646128795289064, "state": 0.00010345164404194399, "o_budget": 0.01, "state_budget": 0.009831356106423276}, "B": {"o": 0.002646128795289064, "state": 0.00010345164404194399, "o_budget": 0.01, "state_budget": 0.009831356106423276}}
PREFILL_START prefill_07 {'B': 1, 'H': 2, 'G': 8, 'prefix': 64, 'state': True}
PREFILL_PASS prefill_07 {"A": {"o": 0.0029221227071386615, "state": 0.00012101337774290635, "o_budget": 0.01, "state_budget": 0.009827619019340471}, "B": {"o": 0.0029221227071386615, "state": 0.00012101337774290635, "o_budget": 0.01, "state_budget": 0.009827619019340471}}
PREFILL_START prefill_08 {'B': 1, 'H': 2, 'G': 1, 'prefix': 128, 'state': False}
PREFILL_PASS prefill_08 {"A": {"o": 0.003092303234678752, "state": 0.00011699174516972404, "o_budget": 0.01, "state_budget": 0.009817126961569075}, "B": {"o": 0.003092303234678752, "state": 0.00011699174516972404, "o_budget": 0.01, "state_budget": 0.009817126961569075}}
PREFILL_START prefill_09 {'B': 1, 'H': 2, 'G': 1, 'prefix': 128, 'state': True}
PREFILL_PASS prefill_09 {"A": {"o": 0.0032268017373082505, "state": 0.00011812241933173636, "o_budget": 0.01, "state_budget": 0.009816561615363385}, "B": {"o": 0.0032268017373082505, "state": 0.00011812241933173636, "o_budget": 0.01, "state_budget": 0.009816561615363385}}
PREFILL_START prefill_10 {'B': 1, 'H': 2, 'G': 2, 'prefix': 128, 'state': False}
PREFILL_PASS prefill_10 {"A": {"o": 0.003170865884272079, "state": 0.00012977458212327784, "o_budget": 0.01, "state_budget": 0.009968809023878365}, "B": {"o": 0.003170865884272079, "state": 0.00012977458212327784, "o_budget": 0.01, "state_budget": 0.009968809023878365}}
PREFILL_START prefill_11 {'B': 1, 'H': 2, 'G': 2, 'prefix': 128, 'state': True}
PREFILL_PASS prefill_11 {"A": {"o": 0.0032680689260221685, "state": 0.00012929591726967222, "o_budget": 0.01, "state_budget": 0.009963805388224483}, "B": {"o": 0.0032680689260221685, "state": 0.00012929591726967222, "o_budget": 0.01, "state_budget": 0.009963805388224483}}
PREFILL_START prefill_12 {'B': 1, 'H': 2, 'G': 4, 'prefix': 128, 'state': False}
PREFILL_PASS prefill_12 {"A": {"o": 0.003192079397814776, "state": 0.00012510803237912084, "o_budget": 0.01, "state_budget": 0.01}, "B": {"o": 0.003192079397814776, "state": 0.00012510803237912084, "o_budget": 0.01, "state_budget": 0.01}}
PREFILL_START prefill_13 {'B': 1, 'H': 2, 'G': 4, 'prefix': 128, 'state': True}
PREFILL_PASS prefill_13 {"A": {"o": 0.0033162746608236854, "state": 0.00012541389214564547, "o_budget": 0.01, "state_budget": 0.01}, "B": {"o": 0.0033162746608236854, "state": 0.00012541389214564547, "o_budget": 0.01, "state_budget": 0.01}}
PREFILL_START prefill_14 {'B': 1, 'H': 2, 'G': 8, 'prefix': 128, 'state': False}
PREFILL_PASS prefill_14 {"A": {"o": 0.0031853380428932617, "state": 0.00012135636102995174, "o_budget": 0.01, "state_budget": 0.01}, "B": {"o": 0.0031853380428932617, "state": 0.00012135636102995174, "o_budget": 0.01, "state_budget": 0.01}}
PREFILL_START prefill_15 {'B': 1, 'H': 2, 'G': 8, 'prefix': 128, 'state': True}
PREFILL_PASS prefill_15 {"A": {"o": 0.0033009804186878997, "state": 0.00012092205761276026, "o_budget": 0.01, "state_budget": 0.01}, "B": {"o": 0.0033009804186878997, "state": 0.00012092205761276026, "o_budget": 0.01, "state_budget": 0.01}}
PREFILL_START prefill_16 {'B': 2, 'H': 4, 'G': 8, 'prefix': 128, 'state': True}
PREFILL_PASS prefill_16 {"A": {"o": 0.003287733694592232, "state": 0.00012074457550551105, "o_budget": 0.01, "state_budget": 0.01}, "B": {"o": 0.003287733694592232, "state": 0.00012074457550551105, "o_budget": 0.01, "state_budget": 0.01}}
PREFILL_START prefill_17 {'B': 1, 'H': 32, 'G': 1, 'prefix': 128, 'state': True}
PREFILL_PASS prefill_17 {"A": {"o": 0.003298296544563316, "state": 0.000116751936552141, "o_budget": 0.01, "state_budget": 0.01}, "B": {"o": 0.003298296544563316, "state": 0.000116751936552141, "o_budget": 0.01, "state_budget": 0.01}}
PREFILL_START prefill_18 {'B': 1, 'H': 2, 'G': 4, 'prefix': 128, 'state': True, 'span': 0.0}
PREFILL_PASS prefill_18 {"A": {"o": 0.003663001964088213, "state": 0.0024705663187917465, "o_budget": 0.01, "state_budget": 0.01}, "B": {"o": 0.003663001964088213, "state": 0.0024705663187917465, "o_budget": 0.01, "state_budget": 0.01}}
PREFILL_START prefill_19 {'B': 1, 'H': 2, 'G': 4, 'prefix': 128, 'state': True, 'span': 105.0}
PREFILL_PASS prefill_19 {"A": {"o": 0.0028278954628137266, "state": 2.1749270073108182e-09, "o_budget": 0.009828262293910402, "state_budget": 0.007109832913225592}, "B": {"o": 0.0028278954628137266, "state": 2.1749270073108182e-09, "o_budget": 0.009828262293910402, "state_budget": 0.007109832913225592}}
PREFILL_START prefill_20 {'B': 1, 'H': 2, 'G': 4, 'prefix': 128, 'state': True, 'span': 155.0}
PREFILL_PASS prefill_20 {"A": {"o": 0.002863680801350382, "state": 7.166372127623437e-09, "o_budget": 0.009899806754257168, "state_budget": 0.0070380242230957115}, "B": {"o": 0.002863680801350382, "state": 7.166372127623437e-09, "o_budget": 0.009899806754257168, "state_budget": 0.0070380242230957115}}
NATIVE_PASS 4 6
