==> aclnn_batch2_grouped.log
{"unit": "a2.kda_bwd_stable", "command": "check", "stage": "board", "versions": {"python": "3.11.15", "ascriptor": null, "torch": "2.10.0+cpu", "numpy": "1.26.4"}, "passed": true, "cases": 1}

==> aclnn_gentle_decay_bd1.log
{"unit": "a2.kda_bwd_stable", "command": "check", "stage": "board", "versions": {"python": "3.11.15", "ascriptor": null, "torch": "2.10.0+cpu", "numpy": "1.26.4"}, "passed": true, "cases": 1}

==> aclnn_gentle_decay_bd2.log
{"unit": "a2.kda_bwd_stable", "command": "check", "stage": "board", "versions": {"python": "3.11.15", "ascriptor": null, "torch": "2.10.0+cpu", "numpy": "1.26.4"}, "passed": true, "cases": 1}

==> aclnn_grid_c1_hv1_bd1.log
{"unit": "a2.kda_bwd_stable", "command": "check", "stage": "board", "versions": {"python": "3.11.15", "ascriptor": null, "torch": "2.10.0+cpu", "numpy": "1.26.4"}, "passed": true, "cases": 1}

==> aclnn_grid_c1_hv1_bd2.log
{"unit": "a2.kda_bwd_stable", "command": "check", "stage": "board", "versions": {"python": "3.11.15", "ascriptor": null, "torch": "2.10.0+cpu", "numpy": "1.26.4"}, "passed": true, "cases": 1}

==> aclnn_grid_c1_hv2_bd1.log
{"unit": "a2.kda_bwd_stable", "command": "check", "stage": "board", "versions": {"python": "3.11.15", "ascriptor": null, "torch": "2.10.0+cpu", "numpy": "1.26.4"}, "passed": true, "cases": 1}

==> aclnn_grid_c1_hv2_bd2.log
{"unit": "a2.kda_bwd_stable", "command": "check", "stage": "board", "versions": {"python": "3.11.15", "ascriptor": null, "torch": "2.10.0+cpu", "numpy": "1.26.4"}, "passed": true, "cases": 1}

==> aclnn_grid_c1_hv4_bd1.log
{"unit": "a2.kda_bwd_stable", "command": "check", "stage": "board", "versions": {"python": "3.11.15", "ascriptor": null, "torch": "2.10.0+cpu", "numpy": "1.26.4"}, "passed": true, "cases": 1}

==> aclnn_grid_c1_hv4_bd2.log
{"unit": "a2.kda_bwd_stable", "command": "check", "stage": "board", "versions": {"python": "3.11.15", "ascriptor": null, "torch": "2.10.0+cpu", "numpy": "1.26.4"}, "passed": true, "cases": 1}

==> aclnn_grid_c2_hv1_bd1.log
{"unit": "a2.kda_bwd_stable", "command": "check", "stage": "board", "versions": {"python": "3.11.15", "ascriptor": null, "torch": "2.10.0+cpu", "numpy": "1.26.4"}, "passed": true, "cases": 1}

==> aclnn_grid_c2_hv1_bd2.log
{"unit": "a2.kda_bwd_stable", "command": "check", "stage": "board", "versions": {"python": "3.11.15", "ascriptor": null, "torch": "2.10.0+cpu", "numpy": "1.26.4"}, "passed": true, "cases": 1}

==> aclnn_grid_c2_hv2_bd1.log
{"unit": "a2.kda_bwd_stable", "command": "check", "stage": "board", "versions": {"python": "3.11.15", "ascriptor": null, "torch": "2.10.0+cpu", "numpy": "1.26.4"}, "passed": true, "cases": 1}

==> aclnn_grid_c2_hv2_bd2.log
{"unit": "a2.kda_bwd_stable", "command": "check", "stage": "board", "versions": {"python": "3.11.15", "ascriptor": null, "torch": "2.10.0+cpu", "numpy": "1.26.4"}, "passed": true, "cases": 1}

==> aclnn_grid_c2_hv4_bd1.log
{"unit": "a2.kda_bwd_stable", "command": "check", "stage": "board", "versions": {"python": "3.11.15", "ascriptor": null, "torch": "2.10.0+cpu", "numpy": "1.26.4"}, "passed": true, "cases": 1}

==> aclnn_grid_c2_hv4_bd2.log
{"unit": "a2.kda_bwd_stable", "command": "check", "stage": "board", "versions": {"python": "3.11.15", "ascriptor": null, "torch": "2.10.0+cpu", "numpy": "1.26.4"}, "passed": true, "cases": 1}

==> aclnn_grouped_heads_bd1.log
{"unit": "a2.kda_bwd_stable", "command": "check", "stage": "board", "versions": {"python": "3.11.15", "ascriptor": null, "torch": "2.10.0+cpu", "numpy": "1.26.4"}, "passed": true, "cases": 1}

==> aclnn_grouped_heads_bd2.log
{"unit": "a2.kda_bwd_stable", "command": "check", "stage": "board", "versions": {"python": "3.11.15", "ascriptor": null, "torch": "2.10.0+cpu", "numpy": "1.26.4"}, "passed": true, "cases": 1}

==> aclnn_grouped_idle_cores_bd1.log
{"unit": "a2.kda_bwd_stable", "command": "check", "stage": "board", "versions": {"python": "3.11.15", "ascriptor": null, "torch": "2.10.0+cpu", "numpy": "1.26.4"}, "passed": true, "cases": 1}

==> aclnn_grouped_idle_cores_bd2.log
{"unit": "a2.kda_bwd_stable", "command": "check", "stage": "board", "versions": {"python": "3.11.15", "ascriptor": null, "torch": "2.10.0+cpu", "numpy": "1.26.4"}, "passed": true, "cases": 1}

==> aclnn_multi_chunk_bd1.log
{"unit": "a2.kda_bwd_stable", "command": "check", "stage": "board", "versions": {"python": "3.11.15", "ascriptor": null, "torch": "2.10.0+cpu", "numpy": "1.26.4"}, "passed": true, "cases": 1}

==> aclnn_multi_chunk_bd2.log
{"unit": "a2.kda_bwd_stable", "command": "check", "stage": "board", "versions": {"python": "3.11.15", "ascriptor": null, "torch": "2.10.0+cpu", "numpy": "1.26.4"}, "passed": true, "cases": 1}

==> aclnn_odd_chunks_c3_bd1.log
{"unit": "a2.kda_bwd_stable", "command": "check", "stage": "board", "versions": {"python": "3.11.15", "ascriptor": null, "torch": "2.10.0+cpu", "numpy": "1.26.4"}, "passed": true, "cases": 1}

==> aclnn_odd_chunks_c3_bd2.log
{"unit": "a2.kda_bwd_stable", "command": "check", "stage": "board", "versions": {"python": "3.11.15", "ascriptor": null, "torch": "2.10.0+cpu", "numpy": "1.26.4"}, "passed": true, "cases": 1}

==> aclnn_single_chunk_bd1.log
{"unit": "a2.kda_bwd_stable", "command": "check", "stage": "board", "versions": {"python": "3.11.15", "ascriptor": null, "torch": "2.10.0+cpu", "numpy": "1.26.4"}, "passed": true, "cases": 1}

==> aclnn_single_chunk_bd2.log
{"unit": "a2.kda_bwd_stable", "command": "check", "stage": "board", "versions": {"python": "3.11.15", "ascriptor": null, "torch": "2.10.0+cpu", "numpy": "1.26.4"}, "passed": true, "cases": 1}

==> aclnn_zero_initial_state.log
{"unit": "a2.kda_bwd_stable", "command": "check", "stage": "board", "versions": {"python": "3.11.15", "ascriptor": null, "torch": "2.10.0+cpu", "numpy": "1.26.4"}, "passed": true, "cases": 1}

