single_chunk_bd1 card3 exit=0 {"unit": "a2.kda_bwd_stable", "command": "check", "stage": "board", "versions": {"python": "3.11.15", "ascriptor": null, "torch": "2.10.0+cpu", "numpy": "1.26.4"}, "passed": true, "cases": 1}
grouped_heads_bd1 card3 exit=0 {"unit": "a2.kda_bwd_stable", "command": "check", "stage": "board", "versions": {"python": "3.11.15", "ascriptor": null, "torch": "2.10.0+cpu", "numpy": "1.26.4"}, "passed": true, "cases": 1}
grouped_idle_cores_bd1 card3 exit=0 {"unit": "a2.kda_bwd_stable", "command": "check", "stage": "board", "versions": {"python": "3.11.15", "ascriptor": null, "torch": "2.10.0+cpu", "numpy": "1.26.4"}, "passed": true, "cases": 1}
grid_c1_hv2_bd1 card3 exit=0 {"unit": "a2.kda_bwd_stable", "command": "check", "stage": "board", "versions": {"python": "3.11.15", "ascriptor": null, "torch": "2.10.0+cpu", "numpy": "1.26.4"}, "passed": true, "cases": 1}
grid_c2_hv1_bd1 card3 exit=0 {"unit": "a2.kda_bwd_stable", "command": "check", "stage": "board", "versions": {"python": "3.11.15", "ascriptor": null, "torch": "2.10.0+cpu", "numpy": "1.26.4"}, "passed": true, "cases": 1}
grid_c2_hv4_bd1 card3 exit=0 {"unit": "a2.kda_bwd_stable", "command": "check", "stage": "board", "versions": {"python": "3.11.15", "ascriptor": null, "torch": "2.10.0+cpu", "numpy": "1.26.4"}, "passed": true, "cases": 1}
zero_initial_state card3 exit=0 {"unit": "a2.kda_bwd_stable", "command": "check", "stage": "board", "versions": {"python": "3.11.15", "ascriptor": null, "torch": "2.10.0+cpu", "numpy": "1.26.4"}, "passed": true, "cases": 1}
single_chunk_bd2 card4 exit=0 {"unit": "a2.kda_bwd_stable", "command": "check", "stage": "board", "versions": {"python": "3.11.15", "ascriptor": null, "torch": "2.10.0+cpu", "numpy": "1.26.4"}, "passed": true, "cases": 1}
grouped_heads_bd2 card4 exit=0 {"unit": "a2.kda_bwd_stable", "command": "check", "stage": "board", "versions": {"python": "3.11.15", "ascriptor": null, "torch": "2.10.0+cpu", "numpy": "1.26.4"}, "passed": true, "cases": 1}
grouped_idle_cores_bd2 card4 exit=0 {"unit": "a2.kda_bwd_stable", "command": "check", "stage": "board", "versions": {"python": "3.11.15", "ascriptor": null, "torch": "2.10.0+cpu", "numpy": "1.26.4"}, "passed": true, "cases": 1}
grid_c1_hv2_bd2 card4 exit=0 {"unit": "a2.kda_bwd_stable", "command": "check", "stage": "board", "versions": {"python": "3.11.15", "ascriptor": null, "torch": "2.10.0+cpu", "numpy": "1.26.4"}, "passed": true, "cases": 1}
grid_c2_hv1_bd2 card4 exit=0 {"unit": "a2.kda_bwd_stable", "command": "check", "stage": "board", "versions": {"python": "3.11.15", "ascriptor": null, "torch": "2.10.0+cpu", "numpy": "1.26.4"}, "passed": true, "cases": 1}
grid_c2_hv4_bd2 card4 exit=0 {"unit": "a2.kda_bwd_stable", "command": "check", "stage": "board", "versions": {"python": "3.11.15", "ascriptor": null, "torch": "2.10.0+cpu", "numpy": "1.26.4"}, "passed": true, "cases": 1}
batch2_grouped card4 exit=0 {"unit": "a2.kda_bwd_stable", "command": "check", "stage": "board", "versions": {"python": "3.11.15", "ascriptor": null, "torch": "2.10.0+cpu", "numpy": "1.26.4"}, "passed": true, "cases": 1}
multi_chunk_bd1 card5 exit=0 {"unit": "a2.kda_bwd_stable", "command": "check", "stage": "board", "versions": {"python": "3.11.15", "ascriptor": null, "torch": "2.10.0+cpu", "numpy": "1.26.4"}, "passed": true, "cases": 1}
gentle_decay_bd1 card5 exit=0 {"unit": "a2.kda_bwd_stable", "command": "check", "stage": "board", "versions": {"python": "3.11.15", "ascriptor": null, "torch": "2.10.0+cpu", "numpy": "1.26.4"}, "passed": true, "cases": 1}
grid_c1_hv1_bd1 card5 exit=0 {"unit": "a2.kda_bwd_stable", "command": "check", "stage": "board", "versions": {"python": "3.11.15", "ascriptor": null, "torch": "2.10.0+cpu", "numpy": "1.26.4"}, "passed": true, "cases": 1}
grid_c1_hv4_bd1 card5 exit=1 {"passed": false, "error": "ContractError: finalize_pair.s_base: allclose comparison failed; max finite absolute error 0.015625"}
grid_c2_hv2_bd1 card5 exit=0 {"unit": "a2.kda_bwd_stable", "command": "check", "stage": "board", "versions": {"python": "3.11.15", "ascriptor": null, "torch": "2.10.0+cpu", "numpy": "1.26.4"}, "passed": true, "cases": 1}
odd_chunks_c3_bd1 card5 exit=0 {"unit": "a2.kda_bwd_stable", "command": "check", "stage": "board", "versions": {"python": "3.11.15", "ascriptor": null, "torch": "2.10.0+cpu", "numpy": "1.26.4"}, "passed": true, "cases": 1}
multi_chunk_bd2 card7 exit=0 {"unit": "a2.kda_bwd_stable", "command": "check", "stage": "board", "versions": {"python": "3.11.15", "ascriptor": null, "torch": "2.10.0+cpu", "numpy": "1.26.4"}, "passed": true, "cases": 1}
gentle_decay_bd2 card7 exit=0 {"unit": "a2.kda_bwd_stable", "command": "check", "stage": "board", "versions": {"python": "3.11.15", "ascriptor": null, "torch": "2.10.0+cpu", "numpy": "1.26.4"}, "passed": true, "cases": 1}
grid_c1_hv1_bd2 card7 exit=0 {"unit": "a2.kda_bwd_stable", "command": "check", "stage": "board", "versions": {"python": "3.11.15", "ascriptor": null, "torch": "2.10.0+cpu", "numpy": "1.26.4"}, "passed": true, "cases": 1}
grid_c1_hv4_bd2 card7 exit=0 {"unit": "a2.kda_bwd_stable", "command": "check", "stage": "board", "versions": {"python": "3.11.15", "ascriptor": null, "torch": "2.10.0+cpu", "numpy": "1.26.4"}, "passed": true, "cases": 1}
grid_c2_hv2_bd2 card7 exit=0 {"unit": "a2.kda_bwd_stable", "command": "check", "stage": "board", "versions": {"python": "3.11.15", "ascriptor": null, "torch": "2.10.0+cpu", "numpy": "1.26.4"}, "passed": true, "cases": 1}
odd_chunks_c3_bd2 card7 exit=0 {"unit": "a2.kda_bwd_stable", "command": "check", "stage": "board", "versions": {"python": "3.11.15", "ascriptor": null, "torch": "2.10.0+cpu", "numpy": "1.26.4"}, "passed": true, "cases": 1}
