COMPILE_START pkda_chunk_prepare bd 3
COMPILE_PASS pkda_chunk_prepare 0.6539697439875454
COMPILE_START pkda_chunk_scores bd 3
COMPILE_PASS pkda_chunk_scores 0.16269464790821075
COMPILE_START pkda_chunk_wy bd 3
COMPILE_PASS pkda_chunk_wy 0.21036438399460167
COMPILE_START pkda_chunk_scan bd 3
COMPILE_PASS pkda_chunk_scan 0.17412420397158712
COMPILE_START pkda_chunk_output bd 3
COMPILE_PASS pkda_chunk_output 0.17463209107518196
CASE_START t4096_h8 {'B': 1, 'T': 4096, 'H': 8, 'N': 64, 'state_scale': 0.05, 'A_scale': 0.03, 'gate_scale': 0.1}
STAGE_EXECUTED t4096_h8 pkda_chunk_prepare 0.7390291950432584
STAGE_EXECUTED t4096_h8 pkda_chunk_scores 0.06894775701221079
STAGE_EXECUTED t4096_h8 pkda_chunk_wy 0.06043036188930273
STAGE_EXECUTED t4096_h8 pkda_chunk_scan 0.06642535096034408
STAGE_EXECUTED t4096_h8 pkda_chunk_output 0.03083975601475686
CASE_PASS t4096_h8 {"o": {"relative_l2": 4.4586199458489094e-07, "max_abs": 3.3527612686157227e-08}, "final_state": {"relative_l2": 4.016814744062547e-07, "max_abs": 1.6391277313232422e-07}, "final_A_state": {"relative_l2": 7.202348048215453e-08, "max_abs": 7.450580596923828e-09}}
CASE_START t1_h1 {'B': 1, 'T': 1, 'H': 1, 'N': 1, 'state_scale': 0.05, 'A_scale': 0.03, 'gate_scale': 0.1}
STAGE_EXECUTED t1_h1 pkda_chunk_prepare 0.0005204399349167943
STAGE_EXECUTED t1_h1 pkda_chunk_scores 0.0002510469639673829
STAGE_EXECUTED t1_h1 pkda_chunk_wy 0.00025599298533052206
STAGE_EXECUTED t1_h1 pkda_chunk_scan 0.0002764860400930047
STAGE_EXECUTED t1_h1 pkda_chunk_output 0.00024402805138379335
CASE_PASS t1_h1 {"o": {"relative_l2": 2.69008020072325e-07, "max_abs": 3.259629011154175e-09}, "final_state": {"relative_l2": 3.913240860166143e-08, "max_abs": 1.4901161193847656e-08}, "final_A_state": {"relative_l2": 0.0, "max_abs": 0.0}}
CASE_START t2_h1 {'B': 1, 'T': 2, 'H': 1, 'N': 1, 'state_scale': 0.05, 'A_scale': 0.03, 'gate_scale': 0.1}
STAGE_EXECUTED t2_h1 pkda_chunk_prepare 0.000413327943533659
STAGE_EXECUTED t2_h1 pkda_chunk_scores 0.00023278489243239164
STAGE_EXECUTED t2_h1 pkda_chunk_wy 0.00022971699945628643
STAGE_EXECUTED t2_h1 pkda_chunk_scan 0.00026491808239370584
STAGE_EXECUTED t2_h1 pkda_chunk_output 0.0002314880257472396
CASE_PASS t2_h1 {"o": {"relative_l2": 2.9372479388562645e-07, "max_abs": 4.423782229423523e-09}, "final_state": {"relative_l2": 1.3100209741986484e-07, "max_abs": 5.960464477539063e-08}, "final_A_state": {"relative_l2": 0.0, "max_abs": 0.0}}
CASE_START t63_h8 {'B': 1, 'T': 63, 'H': 8, 'N': 1, 'state_scale': 0.05, 'A_scale': 0.03, 'gate_scale': 0.1}
STAGE_EXECUTED t63_h8 pkda_chunk_prepare 0.0009959040908142924
STAGE_EXECUTED t63_h8 pkda_chunk_scores 0.0017847759881988168
STAGE_EXECUTED t63_h8 pkda_chunk_wy 0.0016165910055860877
STAGE_EXECUTED t63_h8 pkda_chunk_scan 0.0013223980786278844
STAGE_EXECUTED t63_h8 pkda_chunk_output 0.0009021050063893199
CASE_PASS t63_h8 {"o": {"relative_l2": 4.1538845646121317e-07, "max_abs": 1.862645149230957e-08}, "final_state": {"relative_l2": 4.004045698443292e-07, "max_abs": 1.9371509552001953e-07}, "final_A_state": {"relative_l2": 6.584471986830337e-08, "max_abs": 1.4901161193847656e-08}}
CASE_START t64_h8 {'B': 1, 'T': 64, 'H': 8, 'N': 1, 'state_scale': 0.05, 'A_scale': 0.03, 'gate_scale': 0.1}
STAGE_EXECUTED t64_h8 pkda_chunk_prepare 0.000984771060757339
STAGE_EXECUTED t64_h8 pkda_chunk_scores 0.0018051669467240572
STAGE_EXECUTED t64_h8 pkda_chunk_wy 0.0016220860416069627
STAGE_EXECUTED t64_h8 pkda_chunk_scan 0.0013333279639482498
STAGE_EXECUTED t64_h8 pkda_chunk_output 0.0009181940695270896
CASE_PASS t64_h8 {"o": {"relative_l2": 4.2194281903424246e-07, "max_abs": 1.7229467630386353e-08}, "final_state": {"relative_l2": 4.1167787410787246e-07, "max_abs": 1.7881393432617188e-07}, "final_A_state": {"relative_l2": 6.309618595769387e-08, "max_abs": 1.4901161193847656e-08}}
CASE_START t65_h8 {'B': 1, 'T': 65, 'H': 8, 'N': 2, 'state_scale': 0.05, 'A_scale': 0.03, 'gate_scale': 0.1}
STAGE_EXECUTED t65_h8 pkda_chunk_prepare 0.0012006799224764109
STAGE_EXECUTED t65_h8 pkda_chunk_scores 0.002600771957077086
STAGE_EXECUTED t65_h8 pkda_chunk_wy 0.0023108009481802583
STAGE_EXECUTED t65_h8 pkda_chunk_scan 0.0014238979201763868
STAGE_EXECUTED t65_h8 pkda_chunk_output 0.0012685859110206366
CASE_PASS t65_h8 {"o": {"relative_l2": 4.236250241694359e-07, "max_abs": 1.862645149230957e-08}, "final_state": {"relative_l2": 3.9193154038101746e-07, "max_abs": 1.7136335372924805e-07}, "final_A_state": {"relative_l2": 1.0358689737953358e-07, "max_abs": 1.4901161193847656e-08}}
CASE_START t128_h8 {'B': 1, 'T': 128, 'H': 8, 'N': 2, 'state_scale': 0.05, 'A_scale': 0.03, 'gate_scale': 0.1}
STAGE_EXECUTED t128_h8 pkda_chunk_prepare 0.0014994790544733405
STAGE_EXECUTED t128_h8 pkda_chunk_scores 0.002600998035632074
STAGE_EXECUTED t128_h8 pkda_chunk_wy 0.0023158499971032143
STAGE_EXECUTED t128_h8 pkda_chunk_scan 0.002363334991969168
STAGE_EXECUTED t128_h8 pkda_chunk_output 0.001263850019313395
CASE_PASS t128_h8 {"o": {"relative_l2": 4.339421773115197e-07, "max_abs": 1.6763806343078613e-08}, "final_state": {"relative_l2": 4.0727542074225416e-07, "max_abs": 2.682209014892578e-07}, "final_A_state": {"relative_l2": 5.450531492549412e-08, "max_abs": 7.450580596923828e-09}}
CASE_START t192_h8 {'B': 1, 'T': 192, 'H': 8, 'N': 3, 'state_scale': 0.05, 'A_scale': 0.03, 'gate_scale': 0.1}
STAGE_EXECUTED t192_h8 pkda_chunk_prepare 0.002130481065250933
STAGE_EXECUTED t192_h8 pkda_chunk_scores 0.0033913449151441455
STAGE_EXECUTED t192_h8 pkda_chunk_wy 0.0030078929848968983
STAGE_EXECUTED t192_h8 pkda_chunk_scan 0.0034018410369753838
STAGE_EXECUTED t192_h8 pkda_chunk_output 0.0016013679560273886
CASE_PASS t192_h8 {"o": {"relative_l2": 4.388799727923448e-07, "max_abs": 2.7939677238464355e-08}, "final_state": {"relative_l2": 4.0432832799635034e-07, "max_abs": 1.7881393432617188e-07}, "final_A_state": {"relative_l2": 5.3799126090519365e-08, "max_abs": 7.450580596923828e-09}}
CASE_START t1024_h8 {'B': 1, 'T': 1024, 'H': 8, 'N': 16, 'state_scale': 0.05, 'A_scale': 0.03, 'gate_scale': 0.1}
STAGE_EXECUTED t1024_h8 pkda_chunk_prepare 0.008383861044421792
STAGE_EXECUTED t1024_h8 pkda_chunk_scores 0.01760068000294268
STAGE_EXECUTED t1024_h8 pkda_chunk_wy 0.015396627015434206
STAGE_EXECUTED t1024_h8 pkda_chunk_scan 0.0167714380659163
STAGE_EXECUTED t1024_h8 pkda_chunk_output 0.007673592073842883
CASE_PASS t1024_h8 {"o": {"relative_l2": 4.4486570957767423e-07, "max_abs": 3.166496753692627e-08}, "final_state": {"relative_l2": 4.065552808066103e-07, "max_abs": 2.682209014892578e-07}, "final_A_state": {"relative_l2": 6.562615673560838e-08, "max_abs": 1.1175870895385742e-08}}
CASE_START t65_h1 {'B': 1, 'T': 65, 'H': 1, 'N': 2, 'state_scale': 0.05, 'A_scale': 0.03, 'gate_scale': 0.1}
STAGE_EXECUTED t65_h1 pkda_chunk_prepare 0.0008225589990615845
STAGE_EXECUTED t65_h1 pkda_chunk_scores 0.0010142209939658642
STAGE_EXECUTED t65_h1 pkda_chunk_wy 0.0009229680290445685
STAGE_EXECUTED t65_h1 pkda_chunk_scan 0.0007949980208650231
STAGE_EXECUTED t65_h1 pkda_chunk_output 0.0005632030079141259
CASE_PASS t65_h1 {"o": {"relative_l2": 4.14712520205872e-07, "max_abs": 1.1204974725842476e-08}, "final_state": {"relative_l2": 4.1559839329208235e-07, "max_abs": 1.9371509552001953e-07}, "final_A_state": {"relative_l2": 3.559041924554648e-08, "max_abs": 7.450580596923828e-09}}
CASE_START zero_A {'B': 1, 'T': 2, 'H': 1, 'state_scale': 0.05, 'A_scale': 0.0, 'gate_scale': 0.1, 'zero_atk': True, 'N': 1}
STAGE_EXECUTED zero_A pkda_chunk_prepare 0.0003812380600720644
STAGE_EXECUTED zero_A pkda_chunk_scores 0.00020139000844210386
STAGE_EXECUTED zero_A pkda_chunk_wy 0.00021129706874489784
STAGE_EXECUTED zero_A pkda_chunk_scan 0.0002398029901087284
STAGE_EXECUTED zero_A pkda_chunk_output 0.0001963739050552249
CASE_PASS zero_A {"o": {"relative_l2": 3.1661595240519363e-07, "max_abs": 4.6566128730773926e-09}, "final_state": {"relative_l2": 1.8554807175459561e-07, "max_abs": 8.195638656616211e-08}, "final_A_state": {"relative_l2": 0.0, "max_abs": 0.0}}
CASE_START zero_S {'B': 1, 'T': 2, 'H': 1, 'state_scale': 0.0, 'A_scale': 0.03, 'gate_scale': 0.1, 'N': 1}
STAGE_EXECUTED zero_S pkda_chunk_prepare 0.00037193705793470144
STAGE_EXECUTED zero_S pkda_chunk_scores 0.00020432891324162483
STAGE_EXECUTED zero_S pkda_chunk_wy 0.0002052930649369955
STAGE_EXECUTED zero_S pkda_chunk_scan 0.00023462995886802673
STAGE_EXECUTED zero_S pkda_chunk_output 0.00028283800929784775
CASE_PASS zero_S {"o": {"relative_l2": 3.78741224029646e-07, "max_abs": 3.259629011154175e-09}, "final_state": {"relative_l2": 8.094825375219039e-08, "max_abs": 2.2351741790771484e-08}, "final_A_state": {"relative_l2": 5.501295308062066e-08, "max_abs": 3.725290298461914e-09}}
CASE_START span105 {'B': 1, 'T': 64, 'H': 1, 'state_scale': 0.05, 'A_scale': 0.03, 'gate_scale': 0.1, 'gate_span': 105.0, 'N': 1}
STAGE_EXECUTED span105 pkda_chunk_prepare 0.0005845869891345501
STAGE_EXECUTED span105 pkda_chunk_scores 0.0009960599709302187
STAGE_EXECUTED span105 pkda_chunk_wy 0.0008945229928940535
STAGE_EXECUTED span105 pkda_chunk_scan 0.0007406059885397553
STAGE_EXECUTED span105 pkda_chunk_output 0.0005333289736881852
CASE_PASS span105 {"o": {"relative_l2": 2.1947340749843894e-07, "max_abs": 5.587935447692871e-09}, "final_state": {"relative_l2": 1.2554406750761775e-07, "max_abs": 1.1175870895385742e-08}, "final_A_state": {"relative_l2": 5.7346357604091637e-08, "max_abs": 3.725290298461914e-09}}
CASE_START span155 {'B': 1, 'T': 64, 'H': 1, 'state_scale': 0.05, 'A_scale': 0.03, 'gate_scale': 0.1, 'gate_span': 155.0, 'N': 1}
STAGE_EXECUTED span155 pkda_chunk_prepare 0.0006769869942218065
STAGE_EXECUTED span155 pkda_chunk_scores 0.0009573709685355425
STAGE_EXECUTED span155 pkda_chunk_wy 0.0008583309827372432
STAGE_EXECUTED span155 pkda_chunk_scan 0.0007107800338417292
STAGE_EXECUTED span155 pkda_chunk_output 0.0004976959899067879
CASE_PASS span155 {"o": {"relative_l2": 2.1711125688895e-07, "max_abs": 6.05359673500061e-09}, "final_state": {"relative_l2": 1.1219973681669059e-07, "max_abs": 1.1175870895385742e-08}, "final_A_state": {"relative_l2": 5.7346357604091637e-08, "max_abs": 3.725290298461914e-09}}
CASE_START nearzero {'B': 1, 'T': 2, 'H': 1, 'state_scale': 0.05, 'A_scale': 0.03, 'gate_scale': 0.1, 'row_norm': 1e-06, 'N': 1}
STAGE_EXECUTED nearzero pkda_chunk_prepare 0.00037299003452062607
STAGE_EXECUTED nearzero pkda_chunk_scores 0.0001980561064556241
STAGE_EXECUTED nearzero pkda_chunk_wy 0.0002031989861279726
STAGE_EXECUTED nearzero pkda_chunk_scan 0.00024000892881304026
STAGE_EXECUTED nearzero pkda_chunk_output 0.00018931005615741014
CASE_PASS nearzero {"o": {"relative_l2": 2.2351960091190287e-07, "max_abs": 4.440892098500626e-15}, "final_state": {"relative_l2": 5.835222018953742e-08, "max_abs": 2.2351741790771484e-08}, "final_A_state": {"relative_l2": 7.986683173526934e-08, "max_abs": 1.862645149230957e-09}}
CASE_START b2_t2_h3 {'B': 2, 'T': 2, 'H': 3, 'N': 1}
STAGE_EXECUTED b2_t2_h3 pkda_chunk_prepare 0.00044449802953749895
STAGE_EXECUTED b2_t2_h3 pkda_chunk_scores 0.00025418202858418226
STAGE_EXECUTED b2_t2_h3 pkda_chunk_wy 0.0002541419817134738
STAGE_EXECUTED b2_t2_h3 pkda_chunk_scan 0.0003057990688830614
STAGE_EXECUTED b2_t2_h3 pkda_chunk_output 0.00024373293854296207
CASE_PASS b2_t2_h3 {"o": {"relative_l2": 3.0292763257977104e-07, "max_abs": 6.51925802230835e-09}, "final_state": {"relative_l2": 1.34412013190935e-07, "max_abs": 8.940696716308594e-08}, "final_A_state": {"relative_l2": 4.277821900061931e-08, "max_abs": 3.725290298461914e-09}}
CASE_START b2_t65_h32 {'B': 2, 'T': 65, 'H': 32, 'N': 2}
STAGE_EXECUTED b2_t65_h32 pkda_chunk_prepare 0.004299898981116712
STAGE_EXECUTED b2_t65_h32 pkda_chunk_scores 0.017528038006275892
STAGE_EXECUTED b2_t65_h32 pkda_chunk_wy 0.015355132054537535
STAGE_EXECUTED b2_t65_h32 pkda_chunk_scan 0.006626332993619144
STAGE_EXECUTED b2_t65_h32 pkda_chunk_output 0.007628376944921911
CASE_PASS b2_t65_h32 {"o": {"relative_l2": 4.2331797548407056e-07, "max_abs": 2.3283064365386963e-08}, "final_state": {"relative_l2": 4.0097416586637636e-07, "max_abs": 2.5331974029541016e-07}, "final_A_state": {"relative_l2": 6.882852642193495e-08, "max_abs": 1.4901161193847656e-08}}
CASE_START b2_t130_h3 {'B': 2, 'T': 130, 'H': 3, 'N': 3}
STAGE_EXECUTED b2_t130_h3 pkda_chunk_prepare 0.0011800950160250068
STAGE_EXECUTED b2_t130_h3 pkda_chunk_scores 0.002581834909506142
STAGE_EXECUTED b2_t130_h3 pkda_chunk_wy 0.0022925299126654863
STAGE_EXECUTED b2_t130_h3 pkda_chunk_scan 0.001333241001702845
STAGE_EXECUTED b2_t130_h3 pkda_chunk_output 0.0012375970836728811
CASE_PASS b2_t130_h3 {"o": {"relative_l2": 4.321627036229866e-07, "max_abs": 2.0489096641540527e-08}, "final_state": {"relative_l2": 3.809018320743766e-07, "max_abs": 1.9371509552001953e-07}, "final_A_state": {"relative_l2": 4.8333011078461867e-08, "max_abs": 5.587935447692871e-09}}
CASE_START t129_h14 {'B': 1, 'T': 129, 'H': 14, 'N': 3}
STAGE_EXECUTED t129_h14 pkda_chunk_prepare 0.002480415045283735
STAGE_EXECUTED t129_h14 pkda_chunk_scores 0.005755814025178552
STAGE_EXECUTED t129_h14 pkda_chunk_wy 0.00506017601583153
STAGE_EXECUTED t129_h14 pkda_chunk_scan 0.003542213933542371
STAGE_EXECUTED t129_h14 pkda_chunk_output 0.002613959019072354
CASE_PASS t129_h14 {"o": {"relative_l2": 4.3429781404826275e-07, "max_abs": 1.955777406692505e-08}, "final_state": {"relative_l2": 3.9929940931151824e-07, "max_abs": 2.384185791015625e-07}, "final_A_state": {"relative_l2": 6.726053820712747e-08, "max_abs": 1.4901161193847656e-08}}
CASE_START raw_norm_1e-2 {'B': 1, 'T': 65, 'H': 3, 'N': 2, 'row_norm': 0.01}
STAGE_EXECUTED raw_norm_1e-2 pkda_chunk_prepare 0.0007580999517813325
STAGE_EXECUTED raw_norm_1e-2 pkda_chunk_scores 0.0009956239955499768
STAGE_EXECUTED raw_norm_1e-2 pkda_chunk_wy 0.0008948779432103038
STAGE_EXECUTED raw_norm_1e-2 pkda_chunk_scan 0.0008086439920589328
STAGE_EXECUTED raw_norm_1e-2 pkda_chunk_output 0.0005516079254448414
CASE_PASS raw_norm_1e-2 {"o": {"relative_l2": 3.295935959924678e-07, "max_abs": 6.548361852765083e-11}, "final_state": {"relative_l2": 4.1767026521687364e-07, "max_abs": 8.381903171539307e-09}, "final_A_state": {"relative_l2": 4.453674114390324e-08, "max_abs": 9.094947017729282e-13}}
CASE_START raw_norm_1e-4 {'B': 1, 'T': 65, 'H': 3, 'N': 2, 'row_norm': 0.0001}
STAGE_EXECUTED raw_norm_1e-4 pkda_chunk_prepare 0.0006754091009497643
STAGE_EXECUTED raw_norm_1e-4 pkda_chunk_scores 0.000962157966569066
STAGE_EXECUTED raw_norm_1e-4 pkda_chunk_wy 0.0008637920254841447
STAGE_EXECUTED raw_norm_1e-4 pkda_chunk_scan 0.0007621099939569831
STAGE_EXECUTED raw_norm_1e-4 pkda_chunk_output 0.0005093199433758855
CASE_PASS raw_norm_1e-4 {"o": {"relative_l2": 3.360948947931877e-07, "max_abs": 5.968558980384842e-13}, "final_state": {"relative_l2": 4.2381617018282303e-07, "max_abs": 1.1175870895385742e-08}, "final_A_state": {"relative_l2": 4.4717419524459254e-07, "max_abs": 1.1368683772161603e-13}}
CASE_START zero_qk {'B': 1, 'T': 65, 'H': 3, 'N': 2, 'row_norm': 0.0}
STAGE_EXECUTED zero_qk pkda_chunk_prepare 0.0006732400506734848
STAGE_EXECUTED zero_qk pkda_chunk_scores 0.0009588340763002634
STAGE_EXECUTED zero_qk pkda_chunk_wy 0.0008670859970152378
STAGE_EXECUTED zero_qk pkda_chunk_scan 0.0007715399842709303
STAGE_EXECUTED zero_qk pkda_chunk_output 0.000508737051859498
CASE_PASS zero_qk {"o": {"relative_l2": 0.0, "max_abs": 0.0}, "final_state": {"relative_l2": 3.0428325734940906e-07, "max_abs": 1.1175870895385742e-08}, "final_A_state": {"relative_l2": 3.500118585403849e-07, "max_abs": 1.4210854715202004e-13}}
CASE_START no_main_decay {'B': 1, 'T': 192, 'H': 3, 'N': 3, 'gate_scale': 0.0}
STAGE_EXECUTED no_main_decay pkda_chunk_prepare 0.001345410943031311
STAGE_EXECUTED no_main_decay pkda_chunk_scores 0.0017899309750646353
STAGE_EXECUTED no_main_decay pkda_chunk_wy 0.001597485039383173
STAGE_EXECUTED no_main_decay pkda_chunk_scan 0.0018007729668170214
STAGE_EXECUTED no_main_decay pkda_chunk_output 0.0008959800470620394
CASE_PASS no_main_decay {"o": {"relative_l2": 5.326961592872452e-07, "max_abs": 5.21540641784668e-08}, "final_state": {"relative_l2": 4.903543154270667e-07, "max_abs": 5.960464477539062e-07}, "final_A_state": {"relative_l2": 6.341446007066627e-08, "max_abs": 9.313225746154785e-09}}
CASE_START span155_multichunk {'B': 2, 'T': 130, 'H': 3, 'N': 3, 'gate_span': 155.0}
STAGE_EXECUTED span155_multichunk pkda_chunk_prepare 0.001039984985254705
STAGE_EXECUTED span155_multichunk pkda_chunk_scores 0.002547387033700943
STAGE_EXECUTED span155_multichunk pkda_chunk_wy 0.002258212072774768
STAGE_EXECUTED span155_multichunk pkda_chunk_scan 0.001301695010624826
STAGE_EXECUTED span155_multichunk pkda_chunk_output 0.0012089649681001902
CASE_PASS span155_multichunk {"o": {"relative_l2": 2.457072747267467e-07, "max_abs": 9.313225746154785e-09}, "final_state": {"relative_l2": 2.904818214288017e-07, "max_abs": 1.043081283569336e-07}, "final_A_state": {"relative_l2": 5.142367707724957e-08, "max_abs": 7.450580596923828e-09}}
CASE_START zero_A_multichunk {'B': 2, 'T': 130, 'H': 3, 'N': 3, 'zero_atk': True, 'A_scale': 0.0}
STAGE_EXECUTED zero_A_multichunk pkda_chunk_prepare 0.0010482659563422203
STAGE_EXECUTED zero_A_multichunk pkda_chunk_scores 0.002561757923103869
STAGE_EXECUTED zero_A_multichunk pkda_chunk_wy 0.0022612420143559575
STAGE_EXECUTED zero_A_multichunk pkda_chunk_scan 0.001297089969739318
STAGE_EXECUTED zero_A_multichunk pkda_chunk_output 0.0011998700210824609
CASE_PASS zero_A_multichunk {"o": {"relative_l2": 4.323932858646669e-07, "max_abs": 1.7695128917694092e-08}, "final_state": {"relative_l2": 3.8646632583252963e-07, "max_abs": 1.7881393432617188e-07}, "final_A_state": {"relative_l2": 0.0, "max_abs": 0.0}}
CASE_START adversarial155_seed71 {'B': 1, 'T': 192, 'H': 8, 'N': 3, 'adversarial_span': 155.0}
STAGE_EXECUTED adversarial155_seed71 pkda_chunk_prepare 0.002077166922390461
STAGE_EXECUTED adversarial155_seed71 pkda_chunk_scores 0.0033501010620966554
STAGE_EXECUTED adversarial155_seed71 pkda_chunk_wy 0.002956271986477077
STAGE_EXECUTED adversarial155_seed71 pkda_chunk_scan 0.0033413530327379704
STAGE_EXECUTED adversarial155_seed71 pkda_chunk_output 0.0015515600098297
CASE_PASS adversarial155_seed71 {"o": {"relative_l2": 6.19120824226093e-06, "max_abs": 4.414469003677368e-07}, "final_state": {"relative_l2": 6.617198916201339e-06, "max_abs": 4.649162292480469e-06}, "final_A_state": {"relative_l2": 5.6550887037066276e-08, "max_abs": 7.450580596923828e-09}}
CASE_START adversarial155_seed72 {'B': 1, 'T': 192, 'H': 8, 'N': 3, 'adversarial_span': 155.0}
STAGE_EXECUTED adversarial155_seed72 pkda_chunk_prepare 0.0022123740054666996
STAGE_EXECUTED adversarial155_seed72 pkda_chunk_scores 0.003350256010890007
STAGE_EXECUTED adversarial155_seed72 pkda_chunk_wy 0.0029580859700217843
STAGE_EXECUTED adversarial155_seed72 pkda_chunk_scan 0.0033481710124760866
STAGE_EXECUTED adversarial155_seed72 pkda_chunk_output 0.001558501971885562
CASE_PASS adversarial155_seed72 {"o": {"relative_l2": 6.209244083211295e-06, "max_abs": 4.805624485015869e-07}, "final_state": {"relative_l2": 6.58996279442551e-06, "max_abs": 4.947185516357422e-06}, "final_A_state": {"relative_l2": 4.82567977291593e-08, "max_abs": 7.450580596923828e-09}}
CASE_START adversarial155_seed73 {'B': 1, 'T': 192, 'H': 8, 'N': 3, 'adversarial_span': 155.0}
STAGE_EXECUTED adversarial155_seed73 pkda_chunk_prepare 0.002057773992419243
STAGE_EXECUTED adversarial155_seed73 pkda_chunk_scores 0.0033419219544157386
STAGE_EXECUTED adversarial155_seed73 pkda_chunk_wy 0.002951006987132132
STAGE_EXECUTED adversarial155_seed73 pkda_chunk_scan 0.0033386810682713985
STAGE_EXECUTED adversarial155_seed73 pkda_chunk_output 0.0015549369854852557
CASE_PASS adversarial155_seed73 {"o": {"relative_l2": 6.179667106304752e-06, "max_abs": 4.6938657760620117e-07}, "final_state": {"relative_l2": 6.4833890502689435e-06, "max_abs": 4.649162292480469e-06}, "final_A_state": {"relative_l2": 5.122682933024864e-08, "max_abs": 1.4901161193847656e-08}}
PUBLIC_BOUNDARIES_PASS 10
NATIVE_PASS 28 bd 3
