COMPILE_START pkda_chunk_prepare bd 4
COMPILE_PASS pkda_chunk_prepare 37.15415552200284
COMPILE_START pkda_chunk_scores bd 4
COMPILE_PASS pkda_chunk_scores 0.16625866200774908
COMPILE_START pkda_chunk_wy bd 4
COMPILE_PASS pkda_chunk_wy 0.2300450209295377
COMPILE_START pkda_chunk_scan bd 4
COMPILE_PASS pkda_chunk_scan 0.18244482995942235
COMPILE_START pkda_chunk_output bd 4
COMPILE_PASS pkda_chunk_output 0.17894780600909144
CASE_START t4096_h8 {'B': 1, 'T': 4096, 'H': 8, 'N': 64, 'state_scale': 0.05, 'A_scale': 0.03, 'gate_scale': 0.1}
STAGE_EXECUTED t4096_h8 pkda_chunk_prepare 0.7531521779019386
STAGE_EXECUTED t4096_h8 pkda_chunk_scores 0.05189771600998938
STAGE_EXECUTED t4096_h8 pkda_chunk_wy 0.045655108988285065
STAGE_EXECUTED t4096_h8 pkda_chunk_scan 0.034216886037029326
STAGE_EXECUTED t4096_h8 pkda_chunk_output 0.02319510595407337
CASE_PASS t4096_h8 {"o": {"relative_l2": 4.4586199458489094e-07, "max_abs": 3.3527612686157227e-08}, "final_state": {"relative_l2": 4.016814744062547e-07, "max_abs": 1.6391277313232422e-07}, "final_A_state": {"relative_l2": 7.202348048215453e-08, "max_abs": 7.450580596923828e-09}}
CASE_START t1_h1 {'B': 1, 'T': 1, 'H': 1, 'N': 1, 'state_scale': 0.05, 'A_scale': 0.03, 'gate_scale': 0.1}
STAGE_EXECUTED t1_h1 pkda_chunk_prepare 0.0009283940307796001
STAGE_EXECUTED t1_h1 pkda_chunk_scores 0.0005282319616526365
STAGE_EXECUTED t1_h1 pkda_chunk_wy 0.0005024849670007825
STAGE_EXECUTED t1_h1 pkda_chunk_scan 0.000550657045096159
STAGE_EXECUTED t1_h1 pkda_chunk_output 0.000526441028341651
CASE_PASS t1_h1 {"o": {"relative_l2": 2.69008020072325e-07, "max_abs": 3.259629011154175e-09}, "final_state": {"relative_l2": 3.913240860166143e-08, "max_abs": 1.4901161193847656e-08}, "final_A_state": {"relative_l2": 0.0, "max_abs": 0.0}}
CASE_START t2_h1 {'B': 1, 'T': 2, 'H': 1, 'N': 1, 'state_scale': 0.05, 'A_scale': 0.03, 'gate_scale': 0.1}
STAGE_EXECUTED t2_h1 pkda_chunk_prepare 0.0008547570323571563
STAGE_EXECUTED t2_h1 pkda_chunk_scores 0.000496655935421586
STAGE_EXECUTED t2_h1 pkda_chunk_wy 0.0005011280300095677
STAGE_EXECUTED t2_h1 pkda_chunk_scan 0.0005545930471271276
STAGE_EXECUTED t2_h1 pkda_chunk_output 0.0005169890355318785
CASE_PASS t2_h1 {"o": {"relative_l2": 2.9372479388562645e-07, "max_abs": 4.423782229423523e-09}, "final_state": {"relative_l2": 1.3100209741986484e-07, "max_abs": 5.960464477539063e-08}, "final_A_state": {"relative_l2": 0.0, "max_abs": 0.0}}
CASE_START t63_h8 {'B': 1, 'T': 63, 'H': 8, 'N': 1, 'state_scale': 0.05, 'A_scale': 0.03, 'gate_scale': 0.1}
STAGE_EXECUTED t63_h8 pkda_chunk_prepare 0.0010346740018576384
STAGE_EXECUTED t63_h8 pkda_chunk_scores 0.001185378059744835
STAGE_EXECUTED t63_h8 pkda_chunk_wy 0.00113986199721694
STAGE_EXECUTED t63_h8 pkda_chunk_scan 0.0010068940464407206
STAGE_EXECUTED t63_h8 pkda_chunk_output 0.0007761020679026842
CASE_PASS t63_h8 {"o": {"relative_l2": 4.1538845646121317e-07, "max_abs": 1.862645149230957e-08}, "final_state": {"relative_l2": 4.004045698443292e-07, "max_abs": 1.9371509552001953e-07}, "final_A_state": {"relative_l2": 6.584471986830337e-08, "max_abs": 1.4901161193847656e-08}}
CASE_START t64_h8 {'B': 1, 'T': 64, 'H': 8, 'N': 1, 'state_scale': 0.05, 'A_scale': 0.03, 'gate_scale': 0.1}
STAGE_EXECUTED t64_h8 pkda_chunk_prepare 0.00102115492336452
STAGE_EXECUTED t64_h8 pkda_chunk_scores 0.0012089770752936602
STAGE_EXECUTED t64_h8 pkda_chunk_wy 0.0011310509871691465
STAGE_EXECUTED t64_h8 pkda_chunk_scan 0.0010131100425496697
STAGE_EXECUTED t64_h8 pkda_chunk_output 0.0007621319964528084
CASE_PASS t64_h8 {"o": {"relative_l2": 4.2194281903424246e-07, "max_abs": 1.7229467630386353e-08}, "final_state": {"relative_l2": 4.1167787410787246e-07, "max_abs": 1.7881393432617188e-07}, "final_A_state": {"relative_l2": 6.309618595769387e-08, "max_abs": 1.4901161193847656e-08}}
CASE_START t65_h8 {'B': 1, 'T': 65, 'H': 8, 'N': 2, 'state_scale': 0.05, 'A_scale': 0.03, 'gate_scale': 0.1}
STAGE_EXECUTED t65_h8 pkda_chunk_prepare 0.0011496180668473244
STAGE_EXECUTED t65_h8 pkda_chunk_scores 0.0020337210735306144
STAGE_EXECUTED t65_h8 pkda_chunk_wy 0.0018307899590581656
STAGE_EXECUTED t65_h8 pkda_chunk_scan 0.0010674489894881845
STAGE_EXECUTED t65_h8 pkda_chunk_output 0.0011227980721741915
CASE_PASS t65_h8 {"o": {"relative_l2": 4.236250241694359e-07, "max_abs": 1.862645149230957e-08}, "final_state": {"relative_l2": 3.9193154038101746e-07, "max_abs": 1.7136335372924805e-07}, "final_A_state": {"relative_l2": 1.0358689737953358e-07, "max_abs": 1.4901161193847656e-08}}
CASE_START t128_h8 {'B': 1, 'T': 128, 'H': 8, 'N': 2, 'state_scale': 0.05, 'A_scale': 0.03, 'gate_scale': 0.1}
STAGE_EXECUTED t128_h8 pkda_chunk_prepare 0.001145850052125752
STAGE_EXECUTED t128_h8 pkda_chunk_scores 0.0019279200350865722
STAGE_EXECUTED t128_h8 pkda_chunk_wy 0.001841139979660511
STAGE_EXECUTED t128_h8 pkda_chunk_scan 0.0015820469707250595
STAGE_EXECUTED t128_h8 pkda_chunk_output 0.0011370680294930935
CASE_PASS t128_h8 {"o": {"relative_l2": 4.339421773115197e-07, "max_abs": 1.6763806343078613e-08}, "final_state": {"relative_l2": 4.0727542074225416e-07, "max_abs": 2.682209014892578e-07}, "final_A_state": {"relative_l2": 5.450531492549412e-08, "max_abs": 7.450580596923828e-09}}
CASE_START t192_h8 {'B': 1, 'T': 192, 'H': 8, 'N': 3, 'state_scale': 0.05, 'A_scale': 0.03, 'gate_scale': 0.1}
STAGE_EXECUTED t192_h8 pkda_chunk_prepare 0.0014460630482062697
STAGE_EXECUTED t192_h8 pkda_chunk_scores 0.0027229030383750796
STAGE_EXECUTED t192_h8 pkda_chunk_wy 0.0026655560359358788
STAGE_EXECUTED t192_h8 pkda_chunk_scan 0.0019529350101947784
STAGE_EXECUTED t192_h8 pkda_chunk_output 0.0013782690512016416
CASE_PASS t192_h8 {"o": {"relative_l2": 4.388799727923448e-07, "max_abs": 2.7939677238464355e-08}, "final_state": {"relative_l2": 4.0432832799635034e-07, "max_abs": 1.7881393432617188e-07}, "final_A_state": {"relative_l2": 5.3799126090519365e-08, "max_abs": 7.450580596923828e-09}}
CASE_START t1024_h8 {'B': 1, 'T': 1024, 'H': 8, 'N': 16, 'state_scale': 0.05, 'A_scale': 0.03, 'gate_scale': 0.1}
STAGE_EXECUTED t1024_h8 pkda_chunk_prepare 0.004900808911770582
STAGE_EXECUTED t1024_h8 pkda_chunk_scores 0.012979334103874862
STAGE_EXECUTED t1024_h8 pkda_chunk_wy 0.011435303022153676
STAGE_EXECUTED t1024_h8 pkda_chunk_scan 0.008778453106060624
STAGE_EXECUTED t1024_h8 pkda_chunk_output 0.005962445982731879
CASE_PASS t1024_h8 {"o": {"relative_l2": 4.4486570957767423e-07, "max_abs": 3.166496753692627e-08}, "final_state": {"relative_l2": 4.065552808066103e-07, "max_abs": 2.682209014892578e-07}, "final_A_state": {"relative_l2": 6.562615673560838e-08, "max_abs": 1.1175870895385742e-08}}
CASE_START t65_h1 {'B': 1, 'T': 65, 'H': 1, 'N': 2, 'state_scale': 0.05, 'A_scale': 0.03, 'gate_scale': 0.1}
STAGE_EXECUTED t65_h1 pkda_chunk_prepare 0.0010248159524053335
STAGE_EXECUTED t65_h1 pkda_chunk_scores 0.0012306480202823877
STAGE_EXECUTED t65_h1 pkda_chunk_wy 0.0011341460049152374
STAGE_EXECUTED t65_h1 pkda_chunk_scan 0.0009918579598888755
STAGE_EXECUTED t65_h1 pkda_chunk_output 0.0007597169606015086
CASE_PASS t65_h1 {"o": {"relative_l2": 4.14712520205872e-07, "max_abs": 1.1204974725842476e-08}, "final_state": {"relative_l2": 4.1559839329208235e-07, "max_abs": 1.9371509552001953e-07}, "final_A_state": {"relative_l2": 3.559041924554648e-08, "max_abs": 7.450580596923828e-09}}
CASE_START zero_A {'B': 1, 'T': 2, 'H': 1, 'state_scale': 0.05, 'A_scale': 0.0, 'gate_scale': 0.1, 'zero_atk': True, 'N': 1}
STAGE_EXECUTED zero_A pkda_chunk_prepare 0.0006085560889914632
STAGE_EXECUTED zero_A pkda_chunk_scores 0.0003054230473935604
STAGE_EXECUTED zero_A pkda_chunk_wy 0.0002898150123655796
STAGE_EXECUTED zero_A pkda_chunk_scan 0.0003252170281484723
STAGE_EXECUTED zero_A pkda_chunk_output 0.00026202702429145575
CASE_PASS zero_A {"o": {"relative_l2": 3.1661595240519363e-07, "max_abs": 4.6566128730773926e-09}, "final_state": {"relative_l2": 1.8554807175459561e-07, "max_abs": 8.195638656616211e-08}, "final_A_state": {"relative_l2": 0.0, "max_abs": 0.0}}
CASE_START zero_S {'B': 1, 'T': 2, 'H': 1, 'state_scale': 0.0, 'A_scale': 0.03, 'gate_scale': 0.1, 'N': 1}
STAGE_EXECUTED zero_S pkda_chunk_prepare 0.000619065947830677
STAGE_EXECUTED zero_S pkda_chunk_scores 0.0002957868855446577
STAGE_EXECUTED zero_S pkda_chunk_wy 0.0002878960222005844
STAGE_EXECUTED zero_S pkda_chunk_scan 0.0003155219601467252
STAGE_EXECUTED zero_S pkda_chunk_output 0.0002582710003480315
CASE_PASS zero_S {"o": {"relative_l2": 3.78741224029646e-07, "max_abs": 3.259629011154175e-09}, "final_state": {"relative_l2": 8.094825375219039e-08, "max_abs": 2.2351741790771484e-08}, "final_A_state": {"relative_l2": 5.501295308062066e-08, "max_abs": 3.725290298461914e-09}}
CASE_START span105 {'B': 1, 'T': 64, 'H': 1, 'state_scale': 0.05, 'A_scale': 0.03, 'gate_scale': 0.1, 'gate_span': 105.0, 'N': 1}
STAGE_EXECUTED span105 pkda_chunk_prepare 0.0008733179420232773
STAGE_EXECUTED span105 pkda_chunk_scores 0.0012576509034261107
STAGE_EXECUTED span105 pkda_chunk_wy 0.0010492249857634306
STAGE_EXECUTED span105 pkda_chunk_scan 0.0008866599528118968
STAGE_EXECUTED span105 pkda_chunk_output 0.0006724990671500564
CASE_PASS span105 {"o": {"relative_l2": 2.1947340749843894e-07, "max_abs": 5.587935447692871e-09}, "final_state": {"relative_l2": 1.2554406750761775e-07, "max_abs": 1.1175870895385742e-08}, "final_A_state": {"relative_l2": 5.7346357604091637e-08, "max_abs": 3.725290298461914e-09}}
CASE_START span155 {'B': 1, 'T': 64, 'H': 1, 'state_scale': 0.05, 'A_scale': 0.03, 'gate_scale': 0.1, 'gate_span': 155.0, 'N': 1}
STAGE_EXECUTED span155 pkda_chunk_prepare 0.001022720942273736
STAGE_EXECUTED span155 pkda_chunk_scores 0.001066187978722155
STAGE_EXECUTED span155 pkda_chunk_wy 0.0009700380032882094
STAGE_EXECUTED span155 pkda_chunk_scan 0.0008339909836649895
STAGE_EXECUTED span155 pkda_chunk_output 0.0005994490347802639
CASE_PASS span155 {"o": {"relative_l2": 2.1711125688895e-07, "max_abs": 6.05359673500061e-09}, "final_state": {"relative_l2": 1.1219973681669059e-07, "max_abs": 1.1175870895385742e-08}, "final_A_state": {"relative_l2": 5.7346357604091637e-08, "max_abs": 3.725290298461914e-09}}
CASE_START nearzero {'B': 1, 'T': 2, 'H': 1, 'state_scale': 0.05, 'A_scale': 0.03, 'gate_scale': 0.1, 'row_norm': 1e-06, 'N': 1}
STAGE_EXECUTED nearzero pkda_chunk_prepare 0.000620364909991622
STAGE_EXECUTED nearzero pkda_chunk_scores 0.00031810696236789227
STAGE_EXECUTED nearzero pkda_chunk_wy 0.00030561303719878197
STAGE_EXECUTED nearzero pkda_chunk_scan 0.0003523459890857339
STAGE_EXECUTED nearzero pkda_chunk_output 0.0003171289572492242
CASE_PASS nearzero {"o": {"relative_l2": 2.2351960091190287e-07, "max_abs": 4.440892098500626e-15}, "final_state": {"relative_l2": 5.835222018953742e-08, "max_abs": 2.2351741790771484e-08}, "final_A_state": {"relative_l2": 7.986683173526934e-08, "max_abs": 1.862645149230957e-09}}
CASE_START b2_t2_h3 {'B': 2, 'T': 2, 'H': 3, 'N': 1}
STAGE_EXECUTED b2_t2_h3 pkda_chunk_prepare 0.000714875990524888
STAGE_EXECUTED b2_t2_h3 pkda_chunk_scores 0.0003952559782192111
STAGE_EXECUTED b2_t2_h3 pkda_chunk_wy 0.0003897460410371423
STAGE_EXECUTED b2_t2_h3 pkda_chunk_scan 0.000447420054115355
STAGE_EXECUTED b2_t2_h3 pkda_chunk_output 0.0003823699662461877
CASE_PASS b2_t2_h3 {"o": {"relative_l2": 3.0292763257977104e-07, "max_abs": 6.51925802230835e-09}, "final_state": {"relative_l2": 1.34412013190935e-07, "max_abs": 8.940696716308594e-08}, "final_A_state": {"relative_l2": 4.277821900061931e-08, "max_abs": 3.725290298461914e-09}}
CASE_START b2_t65_h32 {'B': 2, 'T': 65, 'H': 32, 'N': 2}
STAGE_EXECUTED b2_t65_h32 pkda_chunk_prepare 0.0036114059621468186
STAGE_EXECUTED b2_t65_h32 pkda_chunk_scores 0.013120990013703704
STAGE_EXECUTED b2_t65_h32 pkda_chunk_wy 0.011557208956219256
STAGE_EXECUTED b2_t65_h32 pkda_chunk_scan 0.005245899083092809
STAGE_EXECUTED b2_t65_h32 pkda_chunk_output 0.00588821608107537
CASE_PASS b2_t65_h32 {"o": {"relative_l2": 4.2331797548407056e-07, "max_abs": 2.3283064365386963e-08}, "final_state": {"relative_l2": 4.0097416586637636e-07, "max_abs": 2.5331974029541016e-07}, "final_A_state": {"relative_l2": 6.882852642193495e-08, "max_abs": 1.4901161193847656e-08}}
CASE_START b2_t130_h3 {'B': 2, 'T': 130, 'H': 3, 'N': 3}
STAGE_EXECUTED b2_t130_h3 pkda_chunk_prepare 0.0013150550657883286
STAGE_EXECUTED b2_t130_h3 pkda_chunk_scores 0.002699060016311705
STAGE_EXECUTED b2_t130_h3 pkda_chunk_wy 0.0023935569915920496
STAGE_EXECUTED b2_t130_h3 pkda_chunk_scan 0.0014853669563308358
STAGE_EXECUTED b2_t130_h3 pkda_chunk_output 0.0013703920412808657
CASE_PASS b2_t130_h3 {"o": {"relative_l2": 4.321627036229866e-07, "max_abs": 2.0489096641540527e-08}, "final_state": {"relative_l2": 3.809018320743766e-07, "max_abs": 1.9371509552001953e-07}, "final_A_state": {"relative_l2": 4.8333011078461867e-08, "max_abs": 5.587935447692871e-09}}
CASE_START t129_h14 {'B': 1, 'T': 129, 'H': 14, 'N': 3}
STAGE_EXECUTED t129_h14 pkda_chunk_prepare 0.0017626159824430943
STAGE_EXECUTED t129_h14 pkda_chunk_scores 0.0049969799583777785
STAGE_EXECUTED t129_h14 pkda_chunk_wy 0.004411127069033682
STAGE_EXECUTED t129_h14 pkda_chunk_scan 0.0024787919828668237
STAGE_EXECUTED t129_h14 pkda_chunk_output 0.002311746939085424
CASE_PASS t129_h14 {"o": {"relative_l2": 4.3429781404826275e-07, "max_abs": 1.955777406692505e-08}, "final_state": {"relative_l2": 3.9929940931151824e-07, "max_abs": 2.384185791015625e-07}, "final_A_state": {"relative_l2": 6.726053820712747e-08, "max_abs": 1.4901161193847656e-08}}
CASE_START raw_norm_1e-2 {'B': 1, 'T': 65, 'H': 3, 'N': 2, 'row_norm': 0.01}
STAGE_EXECUTED raw_norm_1e-2 pkda_chunk_prepare 0.001007742015644908
STAGE_EXECUTED raw_norm_1e-2 pkda_chunk_scores 0.001211207010783255
STAGE_EXECUTED raw_norm_1e-2 pkda_chunk_wy 0.0010389219969511032
STAGE_EXECUTED raw_norm_1e-2 pkda_chunk_scan 0.000942545011639595
STAGE_EXECUTED raw_norm_1e-2 pkda_chunk_output 0.0006600850028917193
CASE_PASS raw_norm_1e-2 {"o": {"relative_l2": 3.295935959924678e-07, "max_abs": 6.548361852765083e-11}, "final_state": {"relative_l2": 4.1767026521687364e-07, "max_abs": 8.381903171539307e-09}, "final_A_state": {"relative_l2": 4.453674114390324e-08, "max_abs": 9.094947017729282e-13}}
CASE_START raw_norm_1e-4 {'B': 1, 'T': 65, 'H': 3, 'N': 2, 'row_norm': 0.0001}
STAGE_EXECUTED raw_norm_1e-4 pkda_chunk_prepare 0.0008082779822871089
STAGE_EXECUTED raw_norm_1e-4 pkda_chunk_scores 0.0011032400652766228
STAGE_EXECUTED raw_norm_1e-4 pkda_chunk_wy 0.0009110900573432446
STAGE_EXECUTED raw_norm_1e-4 pkda_chunk_scan 0.000821587978862226
STAGE_EXECUTED raw_norm_1e-4 pkda_chunk_output 0.0005548130720853806
CASE_PASS raw_norm_1e-4 {"o": {"relative_l2": 3.360948947931877e-07, "max_abs": 5.968558980384842e-13}, "final_state": {"relative_l2": 4.2381617018282303e-07, "max_abs": 1.1175870895385742e-08}, "final_A_state": {"relative_l2": 4.4717419524459254e-07, "max_abs": 1.1368683772161603e-13}}
CASE_START zero_qk {'B': 1, 'T': 65, 'H': 3, 'N': 2, 'row_norm': 0.0}
STAGE_EXECUTED zero_qk pkda_chunk_prepare 0.0007977269124239683
STAGE_EXECUTED zero_qk pkda_chunk_scores 0.0010095610050484538
STAGE_EXECUTED zero_qk pkda_chunk_wy 0.0009169239783659577
STAGE_EXECUTED zero_qk pkda_chunk_scan 0.000868213945068419
STAGE_EXECUTED zero_qk pkda_chunk_output 0.0005534410011023283
CASE_PASS zero_qk {"o": {"relative_l2": 0.0, "max_abs": 0.0}, "final_state": {"relative_l2": 3.0428325734940906e-07, "max_abs": 1.1175870895385742e-08}, "final_A_state": {"relative_l2": 3.500118585403849e-07, "max_abs": 1.4210854715202004e-13}}
CASE_START no_main_decay {'B': 1, 'T': 192, 'H': 3, 'N': 3, 'gate_scale': 0.0}
STAGE_EXECUTED no_main_decay pkda_chunk_prepare 0.001670947065576911
STAGE_EXECUTED no_main_decay pkda_chunk_scores 0.0019272760255262256
STAGE_EXECUTED no_main_decay pkda_chunk_wy 0.0017236840212717652
STAGE_EXECUTED no_main_decay pkda_chunk_scan 0.0019494910957291722
STAGE_EXECUTED no_main_decay pkda_chunk_output 0.0010250579798594117
CASE_PASS no_main_decay {"o": {"relative_l2": 5.326961592872452e-07, "max_abs": 5.21540641784668e-08}, "final_state": {"relative_l2": 4.903543154270667e-07, "max_abs": 5.960464477539062e-07}, "final_A_state": {"relative_l2": 6.341446007066627e-08, "max_abs": 9.313225746154785e-09}}
CASE_START span155_multichunk {'B': 2, 'T': 130, 'H': 3, 'N': 3, 'gate_span': 155.0}
STAGE_EXECUTED span155_multichunk pkda_chunk_prepare 0.0010834860149770975
STAGE_EXECUTED span155_multichunk pkda_chunk_scores 0.002571911900304258
STAGE_EXECUTED span155_multichunk pkda_chunk_wy 0.002280549961142242
STAGE_EXECUTED span155_multichunk pkda_chunk_scan 0.0013273779768496752
STAGE_EXECUTED span155_multichunk pkda_chunk_output 0.0012209269916638732
CASE_PASS span155_multichunk {"o": {"relative_l2": 2.457072747267467e-07, "max_abs": 9.313225746154785e-09}, "final_state": {"relative_l2": 2.904818214288017e-07, "max_abs": 1.043081283569336e-07}, "final_A_state": {"relative_l2": 5.142367707724957e-08, "max_abs": 7.450580596923828e-09}}
CASE_START zero_A_multichunk {'B': 2, 'T': 130, 'H': 3, 'N': 3, 'zero_atk': True, 'A_scale': 0.0}
STAGE_EXECUTED zero_A_multichunk pkda_chunk_prepare 0.0012450789799913764
STAGE_EXECUTED zero_A_multichunk pkda_chunk_scores 0.002664212021045387
STAGE_EXECUTED zero_A_multichunk pkda_chunk_wy 0.0023779059993103147
STAGE_EXECUTED zero_A_multichunk pkda_chunk_scan 0.0014190069632604718
STAGE_EXECUTED zero_A_multichunk pkda_chunk_output 0.0013197390362620354
CASE_PASS zero_A_multichunk {"o": {"relative_l2": 4.323932858646669e-07, "max_abs": 1.7695128917694092e-08}, "final_state": {"relative_l2": 3.8646632583252963e-07, "max_abs": 1.7881393432617188e-07}, "final_A_state": {"relative_l2": 0.0, "max_abs": 0.0}}
CASE_START adversarial155_seed71 {'B': 1, 'T': 192, 'H': 8, 'N': 3, 'adversarial_span': 155.0}
STAGE_EXECUTED adversarial155_seed71 pkda_chunk_prepare 0.0013955349568277597
STAGE_EXECUTED adversarial155_seed71 pkda_chunk_scores 0.0026843949453905225
STAGE_EXECUTED adversarial155_seed71 pkda_chunk_wy 0.0023820330388844013
STAGE_EXECUTED adversarial155_seed71 pkda_chunk_scan 0.0019071890274062753
STAGE_EXECUTED adversarial155_seed71 pkda_chunk_output 0.0013393189292401075
CASE_PASS adversarial155_seed71 {"o": {"relative_l2": 6.19120824226093e-06, "max_abs": 4.414469003677368e-07}, "final_state": {"relative_l2": 6.617198916201339e-06, "max_abs": 4.649162292480469e-06}, "final_A_state": {"relative_l2": 5.6550887037066276e-08, "max_abs": 7.450580596923828e-09}}
CASE_START adversarial155_seed72 {'B': 1, 'T': 192, 'H': 8, 'N': 3, 'adversarial_span': 155.0}
STAGE_EXECUTED adversarial155_seed72 pkda_chunk_prepare 0.0016087319236248732
STAGE_EXECUTED adversarial155_seed72 pkda_chunk_scores 0.0026627450715750456
STAGE_EXECUTED adversarial155_seed72 pkda_chunk_wy 0.0023712660185992718
STAGE_EXECUTED adversarial155_seed72 pkda_chunk_scan 0.0018900380237028003
STAGE_EXECUTED adversarial155_seed72 pkda_chunk_output 0.001312128035351634
CASE_PASS adversarial155_seed72 {"o": {"relative_l2": 6.209244083211295e-06, "max_abs": 4.805624485015869e-07}, "final_state": {"relative_l2": 6.58996279442551e-06, "max_abs": 4.947185516357422e-06}, "final_A_state": {"relative_l2": 4.82567977291593e-08, "max_abs": 7.450580596923828e-09}}
CASE_START adversarial155_seed73 {'B': 1, 'T': 192, 'H': 8, 'N': 3, 'adversarial_span': 155.0}
STAGE_EXECUTED adversarial155_seed73 pkda_chunk_prepare 0.0013762719463557005
STAGE_EXECUTED adversarial155_seed73 pkda_chunk_scores 0.0026629030471667647
STAGE_EXECUTED adversarial155_seed73 pkda_chunk_wy 0.002387748914770782
STAGE_EXECUTED adversarial155_seed73 pkda_chunk_scan 0.0018962540198117495
STAGE_EXECUTED adversarial155_seed73 pkda_chunk_output 0.0013218759559094906
CASE_PASS adversarial155_seed73 {"o": {"relative_l2": 6.179667106304752e-06, "max_abs": 4.6938657760620117e-07}, "final_state": {"relative_l2": 6.4833890502689435e-06, "max_abs": 4.649162292480469e-06}, "final_A_state": {"relative_l2": 5.122682933024864e-08, "max_abs": 1.4901161193847656e-08}}
PUBLIC_BOUNDARIES_PASS 10
NATIVE_PASS 28 bd 4
