COMPILE_START pkda_chunk_prepare bd 2
COMPILE_PASS pkda_chunk_prepare 1.1252206970239058
COMPILE_START pkda_chunk_scores bd 2
COMPILE_PASS pkda_chunk_scores 0.3075358649948612
COMPILE_START pkda_chunk_wy bd 2
COMPILE_PASS pkda_chunk_wy 0.2544302659807727
COMPILE_START pkda_chunk_scan bd 2
COMPILE_PASS pkda_chunk_scan 0.29131971194874495
COMPILE_START pkda_chunk_output bd 2
COMPILE_PASS pkda_chunk_output 0.21952917298767716
CASE_START t4096_h8 {'B': 1, 'T': 4096, 'H': 8, 'N': 64, 'state_scale': 0.05, 'A_scale': 0.03, 'gate_scale': 0.1}
STAGE_EXECUTED t4096_h8 pkda_chunk_prepare 0.9469981460133567
STAGE_EXECUTED t4096_h8 pkda_chunk_scores 0.10313405096530914
STAGE_EXECUTED t4096_h8 pkda_chunk_wy 0.09021329309325665
STAGE_EXECUTED t4096_h8 pkda_chunk_scan 0.06706566002685577
STAGE_EXECUTED t4096_h8 pkda_chunk_output 0.044708184082992375
CASE_PASS t4096_h8 {"o": {"relative_l2": 4.4586199458489094e-07, "max_abs": 3.3527612686157227e-08}, "final_state": {"relative_l2": 4.016814744062547e-07, "max_abs": 1.6391277313232422e-07}, "final_A_state": {"relative_l2": 7.202348048215453e-08, "max_abs": 7.450580596923828e-09}}
CASE_START t1_h1 {'B': 1, 'T': 1, 'H': 1, 'N': 1, 'state_scale': 0.05, 'A_scale': 0.03, 'gate_scale': 0.1}
STAGE_EXECUTED t1_h1 pkda_chunk_prepare 0.0005156639963388443
STAGE_EXECUTED t1_h1 pkda_chunk_scores 0.00024254305753856897
STAGE_EXECUTED t1_h1 pkda_chunk_wy 0.00023891800083220005
STAGE_EXECUTED t1_h1 pkda_chunk_scan 0.0002674349816516042
STAGE_EXECUTED t1_h1 pkda_chunk_output 0.00023044203408062458
CASE_PASS t1_h1 {"o": {"relative_l2": 2.69008020072325e-07, "max_abs": 3.259629011154175e-09}, "final_state": {"relative_l2": 3.913240860166143e-08, "max_abs": 1.4901161193847656e-08}, "final_A_state": {"relative_l2": 0.0, "max_abs": 0.0}}
CASE_START t2_h1 {'B': 1, 'T': 2, 'H': 1, 'N': 1, 'state_scale': 0.05, 'A_scale': 0.03, 'gate_scale': 0.1}
STAGE_EXECUTED t2_h1 pkda_chunk_prepare 0.0004191079642623663
STAGE_EXECUTED t2_h1 pkda_chunk_scores 0.00022116804029792547
STAGE_EXECUTED t2_h1 pkda_chunk_wy 0.0002211310202255845
STAGE_EXECUTED t2_h1 pkda_chunk_scan 0.0002605040790513158
STAGE_EXECUTED t2_h1 pkda_chunk_output 0.00022145698312669992
CASE_PASS t2_h1 {"o": {"relative_l2": 2.9372479388562645e-07, "max_abs": 4.423782229423523e-09}, "final_state": {"relative_l2": 1.3100209741986484e-07, "max_abs": 5.960464477539063e-08}, "final_A_state": {"relative_l2": 0.0, "max_abs": 0.0}}
CASE_START t63_h8 {'B': 1, 'T': 63, 'H': 8, 'N': 1, 'state_scale': 0.05, 'A_scale': 0.03, 'gate_scale': 0.1}
STAGE_EXECUTED t63_h8 pkda_chunk_prepare 0.0009270660812035203
STAGE_EXECUTED t63_h8 pkda_chunk_scores 0.0017519159009680152
STAGE_EXECUTED t63_h8 pkda_chunk_wy 0.0015957510331645608
STAGE_EXECUTED t63_h8 pkda_chunk_scan 0.001311199041083455
STAGE_EXECUTED t63_h8 pkda_chunk_output 0.0008898120140656829
CASE_PASS t63_h8 {"o": {"relative_l2": 4.1538845646121317e-07, "max_abs": 1.862645149230957e-08}, "final_state": {"relative_l2": 4.004045698443292e-07, "max_abs": 1.9371509552001953e-07}, "final_A_state": {"relative_l2": 6.584471986830337e-08, "max_abs": 1.4901161193847656e-08}}
CASE_START t64_h8 {'B': 1, 'T': 64, 'H': 8, 'N': 1, 'state_scale': 0.05, 'A_scale': 0.03, 'gate_scale': 0.1}
STAGE_EXECUTED t64_h8 pkda_chunk_prepare 0.0009192040888592601
STAGE_EXECUTED t64_h8 pkda_chunk_scores 0.0017988280160352588
STAGE_EXECUTED t64_h8 pkda_chunk_wy 0.0016050999984145164
STAGE_EXECUTED t64_h8 pkda_chunk_scan 0.0013304699677973986
STAGE_EXECUTED t64_h8 pkda_chunk_output 0.0009066410129889846
CASE_PASS t64_h8 {"o": {"relative_l2": 4.2194281903424246e-07, "max_abs": 1.7229467630386353e-08}, "final_state": {"relative_l2": 4.1167787410787246e-07, "max_abs": 1.7881393432617188e-07}, "final_A_state": {"relative_l2": 6.309618595769387e-08, "max_abs": 1.4901161193847656e-08}}
CASE_START t65_h8 {'B': 1, 'T': 65, 'H': 8, 'N': 2, 'state_scale': 0.05, 'A_scale': 0.03, 'gate_scale': 0.1}
STAGE_EXECUTED t65_h8 pkda_chunk_prepare 0.0011815530015155673
STAGE_EXECUTED t65_h8 pkda_chunk_scores 0.003391081001609564
STAGE_EXECUTED t65_h8 pkda_chunk_wy 0.0029863660456612706
STAGE_EXECUTED t65_h8 pkda_chunk_scan 0.0014128329930827022
STAGE_EXECUTED t65_h8 pkda_chunk_output 0.0016077120089903474
CASE_PASS t65_h8 {"o": {"relative_l2": 4.236250241694359e-07, "max_abs": 1.862645149230957e-08}, "final_state": {"relative_l2": 3.9193154038101746e-07, "max_abs": 1.7136335372924805e-07}, "final_A_state": {"relative_l2": 1.0358689737953358e-07, "max_abs": 1.4901161193847656e-08}}
CASE_START t128_h8 {'B': 1, 'T': 128, 'H': 8, 'N': 2, 'state_scale': 0.05, 'A_scale': 0.03, 'gate_scale': 0.1}
STAGE_EXECUTED t128_h8 pkda_chunk_prepare 0.0014951829798519611
STAGE_EXECUTED t128_h8 pkda_chunk_scores 0.00338081200607121
STAGE_EXECUTED t128_h8 pkda_chunk_wy 0.0029941280372440815
STAGE_EXECUTED t128_h8 pkda_chunk_scan 0.002339063910767436
STAGE_EXECUTED t128_h8 pkda_chunk_output 0.0015928030479699373
CASE_PASS t128_h8 {"o": {"relative_l2": 4.339421773115197e-07, "max_abs": 1.6763806343078613e-08}, "final_state": {"relative_l2": 4.0727542074225416e-07, "max_abs": 2.682209014892578e-07}, "final_A_state": {"relative_l2": 5.450531492549412e-08, "max_abs": 7.450580596923828e-09}}
CASE_START t192_h8 {'B': 1, 'T': 192, 'H': 8, 'N': 3, 'state_scale': 0.05, 'A_scale': 0.03, 'gate_scale': 0.1}
STAGE_EXECUTED t192_h8 pkda_chunk_prepare 0.0020869700238108635
STAGE_EXECUTED t192_h8 pkda_chunk_scores 0.004963056999258697
STAGE_EXECUTED t192_h8 pkda_chunk_wy 0.004378412035293877
STAGE_EXECUTED t192_h8 pkda_chunk_scan 0.0033847419545054436
STAGE_EXECUTED t192_h8 pkda_chunk_output 0.002284819958731532
CASE_PASS t192_h8 {"o": {"relative_l2": 4.388799727923448e-07, "max_abs": 2.7939677238464355e-08}, "final_state": {"relative_l2": 4.0432832799635034e-07, "max_abs": 1.7881393432617188e-07}, "final_A_state": {"relative_l2": 5.3799126090519365e-08, "max_abs": 7.450580596923828e-09}}
CASE_START t1024_h8 {'B': 1, 'T': 1024, 'H': 8, 'N': 16, 'state_scale': 0.05, 'A_scale': 0.03, 'gate_scale': 0.1}
STAGE_EXECUTED t1024_h8 pkda_chunk_prepare 0.008149278000928462
STAGE_EXECUTED t1024_h8 pkda_chunk_scores 0.02536970900837332
STAGE_EXECUTED t1024_h8 pkda_chunk_wy 0.02222462196368724
STAGE_EXECUTED t1024_h8 pkda_chunk_scan 0.01674764498602599
STAGE_EXECUTED t1024_h8 pkda_chunk_output 0.011003231047652662
CASE_PASS t1024_h8 {"o": {"relative_l2": 4.4486570957767423e-07, "max_abs": 3.166496753692627e-08}, "final_state": {"relative_l2": 4.065552808066103e-07, "max_abs": 2.682209014892578e-07}, "final_A_state": {"relative_l2": 6.562615673560838e-08, "max_abs": 1.1175870895385742e-08}}
CASE_START t65_h1 {'B': 1, 'T': 65, 'H': 1, 'N': 2, 'state_scale': 0.05, 'A_scale': 0.03, 'gate_scale': 0.1}
STAGE_EXECUTED t65_h1 pkda_chunk_prepare 0.0007713310187682509
STAGE_EXECUTED t65_h1 pkda_chunk_scores 0.0009974009590223432
STAGE_EXECUTED t65_h1 pkda_chunk_wy 0.0008958620019257069
STAGE_EXECUTED t65_h1 pkda_chunk_scan 0.0007745950715616345
STAGE_EXECUTED t65_h1 pkda_chunk_output 0.0005515620578080416
CASE_PASS t65_h1 {"o": {"relative_l2": 4.14712520205872e-07, "max_abs": 1.1204974725842476e-08}, "final_state": {"relative_l2": 4.1559839329208235e-07, "max_abs": 1.9371509552001953e-07}, "final_A_state": {"relative_l2": 3.559041924554648e-08, "max_abs": 7.450580596923828e-09}}
CASE_START zero_A {'B': 1, 'T': 2, 'H': 1, 'state_scale': 0.05, 'A_scale': 0.0, 'gate_scale': 0.1, 'zero_atk': True, 'N': 1}
STAGE_EXECUTED zero_A pkda_chunk_prepare 0.0003692259779199958
STAGE_EXECUTED zero_A pkda_chunk_scores 0.0001831019762903452
STAGE_EXECUTED zero_A pkda_chunk_wy 0.00019284698646515608
STAGE_EXECUTED zero_A pkda_chunk_scan 0.00022149807773530483
STAGE_EXECUTED zero_A pkda_chunk_output 0.00018196296878159046
CASE_PASS zero_A {"o": {"relative_l2": 3.1661595240519363e-07, "max_abs": 4.6566128730773926e-09}, "final_state": {"relative_l2": 1.8554807175459561e-07, "max_abs": 8.195638656616211e-08}, "final_A_state": {"relative_l2": 0.0, "max_abs": 0.0}}
CASE_START zero_S {'B': 1, 'T': 2, 'H': 1, 'state_scale': 0.0, 'A_scale': 0.03, 'gate_scale': 0.1, 'N': 1}
STAGE_EXECUTED zero_S pkda_chunk_prepare 0.00038871204014867544
STAGE_EXECUTED zero_S pkda_chunk_scores 0.00018062209710478783
STAGE_EXECUTED zero_S pkda_chunk_wy 0.00019113707821816206
STAGE_EXECUTED zero_S pkda_chunk_scan 0.00022390810772776604
STAGE_EXECUTED zero_S pkda_chunk_output 0.00018220709171146154
CASE_PASS zero_S {"o": {"relative_l2": 3.78741224029646e-07, "max_abs": 3.259629011154175e-09}, "final_state": {"relative_l2": 8.094825375219039e-08, "max_abs": 2.2351741790771484e-08}, "final_A_state": {"relative_l2": 5.501295308062066e-08, "max_abs": 3.725290298461914e-09}}
CASE_START span105 {'B': 1, 'T': 64, 'H': 1, 'state_scale': 0.05, 'A_scale': 0.03, 'gate_scale': 0.1, 'gate_span': 105.0, 'N': 1}
STAGE_EXECUTED span105 pkda_chunk_prepare 0.0005816019838675857
STAGE_EXECUTED span105 pkda_chunk_scores 0.0009863899322226644
STAGE_EXECUTED span105 pkda_chunk_wy 0.000879543018527329
STAGE_EXECUTED span105 pkda_chunk_scan 0.000734947039745748
STAGE_EXECUTED span105 pkda_chunk_output 0.0005343800876289606
CASE_PASS span105 {"o": {"relative_l2": 2.1947340749843894e-07, "max_abs": 5.587935447692871e-09}, "final_state": {"relative_l2": 1.2554406750761775e-07, "max_abs": 1.1175870895385742e-08}, "final_A_state": {"relative_l2": 5.7346357604091637e-08, "max_abs": 3.725290298461914e-09}}
CASE_START span155 {'B': 1, 'T': 64, 'H': 1, 'state_scale': 0.05, 'A_scale': 0.03, 'gate_scale': 0.1, 'gate_span': 155.0, 'N': 1}
STAGE_EXECUTED span155 pkda_chunk_prepare 0.0007127519929781556
STAGE_EXECUTED span155 pkda_chunk_scores 0.0009582879720255733
STAGE_EXECUTED span155 pkda_chunk_wy 0.0008676570141687989
STAGE_EXECUTED span155 pkda_chunk_scan 0.0007898459443822503
STAGE_EXECUTED span155 pkda_chunk_output 0.0005605940241366625
CASE_PASS span155 {"o": {"relative_l2": 2.1711125688895e-07, "max_abs": 6.05359673500061e-09}, "final_state": {"relative_l2": 1.1219973681669059e-07, "max_abs": 1.1175870895385742e-08}, "final_A_state": {"relative_l2": 5.7346357604091637e-08, "max_abs": 3.725290298461914e-09}}
CASE_START nearzero {'B': 1, 'T': 2, 'H': 1, 'state_scale': 0.05, 'A_scale': 0.03, 'gate_scale': 0.1, 'row_norm': 1e-06, 'N': 1}
STAGE_EXECUTED nearzero pkda_chunk_prepare 0.00038566801231354475
STAGE_EXECUTED nearzero pkda_chunk_scores 0.0001827389933168888
STAGE_EXECUTED nearzero pkda_chunk_wy 0.0001941770315170288
STAGE_EXECUTED nearzero pkda_chunk_scan 0.00022523594088852406
STAGE_EXECUTED nearzero pkda_chunk_output 0.00017996598035097122
CASE_PASS nearzero {"o": {"relative_l2": 2.2351960091190287e-07, "max_abs": 4.440892098500626e-15}, "final_state": {"relative_l2": 5.835222018953742e-08, "max_abs": 2.2351741790771484e-08}, "final_A_state": {"relative_l2": 7.986683173526934e-08, "max_abs": 1.862645149230957e-09}}
CASE_START b2_t2_h3 {'B': 2, 'T': 2, 'H': 3, 'N': 1}
STAGE_EXECUTED b2_t2_h3 pkda_chunk_prepare 0.0005861809477210045
STAGE_EXECUTED b2_t2_h3 pkda_chunk_scores 0.0002574960235506296
STAGE_EXECUTED b2_t2_h3 pkda_chunk_wy 0.0002906859153881669
STAGE_EXECUTED b2_t2_h3 pkda_chunk_scan 0.0003707880387082696
STAGE_EXECUTED b2_t2_h3 pkda_chunk_output 0.00028350402135401964
CASE_PASS b2_t2_h3 {"o": {"relative_l2": 3.0292763257977104e-07, "max_abs": 6.51925802230835e-09}, "final_state": {"relative_l2": 1.34412013190935e-07, "max_abs": 8.940696716308594e-08}, "final_A_state": {"relative_l2": 4.277821900061931e-08, "max_abs": 3.725290298461914e-09}}
CASE_START b2_t65_h32 {'B': 2, 'T': 65, 'H': 32, 'N': 2}
STAGE_EXECUTED b2_t65_h32 pkda_chunk_prepare 0.005690105026587844
STAGE_EXECUTED b2_t65_h32 pkda_chunk_scores 0.02522312488872558
STAGE_EXECUTED b2_t65_h32 pkda_chunk_wy 0.022348903003148735
STAGE_EXECUTED b2_t65_h32 pkda_chunk_scan 0.009346095961518586
STAGE_EXECUTED b2_t65_h32 pkda_chunk_output 0.011017226031981409
CASE_PASS b2_t65_h32 {"o": {"relative_l2": 4.2331797548407056e-07, "max_abs": 2.3283064365386963e-08}, "final_state": {"relative_l2": 4.0097416586637636e-07, "max_abs": 2.5331974029541016e-07}, "final_A_state": {"relative_l2": 6.882852642193495e-08, "max_abs": 1.4901161193847656e-08}}
CASE_START b2_t130_h3 {'B': 2, 'T': 130, 'H': 3, 'N': 3}
STAGE_EXECUTED b2_t130_h3 pkda_chunk_prepare 0.0019205280113965273
STAGE_EXECUTED b2_t130_h3 pkda_chunk_scores 0.00416092702653259
STAGE_EXECUTED b2_t130_h3 pkda_chunk_wy 0.003677446977235377
STAGE_EXECUTED b2_t130_h3 pkda_chunk_scan 0.0024700190406292677
STAGE_EXECUTED b2_t130_h3 pkda_chunk_output 0.0018983859336003661
CASE_PASS b2_t130_h3 {"o": {"relative_l2": 4.321627036229866e-07, "max_abs": 2.0489096641540527e-08}, "final_state": {"relative_l2": 3.809018320743766e-07, "max_abs": 1.9371509552001953e-07}, "final_A_state": {"relative_l2": 4.8333011078461867e-08, "max_abs": 5.587935447692871e-09}}
CASE_START t129_h14 {'B': 1, 'T': 129, 'H': 14, 'N': 3}
STAGE_EXECUTED t129_h14 pkda_chunk_prepare 0.0031397269340232015
STAGE_EXECUTED t129_h14 pkda_chunk_scores 0.008906238013878465
STAGE_EXECUTED t129_h14 pkda_chunk_wy 0.00783037394285202
STAGE_EXECUTED t129_h14 pkda_chunk_scan 0.004597194027155638
STAGE_EXECUTED t129_h14 pkda_chunk_output 0.0040100920014083385
CASE_PASS t129_h14 {"o": {"relative_l2": 4.3429781404826275e-07, "max_abs": 1.955777406692505e-08}, "final_state": {"relative_l2": 3.9929940931151824e-07, "max_abs": 2.384185791015625e-07}, "final_A_state": {"relative_l2": 6.726053820712747e-08, "max_abs": 1.4901161193847656e-08}}
CASE_START raw_norm_1e-2 {'B': 1, 'T': 65, 'H': 3, 'N': 2, 'row_norm': 0.01}
STAGE_EXECUTED raw_norm_1e-2 pkda_chunk_prepare 0.0009295929921790957
STAGE_EXECUTED raw_norm_1e-2 pkda_chunk_scores 0.0018708070274442434
STAGE_EXECUTED raw_norm_1e-2 pkda_chunk_wy 0.0016789459623396397
STAGE_EXECUTED raw_norm_1e-2 pkda_chunk_scan 0.0008727679960429668
STAGE_EXECUTED raw_norm_1e-2 pkda_chunk_output 0.0009052889654412866
CASE_PASS raw_norm_1e-2 {"o": {"relative_l2": 3.295935959924678e-07, "max_abs": 6.548361852765083e-11}, "final_state": {"relative_l2": 4.1767026521687364e-07, "max_abs": 8.381903171539307e-09}, "final_A_state": {"relative_l2": 4.453674114390324e-08, "max_abs": 9.094947017729282e-13}}
CASE_START raw_norm_1e-4 {'B': 1, 'T': 65, 'H': 3, 'N': 2, 'row_norm': 0.0001}
STAGE_EXECUTED raw_norm_1e-4 pkda_chunk_prepare 0.0007318069692701101
STAGE_EXECUTED raw_norm_1e-4 pkda_chunk_scores 0.0017574139637872577
STAGE_EXECUTED raw_norm_1e-4 pkda_chunk_wy 0.001556405914016068
STAGE_EXECUTED raw_norm_1e-4 pkda_chunk_scan 0.0007748189382255077
STAGE_EXECUTED raw_norm_1e-4 pkda_chunk_output 0.0008594010723754764
CASE_PASS raw_norm_1e-4 {"o": {"relative_l2": 3.360948947931877e-07, "max_abs": 5.968558980384842e-13}, "final_state": {"relative_l2": 4.2381617018282303e-07, "max_abs": 1.1175870895385742e-08}, "final_A_state": {"relative_l2": 4.4717419524459254e-07, "max_abs": 1.1368683772161603e-13}}
CASE_START zero_qk {'B': 1, 'T': 65, 'H': 3, 'N': 2, 'row_norm': 0.0}
STAGE_EXECUTED zero_qk pkda_chunk_prepare 0.000732218031771481
STAGE_EXECUTED zero_qk pkda_chunk_scores 0.0017572729848325253
STAGE_EXECUTED zero_qk pkda_chunk_wy 0.0015669289277866483
STAGE_EXECUTED zero_qk pkda_chunk_scan 0.0007798729930073023
STAGE_EXECUTED zero_qk pkda_chunk_output 0.0008630589582026005
CASE_PASS zero_qk {"o": {"relative_l2": 0.0, "max_abs": 0.0}, "final_state": {"relative_l2": 3.0428325734940906e-07, "max_abs": 1.1175870895385742e-08}, "final_A_state": {"relative_l2": 3.500118585403849e-07, "max_abs": 1.4210854715202004e-13}}
CASE_START no_main_decay {'B': 1, 'T': 192, 'H': 3, 'N': 3, 'gate_scale': 0.0}
STAGE_EXECUTED no_main_decay pkda_chunk_prepare 0.0013481429778039455
STAGE_EXECUTED no_main_decay pkda_chunk_scores 0.002586559043265879
STAGE_EXECUTED no_main_decay pkda_chunk_wy 0.0022925189696252346
STAGE_EXECUTED no_main_decay pkda_chunk_scan 0.001796104945242405
STAGE_EXECUTED no_main_decay pkda_chunk_output 0.0012362480629235506
CASE_PASS no_main_decay {"o": {"relative_l2": 5.326961592872452e-07, "max_abs": 5.21540641784668e-08}, "final_state": {"relative_l2": 4.903543154270667e-07, "max_abs": 5.960464477539062e-07}, "final_A_state": {"relative_l2": 6.341446007066627e-08, "max_abs": 9.313225746154785e-09}}
CASE_START span155_multichunk {'B': 2, 'T': 130, 'H': 3, 'N': 3, 'gate_span': 155.0}
STAGE_EXECUTED span155_multichunk pkda_chunk_prepare 0.0017198920249938965
STAGE_EXECUTED span155_multichunk pkda_chunk_scores 0.004100973019376397
STAGE_EXECUTED span155_multichunk pkda_chunk_wy 0.0036112769739702344
STAGE_EXECUTED span155_multichunk pkda_chunk_scan 0.0024043209850788116
STAGE_EXECUTED span155_multichunk pkda_chunk_output 0.001849998952820897
CASE_PASS span155_multichunk {"o": {"relative_l2": 2.457072747267467e-07, "max_abs": 9.313225746154785e-09}, "final_state": {"relative_l2": 2.904818214288017e-07, "max_abs": 1.043081283569336e-07}, "final_A_state": {"relative_l2": 5.142367707724957e-08, "max_abs": 7.450580596923828e-09}}
CASE_START zero_A_multichunk {'B': 2, 'T': 130, 'H': 3, 'N': 3, 'zero_atk': True, 'A_scale': 0.0}
STAGE_EXECUTED zero_A_multichunk pkda_chunk_prepare 0.0017174240201711655
STAGE_EXECUTED zero_A_multichunk pkda_chunk_scores 0.004106380045413971
STAGE_EXECUTED zero_A_multichunk pkda_chunk_wy 0.0036125669721513987
STAGE_EXECUTED zero_A_multichunk pkda_chunk_scan 0.002406707964837551
STAGE_EXECUTED zero_A_multichunk pkda_chunk_output 0.0018455169629305601
CASE_PASS zero_A_multichunk {"o": {"relative_l2": 4.323932858646669e-07, "max_abs": 1.7695128917694092e-08}, "final_state": {"relative_l2": 3.8646632583252963e-07, "max_abs": 1.7881393432617188e-07}, "final_A_state": {"relative_l2": 0.0, "max_abs": 0.0}}
CASE_START adversarial155_seed71 {'B': 1, 'T': 192, 'H': 8, 'N': 3, 'adversarial_span': 155.0}
STAGE_EXECUTED adversarial155_seed71 pkda_chunk_prepare 0.0020575429080054164
STAGE_EXECUTED adversarial155_seed71 pkda_chunk_scores 0.004947736975736916
STAGE_EXECUTED adversarial155_seed71 pkda_chunk_wy 0.004353226046077907
STAGE_EXECUTED adversarial155_seed71 pkda_chunk_scan 0.003348037018440664
STAGE_EXECUTED adversarial155_seed71 pkda_chunk_output 0.002256534993648529
CASE_PASS adversarial155_seed71 {"o": {"relative_l2": 6.19120824226093e-06, "max_abs": 4.414469003677368e-07}, "final_state": {"relative_l2": 6.617198916201339e-06, "max_abs": 4.649162292480469e-06}, "final_A_state": {"relative_l2": 5.6550887037066276e-08, "max_abs": 7.450580596923828e-09}}
CASE_START adversarial155_seed72 {'B': 1, 'T': 192, 'H': 8, 'N': 3, 'adversarial_span': 155.0}
STAGE_EXECUTED adversarial155_seed72 pkda_chunk_prepare 0.0021578279556706548
STAGE_EXECUTED adversarial155_seed72 pkda_chunk_scores 0.004935573088005185
STAGE_EXECUTED adversarial155_seed72 pkda_chunk_wy 0.004338983912020922
STAGE_EXECUTED adversarial155_seed72 pkda_chunk_scan 0.0033393879421055317
STAGE_EXECUTED adversarial155_seed72 pkda_chunk_output 0.0022502790670841932
CASE_PASS adversarial155_seed72 {"o": {"relative_l2": 6.209244083211295e-06, "max_abs": 4.805624485015869e-07}, "final_state": {"relative_l2": 6.58996279442551e-06, "max_abs": 4.947185516357422e-06}, "final_A_state": {"relative_l2": 4.82567977291593e-08, "max_abs": 7.450580596923828e-09}}
CASE_START adversarial155_seed73 {'B': 1, 'T': 192, 'H': 8, 'N': 3, 'adversarial_span': 155.0}
STAGE_EXECUTED adversarial155_seed73 pkda_chunk_prepare 0.0020331350388005376
STAGE_EXECUTED adversarial155_seed73 pkda_chunk_scores 0.0049300589598715305
STAGE_EXECUTED adversarial155_seed73 pkda_chunk_wy 0.00433522998355329
STAGE_EXECUTED adversarial155_seed73 pkda_chunk_scan 0.0033381429966539145
STAGE_EXECUTED adversarial155_seed73 pkda_chunk_output 0.0022423729533329606
CASE_PASS adversarial155_seed73 {"o": {"relative_l2": 6.179667106304752e-06, "max_abs": 4.6938657760620117e-07}, "final_state": {"relative_l2": 6.4833890502689435e-06, "max_abs": 4.649162292480469e-06}, "final_A_state": {"relative_l2": 5.122682933024864e-08, "max_abs": 1.4901161193847656e-08}}
PUBLIC_BOUNDARIES_PASS 10
NATIVE_PASS 28 bd 2
