COMPILE_START pkda_chunk_prepare bd 1
COMPILE_PASS pkda_chunk_prepare 0.621215034974739
COMPILE_START pkda_chunk_scores bd 1
COMPILE_PASS pkda_chunk_scores 0.16034819395281374
COMPILE_START pkda_chunk_wy bd 1
COMPILE_PASS pkda_chunk_wy 0.21387527603656054
COMPILE_START pkda_chunk_scan bd 1
COMPILE_PASS pkda_chunk_scan 0.18033569294493645
COMPILE_START pkda_chunk_output bd 1
COMPILE_PASS pkda_chunk_output 0.18324470496736467
CASE_START t4096_h8 {'B': 1, 'T': 4096, 'H': 8, 'N': 64, 'state_scale': 0.05, 'A_scale': 0.03, 'gate_scale': 0.1}
STAGE_EXECUTED t4096_h8 pkda_chunk_prepare 0.7374974950216711
STAGE_EXECUTED t4096_h8 pkda_chunk_scores 0.20212617400102317
STAGE_EXECUTED t4096_h8 pkda_chunk_wy 0.17698774009477347
STAGE_EXECUTED t4096_h8 pkda_chunk_scan 0.13138849602546543
STAGE_EXECUTED t4096_h8 pkda_chunk_output 0.08762783103156835
CASE_PASS t4096_h8 {"o": {"relative_l2": 4.4586199458489094e-07, "max_abs": 3.3527612686157227e-08}, "final_state": {"relative_l2": 4.016814744062547e-07, "max_abs": 1.6391277313232422e-07}, "final_A_state": {"relative_l2": 7.202348048215453e-08, "max_abs": 7.450580596923828e-09}}
CASE_START t1_h1 {'B': 1, 'T': 1, 'H': 1, 'N': 1, 'state_scale': 0.05, 'A_scale': 0.03, 'gate_scale': 0.1}
STAGE_EXECUTED t1_h1 pkda_chunk_prepare 0.0004729480715468526
STAGE_EXECUTED t1_h1 pkda_chunk_scores 0.0002308220136910677
STAGE_EXECUTED t1_h1 pkda_chunk_wy 0.00023641798179596663
STAGE_EXECUTED t1_h1 pkda_chunk_scan 0.00025838601868599653
STAGE_EXECUTED t1_h1 pkda_chunk_output 0.00022570707369595766
CASE_PASS t1_h1 {"o": {"relative_l2": 2.69008020072325e-07, "max_abs": 3.259629011154175e-09}, "final_state": {"relative_l2": 3.913240860166143e-08, "max_abs": 1.4901161193847656e-08}, "final_A_state": {"relative_l2": 0.0, "max_abs": 0.0}}
CASE_START t2_h1 {'B': 1, 'T': 2, 'H': 1, 'N': 1, 'state_scale': 0.05, 'A_scale': 0.03, 'gate_scale': 0.1}
STAGE_EXECUTED t2_h1 pkda_chunk_prepare 0.0003890430089086294
STAGE_EXECUTED t2_h1 pkda_chunk_scores 0.0002043659333139658
STAGE_EXECUTED t2_h1 pkda_chunk_wy 0.00022008002270013094
STAGE_EXECUTED t2_h1 pkda_chunk_scan 0.00025026604998856783
STAGE_EXECUTED t2_h1 pkda_chunk_output 0.00020652706734836102
CASE_PASS t2_h1 {"o": {"relative_l2": 2.9372479388562645e-07, "max_abs": 4.423782229423523e-09}, "final_state": {"relative_l2": 1.3100209741986484e-07, "max_abs": 5.960464477539063e-08}, "final_A_state": {"relative_l2": 0.0, "max_abs": 0.0}}
CASE_START t63_h8 {'B': 1, 'T': 63, 'H': 8, 'N': 1, 'state_scale': 0.05, 'A_scale': 0.03, 'gate_scale': 0.1}
STAGE_EXECUTED t63_h8 pkda_chunk_prepare 0.0015200109919533134
STAGE_EXECUTED t63_h8 pkda_chunk_scores 0.0032886869739741087
STAGE_EXECUTED t63_h8 pkda_chunk_wy 0.002974869101308286
STAGE_EXECUTED t63_h8 pkda_chunk_scan 0.002370608039200306
STAGE_EXECUTED t63_h8 pkda_chunk_output 0.0015620770864188671
CASE_PASS t63_h8 {"o": {"relative_l2": 4.1538845646121317e-07, "max_abs": 1.862645149230957e-08}, "final_state": {"relative_l2": 4.004045698443292e-07, "max_abs": 1.9371509552001953e-07}, "final_A_state": {"relative_l2": 6.584471986830337e-08, "max_abs": 1.4901161193847656e-08}}
CASE_START t64_h8 {'B': 1, 'T': 64, 'H': 8, 'N': 1, 'state_scale': 0.05, 'A_scale': 0.03, 'gate_scale': 0.1}
STAGE_EXECUTED t64_h8 pkda_chunk_prepare 0.0015374870272353292
STAGE_EXECUTED t64_h8 pkda_chunk_scores 0.0033832129556685686
STAGE_EXECUTED t64_h8 pkda_chunk_wy 0.002993206027895212
STAGE_EXECUTED t64_h8 pkda_chunk_scan 0.002405397011898458
STAGE_EXECUTED t64_h8 pkda_chunk_output 0.001592522021383047
CASE_PASS t64_h8 {"o": {"relative_l2": 4.2194281903424246e-07, "max_abs": 1.7229467630386353e-08}, "final_state": {"relative_l2": 4.1167787410787246e-07, "max_abs": 1.7881393432617188e-07}, "final_A_state": {"relative_l2": 6.309618595769387e-08, "max_abs": 1.4901161193847656e-08}}
CASE_START t65_h8 {'B': 1, 'T': 65, 'H': 8, 'N': 2, 'state_scale': 0.05, 'A_scale': 0.03, 'gate_scale': 0.1}
STAGE_EXECUTED t65_h8 pkda_chunk_prepare 0.001993490965105593
STAGE_EXECUTED t65_h8 pkda_chunk_scores 0.00647095195017755
STAGE_EXECUTED t65_h8 pkda_chunk_wy 0.005676533095538616
STAGE_EXECUTED t65_h8 pkda_chunk_scan 0.0025711619528010488
STAGE_EXECUTED t65_h8 pkda_chunk_output 0.002864296897314489
CASE_PASS t65_h8 {"o": {"relative_l2": 4.236250241694359e-07, "max_abs": 1.862645149230957e-08}, "final_state": {"relative_l2": 3.9193154038101746e-07, "max_abs": 1.7136335372924805e-07}, "final_A_state": {"relative_l2": 1.0358689737953358e-07, "max_abs": 1.4901161193847656e-08}}
CASE_START t128_h8 {'B': 1, 'T': 128, 'H': 8, 'N': 2, 'state_scale': 0.05, 'A_scale': 0.03, 'gate_scale': 0.1}
STAGE_EXECUTED t128_h8 pkda_chunk_prepare 0.0025716599775478244
STAGE_EXECUTED t128_h8 pkda_chunk_scores 0.0065458150347694755
STAGE_EXECUTED t128_h8 pkda_chunk_wy 0.005763718974776566
STAGE_EXECUTED t128_h8 pkda_chunk_scan 0.0044413229916244745
STAGE_EXECUTED t128_h8 pkda_chunk_output 0.0029396149329841137
CASE_PASS t128_h8 {"o": {"relative_l2": 4.339421773115197e-07, "max_abs": 1.6763806343078613e-08}, "final_state": {"relative_l2": 4.0727542074225416e-07, "max_abs": 2.682209014892578e-07}, "final_A_state": {"relative_l2": 5.450531492549412e-08, "max_abs": 7.450580596923828e-09}}
CASE_START t192_h8 {'B': 1, 'T': 192, 'H': 8, 'N': 3, 'state_scale': 0.05, 'A_scale': 0.03, 'gate_scale': 0.1}
STAGE_EXECUTED t192_h8 pkda_chunk_prepare 0.0038620000705122948
STAGE_EXECUTED t192_h8 pkda_chunk_scores 0.009695954038761556
STAGE_EXECUTED t192_h8 pkda_chunk_wy 0.008526843972504139
STAGE_EXECUTED t192_h8 pkda_chunk_scan 0.006483009085059166
STAGE_EXECUTED t192_h8 pkda_chunk_output 0.0043512420961633325
CASE_PASS t192_h8 {"o": {"relative_l2": 4.388799727923448e-07, "max_abs": 2.7939677238464355e-08}, "final_state": {"relative_l2": 4.0432832799635034e-07, "max_abs": 1.7881393432617188e-07}, "final_A_state": {"relative_l2": 5.3799126090519365e-08, "max_abs": 7.450580596923828e-09}}
CASE_START t1024_h8 {'B': 1, 'T': 1024, 'H': 8, 'N': 16, 'state_scale': 0.05, 'A_scale': 0.03, 'gate_scale': 0.1}
STAGE_EXECUTED t1024_h8 pkda_chunk_prepare 0.01666437101084739
STAGE_EXECUTED t1024_h8 pkda_chunk_scores 0.05037268600426614
STAGE_EXECUTED t1024_h8 pkda_chunk_wy 0.044176321011036634
STAGE_EXECUTED t1024_h8 pkda_chunk_scan 0.03304053202737123
STAGE_EXECUTED t1024_h8 pkda_chunk_output 0.02157575497403741
CASE_PASS t1024_h8 {"o": {"relative_l2": 4.4486570957767423e-07, "max_abs": 3.166496753692627e-08}, "final_state": {"relative_l2": 4.065552808066103e-07, "max_abs": 2.682209014892578e-07}, "final_A_state": {"relative_l2": 6.562615673560838e-08, "max_abs": 1.1175870895385742e-08}}
CASE_START t65_h1 {'B': 1, 'T': 65, 'H': 1, 'N': 2, 'state_scale': 0.05, 'A_scale': 0.03, 'gate_scale': 0.1}
STAGE_EXECUTED t65_h1 pkda_chunk_prepare 0.0008316900348290801
STAGE_EXECUTED t65_h1 pkda_chunk_scores 0.0010078559862449765
STAGE_EXECUTED t65_h1 pkda_chunk_wy 0.0009041770827025175
STAGE_EXECUTED t65_h1 pkda_chunk_scan 0.0007858920143917203
STAGE_EXECUTED t65_h1 pkda_chunk_output 0.0005604829639196396
CASE_PASS t65_h1 {"o": {"relative_l2": 4.14712520205872e-07, "max_abs": 1.1204974725842476e-08}, "final_state": {"relative_l2": 4.1559839329208235e-07, "max_abs": 1.9371509552001953e-07}, "final_A_state": {"relative_l2": 3.559041924554648e-08, "max_abs": 7.450580596923828e-09}}
CASE_START zero_A {'B': 1, 'T': 2, 'H': 1, 'state_scale': 0.05, 'A_scale': 0.0, 'gate_scale': 0.1, 'zero_atk': True, 'N': 1}
STAGE_EXECUTED zero_A pkda_chunk_prepare 0.0003763479180634022
STAGE_EXECUTED zero_A pkda_chunk_scores 0.0001903489464893937
STAGE_EXECUTED zero_A pkda_chunk_wy 0.0001998069928959012
STAGE_EXECUTED zero_A pkda_chunk_scan 0.00022394408006221056
STAGE_EXECUTED zero_A pkda_chunk_output 0.00018825102597475052
CASE_PASS zero_A {"o": {"relative_l2": 3.1661595240519363e-07, "max_abs": 4.6566128730773926e-09}, "final_state": {"relative_l2": 1.8554807175459561e-07, "max_abs": 8.195638656616211e-08}, "final_A_state": {"relative_l2": 0.0, "max_abs": 0.0}}
CASE_START zero_S {'B': 1, 'T': 2, 'H': 1, 'state_scale': 0.0, 'A_scale': 0.03, 'gate_scale': 0.1, 'N': 1}
STAGE_EXECUTED zero_S pkda_chunk_prepare 0.0003568190149962902
STAGE_EXECUTED zero_S pkda_chunk_scores 0.00018096202984452248
STAGE_EXECUTED zero_S pkda_chunk_wy 0.00019109901040792465
STAGE_EXECUTED zero_S pkda_chunk_scan 0.00022151705343276262
STAGE_EXECUTED zero_S pkda_chunk_output 0.00018131302203983068
CASE_PASS zero_S {"o": {"relative_l2": 3.78741224029646e-07, "max_abs": 3.259629011154175e-09}, "final_state": {"relative_l2": 8.094825375219039e-08, "max_abs": 2.2351741790771484e-08}, "final_A_state": {"relative_l2": 5.501295308062066e-08, "max_abs": 3.725290298461914e-09}}
CASE_START span105 {'B': 1, 'T': 64, 'H': 1, 'state_scale': 0.05, 'A_scale': 0.03, 'gate_scale': 0.1, 'gate_span': 105.0, 'N': 1}
STAGE_EXECUTED span105 pkda_chunk_prepare 0.0005905239377170801
STAGE_EXECUTED span105 pkda_chunk_scores 0.0009740249952301383
STAGE_EXECUTED span105 pkda_chunk_wy 0.0008740801131352782
STAGE_EXECUTED span105 pkda_chunk_scan 0.0007268199697136879
STAGE_EXECUTED span105 pkda_chunk_output 0.0005282459314912558
CASE_PASS span105 {"o": {"relative_l2": 2.1947340749843894e-07, "max_abs": 5.587935447692871e-09}, "final_state": {"relative_l2": 1.2554406750761775e-07, "max_abs": 1.1175870895385742e-08}, "final_A_state": {"relative_l2": 5.7346357604091637e-08, "max_abs": 3.725290298461914e-09}}
CASE_START span155 {'B': 1, 'T': 64, 'H': 1, 'state_scale': 0.05, 'A_scale': 0.03, 'gate_scale': 0.1, 'gate_span': 155.0, 'N': 1}
STAGE_EXECUTED span155 pkda_chunk_prepare 0.000679965945892036
STAGE_EXECUTED span155 pkda_chunk_scores 0.0009472700767219067
STAGE_EXECUTED span155 pkda_chunk_wy 0.000849431031383574
STAGE_EXECUTED span155 pkda_chunk_scan 0.0007076279725879431
STAGE_EXECUTED span155 pkda_chunk_output 0.0004961190279573202
CASE_PASS span155 {"o": {"relative_l2": 2.1711125688895e-07, "max_abs": 6.05359673500061e-09}, "final_state": {"relative_l2": 1.1219973681669059e-07, "max_abs": 1.1175870895385742e-08}, "final_A_state": {"relative_l2": 5.7346357604091637e-08, "max_abs": 3.725290298461914e-09}}
CASE_START nearzero {'B': 1, 'T': 2, 'H': 1, 'state_scale': 0.05, 'A_scale': 0.03, 'gate_scale': 0.1, 'row_norm': 1e-06, 'N': 1}
STAGE_EXECUTED nearzero pkda_chunk_prepare 0.0003612920409068465
STAGE_EXECUTED nearzero pkda_chunk_scores 0.0001816480653360486
STAGE_EXECUTED nearzero pkda_chunk_wy 0.0001894079614430666
STAGE_EXECUTED nearzero pkda_chunk_scan 0.0002212049439549446
STAGE_EXECUTED nearzero pkda_chunk_output 0.00017776701133698225
CASE_PASS nearzero {"o": {"relative_l2": 2.2351960091190287e-07, "max_abs": 4.440892098500626e-15}, "final_state": {"relative_l2": 5.835222018953742e-08, "max_abs": 2.2351741790771484e-08}, "final_A_state": {"relative_l2": 7.986683173526934e-08, "max_abs": 1.862645149230957e-09}}
CASE_START b2_t2_h3 {'B': 2, 'T': 2, 'H': 3, 'N': 1}
STAGE_EXECUTED b2_t2_h3 pkda_chunk_prepare 0.0006789980689063668
STAGE_EXECUTED b2_t2_h3 pkda_chunk_scores 0.0002844530390575528
STAGE_EXECUTED b2_t2_h3 pkda_chunk_wy 0.0003291880711913109
STAGE_EXECUTED b2_t2_h3 pkda_chunk_scan 0.000437804963439703
STAGE_EXECUTED b2_t2_h3 pkda_chunk_output 0.0003261358942836523
CASE_PASS b2_t2_h3 {"o": {"relative_l2": 3.0292763257977104e-07, "max_abs": 6.51925802230835e-09}, "final_state": {"relative_l2": 1.34412013190935e-07, "max_abs": 8.940696716308594e-08}, "final_A_state": {"relative_l2": 4.277821900061931e-08, "max_abs": 3.725290298461914e-09}}
CASE_START b2_t65_h32 {'B': 2, 'T': 65, 'H': 32, 'N': 2}
STAGE_EXECUTED b2_t65_h32 pkda_chunk_prepare 0.011899466044269502
STAGE_EXECUTED b2_t65_h32 pkda_chunk_scores 0.02619355299975723
STAGE_EXECUTED b2_t65_h32 pkda_chunk_wy 0.023271350073628128
STAGE_EXECUTED b2_t65_h32 pkda_chunk_scan 0.018307777936570346
STAGE_EXECUTED b2_t65_h32 pkda_chunk_output 0.012380075990222394
CASE_PASS b2_t65_h32 {"o": {"relative_l2": 4.2331797548407056e-07, "max_abs": 2.3283064365386963e-08}, "final_state": {"relative_l2": 4.0097416586637636e-07, "max_abs": 2.5331974029541016e-07}, "final_A_state": {"relative_l2": 6.882852642193495e-08, "max_abs": 1.4901161193847656e-08}}
CASE_START b2_t130_h3 {'B': 2, 'T': 130, 'H': 3, 'N': 3}
STAGE_EXECUTED b2_t130_h3 pkda_chunk_prepare 0.0028499800246208906
STAGE_EXECUTED b2_t130_h3 pkda_chunk_scores 0.005119103938341141
STAGE_EXECUTED b2_t130_h3 pkda_chunk_wy 0.004532585036940873
STAGE_EXECUTED b2_t130_h3 pkda_chunk_scan 0.00358066288754344
STAGE_EXECUTED b2_t130_h3 pkda_chunk_output 0.0024515610421076417
CASE_PASS b2_t130_h3 {"o": {"relative_l2": 4.321627036229866e-07, "max_abs": 2.0489096641540527e-08}, "final_state": {"relative_l2": 3.809018320743766e-07, "max_abs": 1.9371509552001953e-07}, "final_A_state": {"relative_l2": 4.8333011078461867e-08, "max_abs": 5.587935447692871e-09}}
CASE_START t129_h14 {'B': 1, 'T': 129, 'H': 14, 'N': 3}
STAGE_EXECUTED t129_h14 pkda_chunk_prepare 0.005374139989726245
STAGE_EXECUTED t129_h14 pkda_chunk_scores 0.016704556066542864
STAGE_EXECUTED t129_h14 pkda_chunk_wy 0.014664408983662724
STAGE_EXECUTED t129_h14 pkda_chunk_scan 0.007840207079425454
STAGE_EXECUTED t129_h14 pkda_chunk_output 0.007290145964361727
CASE_PASS t129_h14 {"o": {"relative_l2": 4.3429781404826275e-07, "max_abs": 1.955777406692505e-08}, "final_state": {"relative_l2": 3.9929940931151824e-07, "max_abs": 2.384185791015625e-07}, "final_A_state": {"relative_l2": 6.726053820712747e-08, "max_abs": 1.4901161193847656e-08}}
CASE_START raw_norm_1e-2 {'B': 1, 'T': 65, 'H': 3, 'N': 2, 'row_norm': 0.01}
STAGE_EXECUTED raw_norm_1e-2 pkda_chunk_prepare 0.001226418069563806
STAGE_EXECUTED raw_norm_1e-2 pkda_chunk_scores 0.0025730300694704056
STAGE_EXECUTED raw_norm_1e-2 pkda_chunk_wy 0.0047230529598891735
STAGE_EXECUTED raw_norm_1e-2 pkda_chunk_scan 0.0014284150674939156
STAGE_EXECUTED raw_norm_1e-2 pkda_chunk_output 0.0012449469650164247
CASE_PASS raw_norm_1e-2 {"o": {"relative_l2": 3.295935959924678e-07, "max_abs": 6.548361852765083e-11}, "final_state": {"relative_l2": 4.1767026521687364e-07, "max_abs": 8.381903171539307e-09}, "final_A_state": {"relative_l2": 4.453674114390324e-08, "max_abs": 9.094947017729282e-13}}
CASE_START raw_norm_1e-4 {'B': 1, 'T': 65, 'H': 3, 'N': 2, 'row_norm': 0.0001}
STAGE_EXECUTED raw_norm_1e-4 pkda_chunk_prepare 0.0010876170126721263
STAGE_EXECUTED raw_norm_1e-4 pkda_chunk_scores 0.0025219640228897333
STAGE_EXECUTED raw_norm_1e-4 pkda_chunk_wy 0.002228423021733761
STAGE_EXECUTED raw_norm_1e-4 pkda_chunk_scan 0.0013245709706097841
STAGE_EXECUTED raw_norm_1e-4 pkda_chunk_output 0.0011690090177580714
CASE_PASS raw_norm_1e-4 {"o": {"relative_l2": 3.360948947931877e-07, "max_abs": 5.968558980384842e-13}, "final_state": {"relative_l2": 4.2381617018282303e-07, "max_abs": 1.1175870895385742e-08}, "final_A_state": {"relative_l2": 4.4717419524459254e-07, "max_abs": 1.1368683772161603e-13}}
CASE_START zero_qk {'B': 1, 'T': 65, 'H': 3, 'N': 2, 'row_norm': 0.0}
STAGE_EXECUTED zero_qk pkda_chunk_prepare 0.0011532820062711835
STAGE_EXECUTED zero_qk pkda_chunk_scores 0.0025373210664838552
STAGE_EXECUTED zero_qk pkda_chunk_wy 0.0022420770255848765
STAGE_EXECUTED zero_qk pkda_chunk_scan 0.0013253409415483475
STAGE_EXECUTED zero_qk pkda_chunk_output 0.0011737399036064744
CASE_PASS zero_qk {"o": {"relative_l2": 0.0, "max_abs": 0.0}, "final_state": {"relative_l2": 3.0428325734940906e-07, "max_abs": 1.1175870895385742e-08}, "final_A_state": {"relative_l2": 3.500118585403849e-07, "max_abs": 1.4210854715202004e-13}}
CASE_START no_main_decay {'B': 1, 'T': 192, 'H': 3, 'N': 3, 'gate_scale': 0.0}
STAGE_EXECUTED no_main_decay pkda_chunk_prepare 0.002223346964456141
STAGE_EXECUTED no_main_decay pkda_chunk_scores 0.004170758998952806
STAGE_EXECUTED no_main_decay pkda_chunk_wy 0.0036641950719058514
STAGE_EXECUTED no_main_decay pkda_chunk_scan 0.003330757957883179
STAGE_EXECUTED no_main_decay pkda_chunk_output 0.0019254520302638412
CASE_PASS no_main_decay {"o": {"relative_l2": 5.326961592872452e-07, "max_abs": 5.21540641784668e-08}, "final_state": {"relative_l2": 4.903543154270667e-07, "max_abs": 5.960464477539062e-07}, "final_A_state": {"relative_l2": 6.341446007066627e-08, "max_abs": 9.313225746154785e-09}}
CASE_START span155_multichunk {'B': 2, 'T': 130, 'H': 3, 'N': 3, 'gate_span': 155.0}
STAGE_EXECUTED span155_multichunk pkda_chunk_prepare 0.0025758249685168266
STAGE_EXECUTED span155_multichunk pkda_chunk_scores 0.005018840078264475
STAGE_EXECUTED span155_multichunk pkda_chunk_wy 0.004469622042961419
STAGE_EXECUTED span155_multichunk pkda_chunk_scan 0.003512282040901482
STAGE_EXECUTED span155_multichunk pkda_chunk_output 0.0023865039693191648
CASE_PASS span155_multichunk {"o": {"relative_l2": 2.457072747267467e-07, "max_abs": 9.313225746154785e-09}, "final_state": {"relative_l2": 2.904818214288017e-07, "max_abs": 1.043081283569336e-07}, "final_A_state": {"relative_l2": 5.142367707724957e-08, "max_abs": 7.450580596923828e-09}}
CASE_START zero_A_multichunk {'B': 2, 'T': 130, 'H': 3, 'N': 3, 'zero_atk': True, 'A_scale': 0.0}
STAGE_EXECUTED zero_A_multichunk pkda_chunk_prepare 0.0025464349891990423
STAGE_EXECUTED zero_A_multichunk pkda_chunk_scores 0.005012803943827748
STAGE_EXECUTED zero_A_multichunk pkda_chunk_wy 0.004466020967811346
STAGE_EXECUTED zero_A_multichunk pkda_chunk_scan 0.0035197350662201643
STAGE_EXECUTED zero_A_multichunk pkda_chunk_output 0.002386252977885306
CASE_PASS zero_A_multichunk {"o": {"relative_l2": 4.323932858646669e-07, "max_abs": 1.7695128917694092e-08}, "final_state": {"relative_l2": 3.8646632583252963e-07, "max_abs": 1.7881393432617188e-07}, "final_A_state": {"relative_l2": 0.0, "max_abs": 0.0}}
CASE_START adversarial155_seed71 {'B': 1, 'T': 192, 'H': 8, 'N': 3, 'adversarial_span': 155.0}
STAGE_EXECUTED adversarial155_seed71 pkda_chunk_prepare 0.003908518003299832
STAGE_EXECUTED adversarial155_seed71 pkda_chunk_scores 0.009714343002997339
STAGE_EXECUTED adversarial155_seed71 pkda_chunk_wy 0.008517406997270882
STAGE_EXECUTED adversarial155_seed71 pkda_chunk_scan 0.0064999370370060205
STAGE_EXECUTED adversarial155_seed71 pkda_chunk_output 0.004341374966315925
CASE_PASS adversarial155_seed71 {"o": {"relative_l2": 6.19120824226093e-06, "max_abs": 4.414469003677368e-07}, "final_state": {"relative_l2": 6.617198916201339e-06, "max_abs": 4.649162292480469e-06}, "final_A_state": {"relative_l2": 5.6550887037066276e-08, "max_abs": 7.450580596923828e-09}}
CASE_START adversarial155_seed72 {'B': 1, 'T': 192, 'H': 8, 'N': 3, 'adversarial_span': 155.0}
STAGE_EXECUTED adversarial155_seed72 pkda_chunk_prepare 0.00398301996756345
STAGE_EXECUTED adversarial155_seed72 pkda_chunk_scores 0.009677589987404644
STAGE_EXECUTED adversarial155_seed72 pkda_chunk_wy 0.00849667505826801
STAGE_EXECUTED adversarial155_seed72 pkda_chunk_scan 0.006464483914896846
STAGE_EXECUTED adversarial155_seed72 pkda_chunk_output 0.005591445020399988
CASE_PASS adversarial155_seed72 {"o": {"relative_l2": 6.209244083211295e-06, "max_abs": 4.805624485015869e-07}, "final_state": {"relative_l2": 6.58996279442551e-06, "max_abs": 4.947185516357422e-06}, "final_A_state": {"relative_l2": 4.82567977291593e-08, "max_abs": 7.450580596923828e-09}}
CASE_START adversarial155_seed73 {'B': 1, 'T': 192, 'H': 8, 'N': 3, 'adversarial_span': 155.0}
STAGE_EXECUTED adversarial155_seed73 pkda_chunk_prepare 0.0038834899896755815
STAGE_EXECUTED adversarial155_seed73 pkda_chunk_scores 0.009677819907665253
STAGE_EXECUTED adversarial155_seed73 pkda_chunk_wy 0.008500776952132583
STAGE_EXECUTED adversarial155_seed73 pkda_chunk_scan 0.0065330410143360496
STAGE_EXECUTED adversarial155_seed73 pkda_chunk_output 0.004317753948271275
CASE_PASS adversarial155_seed73 {"o": {"relative_l2": 6.179667106304752e-06, "max_abs": 4.6938657760620117e-07}, "final_state": {"relative_l2": 6.4833890502689435e-06, "max_abs": 4.649162292480469e-06}, "final_A_state": {"relative_l2": 5.122682933024864e-08, "max_abs": 1.4901161193847656e-08}}
PUBLIC_BOUNDARIES_PASS 10
NATIVE_PASS 28 bd 1
