COMPILE_START pkda_chunk_prepare bd 4
COMPILE_PASS pkda_chunk_prepare 0.6209904489805922
COMPILE_START pkda_chunk_scores bd 4
COMPILE_PASS pkda_chunk_scores 0.16663299989886582
COMPILE_START pkda_chunk_wy bd 4
COMPILE_PASS pkda_chunk_wy 0.21602019295096397
COMPILE_START pkda_chunk_scan bd 4
COMPILE_PASS pkda_chunk_scan 0.17734756297431886
COMPILE_START pkda_chunk_output bd 4
COMPILE_PASS pkda_chunk_output 0.16960641206242144
CASE_START t4096_h8 {'B': 1, 'T': 4096, 'H': 8, 'N': 64, 'state_scale': 0.05, 'A_scale': 0.03, 'gate_scale': 0.1}
STAGE_EXECUTED t4096_h8 pkda_chunk_prepare 0.6795368390157819
STAGE_EXECUTED t4096_h8 pkda_chunk_scores 0.05158894695341587
STAGE_EXECUTED t4096_h8 pkda_chunk_wy 0.045395449036732316
STAGE_EXECUTED t4096_h8 pkda_chunk_scan 0.034332760027609766
STAGE_EXECUTED t4096_h8 pkda_chunk_output 0.022806970053352416
CASE_PASS t4096_h8 {"o": {"relative_l2": 4.4586199458489094e-07, "max_abs": 3.3527612686157227e-08}, "final_state": {"relative_l2": 4.016814744062547e-07, "max_abs": 1.6391277313232422e-07}, "final_A_state": {"relative_l2": 7.202348048215453e-08, "max_abs": 7.450580596923828e-09}}
PERF_ROUND 1024 1 46.83616803959012 613.5562227282207
PERF_ROUND 1024 2 47.08017501980066 606.5755922172684
PERF_ROUND 1024 3 46.86048091389239 604.7828580194619
PERF_ROUND 4096 1 179.9217500956729 4696.891178988153
PERF_ROUND 4096 2 179.8457879340276 4679.362374765333
PERF_ROUND 4096 3 179.84981508925557 4690.991975279758
NATIVE_PASS 1 bd 4
