COMPILE_START pkda_chunk_prepare bd 4
COMPILE_PASS pkda_chunk_prepare 0.6509665880585089
COMPILE_START pkda_chunk_scores bd 4
COMPILE_PASS pkda_chunk_scores 0.16359623498283327
COMPILE_START pkda_chunk_wy bd 4
COMPILE_PASS pkda_chunk_wy 0.2259907639818266
COMPILE_START pkda_chunk_scan bd 4
COMPILE_PASS pkda_chunk_scan 0.17467267101164907
COMPILE_START pkda_chunk_output bd 4
COMPILE_PASS pkda_chunk_output 0.17261829902417958
CASE_START t4096_h8 {'B': 1, 'T': 4096, 'H': 8, 'N': 64, 'state_scale': 0.05, 'A_scale': 0.03, 'gate_scale': 0.1}
STAGE_EXECUTED t4096_h8 pkda_chunk_prepare 0.6723834970034659
STAGE_EXECUTED t4096_h8 pkda_chunk_scores 0.05162961198948324
STAGE_EXECUTED t4096_h8 pkda_chunk_wy 0.045339760021306574
STAGE_EXECUTED t4096_h8 pkda_chunk_scan 0.034054393065162
STAGE_EXECUTED t4096_h8 pkda_chunk_output 0.02269003097899258
CASE_PASS t4096_h8 {"o": {"relative_l2": 4.4586199458489094e-07, "max_abs": 3.3527612686157227e-08}, "final_state": {"relative_l2": 4.016814744062547e-07, "max_abs": 1.6391277313232422e-07}, "final_A_state": {"relative_l2": 7.202348048215453e-08, "max_abs": 7.450580596923828e-09}}
CASE_START t1_h1 {'B': 1, 'T': 1, 'H': 1, 'N': 1, 'state_scale': 0.05, 'A_scale': 0.03, 'gate_scale': 0.1}
STAGE_EXECUTED t1_h1 pkda_chunk_prepare 0.000545385992154479
STAGE_EXECUTED t1_h1 pkda_chunk_scores 0.0002494970103725791
STAGE_EXECUTED t1_h1 pkda_chunk_wy 0.0002495280932635069
STAGE_EXECUTED t1_h1 pkda_chunk_scan 0.0002730370033532381
STAGE_EXECUTED t1_h1 pkda_chunk_output 0.0002480971161276102
CASE_PASS t1_h1 {"o": {"relative_l2": 2.69008020072325e-07, "max_abs": 3.259629011154175e-09}, "final_state": {"relative_l2": 3.913240860166143e-08, "max_abs": 1.4901161193847656e-08}, "final_A_state": {"relative_l2": 0.0, "max_abs": 0.0}}
CASE_START t2_h1 {'B': 1, 'T': 2, 'H': 1, 'N': 1, 'state_scale': 0.05, 'A_scale': 0.03, 'gate_scale': 0.1}
STAGE_EXECUTED t2_h1 pkda_chunk_prepare 0.0004054449964314699
STAGE_EXECUTED t2_h1 pkda_chunk_scores 0.00021524401381611824
STAGE_EXECUTED t2_h1 pkda_chunk_wy 0.00022162706591188908
STAGE_EXECUTED t2_h1 pkda_chunk_scan 0.000251093995757401
STAGE_EXECUTED t2_h1 pkda_chunk_output 0.00021218799520283937
CASE_PASS t2_h1 {"o": {"relative_l2": 2.9372479388562645e-07, "max_abs": 4.423782229423523e-09}, "final_state": {"relative_l2": 1.3100209741986484e-07, "max_abs": 5.960464477539063e-08}, "final_A_state": {"relative_l2": 0.0, "max_abs": 0.0}}
CASE_START t63_h8 {'B': 1, 'T': 63, 'H': 8, 'N': 1, 'state_scale': 0.05, 'A_scale': 0.03, 'gate_scale': 0.1}
STAGE_EXECUTED t63_h8 pkda_chunk_prepare 0.0005745920352637768
STAGE_EXECUTED t63_h8 pkda_chunk_scores 0.0009705590782687068
STAGE_EXECUTED t63_h8 pkda_chunk_wy 0.00088734389282763
STAGE_EXECUTED t63_h8 pkda_chunk_scan 0.0007642790442332625
STAGE_EXECUTED t63_h8 pkda_chunk_output 0.0005296979798004031
CASE_PASS t63_h8 {"o": {"relative_l2": 4.1538845646121317e-07, "max_abs": 1.862645149230957e-08}, "final_state": {"relative_l2": 4.004045698443292e-07, "max_abs": 1.9371509552001953e-07}, "final_A_state": {"relative_l2": 6.584471986830337e-08, "max_abs": 1.4901161193847656e-08}}
CASE_START t64_h8 {'B': 1, 'T': 64, 'H': 8, 'N': 1, 'state_scale': 0.05, 'A_scale': 0.03, 'gate_scale': 0.1}
STAGE_EXECUTED t64_h8 pkda_chunk_prepare 0.000606441986747086
STAGE_EXECUTED t64_h8 pkda_chunk_scores 0.001000117976218462
STAGE_EXECUTED t64_h8 pkda_chunk_wy 0.0009045520564541221
STAGE_EXECUTED t64_h8 pkda_chunk_scan 0.0007639880059286952
STAGE_EXECUTED t64_h8 pkda_chunk_output 0.0005476130172610283
CASE_PASS t64_h8 {"o": {"relative_l2": 4.2194281903424246e-07, "max_abs": 1.7229467630386353e-08}, "final_state": {"relative_l2": 4.1167787410787246e-07, "max_abs": 1.7881393432617188e-07}, "final_A_state": {"relative_l2": 6.309618595769387e-08, "max_abs": 1.4901161193847656e-08}}
CASE_START t65_h8 {'B': 1, 'T': 65, 'H': 8, 'N': 2, 'state_scale': 0.05, 'A_scale': 0.03, 'gate_scale': 0.1}
STAGE_EXECUTED t65_h8 pkda_chunk_prepare 0.0007548189023509622
STAGE_EXECUTED t65_h8 pkda_chunk_scores 0.0017974840011447668
STAGE_EXECUTED t65_h8 pkda_chunk_wy 0.0015992819098755717
STAGE_EXECUTED t65_h8 pkda_chunk_scan 0.0008155659306794405
STAGE_EXECUTED t65_h8 pkda_chunk_output 0.0009044739417731762
CASE_PASS t65_h8 {"o": {"relative_l2": 4.236250241694359e-07, "max_abs": 1.862645149230957e-08}, "final_state": {"relative_l2": 3.9193154038101746e-07, "max_abs": 1.7136335372924805e-07}, "final_A_state": {"relative_l2": 1.0358689737953358e-07, "max_abs": 1.4901161193847656e-08}}
CASE_START t128_h8 {'B': 1, 'T': 128, 'H': 8, 'N': 2, 'state_scale': 0.05, 'A_scale': 0.03, 'gate_scale': 0.1}
STAGE_EXECUTED t128_h8 pkda_chunk_prepare 0.00093229697085917
STAGE_EXECUTED t128_h8 pkda_chunk_scores 0.0017989779589697719
STAGE_EXECUTED t128_h8 pkda_chunk_wy 0.0016014010179787874
STAGE_EXECUTED t128_h8 pkda_chunk_scan 0.0012820420088246465
STAGE_EXECUTED t128_h8 pkda_chunk_output 0.0008974299998953938
CASE_PASS t128_h8 {"o": {"relative_l2": 4.339421773115197e-07, "max_abs": 1.6763806343078613e-08}, "final_state": {"relative_l2": 4.0727542074225416e-07, "max_abs": 2.682209014892578e-07}, "final_A_state": {"relative_l2": 5.450531492549412e-08, "max_abs": 7.450580596923828e-09}}
CASE_START t192_h8 {'B': 1, 'T': 192, 'H': 8, 'N': 3, 'state_scale': 0.05, 'A_scale': 0.03, 'gate_scale': 0.1}
STAGE_EXECUTED t192_h8 pkda_chunk_prepare 0.001213929965160787
STAGE_EXECUTED t192_h8 pkda_chunk_scores 0.0025877010775730014
STAGE_EXECUTED t192_h8 pkda_chunk_wy 0.0022919669281691313
STAGE_EXECUTED t192_h8 pkda_chunk_scan 0.0018112510442733765
STAGE_EXECUTED t192_h8 pkda_chunk_output 0.0012501559685915709
CASE_PASS t192_h8 {"o": {"relative_l2": 4.388799727923448e-07, "max_abs": 2.7939677238464355e-08}, "final_state": {"relative_l2": 4.0432832799635034e-07, "max_abs": 1.7881393432617188e-07}, "final_A_state": {"relative_l2": 5.3799126090519365e-08, "max_abs": 7.450580596923828e-09}}
CASE_START t1024_h8 {'B': 1, 'T': 1024, 'H': 8, 'N': 16, 'state_scale': 0.05, 'A_scale': 0.03, 'gate_scale': 0.1}
STAGE_EXECUTED t1024_h8 pkda_chunk_prepare 0.0042533730156719685
STAGE_EXECUTED t1024_h8 pkda_chunk_scores 0.012862258008681238
STAGE_EXECUTED t1024_h8 pkda_chunk_wy 0.01128398603759706
STAGE_EXECUTED t1024_h8 pkda_chunk_scan 0.008534124004654586
STAGE_EXECUTED t1024_h8 pkda_chunk_output 0.005684747942723334
CASE_PASS t1024_h8 {"o": {"relative_l2": 4.4486570957767423e-07, "max_abs": 3.166496753692627e-08}, "final_state": {"relative_l2": 4.065552808066103e-07, "max_abs": 2.682209014892578e-07}, "final_A_state": {"relative_l2": 6.562615673560838e-08, "max_abs": 1.1175870895385742e-08}}
CASE_START t65_h1 {'B': 1, 'T': 65, 'H': 1, 'N': 2, 'state_scale': 0.05, 'A_scale': 0.03, 'gate_scale': 0.1}
STAGE_EXECUTED t65_h1 pkda_chunk_prepare 0.0008762030629441142
STAGE_EXECUTED t65_h1 pkda_chunk_scores 0.0010976389748975635
STAGE_EXECUTED t65_h1 pkda_chunk_wy 0.0008951730560511351
STAGE_EXECUTED t65_h1 pkda_chunk_scan 0.0007732970407232642
STAGE_EXECUTED t65_h1 pkda_chunk_output 0.0005527070024982095
CASE_PASS t65_h1 {"o": {"relative_l2": 4.14712520205872e-07, "max_abs": 1.1204974725842476e-08}, "final_state": {"relative_l2": 4.1559839329208235e-07, "max_abs": 1.9371509552001953e-07}, "final_A_state": {"relative_l2": 3.559041924554648e-08, "max_abs": 7.450580596923828e-09}}
CASE_START zero_A {'B': 1, 'T': 2, 'H': 1, 'state_scale': 0.05, 'A_scale': 0.0, 'gate_scale': 0.1, 'zero_atk': True, 'N': 1}
STAGE_EXECUTED zero_A pkda_chunk_prepare 0.00037611101288348436
STAGE_EXECUTED zero_A pkda_chunk_scores 0.00018348894082009792
STAGE_EXECUTED zero_A pkda_chunk_wy 0.00019177701324224472
STAGE_EXECUTED zero_A pkda_chunk_scan 0.00022325408644974232
STAGE_EXECUTED zero_A pkda_chunk_output 0.0001795790158212185
CASE_PASS zero_A {"o": {"relative_l2": 3.1661595240519363e-07, "max_abs": 4.6566128730773926e-09}, "final_state": {"relative_l2": 1.8554807175459561e-07, "max_abs": 8.195638656616211e-08}, "final_A_state": {"relative_l2": 0.0, "max_abs": 0.0}}
CASE_START zero_S {'B': 1, 'T': 2, 'H': 1, 'state_scale': 0.0, 'A_scale': 0.03, 'gate_scale': 0.1, 'N': 1}
STAGE_EXECUTED zero_S pkda_chunk_prepare 0.0003555859439074993
STAGE_EXECUTED zero_S pkda_chunk_scores 0.000182687072083354
STAGE_EXECUTED zero_S pkda_chunk_wy 0.00019343290477991104
STAGE_EXECUTED zero_S pkda_chunk_scan 0.00021824403665959835
STAGE_EXECUTED zero_S pkda_chunk_output 0.0001766879577189684
CASE_PASS zero_S {"o": {"relative_l2": 3.78741224029646e-07, "max_abs": 3.259629011154175e-09}, "final_state": {"relative_l2": 8.094825375219039e-08, "max_abs": 2.2351741790771484e-08}, "final_A_state": {"relative_l2": 5.501295308062066e-08, "max_abs": 3.725290298461914e-09}}
CASE_START span105 {'B': 1, 'T': 64, 'H': 1, 'state_scale': 0.05, 'A_scale': 0.03, 'gate_scale': 0.1, 'gate_span': 105.0, 'N': 1}
STAGE_EXECUTED span105 pkda_chunk_prepare 0.0005681049078702927
STAGE_EXECUTED span105 pkda_chunk_scores 0.0009789909236133099
STAGE_EXECUTED span105 pkda_chunk_wy 0.0008748481050133705
STAGE_EXECUTED span105 pkda_chunk_scan 0.0007206660229712725
STAGE_EXECUTED span105 pkda_chunk_output 0.0005168829811736941
CASE_PASS span105 {"o": {"relative_l2": 2.1947340749843894e-07, "max_abs": 5.587935447692871e-09}, "final_state": {"relative_l2": 1.2554406750761775e-07, "max_abs": 1.1175870895385742e-08}, "final_A_state": {"relative_l2": 5.7346357604091637e-08, "max_abs": 3.725290298461914e-09}}
CASE_START span155 {'B': 1, 'T': 64, 'H': 1, 'state_scale': 0.05, 'A_scale': 0.03, 'gate_scale': 0.1, 'gate_span': 155.0, 'N': 1}
STAGE_EXECUTED span155 pkda_chunk_prepare 0.0006466290215030313
STAGE_EXECUTED span155 pkda_chunk_scores 0.0009502270258963108
STAGE_EXECUTED span155 pkda_chunk_wy 0.000855405000038445
STAGE_EXECUTED span155 pkda_chunk_scan 0.0007025889353826642
STAGE_EXECUTED span155 pkda_chunk_output 0.0004915270255878568
CASE_PASS span155 {"o": {"relative_l2": 2.1711125688895e-07, "max_abs": 6.05359673500061e-09}, "final_state": {"relative_l2": 1.1219973681669059e-07, "max_abs": 1.1175870895385742e-08}, "final_A_state": {"relative_l2": 5.7346357604091637e-08, "max_abs": 3.725290298461914e-09}}
CASE_START nearzero {'B': 1, 'T': 2, 'H': 1, 'state_scale': 0.05, 'A_scale': 0.03, 'gate_scale': 0.1, 'row_norm': 1e-06, 'N': 1}
STAGE_EXECUTED nearzero pkda_chunk_prepare 0.00036256597377359867
STAGE_EXECUTED nearzero pkda_chunk_scores 0.00018909096252173185
STAGE_EXECUTED nearzero pkda_chunk_wy 0.0001944929827004671
STAGE_EXECUTED nearzero pkda_chunk_scan 0.0002186289057135582
STAGE_EXECUTED nearzero pkda_chunk_output 0.0001818049931898713
CASE_PASS nearzero {"o": {"relative_l2": 2.2351960091190287e-07, "max_abs": 4.440892098500626e-15}, "final_state": {"relative_l2": 5.835222018953742e-08, "max_abs": 2.2351741790771484e-08}, "final_A_state": {"relative_l2": 7.986683173526934e-08, "max_abs": 1.862645149230957e-09}}
CASE_START b2_t2_h3 {'B': 2, 'T': 2, 'H': 3, 'N': 1}
STAGE_EXECUTED b2_t2_h3 pkda_chunk_prepare 0.00040137500036507845
STAGE_EXECUTED b2_t2_h3 pkda_chunk_scores 0.00022373197134584188
STAGE_EXECUTED b2_t2_h3 pkda_chunk_wy 0.00023358105681836605
STAGE_EXECUTED b2_t2_h3 pkda_chunk_scan 0.00027680094353854656
STAGE_EXECUTED b2_t2_h3 pkda_chunk_output 0.00022829393856227398
CASE_PASS b2_t2_h3 {"o": {"relative_l2": 3.0292763257977104e-07, "max_abs": 6.51925802230835e-09}, "final_state": {"relative_l2": 1.34412013190935e-07, "max_abs": 8.940696716308594e-08}, "final_A_state": {"relative_l2": 4.277821900061931e-08, "max_abs": 3.725290298461914e-09}}
CASE_START b2_t65_h32 {'B': 2, 'T': 65, 'H': 32, 'N': 2}
STAGE_EXECUTED b2_t65_h32 pkda_chunk_prepare 0.0033813489135354757
STAGE_EXECUTED b2_t65_h32 pkda_chunk_scores 0.012866492033936083
STAGE_EXECUTED b2_t65_h32 pkda_chunk_wy 0.011271831928752363
STAGE_EXECUTED b2_t65_h32 pkda_chunk_scan 0.004802842973731458
STAGE_EXECUTED b2_t65_h32 pkda_chunk_output 0.005693466984666884
CASE_PASS b2_t65_h32 {"o": {"relative_l2": 4.2331797548407056e-07, "max_abs": 2.3283064365386963e-08}, "final_state": {"relative_l2": 4.0097416586637636e-07, "max_abs": 2.5331974029541016e-07}, "final_A_state": {"relative_l2": 6.882852642193495e-08, "max_abs": 1.4901161193847656e-08}}
CASE_START b2_t130_h3 {'B': 2, 'T': 130, 'H': 3, 'N': 3}
STAGE_EXECUTED b2_t130_h3 pkda_chunk_prepare 0.001215041964314878
STAGE_EXECUTED b2_t130_h3 pkda_chunk_scores 0.0025874869897961617
STAGE_EXECUTED b2_t130_h3 pkda_chunk_wy 0.002298697945661843
STAGE_EXECUTED b2_t130_h3 pkda_chunk_scan 0.0013319778954610229
STAGE_EXECUTED b2_t130_h3 pkda_chunk_output 0.0012426599860191345
CASE_PASS b2_t130_h3 {"o": {"relative_l2": 4.321627036229866e-07, "max_abs": 2.0489096641540527e-08}, "final_state": {"relative_l2": 3.809018320743766e-07, "max_abs": 1.9371509552001953e-07}, "final_A_state": {"relative_l2": 4.8333011078461867e-08, "max_abs": 5.587935447692871e-09}}
CASE_START t129_h14 {'B': 1, 'T': 129, 'H': 14, 'N': 3}
STAGE_EXECUTED t129_h14 pkda_chunk_prepare 0.0017386040417477489
STAGE_EXECUTED t129_h14 pkda_chunk_scores 0.004955864045768976
STAGE_EXECUTED t129_h14 pkda_chunk_wy 0.004366950946860015
STAGE_EXECUTED t129_h14 pkda_chunk_scan 0.0024286650586873293
STAGE_EXECUTED t129_h14 pkda_chunk_output 0.002271918929181993
CASE_PASS t129_h14 {"o": {"relative_l2": 4.3429781404826275e-07, "max_abs": 1.955777406692505e-08}, "final_state": {"relative_l2": 3.9929940931151824e-07, "max_abs": 2.384185791015625e-07}, "final_A_state": {"relative_l2": 6.726053820712747e-08, "max_abs": 1.4901161193847656e-08}}
CASE_START raw_norm_1e-2 {'B': 1, 'T': 65, 'H': 3, 'N': 2, 'row_norm': 0.01}
STAGE_EXECUTED raw_norm_1e-2 pkda_chunk_prepare 0.0007913230219855905
STAGE_EXECUTED raw_norm_1e-2 pkda_chunk_scores 0.0010022990172728896
STAGE_EXECUTED raw_norm_1e-2 pkda_chunk_wy 0.0008984829764813185
STAGE_EXECUTED raw_norm_1e-2 pkda_chunk_scan 0.0008138240082189441
STAGE_EXECUTED raw_norm_1e-2 pkda_chunk_output 0.000613098032772541
CASE_PASS raw_norm_1e-2 {"o": {"relative_l2": 3.295935959924678e-07, "max_abs": 6.548361852765083e-11}, "final_state": {"relative_l2": 4.1767026521687364e-07, "max_abs": 8.381903171539307e-09}, "final_A_state": {"relative_l2": 4.453674114390324e-08, "max_abs": 9.094947017729282e-13}}
CASE_START raw_norm_1e-4 {'B': 1, 'T': 65, 'H': 3, 'N': 2, 'row_norm': 0.0001}
STAGE_EXECUTED raw_norm_1e-4 pkda_chunk_prepare 0.0006877040723338723
STAGE_EXECUTED raw_norm_1e-4 pkda_chunk_scores 0.0009611570276319981
STAGE_EXECUTED raw_norm_1e-4 pkda_chunk_wy 0.000864268047735095
STAGE_EXECUTED raw_norm_1e-4 pkda_chunk_scan 0.0007665429729968309
STAGE_EXECUTED raw_norm_1e-4 pkda_chunk_output 0.0005053309723734856
CASE_PASS raw_norm_1e-4 {"o": {"relative_l2": 3.360948947931877e-07, "max_abs": 5.968558980384842e-13}, "final_state": {"relative_l2": 4.2381617018282303e-07, "max_abs": 1.1175870895385742e-08}, "final_A_state": {"relative_l2": 4.4717419524459254e-07, "max_abs": 1.1368683772161603e-13}}
CASE_START zero_qk {'B': 1, 'T': 65, 'H': 3, 'N': 2, 'row_norm': 0.0}
STAGE_EXECUTED zero_qk pkda_chunk_prepare 0.0006442039739340544
STAGE_EXECUTED zero_qk pkda_chunk_scores 0.0009613750735297799
STAGE_EXECUTED zero_qk pkda_chunk_wy 0.0008683770429342985
STAGE_EXECUTED zero_qk pkda_chunk_scan 0.0007666739402338862
STAGE_EXECUTED zero_qk pkda_chunk_output 0.0005065340083092451
CASE_PASS zero_qk {"o": {"relative_l2": 0.0, "max_abs": 0.0}, "final_state": {"relative_l2": 3.0428325734940906e-07, "max_abs": 1.1175870895385742e-08}, "final_A_state": {"relative_l2": 3.500118585403849e-07, "max_abs": 1.4210854715202004e-13}}
CASE_START no_main_decay {'B': 1, 'T': 192, 'H': 3, 'N': 3, 'gate_scale': 0.0}
STAGE_EXECUTED no_main_decay pkda_chunk_prepare 0.0013827669899910688
STAGE_EXECUTED no_main_decay pkda_chunk_scores 0.0017972779460251331
STAGE_EXECUTED no_main_decay pkda_chunk_wy 0.0015975789865478873
STAGE_EXECUTED no_main_decay pkda_chunk_scan 0.0018108549993485212
STAGE_EXECUTED no_main_decay pkda_chunk_output 0.0008987219771370292
CASE_PASS no_main_decay {"o": {"relative_l2": 5.326961592872452e-07, "max_abs": 5.21540641784668e-08}, "final_state": {"relative_l2": 4.903543154270667e-07, "max_abs": 5.960464477539062e-07}, "final_A_state": {"relative_l2": 6.341446007066627e-08, "max_abs": 9.313225746154785e-09}}
CASE_START span155_multichunk {'B': 2, 'T': 130, 'H': 3, 'N': 3, 'gate_span': 155.0}
STAGE_EXECUTED span155_multichunk pkda_chunk_prepare 0.0010371189564466476
STAGE_EXECUTED span155_multichunk pkda_chunk_scores 0.0025592739693820477
STAGE_EXECUTED span155_multichunk pkda_chunk_wy 0.00225394603330642
STAGE_EXECUTED span155_multichunk pkda_chunk_scan 0.0012951469980180264
STAGE_EXECUTED span155_multichunk pkda_chunk_output 0.001199512043967843
CASE_PASS span155_multichunk {"o": {"relative_l2": 2.457072747267467e-07, "max_abs": 9.313225746154785e-09}, "final_state": {"relative_l2": 2.904818214288017e-07, "max_abs": 1.043081283569336e-07}, "final_A_state": {"relative_l2": 5.142367707724957e-08, "max_abs": 7.450580596923828e-09}}
CASE_START zero_A_multichunk {'B': 2, 'T': 130, 'H': 3, 'N': 3, 'zero_atk': True, 'A_scale': 0.0}
STAGE_EXECUTED zero_A_multichunk pkda_chunk_prepare 0.0010735199321061373
STAGE_EXECUTED zero_A_multichunk pkda_chunk_scores 0.0025568848941475153
STAGE_EXECUTED zero_A_multichunk pkda_chunk_wy 0.002267761039547622
STAGE_EXECUTED zero_A_multichunk pkda_chunk_scan 0.001292465953156352
STAGE_EXECUTED zero_A_multichunk pkda_chunk_output 0.0012047870550304651
CASE_PASS zero_A_multichunk {"o": {"relative_l2": 4.323932858646669e-07, "max_abs": 1.7695128917694092e-08}, "final_state": {"relative_l2": 3.8646632583252963e-07, "max_abs": 1.7881393432617188e-07}, "final_A_state": {"relative_l2": 0.0, "max_abs": 0.0}}
CASE_START adversarial155_seed71 {'B': 1, 'T': 192, 'H': 8, 'N': 3, 'adversarial_span': 155.0}
STAGE_EXECUTED adversarial155_seed71 pkda_chunk_prepare 0.0011879809899255633
STAGE_EXECUTED adversarial155_seed71 pkda_chunk_scores 0.0025865070056170225
STAGE_EXECUTED adversarial155_seed71 pkda_chunk_wy 0.0022712290519848466
STAGE_EXECUTED adversarial155_seed71 pkda_chunk_scan 0.0017782190116122365
STAGE_EXECUTED adversarial155_seed71 pkda_chunk_output 0.0012130850227549672
CASE_PASS adversarial155_seed71 {"o": {"relative_l2": 6.19120824226093e-06, "max_abs": 4.414469003677368e-07}, "final_state": {"relative_l2": 6.617198916201339e-06, "max_abs": 4.649162292480469e-06}, "final_A_state": {"relative_l2": 5.6550887037066276e-08, "max_abs": 7.450580596923828e-09}}
CASE_START adversarial155_seed72 {'B': 1, 'T': 192, 'H': 8, 'N': 3, 'adversarial_span': 155.0}
STAGE_EXECUTED adversarial155_seed72 pkda_chunk_prepare 0.0014049060409888625
STAGE_EXECUTED adversarial155_seed72 pkda_chunk_scores 0.0025842420291155577
STAGE_EXECUTED adversarial155_seed72 pkda_chunk_wy 0.0022726570023223758
STAGE_EXECUTED adversarial155_seed72 pkda_chunk_scan 0.0018026100005954504
STAGE_EXECUTED adversarial155_seed72 pkda_chunk_output 0.0012197179021313787
CASE_PASS adversarial155_seed72 {"o": {"relative_l2": 6.209244083211295e-06, "max_abs": 4.805624485015869e-07}, "final_state": {"relative_l2": 6.58996279442551e-06, "max_abs": 4.947185516357422e-06}, "final_A_state": {"relative_l2": 4.82567977291593e-08, "max_abs": 7.450580596923828e-09}}
CASE_START adversarial155_seed73 {'B': 1, 'T': 192, 'H': 8, 'N': 3, 'adversarial_span': 155.0}
STAGE_EXECUTED adversarial155_seed73 pkda_chunk_prepare 0.0011757450411096215
STAGE_EXECUTED adversarial155_seed73 pkda_chunk_scores 0.002555276034399867
STAGE_EXECUTED adversarial155_seed73 pkda_chunk_wy 0.0022575269686058164
STAGE_EXECUTED adversarial155_seed73 pkda_chunk_scan 0.0017605010652914643
STAGE_EXECUTED adversarial155_seed73 pkda_chunk_output 0.001202917075715959
CASE_PASS adversarial155_seed73 {"o": {"relative_l2": 6.179667106304752e-06, "max_abs": 4.6938657760620117e-07}, "final_state": {"relative_l2": 6.4833890502689435e-06, "max_abs": 4.649162292480469e-06}, "final_A_state": {"relative_l2": 5.122682933024864e-08, "max_abs": 1.4901161193847656e-08}}
PUBLIC_BOUNDARIES_PASS 10
NATIVE_PASS 28 bd 4
