COMPILE_START pkda_chunk_prepare bd 4
COMPILE_PASS pkda_chunk_prepare 0.6419457319425419
COMPILE_START pkda_chunk_scores bd 4
COMPILE_PASS pkda_chunk_scores 0.1673212960595265
COMPILE_START pkda_chunk_wy bd 4
COMPILE_PASS pkda_chunk_wy 0.2115494899917394
COMPILE_START pkda_chunk_scan bd 4
COMPILE_PASS pkda_chunk_scan 0.17703259305562824
COMPILE_START pkda_chunk_output bd 4
COMPILE_PASS pkda_chunk_output 0.17477613594383
CASE_START t4096_h8 {'B': 1, 'T': 4096, 'H': 8, 'N': 64, 'state_scale': 0.05, 'A_scale': 0.03, 'gate_scale': 0.1}
STAGE_EXECUTED t4096_h8 pkda_chunk_prepare 0.6714650030480698
STAGE_EXECUTED t4096_h8 pkda_chunk_scores 0.05156467901542783
STAGE_EXECUTED t4096_h8 pkda_chunk_wy 0.045306747080758214
STAGE_EXECUTED t4096_h8 pkda_chunk_scan 0.03398033895064145
STAGE_EXECUTED t4096_h8 pkda_chunk_output 0.022760199033655226
CASE_PASS t4096_h8 {"o": {"relative_l2": 4.4586199458489094e-07, "max_abs": 3.3527612686157227e-08}, "final_state": {"relative_l2": 4.016814744062547e-07, "max_abs": 1.6391277313232422e-07}, "final_A_state": {"relative_l2": 7.202348048215453e-08, "max_abs": 7.450580596923828e-09}}
CASE_START tail_count_1 {'B': 1, 'T': 65, 'H': 3, 'N': 2}
STAGE_EXECUTED tail_count_1 pkda_chunk_prepare 0.0008669840171933174
STAGE_EXECUTED tail_count_1 pkda_chunk_scores 0.001038038986735046
STAGE_EXECUTED tail_count_1 pkda_chunk_wy 0.0009247250854969025
STAGE_EXECUTED tail_count_1 pkda_chunk_scan 0.0008382289670407772
STAGE_EXECUTED tail_count_1 pkda_chunk_output 0.0005697240121662617
CASE_PASS tail_count_1 {"o": {"relative_l2": 4.2005131158951613e-07, "max_abs": 1.4901161193847656e-08}, "final_state": {"relative_l2": 3.95087917766078e-07, "max_abs": 1.9371509552001953e-07}, "final_A_state": {"relative_l2": 7.067912484201201e-08, "max_abs": 7.450580596923828e-09}}
CASE_START tail_count_2 {'B': 1, 'T': 66, 'H': 3, 'N': 2}
STAGE_EXECUTED tail_count_2 pkda_chunk_prepare 0.0007280770223587751
STAGE_EXECUTED tail_count_2 pkda_chunk_scores 0.000994024914689362
STAGE_EXECUTED tail_count_2 pkda_chunk_wy 0.0008995609823614359
STAGE_EXECUTED tail_count_2 pkda_chunk_scan 0.0008068019524216652
STAGE_EXECUTED tail_count_2 pkda_chunk_output 0.0005472969496622682
CASE_PASS tail_count_2 {"o": {"relative_l2": 4.250655715136308e-07, "max_abs": 1.862645149230957e-08}, "final_state": {"relative_l2": 3.9398922481872557e-07, "max_abs": 1.564621925354004e-07}, "final_A_state": {"relative_l2": 5.267646746741417e-08, "max_abs": 3.725290298461914e-09}}
CASE_START tail_count_3 {'B': 1, 'T': 67, 'H': 3, 'N': 2}
STAGE_EXECUTED tail_count_3 pkda_chunk_prepare 0.0007518520578742027
STAGE_EXECUTED tail_count_3 pkda_chunk_scores 0.00099725101608783
STAGE_EXECUTED tail_count_3 pkda_chunk_wy 0.0009020810248330235
STAGE_EXECUTED tail_count_3 pkda_chunk_scan 0.0008221010211855173
STAGE_EXECUTED tail_count_3 pkda_chunk_output 0.0005485110450536013
CASE_PASS tail_count_3 {"o": {"relative_l2": 4.2476629132660776e-07, "max_abs": 1.6763806343078613e-08}, "final_state": {"relative_l2": 3.9583084109685287e-07, "max_abs": 2.086162567138672e-07}, "final_A_state": {"relative_l2": 3.364825846581707e-08, "max_abs": 3.725290298461914e-09}}
CASE_START tail_count_4 {'B': 1, 'T': 68, 'H': 3, 'N': 2}
STAGE_EXECUTED tail_count_4 pkda_chunk_prepare 0.0007194560021162033
STAGE_EXECUTED tail_count_4 pkda_chunk_scores 0.0009925240883603692
STAGE_EXECUTED tail_count_4 pkda_chunk_wy 0.0008958460530266166
STAGE_EXECUTED tail_count_4 pkda_chunk_scan 0.000817449064925313
STAGE_EXECUTED tail_count_4 pkda_chunk_output 0.0005367760313674808
CASE_PASS tail_count_4 {"o": {"relative_l2": 4.259536624987219e-07, "max_abs": 1.5832483768463135e-08}, "final_state": {"relative_l2": 3.8355183876910953e-07, "max_abs": 1.9371509552001953e-07}, "final_A_state": {"relative_l2": 8.15247271602469e-08, "max_abs": 7.450580596923828e-09}}
CASE_START tail_count_5 {'B': 1, 'T': 69, 'H': 3, 'N': 2}
STAGE_EXECUTED tail_count_5 pkda_chunk_prepare 0.0007017799653112888
STAGE_EXECUTED tail_count_5 pkda_chunk_scores 0.0009916150011122227
STAGE_EXECUTED tail_count_5 pkda_chunk_wy 0.0008867880096659064
STAGE_EXECUTED tail_count_5 pkda_chunk_scan 0.0008179820142686367
STAGE_EXECUTED tail_count_5 pkda_chunk_output 0.0005397089989855886
CASE_PASS tail_count_5 {"o": {"relative_l2": 4.308835223594982e-07, "max_abs": 1.7695128917694092e-08}, "final_state": {"relative_l2": 3.968743380294663e-07, "max_abs": 1.4901161193847656e-07}, "final_A_state": {"relative_l2": 7.033354349678993e-08, "max_abs": 7.450580596923828e-09}}
CASE_START tail_count_6 {'B': 1, 'T': 70, 'H': 3, 'N': 2}
STAGE_EXECUTED tail_count_6 pkda_chunk_prepare 0.0006969639798626304
STAGE_EXECUTED tail_count_6 pkda_chunk_scores 0.0009856360265985131
STAGE_EXECUTED tail_count_6 pkda_chunk_wy 0.0008852810133248568
STAGE_EXECUTED tail_count_6 pkda_chunk_scan 0.0008263640338554978
STAGE_EXECUTED tail_count_6 pkda_chunk_output 0.0005341209471225739
CASE_PASS tail_count_6 {"o": {"relative_l2": 4.2389986908351415e-07, "max_abs": 1.6763806343078613e-08}, "final_state": {"relative_l2": 3.6841010985290556e-07, "max_abs": 1.4901161193847656e-07}, "final_A_state": {"relative_l2": 3.9765117703822976e-08, "max_abs": 7.450580596923828e-09}}
CASE_START tail_count_7 {'B': 1, 'T': 71, 'H': 3, 'N': 2}
STAGE_EXECUTED tail_count_7 pkda_chunk_prepare 0.0007965000113472342
STAGE_EXECUTED tail_count_7 pkda_chunk_scores 0.0010008550016209483
STAGE_EXECUTED tail_count_7 pkda_chunk_wy 0.0009114400018006563
STAGE_EXECUTED tail_count_7 pkda_chunk_scan 0.0008580459980294108
STAGE_EXECUTED tail_count_7 pkda_chunk_output 0.0005563959712162614
CASE_PASS tail_count_7 {"o": {"relative_l2": 4.319938531750534e-07, "max_abs": 1.7695128917694092e-08}, "final_state": {"relative_l2": 3.759762125045147e-07, "max_abs": 1.564621925354004e-07}, "final_A_state": {"relative_l2": 6.518810593445461e-08, "max_abs": 5.587935447692871e-09}}
CASE_START tail_count_8 {'B': 1, 'T': 72, 'H': 3, 'N': 2}
STAGE_EXECUTED tail_count_8 pkda_chunk_prepare 0.0007553319446742535
STAGE_EXECUTED tail_count_8 pkda_chunk_scores 0.0009901159210130572
STAGE_EXECUTED tail_count_8 pkda_chunk_wy 0.0009006010368466377
STAGE_EXECUTED tail_count_8 pkda_chunk_scan 0.0008500010007992387
STAGE_EXECUTED tail_count_8 pkda_chunk_output 0.0005394980544224381
CASE_PASS tail_count_8 {"o": {"relative_l2": 4.2854014872148414e-07, "max_abs": 1.4901161193847656e-08}, "final_state": {"relative_l2": 3.740356042463523e-07, "max_abs": 1.6391277313232422e-07}, "final_A_state": {"relative_l2": 7.92626292557663e-08, "max_abs": 7.450580596923828e-09}}
CASE_START tail_count_9 {'B': 1, 'T': 73, 'H': 3, 'N': 2}
STAGE_EXECUTED tail_count_9 pkda_chunk_prepare 0.0007918290793895721
STAGE_EXECUTED tail_count_9 pkda_chunk_scores 0.0009928708896040916
STAGE_EXECUTED tail_count_9 pkda_chunk_wy 0.0009031050140038133
STAGE_EXECUTED tail_count_9 pkda_chunk_scan 0.0008672140538692474
STAGE_EXECUTED tail_count_9 pkda_chunk_output 0.0005407050484791398
CASE_PASS tail_count_9 {"o": {"relative_l2": 4.305196316273999e-07, "max_abs": 1.3969838619232178e-08}, "final_state": {"relative_l2": 3.689100246025197e-07, "max_abs": 1.7881393432617188e-07}, "final_A_state": {"relative_l2": 4.3905644289048566e-08, "max_abs": 7.450580596923828e-09}}
CASE_START tail_count_10 {'B': 1, 'T': 74, 'H': 3, 'N': 2}
STAGE_EXECUTED tail_count_10 pkda_chunk_prepare 0.0007823590422049165
STAGE_EXECUTED tail_count_10 pkda_chunk_scores 0.0009901199955493212
STAGE_EXECUTED tail_count_10 pkda_chunk_wy 0.0008889829041436315
STAGE_EXECUTED tail_count_10 pkda_chunk_scan 0.000861761043779552
STAGE_EXECUTED tail_count_10 pkda_chunk_output 0.0005376950139179826
CASE_PASS tail_count_10 {"o": {"relative_l2": 4.2564138474022827e-07, "max_abs": 1.5832483768463135e-08}, "final_state": {"relative_l2": 3.63850234562313e-07, "max_abs": 1.341104507446289e-07}, "final_A_state": {"relative_l2": 8.20899583063036e-08, "max_abs": 1.1175870895385742e-08}}
CASE_START tail_count_11 {'B': 1, 'T': 75, 'H': 3, 'N': 2}
STAGE_EXECUTED tail_count_11 pkda_chunk_prepare 0.0007770170923322439
STAGE_EXECUTED tail_count_11 pkda_chunk_scores 0.000993928057141602
STAGE_EXECUTED tail_count_11 pkda_chunk_wy 0.0009108769008889794
STAGE_EXECUTED tail_count_11 pkda_chunk_scan 0.0008830489823594689
STAGE_EXECUTED tail_count_11 pkda_chunk_output 0.0005432589678093791
CASE_PASS tail_count_11 {"o": {"relative_l2": 4.2879154881514467e-07, "max_abs": 1.7695128917694092e-08}, "final_state": {"relative_l2": 3.5723651646979836e-07, "max_abs": 1.4156103134155273e-07}, "final_A_state": {"relative_l2": 8.234663286149975e-08, "max_abs": 7.450580596923828e-09}}
CASE_START tail_count_12 {'B': 1, 'T': 76, 'H': 3, 'N': 2}
STAGE_EXECUTED tail_count_12 pkda_chunk_prepare 0.0009498540312051773
STAGE_EXECUTED tail_count_12 pkda_chunk_scores 0.0010017830645665526
STAGE_EXECUTED tail_count_12 pkda_chunk_wy 0.0009132330305874348
STAGE_EXECUTED tail_count_12 pkda_chunk_scan 0.0008988539921119809
STAGE_EXECUTED tail_count_12 pkda_chunk_output 0.00054926797747612
CASE_PASS tail_count_12 {"o": {"relative_l2": 4.2154417777815653e-07, "max_abs": 1.6298145055770874e-08}, "final_state": {"relative_l2": 3.5346423820758984e-07, "max_abs": 1.6391277313232422e-07}, "final_A_state": {"relative_l2": 5.0025530796512756e-08, "max_abs": 5.587935447692871e-09}}
CASE_START tail_count_13 {'B': 1, 'T': 77, 'H': 3, 'N': 2}
STAGE_EXECUTED tail_count_13 pkda_chunk_prepare 0.0007752220844849944
STAGE_EXECUTED tail_count_13 pkda_chunk_scores 0.0009992639534175396
STAGE_EXECUTED tail_count_13 pkda_chunk_wy 0.0009025530889630318
STAGE_EXECUTED tail_count_13 pkda_chunk_scan 0.000891768024303019
STAGE_EXECUTED tail_count_13 pkda_chunk_output 0.000543033005669713
CASE_PASS tail_count_13 {"o": {"relative_l2": 4.305650803367747e-07, "max_abs": 1.4901161193847656e-08}, "final_state": {"relative_l2": 3.7460637763207814e-07, "max_abs": 1.9371509552001953e-07}, "final_A_state": {"relative_l2": 9.234093094001626e-08, "max_abs": 1.1175870895385742e-08}}
CASE_START tail_count_14 {'B': 1, 'T': 78, 'H': 3, 'N': 2}
STAGE_EXECUTED tail_count_14 pkda_chunk_prepare 0.00075332704000175
STAGE_EXECUTED tail_count_14 pkda_chunk_scores 0.0009928439976647496
STAGE_EXECUTED tail_count_14 pkda_chunk_wy 0.000901654944755137
STAGE_EXECUTED tail_count_14 pkda_chunk_scan 0.0008896850049495697
STAGE_EXECUTED tail_count_14 pkda_chunk_output 0.0005372120067477226
CASE_PASS tail_count_14 {"o": {"relative_l2": 4.2931776672652057e-07, "max_abs": 1.5832483768463135e-08}, "final_state": {"relative_l2": 3.6308184574431026e-07, "max_abs": 1.6391277313232422e-07}, "final_A_state": {"relative_l2": 4.33435441288051e-08, "max_abs": 7.450580596923828e-09}}
CASE_START tail_count_15 {'B': 1, 'T': 79, 'H': 3, 'N': 2}
STAGE_EXECUTED tail_count_15 pkda_chunk_prepare 0.0008838120847940445
STAGE_EXECUTED tail_count_15 pkda_chunk_scores 0.0009970590472221375
STAGE_EXECUTED tail_count_15 pkda_chunk_wy 0.0008947359165176749
STAGE_EXECUTED tail_count_15 pkda_chunk_scan 0.0009046160848811269
STAGE_EXECUTED tail_count_15 pkda_chunk_output 0.0005470740143209696
CASE_PASS tail_count_15 {"o": {"relative_l2": 4.298545655135061e-07, "max_abs": 1.862645149230957e-08}, "final_state": {"relative_l2": 3.658762585610179e-07, "max_abs": 1.4901161193847656e-07}, "final_A_state": {"relative_l2": 4.4752433020325044e-08, "max_abs": 1.1175870895385742e-08}}
CASE_START tail_count_16 {'B': 1, 'T': 80, 'H': 3, 'N': 2}
STAGE_EXECUTED tail_count_16 pkda_chunk_prepare 0.0007416420849040151
STAGE_EXECUTED tail_count_16 pkda_chunk_scores 0.000991303939372301
STAGE_EXECUTED tail_count_16 pkda_chunk_wy 0.0008889449527487159
STAGE_EXECUTED tail_count_16 pkda_chunk_scan 0.0008967710891738534
STAGE_EXECUTED tail_count_16 pkda_chunk_output 0.0005384869873523712
CASE_PASS tail_count_16 {"o": {"relative_l2": 4.3747281714016576e-07, "max_abs": 2.0489096641540527e-08}, "final_state": {"relative_l2": 3.8114549144503645e-07, "max_abs": 2.086162567138672e-07}, "final_A_state": {"relative_l2": 1.1477792785669248e-07, "max_abs": 1.4901161193847656e-08}}
CASE_START tail_count_17 {'B': 1, 'T': 81, 'H': 3, 'N': 2}
STAGE_EXECUTED tail_count_17 pkda_chunk_prepare 0.0007662039715796709
STAGE_EXECUTED tail_count_17 pkda_chunk_scores 0.0009860799182206392
STAGE_EXECUTED tail_count_17 pkda_chunk_wy 0.0008938109967857599
STAGE_EXECUTED tail_count_17 pkda_chunk_scan 0.0009174789302051067
STAGE_EXECUTED tail_count_17 pkda_chunk_output 0.0005413279868662357
CASE_PASS tail_count_17 {"o": {"relative_l2": 4.257805550674773e-07, "max_abs": 1.4901161193847656e-08}, "final_state": {"relative_l2": 3.706869916451308e-07, "max_abs": 1.6391277313232422e-07}, "final_A_state": {"relative_l2": 6.59815233666987e-08, "max_abs": 7.450580596923828e-09}}
CASE_START tail_count_18 {'B': 1, 'T': 82, 'H': 3, 'N': 2}
STAGE_EXECUTED tail_count_18 pkda_chunk_prepare 0.0008107259636744857
STAGE_EXECUTED tail_count_18 pkda_chunk_scores 0.0009939309675246477
STAGE_EXECUTED tail_count_18 pkda_chunk_wy 0.0008996299002319574
STAGE_EXECUTED tail_count_18 pkda_chunk_scan 0.0009230950381606817
STAGE_EXECUTED tail_count_18 pkda_chunk_output 0.0005397660424932837
CASE_PASS tail_count_18 {"o": {"relative_l2": 4.2289423214347155e-07, "max_abs": 2.0489096641540527e-08}, "final_state": {"relative_l2": 3.6098723258391357e-07, "max_abs": 1.862645149230957e-07}, "final_A_state": {"relative_l2": 6.107434361896269e-08, "max_abs": 7.450580596923828e-09}}
CASE_START tail_count_19 {'B': 1, 'T': 83, 'H': 3, 'N': 2}
STAGE_EXECUTED tail_count_19 pkda_chunk_prepare 0.0008108140900731087
STAGE_EXECUTED tail_count_19 pkda_chunk_scores 0.0009981930488720536
STAGE_EXECUTED tail_count_19 pkda_chunk_wy 0.0008995659882202744
STAGE_EXECUTED tail_count_19 pkda_chunk_scan 0.0009367329766973853
STAGE_EXECUTED tail_count_19 pkda_chunk_output 0.0005446389550343156
CASE_PASS tail_count_19 {"o": {"relative_l2": 4.347508807128492e-07, "max_abs": 1.7695128917694092e-08}, "final_state": {"relative_l2": 3.689903991939684e-07, "max_abs": 1.7881393432617188e-07}, "final_A_state": {"relative_l2": 5.7154821063996235e-08, "max_abs": 7.450580596923828e-09}}
CASE_START tail_count_20 {'B': 1, 'T': 84, 'H': 3, 'N': 2}
STAGE_EXECUTED tail_count_20 pkda_chunk_prepare 0.000823725014925003
STAGE_EXECUTED tail_count_20 pkda_chunk_scores 0.000988168059848249
STAGE_EXECUTED tail_count_20 pkda_chunk_wy 0.0008923029527068138
STAGE_EXECUTED tail_count_20 pkda_chunk_scan 0.0009374439250677824
STAGE_EXECUTED tail_count_20 pkda_chunk_output 0.0005372690502554178
CASE_PASS tail_count_20 {"o": {"relative_l2": 4.268257814281428e-07, "max_abs": 2.0489096641540527e-08}, "final_state": {"relative_l2": 3.6863919469130884e-07, "max_abs": 1.6391277313232422e-07}, "final_A_state": {"relative_l2": 8.608918558875882e-08, "max_abs": 1.4901161193847656e-08}}
CASE_START tail_count_21 {'B': 1, 'T': 85, 'H': 3, 'N': 2}
STAGE_EXECUTED tail_count_21 pkda_chunk_prepare 0.000797869055531919
STAGE_EXECUTED tail_count_21 pkda_chunk_scores 0.0010065279202535748
STAGE_EXECUTED tail_count_21 pkda_chunk_wy 0.000904568936675787
STAGE_EXECUTED tail_count_21 pkda_chunk_scan 0.0009510969975963235
STAGE_EXECUTED tail_count_21 pkda_chunk_output 0.0005420149536803365
CASE_PASS tail_count_21 {"o": {"relative_l2": 4.233250315232273e-07, "max_abs": 1.4901161193847656e-08}, "final_state": {"relative_l2": 3.704645334761208e-07, "max_abs": 1.9371509552001953e-07}, "final_A_state": {"relative_l2": 6.534231252445383e-08, "max_abs": 7.450580596923828e-09}}
CASE_START tail_count_22 {'B': 1, 'T': 86, 'H': 3, 'N': 2}
STAGE_EXECUTED tail_count_22 pkda_chunk_prepare 0.0008223609765991569
STAGE_EXECUTED tail_count_22 pkda_chunk_scores 0.0010008530225604773
STAGE_EXECUTED tail_count_22 pkda_chunk_wy 0.0009004418971017003
STAGE_EXECUTED tail_count_22 pkda_chunk_scan 0.0009634490124881268
STAGE_EXECUTED tail_count_22 pkda_chunk_output 0.0005488659953698516
CASE_PASS tail_count_22 {"o": {"relative_l2": 4.2527429106442246e-07, "max_abs": 2.0489096641540527e-08}, "final_state": {"relative_l2": 3.6529398590469505e-07, "max_abs": 1.4901161193847656e-07}, "final_A_state": {"relative_l2": 1.1742091799300266e-07, "max_abs": 7.450580596923828e-09}}
CASE_START tail_count_23 {'B': 1, 'T': 87, 'H': 3, 'N': 2}
STAGE_EXECUTED tail_count_23 pkda_chunk_prepare 0.0008071539923548698
STAGE_EXECUTED tail_count_23 pkda_chunk_scores 0.000994096975773573
STAGE_EXECUTED tail_count_23 pkda_chunk_wy 0.0008975010132417083
STAGE_EXECUTED tail_count_23 pkda_chunk_scan 0.0009571400005370378
STAGE_EXECUTED tail_count_23 pkda_chunk_output 0.0005408970173448324
CASE_PASS tail_count_23 {"o": {"relative_l2": 4.28322845226187e-07, "max_abs": 2.0489096641540527e-08}, "final_state": {"relative_l2": 3.6920735719205705e-07, "max_abs": 1.4901161193847656e-07}, "final_A_state": {"relative_l2": 6.479088011181772e-08, "max_abs": 7.450580596923828e-09}}
CASE_START tail_count_24 {'B': 1, 'T': 88, 'H': 3, 'N': 2}
STAGE_EXECUTED tail_count_24 pkda_chunk_prepare 0.0008129050256684422
STAGE_EXECUTED tail_count_24 pkda_chunk_scores 0.0010005409130826592
STAGE_EXECUTED tail_count_24 pkda_chunk_wy 0.0008922899141907692
STAGE_EXECUTED tail_count_24 pkda_chunk_scan 0.00099187099840492
STAGE_EXECUTED tail_count_24 pkda_chunk_output 0.0005434260237962008
CASE_PASS tail_count_24 {"o": {"relative_l2": 4.367498337909762e-07, "max_abs": 1.6763806343078613e-08}, "final_state": {"relative_l2": 3.734479997534199e-07, "max_abs": 1.862645149230957e-07}, "final_A_state": {"relative_l2": 8.662146412293555e-08, "max_abs": 1.1175870895385742e-08}}
CASE_START tail_count_25 {'B': 1, 'T': 89, 'H': 3, 'N': 2}
STAGE_EXECUTED tail_count_25 pkda_chunk_prepare 0.0008652110118418932
STAGE_EXECUTED tail_count_25 pkda_chunk_scores 0.0009877640986815095
STAGE_EXECUTED tail_count_25 pkda_chunk_wy 0.0009067209903150797
STAGE_EXECUTED tail_count_25 pkda_chunk_scan 0.0009850700153037906
STAGE_EXECUTED tail_count_25 pkda_chunk_output 0.000540081993676722
CASE_PASS tail_count_25 {"o": {"relative_l2": 4.312546420865217e-07, "max_abs": 1.7695128917694092e-08}, "final_state": {"relative_l2": 3.69841779073961e-07, "max_abs": 1.7136335372924805e-07}, "final_A_state": {"relative_l2": 6.761594353499463e-08, "max_abs": 7.450580596923828e-09}}
CASE_START tail_count_26 {'B': 1, 'T': 90, 'H': 3, 'N': 2}
STAGE_EXECUTED tail_count_26 pkda_chunk_prepare 0.0007497649639844894
STAGE_EXECUTED tail_count_26 pkda_chunk_scores 0.0009833939839154482
STAGE_EXECUTED tail_count_26 pkda_chunk_wy 0.0008943689754232764
STAGE_EXECUTED tail_count_26 pkda_chunk_scan 0.0009751070756465197
STAGE_EXECUTED tail_count_26 pkda_chunk_output 0.0005401290254667401
CASE_PASS tail_count_26 {"o": {"relative_l2": 4.1776852330317004e-07, "max_abs": 1.4901161193847656e-08}, "final_state": {"relative_l2": 3.549604928452734e-07, "max_abs": 1.7881393432617188e-07}, "final_A_state": {"relative_l2": 2.5858970430033605e-08, "max_abs": 3.725290298461914e-09}}
CASE_START tail_count_27 {'B': 1, 'T': 91, 'H': 3, 'N': 2}
STAGE_EXECUTED tail_count_27 pkda_chunk_prepare 0.0008360620122402906
STAGE_EXECUTED tail_count_27 pkda_chunk_scores 0.0010049770353361964
STAGE_EXECUTED tail_count_27 pkda_chunk_wy 0.0008935290388762951
STAGE_EXECUTED tail_count_27 pkda_chunk_scan 0.0009956510039046407
STAGE_EXECUTED tail_count_27 pkda_chunk_output 0.0005432539619505405
CASE_PASS tail_count_27 {"o": {"relative_l2": 4.303545884235466e-07, "max_abs": 1.862645149230957e-08}, "final_state": {"relative_l2": 3.6987924257661024e-07, "max_abs": 2.086162567138672e-07}, "final_A_state": {"relative_l2": 4.427618886825427e-08, "max_abs": 7.450580596923828e-09}}
CASE_START tail_count_28 {'B': 1, 'T': 92, 'H': 3, 'N': 2}
STAGE_EXECUTED tail_count_28 pkda_chunk_prepare 0.0008268309757113457
STAGE_EXECUTED tail_count_28 pkda_chunk_scores 0.0009936209535226226
STAGE_EXECUTED tail_count_28 pkda_chunk_wy 0.0008985190652310848
STAGE_EXECUTED tail_count_28 pkda_chunk_scan 0.0010028410470113158
STAGE_EXECUTED tail_count_28 pkda_chunk_output 0.0005400549853220582
CASE_PASS tail_count_28 {"o": {"relative_l2": 4.244743351780052e-07, "max_abs": 1.6763806343078613e-08}, "final_state": {"relative_l2": 3.7661941199557603e-07, "max_abs": 1.7881393432617188e-07}, "final_A_state": {"relative_l2": 5.20776235106816e-08, "max_abs": 7.450580596923828e-09}}
CASE_START tail_count_29 {'B': 1, 'T': 93, 'H': 3, 'N': 2}
STAGE_EXECUTED tail_count_29 pkda_chunk_prepare 0.0008994450327008963
STAGE_EXECUTED tail_count_29 pkda_chunk_scores 0.0010103220120072365
STAGE_EXECUTED tail_count_29 pkda_chunk_wy 0.0009094170527532697
STAGE_EXECUTED tail_count_29 pkda_chunk_scan 0.0010171160101890564
STAGE_EXECUTED tail_count_29 pkda_chunk_output 0.0005543329752981663
CASE_PASS tail_count_29 {"o": {"relative_l2": 4.311300992554964e-07, "max_abs": 1.6763806343078613e-08}, "final_state": {"relative_l2": 3.7081841675268e-07, "max_abs": 1.1920928955078125e-07}, "final_A_state": {"relative_l2": 8.08256435597721e-08, "max_abs": 7.450580596923828e-09}}
CASE_START tail_count_30 {'B': 1, 'T': 94, 'H': 3, 'N': 2}
STAGE_EXECUTED tail_count_30 pkda_chunk_prepare 0.0008599919965490699
STAGE_EXECUTED tail_count_30 pkda_chunk_scores 0.0009937779977917671
STAGE_EXECUTED tail_count_30 pkda_chunk_wy 0.0008923610439524055
STAGE_EXECUTED tail_count_30 pkda_chunk_scan 0.0010208169696852565
STAGE_EXECUTED tail_count_30 pkda_chunk_output 0.0005442219553515315
CASE_PASS tail_count_30 {"o": {"relative_l2": 4.2673562294657623e-07, "max_abs": 1.6763806343078613e-08}, "final_state": {"relative_l2": 3.610760356103071e-07, "max_abs": 2.086162567138672e-07}, "final_A_state": {"relative_l2": 3.4540686962165494e-08, "max_abs": 3.725290298461914e-09}}
CASE_START tail_count_31 {'B': 1, 'T': 95, 'H': 3, 'N': 2}
STAGE_EXECUTED tail_count_31 pkda_chunk_prepare 0.0008015930652618408
STAGE_EXECUTED tail_count_31 pkda_chunk_scores 0.001000370946712792
STAGE_EXECUTED tail_count_31 pkda_chunk_wy 0.0009023640304803848
STAGE_EXECUTED tail_count_31 pkda_chunk_scan 0.001031374093145132
STAGE_EXECUTED tail_count_31 pkda_chunk_output 0.0005440390668809414
CASE_PASS tail_count_31 {"o": {"relative_l2": 4.2812454472597417e-07, "max_abs": 1.862645149230957e-08}, "final_state": {"relative_l2": 3.6319924123408097e-07, "max_abs": 1.2665987014770508e-07}, "final_A_state": {"relative_l2": 6.252008789586604e-08, "max_abs": 7.450580596923828e-09}}
CASE_START tail_count_32 {'B': 1, 'T': 96, 'H': 3, 'N': 2}
STAGE_EXECUTED tail_count_32 pkda_chunk_prepare 0.000845910981297493
STAGE_EXECUTED tail_count_32 pkda_chunk_scores 0.000994966016151011
STAGE_EXECUTED tail_count_32 pkda_chunk_wy 0.0008981530554592609
STAGE_EXECUTED tail_count_32 pkda_chunk_scan 0.0010361659806221724
STAGE_EXECUTED tail_count_32 pkda_chunk_output 0.0005466310540214181
CASE_PASS tail_count_32 {"o": {"relative_l2": 4.258853556354671e-07, "max_abs": 1.5832483768463135e-08}, "final_state": {"relative_l2": 3.748648398665696e-07, "max_abs": 1.6391277313232422e-07}, "final_A_state": {"relative_l2": 5.923023203705323e-08, "max_abs": 7.450580596923828e-09}}
CASE_START tail_count_33 {'B': 1, 'T': 97, 'H': 3, 'N': 2}
STAGE_EXECUTED tail_count_33 pkda_chunk_prepare 0.000860517960973084
STAGE_EXECUTED tail_count_33 pkda_chunk_scores 0.0009977919980883598
STAGE_EXECUTED tail_count_33 pkda_chunk_wy 0.000900286016985774
STAGE_EXECUTED tail_count_33 pkda_chunk_scan 0.0010488140396773815
STAGE_EXECUTED tail_count_33 pkda_chunk_output 0.0005482030101120472
CASE_PASS tail_count_33 {"o": {"relative_l2": 4.2512226426245844e-07, "max_abs": 1.862645149230957e-08}, "final_state": {"relative_l2": 3.8281378014131625e-07, "max_abs": 2.086162567138672e-07}, "final_A_state": {"relative_l2": 5.355548284175051e-08, "max_abs": 7.450580596923828e-09}}
CASE_START tail_count_34 {'B': 1, 'T': 98, 'H': 3, 'N': 2}
STAGE_EXECUTED tail_count_34 pkda_chunk_prepare 0.0008596070110797882
STAGE_EXECUTED tail_count_34 pkda_chunk_scores 0.000998856034129858
STAGE_EXECUTED tail_count_34 pkda_chunk_wy 0.0009163819486275315
STAGE_EXECUTED tail_count_34 pkda_chunk_scan 0.0010539729846641421
STAGE_EXECUTED tail_count_34 pkda_chunk_output 0.0005481949774548411
CASE_PASS tail_count_34 {"o": {"relative_l2": 4.250985343354773e-07, "max_abs": 1.6763806343078613e-08}, "final_state": {"relative_l2": 3.6514889565915916e-07, "max_abs": 1.9371509552001953e-07}, "final_A_state": {"relative_l2": 4.871814379911196e-08, "max_abs": 7.450580596923828e-09}}
CASE_START tail_count_35 {'B': 1, 'T': 99, 'H': 3, 'N': 2}
STAGE_EXECUTED tail_count_35 pkda_chunk_prepare 0.0008966560708358884
STAGE_EXECUTED tail_count_35 pkda_chunk_scores 0.000993021996691823
STAGE_EXECUTED tail_count_35 pkda_chunk_wy 0.0009013820672407746
STAGE_EXECUTED tail_count_35 pkda_chunk_scan 0.0010621900437399745
STAGE_EXECUTED tail_count_35 pkda_chunk_output 0.0005457670195028186
CASE_PASS tail_count_35 {"o": {"relative_l2": 4.3322301192021255e-07, "max_abs": 1.862645149230957e-08}, "final_state": {"relative_l2": 3.7792653001614605e-07, "max_abs": 1.7881393432617188e-07}, "final_A_state": {"relative_l2": 6.981925406766551e-08, "max_abs": 1.1175870895385742e-08}}
CASE_START tail_count_36 {'B': 1, 'T': 100, 'H': 3, 'N': 2}
STAGE_EXECUTED tail_count_36 pkda_chunk_prepare 0.0008666929788887501
STAGE_EXECUTED tail_count_36 pkda_chunk_scores 0.00099973997566849
STAGE_EXECUTED tail_count_36 pkda_chunk_wy 0.0009060249431058764
STAGE_EXECUTED tail_count_36 pkda_chunk_scan 0.0010667970636859536
STAGE_EXECUTED tail_count_36 pkda_chunk_output 0.0005473870551213622
CASE_PASS tail_count_36 {"o": {"relative_l2": 4.301473246108559e-07, "max_abs": 1.6763806343078613e-08}, "final_state": {"relative_l2": 3.744182647081342e-07, "max_abs": 1.9371509552001953e-07}, "final_A_state": {"relative_l2": 5.386309391076417e-08, "max_abs": 7.450580596923828e-09}}
CASE_START tail_count_37 {'B': 1, 'T': 101, 'H': 3, 'N': 2}
STAGE_EXECUTED tail_count_37 pkda_chunk_prepare 0.00086160097271204
STAGE_EXECUTED tail_count_37 pkda_chunk_scores 0.0009978939779102802
STAGE_EXECUTED tail_count_37 pkda_chunk_wy 0.0009007500484585762
STAGE_EXECUTED tail_count_37 pkda_chunk_scan 0.001072535989806056
STAGE_EXECUTED tail_count_37 pkda_chunk_output 0.0005453180056065321
CASE_PASS tail_count_37 {"o": {"relative_l2": 4.241371554952079e-07, "max_abs": 1.30385160446167e-08}, "final_state": {"relative_l2": 3.755819776974878e-07, "max_abs": 2.384185791015625e-07}, "final_A_state": {"relative_l2": 4.336858260335572e-08, "max_abs": 7.450580596923828e-09}}
CASE_START tail_count_38 {'B': 1, 'T': 102, 'H': 3, 'N': 2}
STAGE_EXECUTED tail_count_38 pkda_chunk_prepare 0.0008861690293997526
STAGE_EXECUTED tail_count_38 pkda_chunk_scores 0.0009990609250962734
STAGE_EXECUTED tail_count_38 pkda_chunk_wy 0.0008989999769255519
STAGE_EXECUTED tail_count_38 pkda_chunk_scan 0.001082038041204214
STAGE_EXECUTED tail_count_38 pkda_chunk_output 0.0005429349839687347
CASE_PASS tail_count_38 {"o": {"relative_l2": 4.2917327199850365e-07, "max_abs": 1.6763806343078613e-08}, "final_state": {"relative_l2": 3.7249483713328597e-07, "max_abs": 2.086162567138672e-07}, "final_A_state": {"relative_l2": 9.659743614812177e-08, "max_abs": 1.1175870895385742e-08}}
CASE_START tail_count_39 {'B': 1, 'T': 103, 'H': 3, 'N': 2}
STAGE_EXECUTED tail_count_39 pkda_chunk_prepare 0.0009530730312690139
STAGE_EXECUTED tail_count_39 pkda_chunk_scores 0.0010087409755215049
STAGE_EXECUTED tail_count_39 pkda_chunk_wy 0.0008973899530246854
STAGE_EXECUTED tail_count_39 pkda_chunk_scan 0.0010852150153368711
STAGE_EXECUTED tail_count_39 pkda_chunk_output 0.0005452110199257731
CASE_PASS tail_count_39 {"o": {"relative_l2": 4.3261642421635394e-07, "max_abs": 1.5832483768463135e-08}, "final_state": {"relative_l2": 3.8735321644351794e-07, "max_abs": 1.564621925354004e-07}, "final_A_state": {"relative_l2": 6.279107663423088e-08, "max_abs": 7.450580596923828e-09}}
CASE_START tail_count_40 {'B': 1, 'T': 104, 'H': 3, 'N': 2}
STAGE_EXECUTED tail_count_40 pkda_chunk_prepare 0.0008737180614843965
STAGE_EXECUTED tail_count_40 pkda_chunk_scores 0.0010107180569320917
STAGE_EXECUTED tail_count_40 pkda_chunk_wy 0.0009052649838849902
STAGE_EXECUTED tail_count_40 pkda_chunk_scan 0.0010941759683191776
STAGE_EXECUTED tail_count_40 pkda_chunk_output 0.0005470269825309515
CASE_PASS tail_count_40 {"o": {"relative_l2": 4.2334184852538204e-07, "max_abs": 1.6763806343078613e-08}, "final_state": {"relative_l2": 3.8008004818375746e-07, "max_abs": 1.9371509552001953e-07}, "final_A_state": {"relative_l2": 6.031195537227981e-08, "max_abs": 7.450580596923828e-09}}
CASE_START tail_count_41 {'B': 1, 'T': 105, 'H': 3, 'N': 2}
STAGE_EXECUTED tail_count_41 pkda_chunk_prepare 0.0009493899997323751
STAGE_EXECUTED tail_count_41 pkda_chunk_scores 0.001030419021844864
STAGE_EXECUTED tail_count_41 pkda_chunk_wy 0.0009383650030940771
STAGE_EXECUTED tail_count_41 pkda_chunk_scan 0.0011254579294472933
STAGE_EXECUTED tail_count_41 pkda_chunk_output 0.0005789229180663824
CASE_PASS tail_count_41 {"o": {"relative_l2": 4.345080238288983e-07, "max_abs": 1.862645149230957e-08}, "final_state": {"relative_l2": 3.957866221311536e-07, "max_abs": 1.9371509552001953e-07}, "final_A_state": {"relative_l2": 6.383789443193457e-08, "max_abs": 1.4901161193847656e-08}}
CASE_START tail_count_42 {'B': 1, 'T': 106, 'H': 3, 'N': 2}
STAGE_EXECUTED tail_count_42 pkda_chunk_prepare 0.0008845670381560922
STAGE_EXECUTED tail_count_42 pkda_chunk_scores 0.000998480012640357
STAGE_EXECUTED tail_count_42 pkda_chunk_wy 0.0009051539236679673
STAGE_EXECUTED tail_count_42 pkda_chunk_scan 0.0011127389734610915
STAGE_EXECUTED tail_count_42 pkda_chunk_output 0.000550946919247508
CASE_PASS tail_count_42 {"o": {"relative_l2": 4.286793220635694e-07, "max_abs": 1.862645149230957e-08}, "final_state": {"relative_l2": 3.845045410000925e-07, "max_abs": 1.9371509552001953e-07}, "final_A_state": {"relative_l2": 5.37648935868157e-08, "max_abs": 3.725290298461914e-09}}
CASE_START tail_count_43 {'B': 1, 'T': 107, 'H': 3, 'N': 2}
STAGE_EXECUTED tail_count_43 pkda_chunk_prepare 0.0008477200753986835
STAGE_EXECUTED tail_count_43 pkda_chunk_scores 0.0010000210022553802
STAGE_EXECUTED tail_count_43 pkda_chunk_wy 0.0008949539624154568
STAGE_EXECUTED tail_count_43 pkda_chunk_scan 0.0011160389985889196
STAGE_EXECUTED tail_count_43 pkda_chunk_output 0.0005431680474430323
CASE_PASS tail_count_43 {"o": {"relative_l2": 4.3271643238114063e-07, "max_abs": 1.4901161193847656e-08}, "final_state": {"relative_l2": 3.8331948737434855e-07, "max_abs": 1.6391277313232422e-07}, "final_A_state": {"relative_l2": 6.043721176703665e-08, "max_abs": 7.450580596923828e-09}}
CASE_START tail_count_44 {'B': 1, 'T': 108, 'H': 3, 'N': 2}
STAGE_EXECUTED tail_count_44 pkda_chunk_prepare 0.0010226549347862601
STAGE_EXECUTED tail_count_44 pkda_chunk_scores 0.001012402935884893
STAGE_EXECUTED tail_count_44 pkda_chunk_wy 0.0009025390027090907
STAGE_EXECUTED tail_count_44 pkda_chunk_scan 0.0011350270360708237
STAGE_EXECUTED tail_count_44 pkda_chunk_output 0.0005507640307769179
CASE_PASS tail_count_44 {"o": {"relative_l2": 4.291484293324392e-07, "max_abs": 1.6763806343078613e-08}, "final_state": {"relative_l2": 3.921770228302412e-07, "max_abs": 2.086162567138672e-07}, "final_A_state": {"relative_l2": 6.311645079508007e-08, "max_abs": 7.450580596923828e-09}}
CASE_START tail_count_45 {'B': 1, 'T': 109, 'H': 3, 'N': 2}
STAGE_EXECUTED tail_count_45 pkda_chunk_prepare 0.0008919069077819586
STAGE_EXECUTED tail_count_45 pkda_chunk_scores 0.0009970000246539712
STAGE_EXECUTED tail_count_45 pkda_chunk_wy 0.0009007879998534918
STAGE_EXECUTED tail_count_45 pkda_chunk_scan 0.0011336709139868617
STAGE_EXECUTED tail_count_45 pkda_chunk_output 0.0005475380457937717
CASE_PASS tail_count_45 {"o": {"relative_l2": 4.284026439317412e-07, "max_abs": 1.4901161193847656e-08}, "final_state": {"relative_l2": 3.821762217475625e-07, "max_abs": 1.9371509552001953e-07}, "final_A_state": {"relative_l2": 8.743490005942085e-08, "max_abs": 9.313225746154785e-09}}
CASE_START tail_count_46 {'B': 1, 'T': 110, 'H': 3, 'N': 2}
STAGE_EXECUTED tail_count_46 pkda_chunk_prepare 0.0008975970558822155
STAGE_EXECUTED tail_count_46 pkda_chunk_scores 0.0009946830105036497
STAGE_EXECUTED tail_count_46 pkda_chunk_wy 0.0009020980214700103
STAGE_EXECUTED tail_count_46 pkda_chunk_scan 0.0011671730317175388
STAGE_EXECUTED tail_count_46 pkda_chunk_output 0.000548491021618247
CASE_PASS tail_count_46 {"o": {"relative_l2": 4.284737059822824e-07, "max_abs": 2.2351741790771484e-08}, "final_state": {"relative_l2": 3.968685811557822e-07, "max_abs": 1.9371509552001953e-07}, "final_A_state": {"relative_l2": 4.484895946870789e-08, "max_abs": 7.450580596923828e-09}}
CASE_START tail_count_47 {'B': 1, 'T': 111, 'H': 3, 'N': 2}
STAGE_EXECUTED tail_count_47 pkda_chunk_prepare 0.0008887159638106823
STAGE_EXECUTED tail_count_47 pkda_chunk_scores 0.0010176260257139802
STAGE_EXECUTED tail_count_47 pkda_chunk_wy 0.0009193130536004901
STAGE_EXECUTED tail_count_47 pkda_chunk_scan 0.001168440910987556
STAGE_EXECUTED tail_count_47 pkda_chunk_output 0.0005598879652097821
CASE_PASS tail_count_47 {"o": {"relative_l2": 4.301206236198821e-07, "max_abs": 1.6763806343078613e-08}, "final_state": {"relative_l2": 3.9593276357754835e-07, "max_abs": 1.6577541828155518e-07}, "final_A_state": {"relative_l2": 8.225019115994333e-08, "max_abs": 1.1175870895385742e-08}}
CASE_START tail_count_48 {'B': 1, 'T': 112, 'H': 3, 'N': 2}
STAGE_EXECUTED tail_count_48 pkda_chunk_prepare 0.0011394040193408728
STAGE_EXECUTED tail_count_48 pkda_chunk_scores 0.0010029319673776627
STAGE_EXECUTED tail_count_48 pkda_chunk_wy 0.0009109120583161712
STAGE_EXECUTED tail_count_48 pkda_chunk_scan 0.001167331007309258
STAGE_EXECUTED tail_count_48 pkda_chunk_output 0.0005533590447157621
CASE_PASS tail_count_48 {"o": {"relative_l2": 4.3151112202725966e-07, "max_abs": 1.955777406692505e-08}, "final_state": {"relative_l2": 3.8842396305051287e-07, "max_abs": 1.564621925354004e-07}, "final_A_state": {"relative_l2": 9.174437234684323e-08, "max_abs": 1.1175870895385742e-08}}
CASE_START tail_count_49 {'B': 1, 'T': 113, 'H': 3, 'N': 2}
STAGE_EXECUTED tail_count_49 pkda_chunk_prepare 0.0008810210274532437
STAGE_EXECUTED tail_count_49 pkda_chunk_scores 0.0009982619667425752
STAGE_EXECUTED tail_count_49 pkda_chunk_wy 0.0009004219900816679
STAGE_EXECUTED tail_count_49 pkda_chunk_scan 0.0011667660437524319
STAGE_EXECUTED tail_count_49 pkda_chunk_output 0.000543585978448391
CASE_PASS tail_count_49 {"o": {"relative_l2": 4.3012897441236887e-07, "max_abs": 1.6763806343078613e-08}, "final_state": {"relative_l2": 3.8879814426873786e-07, "max_abs": 1.564621925354004e-07}, "final_A_state": {"relative_l2": 7.301084128667539e-08, "max_abs": 7.450580596923828e-09}}
CASE_START tail_count_50 {'B': 1, 'T': 114, 'H': 3, 'N': 2}
STAGE_EXECUTED tail_count_50 pkda_chunk_prepare 0.0009097990114241838
STAGE_EXECUTED tail_count_50 pkda_chunk_scores 0.0009994899155572057
STAGE_EXECUTED tail_count_50 pkda_chunk_wy 0.0009032130474224687
STAGE_EXECUTED tail_count_50 pkda_chunk_scan 0.0011732439743354917
STAGE_EXECUTED tail_count_50 pkda_chunk_output 0.0005438539665192366
CASE_PASS tail_count_50 {"o": {"relative_l2": 4.3081239014034665e-07, "max_abs": 1.4901161193847656e-08}, "final_state": {"relative_l2": 4.004235675096938e-07, "max_abs": 2.2351741790771484e-07}, "final_A_state": {"relative_l2": 7.604041862358106e-08, "max_abs": 7.450580596923828e-09}}
CASE_START tail_count_51 {'B': 1, 'T': 115, 'H': 3, 'N': 2}
STAGE_EXECUTED tail_count_51 pkda_chunk_prepare 0.0008589960634708405
STAGE_EXECUTED tail_count_51 pkda_chunk_scores 0.0009938260773196816
STAGE_EXECUTED tail_count_51 pkda_chunk_wy 0.00091032893396914
STAGE_EXECUTED tail_count_51 pkda_chunk_scan 0.0011697818990796804
STAGE_EXECUTED tail_count_51 pkda_chunk_output 0.000544038019143045
CASE_PASS tail_count_51 {"o": {"relative_l2": 4.277034878111805e-07, "max_abs": 1.4901161193847656e-08}, "final_state": {"relative_l2": 3.88039375281724e-07, "max_abs": 1.6391277313232422e-07}, "final_A_state": {"relative_l2": 4.8559119403551794e-08, "max_abs": 7.450580596923828e-09}}
CASE_START tail_count_52 {'B': 1, 'T': 116, 'H': 3, 'N': 2}
STAGE_EXECUTED tail_count_52 pkda_chunk_prepare 0.0009907990461215377
STAGE_EXECUTED tail_count_52 pkda_chunk_scores 0.0010295939864590764
STAGE_EXECUTED tail_count_52 pkda_chunk_wy 0.0009218520717695355
STAGE_EXECUTED tail_count_52 pkda_chunk_scan 0.0012029079953208566
STAGE_EXECUTED tail_count_52 pkda_chunk_output 0.0005637389840558171
CASE_PASS tail_count_52 {"o": {"relative_l2": 4.3123996883616015e-07, "max_abs": 1.6763806343078613e-08}, "final_state": {"relative_l2": 3.9573802754720966e-07, "max_abs": 1.7881393432617188e-07}, "final_A_state": {"relative_l2": 6.249540033293394e-08, "max_abs": 7.450580596923828e-09}}
CASE_START tail_count_53 {'B': 1, 'T': 117, 'H': 3, 'N': 2}
STAGE_EXECUTED tail_count_53 pkda_chunk_prepare 0.0010317169362679124
STAGE_EXECUTED tail_count_53 pkda_chunk_scores 0.0010025619994848967
STAGE_EXECUTED tail_count_53 pkda_chunk_wy 0.0009034060640260577
STAGE_EXECUTED tail_count_53 pkda_chunk_scan 0.0011943819699808955
STAGE_EXECUTED tail_count_53 pkda_chunk_output 0.0005484450375661254
CASE_PASS tail_count_53 {"o": {"relative_l2": 4.2835447519556405e-07, "max_abs": 1.5832483768463135e-08}, "final_state": {"relative_l2": 3.92709499499564e-07, "max_abs": 1.9371509552001953e-07}, "final_A_state": {"relative_l2": 4.953273136886436e-08, "max_abs": 1.1175870895385742e-08}}
CASE_START tail_count_54 {'B': 1, 'T': 118, 'H': 3, 'N': 2}
STAGE_EXECUTED tail_count_54 pkda_chunk_prepare 0.0009433189406991005
STAGE_EXECUTED tail_count_54 pkda_chunk_scores 0.0009973110863938928
STAGE_EXECUTED tail_count_54 pkda_chunk_wy 0.0008997280383482575
STAGE_EXECUTED tail_count_54 pkda_chunk_scan 0.0012029880890622735
STAGE_EXECUTED tail_count_54 pkda_chunk_output 0.0005459899548441172
CASE_PASS tail_count_54 {"o": {"relative_l2": 4.3308146389247534e-07, "max_abs": 2.0489096641540527e-08}, "final_state": {"relative_l2": 3.933023401711723e-07, "max_abs": 2.384185791015625e-07}, "final_A_state": {"relative_l2": 3.246654978286871e-08, "max_abs": 7.450580596923828e-09}}
CASE_START tail_count_55 {'B': 1, 'T': 119, 'H': 3, 'N': 2}
STAGE_EXECUTED tail_count_55 pkda_chunk_prepare 0.0009027429623529315
STAGE_EXECUTED tail_count_55 pkda_chunk_scores 0.0010078389896079898
STAGE_EXECUTED tail_count_55 pkda_chunk_wy 0.0008994468953460455
STAGE_EXECUTED tail_count_55 pkda_chunk_scan 0.0012154800351709127
STAGE_EXECUTED tail_count_55 pkda_chunk_output 0.0005434579215943813
CASE_PASS tail_count_55 {"o": {"relative_l2": 4.303897755180685e-07, "max_abs": 1.862645149230957e-08}, "final_state": {"relative_l2": 4.0383490583954236e-07, "max_abs": 2.0116567611694336e-07}, "final_A_state": {"relative_l2": 6.903990137602155e-08, "max_abs": 7.450580596923828e-09}}
CASE_START tail_count_56 {'B': 1, 'T': 120, 'H': 3, 'N': 2}
STAGE_EXECUTED tail_count_56 pkda_chunk_prepare 0.0009276929777115583
STAGE_EXECUTED tail_count_56 pkda_chunk_scores 0.000999178970232606
STAGE_EXECUTED tail_count_56 pkda_chunk_wy 0.0009005529573187232
STAGE_EXECUTED tail_count_56 pkda_chunk_scan 0.0012162791099399328
STAGE_EXECUTED tail_count_56 pkda_chunk_output 0.0005424940027296543
CASE_PASS tail_count_56 {"o": {"relative_l2": 4.305398424300166e-07, "max_abs": 1.6763806343078613e-08}, "final_state": {"relative_l2": 3.9962612170757686e-07, "max_abs": 2.086162567138672e-07}, "final_A_state": {"relative_l2": 6.778433266822446e-08, "max_abs": 7.450580596923828e-09}}
CASE_START tail_count_57 {'B': 1, 'T': 121, 'H': 3, 'N': 2}
STAGE_EXECUTED tail_count_57 pkda_chunk_prepare 0.0010376910213381052
STAGE_EXECUTED tail_count_57 pkda_chunk_scores 0.0009987530065700412
STAGE_EXECUTED tail_count_57 pkda_chunk_wy 0.0009048370411619544
STAGE_EXECUTED tail_count_57 pkda_chunk_scan 0.0012278229696676135
STAGE_EXECUTED tail_count_57 pkda_chunk_output 0.0005453589837998152
CASE_PASS tail_count_57 {"o": {"relative_l2": 4.3377327497968727e-07, "max_abs": 1.862645149230957e-08}, "final_state": {"relative_l2": 4.075807378098501e-07, "max_abs": 1.4901161193847656e-07}, "final_A_state": {"relative_l2": 5.745124299340996e-08, "max_abs": 7.450580596923828e-09}}
CASE_START tail_count_58 {'B': 1, 'T': 122, 'H': 3, 'N': 2}
STAGE_EXECUTED tail_count_58 pkda_chunk_prepare 0.003023589961230755
STAGE_EXECUTED tail_count_58 pkda_chunk_scores 0.0010698309633880854
STAGE_EXECUTED tail_count_58 pkda_chunk_wy 0.0009087610524147749
STAGE_EXECUTED tail_count_58 pkda_chunk_scan 0.0012301270617172122
STAGE_EXECUTED tail_count_58 pkda_chunk_output 0.0005454609636217356
CASE_PASS tail_count_58 {"o": {"relative_l2": 4.2854688150880223e-07, "max_abs": 2.2351741790771484e-08}, "final_state": {"relative_l2": 4.0917145255021e-07, "max_abs": 1.7881393432617188e-07}, "final_A_state": {"relative_l2": 7.61663910845221e-08, "max_abs": 7.450580596923828e-09}}
CASE_START tail_count_59 {'B': 1, 'T': 123, 'H': 3, 'N': 2}
STAGE_EXECUTED tail_count_59 pkda_chunk_prepare 0.0008744470542296767
STAGE_EXECUTED tail_count_59 pkda_chunk_scores 0.0009908259380608797
STAGE_EXECUTED tail_count_59 pkda_chunk_wy 0.0008909129537642002
STAGE_EXECUTED tail_count_59 pkda_chunk_scan 0.00124061806127429
STAGE_EXECUTED tail_count_59 pkda_chunk_output 0.000543918926268816
CASE_PASS tail_count_59 {"o": {"relative_l2": 4.3532959799043286e-07, "max_abs": 1.4901161193847656e-08}, "final_state": {"relative_l2": 3.923036447258529e-07, "max_abs": 1.6391277313232422e-07}, "final_A_state": {"relative_l2": 3.3713324782674666e-08, "max_abs": 3.725290298461914e-09}}
CASE_START tail_count_60 {'B': 1, 'T': 124, 'H': 3, 'N': 2}
STAGE_EXECUTED tail_count_60 pkda_chunk_prepare 0.0009420390706509352
STAGE_EXECUTED tail_count_60 pkda_chunk_scores 0.000991299981251359
STAGE_EXECUTED tail_count_60 pkda_chunk_wy 0.0008955610683187842
STAGE_EXECUTED tail_count_60 pkda_chunk_scan 0.0012432929361239076
STAGE_EXECUTED tail_count_60 pkda_chunk_output 0.0005456309299916029
CASE_PASS tail_count_60 {"o": {"relative_l2": 4.337346143218443e-07, "max_abs": 1.4901161193847656e-08}, "final_state": {"relative_l2": 4.0210313938519844e-07, "max_abs": 1.6391277313232422e-07}, "final_A_state": {"relative_l2": 3.8793881746935525e-08, "max_abs": 5.587935447692871e-09}}
CASE_START tail_count_61 {'B': 1, 'T': 125, 'H': 3, 'N': 2}
STAGE_EXECUTED tail_count_61 pkda_chunk_prepare 0.0009421319700777531
STAGE_EXECUTED tail_count_61 pkda_chunk_scores 0.0010028689866885543
STAGE_EXECUTED tail_count_61 pkda_chunk_wy 0.0009183150250464678
STAGE_EXECUTED tail_count_61 pkda_chunk_scan 0.0012570139952003956
STAGE_EXECUTED tail_count_61 pkda_chunk_output 0.0005528840702027082
CASE_PASS tail_count_61 {"o": {"relative_l2": 4.3232097890974017e-07, "max_abs": 1.6763806343078613e-08}, "final_state": {"relative_l2": 4.0725152162884166e-07, "max_abs": 1.9371509552001953e-07}, "final_A_state": {"relative_l2": 4.2719600402992005e-08, "max_abs": 7.450580596923828e-09}}
CASE_START tail_count_62 {'B': 1, 'T': 126, 'H': 3, 'N': 2}
STAGE_EXECUTED tail_count_62 pkda_chunk_prepare 0.0010427250526845455
STAGE_EXECUTED tail_count_62 pkda_chunk_scores 0.0009974269196391106
STAGE_EXECUTED tail_count_62 pkda_chunk_wy 0.0008972289506345987
STAGE_EXECUTED tail_count_62 pkda_chunk_scan 0.0012610910926014185
STAGE_EXECUTED tail_count_62 pkda_chunk_output 0.000548969954252243
CASE_PASS tail_count_62 {"o": {"relative_l2": 4.35975907864747e-07, "max_abs": 2.0489096641540527e-08}, "final_state": {"relative_l2": 4.0162433577932645e-07, "max_abs": 1.7881393432617188e-07}, "final_A_state": {"relative_l2": 7.551631136284691e-08, "max_abs": 1.4901161193847656e-08}}
CASE_START tail_count_63 {'B': 1, 'T': 127, 'H': 3, 'N': 2}
STAGE_EXECUTED tail_count_63 pkda_chunk_prepare 0.0009498799918219447
STAGE_EXECUTED tail_count_63 pkda_chunk_scores 0.0010008979588747025
STAGE_EXECUTED tail_count_63 pkda_chunk_wy 0.0009050628868862987
STAGE_EXECUTED tail_count_63 pkda_chunk_scan 0.0012738090008497238
STAGE_EXECUTED tail_count_63 pkda_chunk_output 0.0005501010455191135
CASE_PASS tail_count_63 {"o": {"relative_l2": 4.373889661215767e-07, "max_abs": 1.3969838619232178e-08}, "final_state": {"relative_l2": 4.018626472345805e-07, "max_abs": 1.9371509552001953e-07}, "final_A_state": {"relative_l2": 7.618557579327302e-08, "max_abs": 7.450580596923828e-09}}
CASE_START tail_count_64 {'B': 1, 'T': 128, 'H': 3, 'N': 2}
STAGE_EXECUTED tail_count_64 pkda_chunk_prepare 0.0009288969449698925
STAGE_EXECUTED tail_count_64 pkda_chunk_scores 0.0009983610361814499
STAGE_EXECUTED tail_count_64 pkda_chunk_wy 0.0009083119221031666
STAGE_EXECUTED tail_count_64 pkda_chunk_scan 0.001273336005397141
STAGE_EXECUTED tail_count_64 pkda_chunk_output 0.0005412109894677997
CASE_PASS tail_count_64 {"o": {"relative_l2": 4.3630654647708727e-07, "max_abs": 1.6763806343078613e-08}, "final_state": {"relative_l2": 4.047001332624897e-07, "max_abs": 1.6391277313232422e-07}, "final_A_state": {"relative_l2": 6.514883350011566e-08, "max_abs": 7.450580596923828e-09}}
NATIVE_PASS 65 bd 4
