{"event": "launch", "case": "grid_r1_c1_bd1", "kernel": "pgdn_chunk_atk"}
{"event": "launch", "case": "grid_r1_c1_bd1", "kernel": "pgdn_chunk_prepare"}
{"event": "launch", "case": "grid_r1_c1_bd1", "kernel": "pgdn_chunk_scores"}
{"event": "launch", "case": "grid_r1_c1_bd1", "kernel": "pgdn_chunk_wy"}
{"event": "launch", "case": "grid_r1_c1_bd1", "kernel": "pgdn_chunk_scan"}
{"event": "launch", "case": "grid_r1_c1_bd1", "kernel": "pgdn_chunk_output"}
{"case": "grid_r1_c1_bd1", "oracles": {"A_pinned_cpu_recurrence": {"o": {"max_abs": 3.026798367500305e-09, "relative_l2": 3.9527074266551237e-07, "finite": true}, "final_state": {"max_abs": 7.450580596923828e-09, "relative_l2": 2.148769386817175e-07, "finite": true}, "final_A_state": {"max_abs": 1.043081283569336e-07, "relative_l2": 1.7731367949029154e-07, "finite": true}}, "B_independent_cpu_block_solve": {"o": {"max_abs": 2.3283064365386963e-09, "relative_l2": 4.964222774968345e-07, "finite": true}, "final_state": {"max_abs": 6.984919309616089e-09, "relative_l2": 4.1193753780919353e-07, "finite": true}, "final_A_state": {"max_abs": 1.1920928955078125e-07, "relative_l2": 2.3839832941562426e-07, "finite": true}}}, "public_median_us": null}
{"event": "launch", "case": "grid_r1_c2_bd1", "kernel": "pgdn_chunk_atk"}
{"event": "launch", "case": "grid_r1_c2_bd1", "kernel": "pgdn_chunk_prepare"}
{"event": "launch", "case": "grid_r1_c2_bd1", "kernel": "pgdn_chunk_scores"}
{"event": "launch", "case": "grid_r1_c2_bd1", "kernel": "pgdn_chunk_wy"}
{"event": "launch", "case": "grid_r1_c2_bd1", "kernel": "pgdn_chunk_scan"}
{"event": "launch", "case": "grid_r1_c2_bd1", "kernel": "pgdn_chunk_output"}
{"case": "grid_r1_c2_bd1", "oracles": {"A_pinned_cpu_recurrence": {"o": {"max_abs": 5.122274160385132e-09, "relative_l2": 5.042043126922593e-07, "finite": true}, "final_state": {"max_abs": 1.862645149230957e-08, "relative_l2": 7.180334506291412e-07, "finite": true}, "final_A_state": {"max_abs": 1.4901161193847656e-07, "relative_l2": 2.2188425240375733e-07, "finite": true}}, "B_independent_cpu_block_solve": {"o": {"max_abs": 3.958120942115784e-09, "relative_l2": 6.344702773020431e-07, "finite": true}, "final_state": {"max_abs": 1.5832483768463135e-08, "relative_l2": 5.883409010956588e-07, "finite": true}, "final_A_state": {"max_abs": 1.7881393432617188e-07, "relative_l2": 2.736200207552862e-07, "finite": true}}}, "public_median_us": null}
{"event": "launch", "case": "grid_r1_c3_bd1", "kernel": "pgdn_chunk_atk"}
{"event": "launch", "case": "grid_r1_c3_bd1", "kernel": "pgdn_chunk_prepare"}
{"event": "launch", "case": "grid_r1_c3_bd1", "kernel": "pgdn_chunk_scores"}
{"event": "launch", "case": "grid_r1_c3_bd1", "kernel": "pgdn_chunk_wy"}
{"event": "launch", "case": "grid_r1_c3_bd1", "kernel": "pgdn_chunk_scan"}
{"event": "launch", "case": "grid_r1_c3_bd1", "kernel": "pgdn_chunk_output"}
{"case": "grid_r1_c3_bd1", "oracles": {"A_pinned_cpu_recurrence": {"o": {"max_abs": 4.773028194904327e-09, "relative_l2": 5.653526737532297e-07, "finite": true}, "final_state": {"max_abs": 1.862645149230957e-08, "relative_l2": 6.210012801925205e-07, "finite": true}, "final_A_state": {"max_abs": 2.384185791015625e-07, "relative_l2": 4.0255134188874234e-07, "finite": true}}, "B_independent_cpu_block_solve": {"o": {"max_abs": 7.101334631443024e-09, "relative_l2": 8.787370231761831e-07, "finite": true}, "final_state": {"max_abs": 4.284083843231201e-08, "relative_l2": 1.3403348208839538e-06, "finite": true}, "final_A_state": {"max_abs": 2.086162567138672e-07, "relative_l2": 3.172250882595636e-07, "finite": true}}}, "public_median_us": null}
{"event": "launch", "case": "full_r1_bd1", "kernel": "pgdn_chunk_atk"}
{"event": "launch", "case": "full_r1_bd1", "kernel": "pgdn_chunk_prepare"}
{"event": "launch", "case": "full_r1_bd1", "kernel": "pgdn_chunk_scores"}
{"event": "launch", "case": "full_r1_bd1", "kernel": "pgdn_chunk_wy"}
{"event": "launch", "case": "full_r1_bd1", "kernel": "pgdn_chunk_scan"}
{"event": "launch", "case": "full_r1_bd1", "kernel": "pgdn_chunk_output"}
{"case": "full_r1_bd1", "oracles": {"A_pinned_cpu_recurrence": {"o": {"max_abs": 4.423782229423523e-09, "relative_l2": 5.146015008603862e-07, "finite": true}, "final_state": {"max_abs": 3.073364496231079e-08, "relative_l2": 2.215286200965215e-06, "finite": true}, "final_A_state": {"max_abs": 1.4901161193847656e-07, "relative_l2": 2.3276341564599415e-07, "finite": true}}, "B_independent_cpu_block_solve": {"o": {"max_abs": 8.614733815193176e-09, "relative_l2": 6.801699919126753e-07, "finite": true}, "final_state": {"max_abs": 4.190951585769653e-08, "relative_l2": 3.2284060214564652e-06, "finite": true}, "final_A_state": {"max_abs": 2.384185791015625e-07, "relative_l2": 3.042204845551243e-07, "finite": true}}}, "public_median_us": null}
{"event": "launch", "case": "grid_r2_c1_bd1", "kernel": "pgdn_chunk_atk"}
{"event": "launch", "case": "grid_r2_c1_bd1", "kernel": "pgdn_chunk_prepare"}
{"event": "launch", "case": "grid_r2_c1_bd1", "kernel": "pgdn_chunk_scores"}
{"event": "launch", "case": "grid_r2_c1_bd1", "kernel": "pgdn_chunk_wy"}
{"event": "launch", "case": "grid_r2_c1_bd1", "kernel": "pgdn_chunk_scan"}
{"event": "launch", "case": "grid_r2_c1_bd1", "kernel": "pgdn_chunk_output"}
{"case": "grid_r2_c1_bd1", "oracles": {"A_pinned_cpu_recurrence": {"o": {"max_abs": 1.7462298274040222e-09, "relative_l2": 4.397628424004196e-07, "finite": true}, "final_state": {"max_abs": 2.2351741790771484e-08, "relative_l2": 4.0371605955483746e-07, "finite": true}, "final_A_state": {"max_abs": 7.450580596923828e-08, "relative_l2": 1.9027985178155965e-07, "finite": true}}, "B_independent_cpu_block_solve": {"o": {"max_abs": 3.14321368932724e-09, "relative_l2": 5.536698106897474e-07, "finite": true}, "final_state": {"max_abs": 1.210719347000122e-08, "relative_l2": 3.652738350623652e-07, "finite": true}, "final_A_state": {"max_abs": 1.043081283569336e-07, "relative_l2": 2.1412156593280438e-07, "finite": true}}}, "public_median_us": null}
{"event": "launch", "case": "grid_r2_c2_bd1", "kernel": "pgdn_chunk_atk"}
{"event": "launch", "case": "grid_r2_c2_bd1", "kernel": "pgdn_chunk_prepare"}
{"event": "launch", "case": "grid_r2_c2_bd1", "kernel": "pgdn_chunk_scores"}
{"event": "launch", "case": "grid_r2_c2_bd1", "kernel": "pgdn_chunk_wy"}
{"event": "launch", "case": "grid_r2_c2_bd1", "kernel": "pgdn_chunk_scan"}
{"event": "launch", "case": "grid_r2_c2_bd1", "kernel": "pgdn_chunk_output"}
{"case": "grid_r2_c2_bd1", "oracles": {"A_pinned_cpu_recurrence": {"o": {"max_abs": 2.561137080192566e-09, "relative_l2": 4.830870118819532e-07, "finite": true}, "final_state": {"max_abs": 1.6763806343078613e-08, "relative_l2": 4.4961035705165486e-07, "finite": true}, "final_A_state": {"max_abs": 1.4901161193847656e-07, "relative_l2": 2.5128049412731647e-07, "finite": true}}, "B_independent_cpu_block_solve": {"o": {"max_abs": 5.820766091346741e-09, "relative_l2": 6.64455393712133e-07, "finite": true}, "final_state": {"max_abs": 2.2351741790771484e-08, "relative_l2": 5.533142266259544e-07, "finite": true}, "final_A_state": {"max_abs": 2.086162567138672e-07, "relative_l2": 3.124400526938317e-07, "finite": true}}}, "public_median_us": null}
{"event": "launch", "case": "grid_r2_c3_bd1", "kernel": "pgdn_chunk_atk"}
{"event": "launch", "case": "grid_r2_c3_bd1", "kernel": "pgdn_chunk_prepare"}
{"event": "launch", "case": "grid_r2_c3_bd1", "kernel": "pgdn_chunk_scores"}
{"event": "launch", "case": "grid_r2_c3_bd1", "kernel": "pgdn_chunk_wy"}
{"event": "launch", "case": "grid_r2_c3_bd1", "kernel": "pgdn_chunk_scan"}
{"event": "launch", "case": "grid_r2_c3_bd1", "kernel": "pgdn_chunk_output"}
{"case": "grid_r2_c3_bd1", "oracles": {"A_pinned_cpu_recurrence": {"o": {"max_abs": 4.889443516731262e-09, "relative_l2": 4.890563542335587e-07, "finite": true}, "final_state": {"max_abs": 7.078051567077637e-08, "relative_l2": 1.0260401087297437e-06, "finite": true}, "final_A_state": {"max_abs": 2.384185791015625e-07, "relative_l2": 3.933993102218902e-07, "finite": true}}, "B_independent_cpu_block_solve": {"o": {"max_abs": 4.540197551250458e-09, "relative_l2": 6.011854497062972e-07, "finite": true}, "final_state": {"max_abs": 2.8870999813079834e-08, "relative_l2": 5.364719307312416e-07, "finite": true}, "final_A_state": {"max_abs": 2.086162567138672e-07, "relative_l2": 3.5642782856463807e-07, "finite": true}}}, "public_median_us": null}
{"event": "launch", "case": "full_r2_bd1", "kernel": "pgdn_chunk_atk"}
{"event": "launch", "case": "full_r2_bd1", "kernel": "pgdn_chunk_prepare"}
{"event": "launch", "case": "full_r2_bd1", "kernel": "pgdn_chunk_scores"}
{"event": "launch", "case": "full_r2_bd1", "kernel": "pgdn_chunk_wy"}
{"event": "launch", "case": "full_r2_bd1", "kernel": "pgdn_chunk_scan"}
{"event": "launch", "case": "full_r2_bd1", "kernel": "pgdn_chunk_output"}
{"case": "full_r2_bd1", "oracles": {"A_pinned_cpu_recurrence": {"o": {"max_abs": 4.190951585769653e-09, "relative_l2": 5.095240638455854e-07, "finite": true}, "final_state": {"max_abs": 2.0489096641540527e-08, "relative_l2": 3.159753711946066e-07, "finite": true}, "final_A_state": {"max_abs": 2.980232238769531e-07, "relative_l2": 4.918522215446169e-07, "finite": true}}, "B_independent_cpu_block_solve": {"o": {"max_abs": 7.566995918750763e-09, "relative_l2": 6.625085134204924e-07, "finite": true}, "final_state": {"max_abs": 5.587935447692871e-09, "relative_l2": 1.146540310127473e-07, "finite": true}, "final_A_state": {"max_abs": 2.980232238769531e-07, "relative_l2": 4.7486684650938164e-07, "finite": true}}}, "public_median_us": null}
{"event": "launch", "case": "grid_r4_c1_bd1", "kernel": "pgdn_chunk_atk"}
{"event": "launch", "case": "grid_r4_c1_bd1", "kernel": "pgdn_chunk_prepare"}
{"event": "launch", "case": "grid_r4_c1_bd1", "kernel": "pgdn_chunk_scores"}
{"event": "launch", "case": "grid_r4_c1_bd1", "kernel": "pgdn_chunk_wy"}
{"event": "launch", "case": "grid_r4_c1_bd1", "kernel": "pgdn_chunk_scan"}
{"event": "launch", "case": "grid_r4_c1_bd1", "kernel": "pgdn_chunk_output"}
{"case": "grid_r4_c1_bd1", "oracles": {"A_pinned_cpu_recurrence": {"o": {"max_abs": 2.6775524020195007e-09, "relative_l2": 4.604186787598212e-07, "finite": true}, "final_state": {"max_abs": 6.332993507385254e-08, "relative_l2": 7.818022942717369e-07, "finite": true}, "final_A_state": {"max_abs": 8.940696716308594e-08, "relative_l2": 1.6577477873822545e-07, "finite": true}}, "B_independent_cpu_block_solve": {"o": {"max_abs": 3.725290298461914e-09, "relative_l2": 5.845079981349051e-07, "finite": true}, "final_state": {"max_abs": 1.601874828338623e-07, "relative_l2": 1.5379488255529887e-06, "finite": true}, "final_A_state": {"max_abs": 1.4901161193847656e-07, "relative_l2": 2.2493245438766506e-07, "finite": true}}}, "public_median_us": null}
{"event": "launch", "case": "grid_r4_c2_bd1", "kernel": "pgdn_chunk_atk"}
{"event": "launch", "case": "grid_r4_c2_bd1", "kernel": "pgdn_chunk_prepare"}
{"event": "launch", "case": "grid_r4_c2_bd1", "kernel": "pgdn_chunk_scores"}
{"event": "launch", "case": "grid_r4_c2_bd1", "kernel": "pgdn_chunk_wy"}
{"event": "launch", "case": "grid_r4_c2_bd1", "kernel": "pgdn_chunk_scan"}
{"event": "launch", "case": "grid_r4_c2_bd1", "kernel": "pgdn_chunk_output"}
{"case": "grid_r4_c2_bd1", "oracles": {"A_pinned_cpu_recurrence": {"o": {"max_abs": 3.259629011154175e-09, "relative_l2": 4.5146952742062384e-07, "finite": true}, "final_state": {"max_abs": 3.5390257835388184e-08, "relative_l2": 5.688714571966611e-07, "finite": true}, "final_A_state": {"max_abs": 2.086162567138672e-07, "relative_l2": 4.0229940421660883e-07, "finite": true}}, "B_independent_cpu_block_solve": {"o": {"max_abs": 4.889443516731262e-09, "relative_l2": 5.797542913222042e-07, "finite": true}, "final_state": {"max_abs": 3.5390257835388184e-08, "relative_l2": 4.78371064020321e-07, "finite": true}, "final_A_state": {"max_abs": 2.384185791015625e-07, "relative_l2": 3.946127251567995e-07, "finite": true}}}, "public_median_us": null}
{"event": "launch", "case": "grid_r4_c3_bd1", "kernel": "pgdn_chunk_atk"}
{"event": "launch", "case": "grid_r4_c3_bd1", "kernel": "pgdn_chunk_prepare"}
{"event": "launch", "case": "grid_r4_c3_bd1", "kernel": "pgdn_chunk_scores"}
{"event": "launch", "case": "grid_r4_c3_bd1", "kernel": "pgdn_chunk_wy"}
{"event": "launch", "case": "grid_r4_c3_bd1", "kernel": "pgdn_chunk_scan"}
{"event": "launch", "case": "grid_r4_c3_bd1", "kernel": "pgdn_chunk_output"}
{"case": "grid_r4_c3_bd1", "oracles": {"A_pinned_cpu_recurrence": {"o": {"max_abs": 3.026798367500305e-09, "relative_l2": 4.819860824309574e-07, "finite": true}, "final_state": {"max_abs": 2.421438694000244e-08, "relative_l2": 5.885312363803644e-07, "finite": true}, "final_A_state": {"max_abs": 1.7881393432617188e-07, "relative_l2": 2.8332727799774637e-07, "finite": true}}, "B_independent_cpu_block_solve": {"o": {"max_abs": 4.6566128730773926e-09, "relative_l2": 5.745003606398054e-07, "finite": true}, "final_state": {"max_abs": 4.6566128730773926e-08, "relative_l2": 9.482158312017183e-07, "finite": true}, "final_A_state": {"max_abs": 1.9371509552001953e-07, "relative_l2": 3.066974897214873e-07, "finite": true}}}, "public_median_us": null}
{"event": "launch", "case": "full_r4_bd1", "kernel": "pgdn_chunk_atk"}
{"event": "launch", "case": "full_r4_bd1", "kernel": "pgdn_chunk_prepare"}
{"event": "launch", "case": "full_r4_bd1", "kernel": "pgdn_chunk_scores"}
{"event": "launch", "case": "full_r4_bd1", "kernel": "pgdn_chunk_wy"}
{"event": "launch", "case": "full_r4_bd1", "kernel": "pgdn_chunk_scan"}
{"event": "launch", "case": "full_r4_bd1", "kernel": "pgdn_chunk_output"}
{"case": "full_r4_bd1", "oracles": {"A_pinned_cpu_recurrence": {"o": {"max_abs": 4.889443516731262e-09, "relative_l2": 5.121692899013531e-07, "finite": true}, "final_state": {"max_abs": 1.6763806343078613e-08, "relative_l2": 6.488350217554521e-07, "finite": true}, "final_A_state": {"max_abs": 1.7881393432617188e-07, "relative_l2": 3.2123270856310655e-07, "finite": true}}, "B_independent_cpu_block_solve": {"o": {"max_abs": 6.984919309616089e-09, "relative_l2": 6.551180618114091e-07, "finite": true}, "final_state": {"max_abs": 4.842877388000488e-08, "relative_l2": 1.327705403360881e-06, "finite": true}, "final_A_state": {"max_abs": 2.682209014892578e-07, "relative_l2": 4.53519524219881e-07, "finite": true}}}, "public_median_us": null}
{"event": "launch", "case": "grid_r8_c1_bd1", "kernel": "pgdn_chunk_atk"}
{"event": "launch", "case": "grid_r8_c1_bd1", "kernel": "pgdn_chunk_prepare"}
{"event": "launch", "case": "grid_r8_c1_bd1", "kernel": "pgdn_chunk_scores"}
{"event": "launch", "case": "grid_r8_c1_bd1", "kernel": "pgdn_chunk_wy"}
{"event": "launch", "case": "grid_r8_c1_bd1", "kernel": "pgdn_chunk_scan"}
{"event": "launch", "case": "grid_r8_c1_bd1", "kernel": "pgdn_chunk_output"}
{"case": "grid_r8_c1_bd1", "oracles": {"A_pinned_cpu_recurrence": {"o": {"max_abs": 2.3283064365386963e-09, "relative_l2": 4.325219362507818e-07, "finite": true}, "final_state": {"max_abs": 5.960464477539063e-08, "relative_l2": 6.969971239779134e-07, "finite": true}, "final_A_state": {"max_abs": 1.1920928955078125e-07, "relative_l2": 2.1215317067291518e-07, "finite": true}}, "B_independent_cpu_block_solve": {"o": {"max_abs": 5.122274160385132e-09, "relative_l2": 5.517682515713514e-07, "finite": true}, "final_state": {"max_abs": 1.043081283569336e-07, "relative_l2": 1.152593523380601e-06, "finite": true}, "final_A_state": {"max_abs": 1.1920928955078125e-07, "relative_l2": 2.3544160228066684e-07, "finite": true}}}, "public_median_us": null}
{"event": "launch", "case": "grid_r8_c2_bd1", "kernel": "pgdn_chunk_atk"}
{"event": "launch", "case": "grid_r8_c2_bd1", "kernel": "pgdn_chunk_prepare"}
{"event": "launch", "case": "grid_r8_c2_bd1", "kernel": "pgdn_chunk_scores"}
{"event": "launch", "case": "grid_r8_c2_bd1", "kernel": "pgdn_chunk_wy"}
{"event": "launch", "case": "grid_r8_c2_bd1", "kernel": "pgdn_chunk_scan"}
{"event": "launch", "case": "grid_r8_c2_bd1", "kernel": "pgdn_chunk_output"}
{"case": "grid_r8_c2_bd1", "oracles": {"A_pinned_cpu_recurrence": {"o": {"max_abs": 3.026798367500305e-09, "relative_l2": 4.92292946721002e-07, "finite": true}, "final_state": {"max_abs": 4.284083843231201e-08, "relative_l2": 7.922961972791111e-07, "finite": true}, "final_A_state": {"max_abs": 1.7881393432617188e-07, "relative_l2": 3.2165750951395116e-07, "finite": true}}, "B_independent_cpu_block_solve": {"o": {"max_abs": 5.005858838558197e-09, "relative_l2": 5.956565088059401e-07, "finite": true}, "final_state": {"max_abs": 7.450580596923828e-08, "relative_l2": 9.865515534682317e-07, "finite": true}, "final_A_state": {"max_abs": 2.086162567138672e-07, "relative_l2": 3.292631137591575e-07, "finite": true}}}, "public_median_us": null}
{"event": "launch", "case": "grid_r8_c3_bd1", "kernel": "pgdn_chunk_atk"}
{"event": "launch", "case": "grid_r8_c3_bd1", "kernel": "pgdn_chunk_prepare"}
{"event": "launch", "case": "grid_r8_c3_bd1", "kernel": "pgdn_chunk_scores"}
{"event": "launch", "case": "grid_r8_c3_bd1", "kernel": "pgdn_chunk_wy"}
{"event": "launch", "case": "grid_r8_c3_bd1", "kernel": "pgdn_chunk_scan"}
{"event": "launch", "case": "grid_r8_c3_bd1", "kernel": "pgdn_chunk_output"}
{"case": "grid_r8_c3_bd1", "oracles": {"A_pinned_cpu_recurrence": {"o": {"max_abs": 4.190951585769653e-09, "relative_l2": 5.02281051911044e-07, "finite": true}, "final_state": {"max_abs": 3.166496753692627e-08, "relative_l2": 5.758476557125291e-07, "finite": true}, "final_A_state": {"max_abs": 1.6391277313232422e-07, "relative_l2": 2.9823534449327445e-07, "finite": true}}, "B_independent_cpu_block_solve": {"o": {"max_abs": 8.381903171539307e-09, "relative_l2": 6.612240135526534e-07, "finite": true}, "final_state": {"max_abs": 6.891787052154541e-08, "relative_l2": 7.024041140964251e-07, "finite": true}, "final_A_state": {"max_abs": 1.4901161193847656e-07, "relative_l2": 2.6232153891049896e-07, "finite": true}}}, "public_median_us": null}
{"event": "launch", "case": "full_r8_bd1", "kernel": "pgdn_chunk_atk"}
{"event": "launch", "case": "full_r8_bd1", "kernel": "pgdn_chunk_prepare"}
{"event": "launch", "case": "full_r8_bd1", "kernel": "pgdn_chunk_scores"}
{"event": "launch", "case": "full_r8_bd1", "kernel": "pgdn_chunk_wy"}
{"event": "launch", "case": "full_r8_bd1", "kernel": "pgdn_chunk_scan"}
{"event": "launch", "case": "full_r8_bd1", "kernel": "pgdn_chunk_output"}
{"case": "full_r8_bd1", "oracles": {"A_pinned_cpu_recurrence": {"o": {"max_abs": 5.122274160385132e-09, "relative_l2": 5.068816535042522e-07, "finite": true}, "final_state": {"max_abs": 6.705522537231445e-08, "relative_l2": 9.139878905716041e-07, "finite": true}, "final_A_state": {"max_abs": 2.682209014892578e-07, "relative_l2": 3.258116086452101e-07, "finite": true}}, "B_independent_cpu_block_solve": {"o": {"max_abs": 6.984919309616089e-09, "relative_l2": 6.437029315509275e-07, "finite": true}, "final_state": {"max_abs": 5.21540641784668e-08, "relative_l2": 1.0796681115969948e-06, "finite": true}, "final_A_state": {"max_abs": 2.086162567138672e-07, "relative_l2": 2.585619169373111e-07, "finite": true}}}, "public_median_us": null}
{"event": "launch", "case": "batch2_c3_r4_bd1", "kernel": "pgdn_chunk_atk"}
{"event": "launch", "case": "batch2_c3_r4_bd1", "kernel": "pgdn_chunk_prepare"}
{"event": "launch", "case": "batch2_c3_r4_bd1", "kernel": "pgdn_chunk_scores"}
{"event": "launch", "case": "batch2_c3_r4_bd1", "kernel": "pgdn_chunk_wy"}
{"event": "launch", "case": "batch2_c3_r4_bd1", "kernel": "pgdn_chunk_scan"}
{"event": "launch", "case": "batch2_c3_r4_bd1", "kernel": "pgdn_chunk_output"}
{"case": "batch2_c3_r4_bd1", "oracles": {"A_pinned_cpu_recurrence": {"o": {"max_abs": 3.725290298461914e-09, "relative_l2": 5.14206148591664e-07, "finite": true}, "final_state": {"max_abs": 3.818422555923462e-08, "relative_l2": 5.40101331866345e-07, "finite": true}, "final_A_state": {"max_abs": 2.086162567138672e-07, "relative_l2": 3.052918677836803e-07, "finite": true}}, "B_independent_cpu_block_solve": {"o": {"max_abs": 6.752088665962219e-09, "relative_l2": 6.59009445514203e-07, "finite": true}, "final_state": {"max_abs": 2.7008354663848877e-08, "relative_l2": 4.80037904028238e-07, "finite": true}, "final_A_state": {"max_abs": 2.384185791015625e-07, "relative_l2": 2.9388794836122256e-07, "finite": true}}}, "public_median_us": null}
{"event": "launch", "case": "pgdn1b_bd1", "kernel": "pgdn_chunk_atk"}
{"event": "launch", "case": "pgdn1b_bd1", "kernel": "pgdn_chunk_prepare"}
{"event": "launch", "case": "pgdn1b_bd1", "kernel": "pgdn_chunk_scores"}
{"event": "launch", "case": "pgdn1b_bd1", "kernel": "pgdn_chunk_wy"}
{"event": "launch", "case": "pgdn1b_bd1", "kernel": "pgdn_chunk_scan"}
{"event": "launch", "case": "pgdn1b_bd1", "kernel": "pgdn_chunk_output"}
{"case": "pgdn1b_bd1", "oracles": {"A_pinned_cpu_recurrence": {"o": {"max_abs": 6.28642737865448e-09, "relative_l2": 5.0924093526565e-07, "finite": true}, "final_state": {"max_abs": 3.91155481338501e-08, "relative_l2": 4.4953799893503933e-07, "finite": true}, "final_A_state": {"max_abs": 2.682209014892578e-07, "relative_l2": 3.133230305483428e-07, "finite": true}}, "B_independent_cpu_block_solve": {"o": {"max_abs": 1.0477378964424133e-08, "relative_l2": 6.456175981735684e-07, "finite": true}, "final_state": {"max_abs": 2.2351741790771484e-08, "relative_l2": 3.166830265475971e-07, "finite": true}, "final_A_state": {"max_abs": 3.129243850708008e-07, "relative_l2": 3.6111517795089276e-07, "finite": true}}}, "public_median_us": null}
{"event": "launch", "case": "norm_zero_bd1", "kernel": "pgdn_chunk_atk"}
{"event": "launch", "case": "norm_zero_bd1", "kernel": "pgdn_chunk_prepare"}
{"event": "launch", "case": "norm_zero_bd1", "kernel": "pgdn_chunk_scores"}
{"event": "launch", "case": "norm_zero_bd1", "kernel": "pgdn_chunk_wy"}
{"event": "launch", "case": "norm_zero_bd1", "kernel": "pgdn_chunk_scan"}
{"event": "launch", "case": "norm_zero_bd1", "kernel": "pgdn_chunk_output"}
{"case": "norm_zero_bd1", "oracles": {"A_pinned_cpu_recurrence": {"o": {"max_abs": 0.0, "relative_l2": 0.0, "finite": true}, "final_state": {"max_abs": 0.0, "relative_l2": 0.0, "finite": true}, "final_A_state": {"max_abs": 0.0, "relative_l2": 0.0, "finite": true}}, "B_independent_cpu_block_solve": {"o": {"max_abs": 0.0, "relative_l2": 0.0, "finite": true}, "final_state": {"max_abs": 0.0, "relative_l2": 0.0, "finite": true}, "final_A_state": {"max_abs": 0.0, "relative_l2": 0.0, "finite": true}}}, "public_median_us": null}
{"event": "launch", "case": "norm_tiny_bd1", "kernel": "pgdn_chunk_atk"}
{"event": "launch", "case": "norm_tiny_bd1", "kernel": "pgdn_chunk_prepare"}
{"event": "launch", "case": "norm_tiny_bd1", "kernel": "pgdn_chunk_scores"}
{"event": "launch", "case": "norm_tiny_bd1", "kernel": "pgdn_chunk_wy"}
{"event": "launch", "case": "norm_tiny_bd1", "kernel": "pgdn_chunk_scan"}
{"event": "launch", "case": "norm_tiny_bd1", "kernel": "pgdn_chunk_output"}
{"case": "norm_tiny_bd1", "oracles": {"A_pinned_cpu_recurrence": {"o": {"max_abs": 6.05359673500061e-09, "relative_l2": 3.208432058201529e-07, "finite": true}, "final_state": {"max_abs": 4.470348358154297e-08, "relative_l2": 4.356779683078238e-07, "finite": true}, "final_A_state": {"max_abs": 1.9073486328125e-06, "relative_l2": 9.569523593708268e-08, "finite": true}}, "B_independent_cpu_block_solve": {"o": {"max_abs": 1.1641532182693481e-08, "relative_l2": 4.0169994129043177e-07, "finite": true}, "final_state": {"max_abs": 8.195638656616211e-08, "relative_l2": 6.898610886262159e-07, "finite": true}, "final_A_state": {"max_abs": 3.814697265625e-06, "relative_l2": 1.9139049018932348e-07, "finite": true}}}, "public_median_us": null}
{"event": "launch", "case": "norm_nearzero_bd1", "kernel": "pgdn_chunk_atk"}
{"event": "launch", "case": "norm_nearzero_bd1", "kernel": "pgdn_chunk_prepare"}
{"event": "launch", "case": "norm_nearzero_bd1", "kernel": "pgdn_chunk_scores"}
{"event": "launch", "case": "norm_nearzero_bd1", "kernel": "pgdn_chunk_wy"}
{"event": "launch", "case": "norm_nearzero_bd1", "kernel": "pgdn_chunk_scan"}
{"event": "launch", "case": "norm_nearzero_bd1", "kernel": "pgdn_chunk_output"}
{"case": "norm_nearzero_bd1", "oracles": {"A_pinned_cpu_recurrence": {"o": {"max_abs": 5.587935447692871e-09, "relative_l2": 2.6421777595097394e-07, "finite": true}, "final_state": {"max_abs": 2.2351741790771484e-08, "relative_l2": 1.6504263085435042e-07, "finite": true}, "final_A_state": {"max_abs": 0.0, "relative_l2": 0.0, "finite": true}}, "B_independent_cpu_block_solve": {"o": {"max_abs": 1.1175870895385742e-08, "relative_l2": 3.5580343024009376e-07, "finite": true}, "final_state": {"max_abs": 1.4901161193847656e-08, "relative_l2": 9.97840707548735e-08, "finite": true}, "final_A_state": {"max_abs": 5.7220458984375e-06, "relative_l2": 2.675184692521851e-07, "finite": true}}}, "public_median_us": null}
{"event": "launch", "case": "norm_small_bd1", "kernel": "pgdn_chunk_atk"}
{"event": "launch", "case": "norm_small_bd1", "kernel": "pgdn_chunk_prepare"}
{"event": "launch", "case": "norm_small_bd1", "kernel": "pgdn_chunk_scores"}
{"event": "launch", "case": "norm_small_bd1", "kernel": "pgdn_chunk_wy"}
{"event": "launch", "case": "norm_small_bd1", "kernel": "pgdn_chunk_scan"}
{"event": "launch", "case": "norm_small_bd1", "kernel": "pgdn_chunk_output"}
{"case": "norm_small_bd1", "oracles": {"A_pinned_cpu_recurrence": {"o": {"max_abs": 4.6566128730773926e-09, "relative_l2": 2.5054994605058814e-07, "finite": true}, "final_state": {"max_abs": 2.2351741790771484e-08, "relative_l2": 1.7883089688397636e-07, "finite": true}, "final_A_state": {"max_abs": 7.62939453125e-06, "relative_l2": 3.190192582355619e-07, "finite": true}}, "B_independent_cpu_block_solve": {"o": {"max_abs": 7.450580596923828e-09, "relative_l2": 3.3322093445637443e-07, "finite": true}, "final_state": {"max_abs": 1.4901161193847656e-08, "relative_l2": 1.1281367947667422e-07, "finite": true}, "final_A_state": {"max_abs": 0.0, "relative_l2": 0.0, "finite": true}}}, "public_median_us": null}
{"event": "launch", "case": "gzero_bd1", "kernel": "pgdn_chunk_atk"}
{"event": "launch", "case": "gzero_bd1", "kernel": "pgdn_chunk_prepare"}
{"event": "launch", "case": "gzero_bd1", "kernel": "pgdn_chunk_scores"}
{"event": "launch", "case": "gzero_bd1", "kernel": "pgdn_chunk_wy"}
{"event": "launch", "case": "gzero_bd1", "kernel": "pgdn_chunk_scan"}
{"event": "launch", "case": "gzero_bd1", "kernel": "pgdn_chunk_output"}
{"case": "gzero_bd1", "oracles": {"A_pinned_cpu_recurrence": {"o": {"max_abs": 8.381903171539307e-09, "relative_l2": 4.789636989011978e-07, "finite": true}, "final_state": {"max_abs": 7.450580596923828e-08, "relative_l2": 4.478279787162918e-07, "finite": true}, "final_A_state": {"max_abs": 1.1920928955078125e-07, "relative_l2": 6.53070292011297e-08, "finite": true}}, "B_independent_cpu_block_solve": {"o": {"max_abs": 7.450580596923828e-09, "relative_l2": 4.743332146252093e-07, "finite": true}, "final_state": {"max_abs": 8.195638656616211e-08, "relative_l2": 4.997989929082527e-07, "finite": true}, "final_A_state": {"max_abs": 4.76837158203125e-07, "relative_l2": 2.1296644121811724e-07, "finite": true}}}, "public_median_us": null}
{"event": "launch", "case": "gweak_bd1", "kernel": "pgdn_chunk_atk"}
{"event": "launch", "case": "gweak_bd1", "kernel": "pgdn_chunk_prepare"}
{"event": "launch", "case": "gweak_bd1", "kernel": "pgdn_chunk_scores"}
{"event": "launch", "case": "gweak_bd1", "kernel": "pgdn_chunk_wy"}
{"event": "launch", "case": "gweak_bd1", "kernel": "pgdn_chunk_scan"}
{"event": "launch", "case": "gweak_bd1", "kernel": "pgdn_chunk_output"}
{"case": "gweak_bd1", "oracles": {"A_pinned_cpu_recurrence": {"o": {"max_abs": 5.122274160385132e-09, "relative_l2": 4.6015325731811255e-07, "finite": true}, "final_state": {"max_abs": 4.6566128730773926e-08, "relative_l2": 4.6136690200621473e-07, "finite": true}, "final_A_state": {"max_abs": 1.7881393432617188e-07, "relative_l2": 2.9140688936319e-07, "finite": true}}, "B_independent_cpu_block_solve": {"o": {"max_abs": 4.6566128730773926e-09, "relative_l2": 4.534660836832109e-07, "finite": true}, "final_state": {"max_abs": 4.842877388000488e-08, "relative_l2": 4.71169204199753e-07, "finite": true}, "final_A_state": {"max_abs": 2.086162567138672e-07, "relative_l2": 2.8827546431246415e-07, "finite": true}}}, "public_median_us": null}
{"event": "launch", "case": "gstrong_bd1", "kernel": "pgdn_chunk_atk"}
{"event": "launch", "case": "gstrong_bd1", "kernel": "pgdn_chunk_prepare"}
{"event": "launch", "case": "gstrong_bd1", "kernel": "pgdn_chunk_scores"}
{"event": "launch", "case": "gstrong_bd1", "kernel": "pgdn_chunk_wy"}
{"event": "launch", "case": "gstrong_bd1", "kernel": "pgdn_chunk_scan"}
{"event": "launch", "case": "gstrong_bd1", "kernel": "pgdn_chunk_output"}
{"case": "gstrong_bd1", "oracles": {"A_pinned_cpu_recurrence": {"o": {"max_abs": 1.9383151084184647e-08, "relative_l2": 1.5343699827967288e-06, "finite": true}, "final_state": {"max_abs": 3.725290298461914e-09, "relative_l2": 1.2148480585591818e-07, "finite": true}, "final_A_state": {"max_abs": 5.587935447692871e-09, "relative_l2": 8.00803977578395e-08, "finite": true}}, "B_independent_cpu_block_solve": {"o": {"max_abs": 4.755565896630287e-08, "relative_l2": 2.454782412374371e-06, "finite": true}, "final_state": {"max_abs": 5.587935447692871e-09, "relative_l2": 1.2683833759664285e-07, "finite": true}, "final_A_state": {"max_abs": 5.587935447692871e-09, "relative_l2": 8.008038778744267e-08, "finite": true}}}, "public_median_us": null}
{"event": "launch", "case": "atk_beta0_bd1", "kernel": "pgdn_chunk_atk"}
{"event": "launch", "case": "atk_beta0_bd1", "kernel": "pgdn_chunk_prepare"}
{"event": "launch", "case": "atk_beta0_bd1", "kernel": "pgdn_chunk_scores"}
{"event": "launch", "case": "atk_beta0_bd1", "kernel": "pgdn_chunk_wy"}
{"event": "launch", "case": "atk_beta0_bd1", "kernel": "pgdn_chunk_scan"}
{"event": "launch", "case": "atk_beta0_bd1", "kernel": "pgdn_chunk_output"}
{"case": "atk_beta0_bd1", "oracles": {"A_pinned_cpu_recurrence": {"o": {"max_abs": 3.259629011154175e-09, "relative_l2": 4.832825282753765e-07, "finite": true}, "final_state": {"max_abs": 3.073364496231079e-08, "relative_l2": 5.376283510427841e-07, "finite": true}, "final_A_state": {"max_abs": 0.0, "relative_l2": 0.0, "finite": true}}, "B_independent_cpu_block_solve": {"o": {"max_abs": 5.3551048040390015e-09, "relative_l2": 6.523815497996114e-07, "finite": true}, "final_state": {"max_abs": 6.705522537231445e-08, "relative_l2": 8.31550128048828e-07, "finite": true}, "final_A_state": {"max_abs": 0.0, "relative_l2": 0.0, "finite": true}}}, "public_median_us": null}
{"event": "launch", "case": "atk_beta1_bd1", "kernel": "pgdn_chunk_atk"}
{"event": "launch", "case": "atk_beta1_bd1", "kernel": "pgdn_chunk_prepare"}
{"event": "launch", "case": "atk_beta1_bd1", "kernel": "pgdn_chunk_scores"}
{"event": "launch", "case": "atk_beta1_bd1", "kernel": "pgdn_chunk_wy"}
{"event": "launch", "case": "atk_beta1_bd1", "kernel": "pgdn_chunk_scan"}
{"event": "launch", "case": "atk_beta1_bd1", "kernel": "pgdn_chunk_output"}
{"case": "atk_beta1_bd1", "oracles": {"A_pinned_cpu_recurrence": {"o": {"max_abs": 2.2118911147117615e-09, "relative_l2": 4.847683527651899e-07, "finite": true}, "final_state": {"max_abs": 3.5390257835388184e-08, "relative_l2": 6.446338313430146e-07, "finite": true}, "final_A_state": {"max_abs": 4.76837158203125e-07, "relative_l2": 3.2755281973794797e-07, "finite": true}}, "B_independent_cpu_block_solve": {"o": {"max_abs": 4.6566128730773926e-09, "relative_l2": 6.378256340791135e-07, "finite": true}, "final_state": {"max_abs": 5.029141902923584e-08, "relative_l2": 1.061020972892154e-06, "finite": true}, "final_A_state": {"max_abs": 4.172325134277344e-07, "relative_l2": 3.3370403344913863e-07, "finite": true}}}, "public_median_us": null}
{"event": "launch", "case": "beta0_bd1", "kernel": "pgdn_chunk_atk"}
{"event": "launch", "case": "beta0_bd1", "kernel": "pgdn_chunk_prepare"}
{"event": "launch", "case": "beta0_bd1", "kernel": "pgdn_chunk_scores"}
{"event": "launch", "case": "beta0_bd1", "kernel": "pgdn_chunk_wy"}
{"event": "launch", "case": "beta0_bd1", "kernel": "pgdn_chunk_scan"}
{"event": "launch", "case": "beta0_bd1", "kernel": "pgdn_chunk_output"}
{"case": "beta0_bd1", "oracles": {"A_pinned_cpu_recurrence": {"o": {"max_abs": 0.0, "relative_l2": 0.0, "finite": true}, "final_state": {"max_abs": 0.0, "relative_l2": 0.0, "finite": true}, "final_A_state": {"max_abs": 1.4901161193847656e-07, "relative_l2": 2.1895665878655297e-07, "finite": true}}, "B_independent_cpu_block_solve": {"o": {"max_abs": 0.0, "relative_l2": 0.0, "finite": true}, "final_state": {"max_abs": 0.0, "relative_l2": 0.0, "finite": true}, "final_A_state": {"max_abs": 1.4901161193847656e-07, "relative_l2": 2.195868166082265e-07, "finite": true}}}, "public_median_us": null}
{"event": "launch", "case": "beta1_bd1", "kernel": "pgdn_chunk_atk"}
{"event": "launch", "case": "beta1_bd1", "kernel": "pgdn_chunk_prepare"}
{"event": "launch", "case": "beta1_bd1", "kernel": "pgdn_chunk_scores"}
{"event": "launch", "case": "beta1_bd1", "kernel": "pgdn_chunk_wy"}
{"event": "launch", "case": "beta1_bd1", "kernel": "pgdn_chunk_scan"}
{"event": "launch", "case": "beta1_bd1", "kernel": "pgdn_chunk_output"}
{"case": "beta1_bd1", "oracles": {"A_pinned_cpu_recurrence": {"o": {"max_abs": 5.122274160385132e-09, "relative_l2": 4.955930534843932e-07, "finite": true}, "final_state": {"max_abs": 4.470348358154297e-08, "relative_l2": 6.401177697555495e-07, "finite": true}, "final_A_state": {"max_abs": 3.5762786865234375e-07, "relative_l2": 5.81353770909301e-07, "finite": true}}, "B_independent_cpu_block_solve": {"o": {"max_abs": 6.984919309616089e-09, "relative_l2": 6.622176459050997e-07, "finite": true}, "final_state": {"max_abs": 5.587935447692871e-08, "relative_l2": 6.341553637856696e-07, "finite": true}, "final_A_state": {"max_abs": 2.980232238769531e-07, "relative_l2": 4.5923378398399847e-07, "finite": true}}}, "public_median_us": null}
