{"event": "measure", "T": 4096, "dtype": "torch.float32", "round": 1, "phase": "baseline_before"}
{"event": "measure", "T": 4096, "dtype": "torch.float32", "round": 1, "phase": "candidate"}
{"event": "measure", "T": 4096, "dtype": "torch.float32", "round": 1, "phase": "baseline_after"}
{"event": "measure", "T": 4096, "dtype": "torch.float32", "round": 2, "phase": "baseline_before"}
{"event": "measure", "T": 4096, "dtype": "torch.float32", "round": 2, "phase": "candidate"}
{"event": "measure", "T": 4096, "dtype": "torch.float32", "round": 2, "phase": "baseline_after"}
{"event": "measure", "T": 4096, "dtype": "torch.float32", "round": 3, "phase": "baseline_before"}
{"event": "measure", "T": 4096, "dtype": "torch.float32", "round": 3, "phase": "candidate"}
{"event": "measure", "T": 4096, "dtype": "torch.float32", "round": 3, "phase": "baseline_after"}
{"event": "measure", "T": 4096, "dtype": "torch.bfloat16", "round": 1, "phase": "baseline_before"}
{"event": "measure", "T": 4096, "dtype": "torch.bfloat16", "round": 1, "phase": "candidate"}
{"event": "measure", "T": 4096, "dtype": "torch.bfloat16", "round": 1, "phase": "baseline_after"}
{"event": "measure", "T": 4096, "dtype": "torch.bfloat16", "round": 2, "phase": "baseline_before"}
{"event": "measure", "T": 4096, "dtype": "torch.bfloat16", "round": 2, "phase": "candidate"}
{"event": "measure", "T": 4096, "dtype": "torch.bfloat16", "round": 2, "phase": "baseline_after"}
{"event": "measure", "T": 4096, "dtype": "torch.bfloat16", "round": 3, "phase": "baseline_before"}
{"event": "measure", "T": 4096, "dtype": "torch.bfloat16", "round": 3, "phase": "candidate"}
{"event": "measure", "T": 4096, "dtype": "torch.bfloat16", "round": 3, "phase": "baseline_after"}
{"event": "measure", "T": 1024, "dtype": "torch.float32", "round": 1, "phase": "baseline_before"}
{"event": "measure", "T": 1024, "dtype": "torch.float32", "round": 1, "phase": "candidate"}
{"event": "measure", "T": 1024, "dtype": "torch.float32", "round": 1, "phase": "baseline_after"}
{"event": "measure", "T": 1024, "dtype": "torch.float32", "round": 2, "phase": "baseline_before"}
{"event": "measure", "T": 1024, "dtype": "torch.float32", "round": 2, "phase": "candidate"}
{"event": "measure", "T": 1024, "dtype": "torch.float32", "round": 2, "phase": "baseline_after"}
{"event": "measure", "T": 1024, "dtype": "torch.float32", "round": 3, "phase": "baseline_before"}
{"event": "measure", "T": 1024, "dtype": "torch.float32", "round": 3, "phase": "candidate"}
{"event": "measure", "T": 1024, "dtype": "torch.float32", "round": 3, "phase": "baseline_after"}
{"event": "measure", "T": 1024, "dtype": "torch.bfloat16", "round": 1, "phase": "baseline_before"}
{"event": "measure", "T": 1024, "dtype": "torch.bfloat16", "round": 1, "phase": "candidate"}
{"event": "measure", "T": 1024, "dtype": "torch.bfloat16", "round": 1, "phase": "baseline_after"}
{"event": "measure", "T": 1024, "dtype": "torch.bfloat16", "round": 2, "phase": "baseline_before"}
{"event": "measure", "T": 1024, "dtype": "torch.bfloat16", "round": 2, "phase": "candidate"}
{"event": "measure", "T": 1024, "dtype": "torch.bfloat16", "round": 2, "phase": "baseline_after"}
{"event": "measure", "T": 1024, "dtype": "torch.bfloat16", "round": 3, "phase": "baseline_before"}
{"event": "measure", "T": 1024, "dtype": "torch.bfloat16", "round": 3, "phase": "candidate"}
{"event": "measure", "T": 1024, "dtype": "torch.bfloat16", "round": 3, "phase": "baseline_after"}
