case                   | B | HV | C | bd | dq relL2              | dk relL2             | dv relL2              | dbeta relL2           | dg relL2             | dh0 relL2            
-----------------------|---|----|---|----|-----------------------|----------------------|-----------------------|-----------------------|----------------------|----------------------
batch2_grouped         | 2 | 2  | 2 | 2  | 1.902e-02             | 7.915e-02            | 3.130e-03             | 2.892e-03             | 1.376e-01            | 2.818e-03            
gentle_decay_bd1       | 1 | 1  | 2 | 1  | 3.594e-03             | 5.321e-03            | 3.887e-03             | 4.027e-03             | 6.005e-03            | 5.293e-03            
gentle_decay_bd2       | 1 | 1  | 2 | 2  | 3.594e-03             | 5.321e-03            | 3.887e-03             | 4.027e-03             | 6.005e-03            | 5.293e-03            
grid_c1_hv1_bd1        | 1 | 1  | 1 | 1  | 1.275e-02             | 8.667e-02            | 3.622e-03             | 2.152e-03             | 1.134e-01            | 3.218e-03            
grid_c1_hv1_bd2        | 1 | 1  | 1 | 2  | 1.216e-02             | 3.804e-02            | 2.782e-03             | 6.746e-03             | 1.401e-01            | 2.840e-03            
grid_c1_hv2_bd1        | 1 | 2  | 1 | 1  | 1.404e-02             | 1.115e-01            | 3.298e-03             | 3.421e-03             | 1.508e-01            | 2.732e-03            
grid_c1_hv2_bd2        | 1 | 2  | 1 | 2  | 1.494e-02             | 6.272e-02            | 2.933e-03             | 5.287e-03             | 1.183e-01            | 2.656e-03            
grid_c1_hv4_bd1        | 1 | 4  | 1 | 1  | 1.531e-02             | 8.798e-02            | 3.103e-03             | 4.099e-03             | 1.329e-01            | 2.648e-03            
grid_c1_hv4_bd2        | 1 | 4  | 1 | 2  | 1.420e-02             | 6.642e-02            | 2.552e-03             | 2.990e-03             | 1.404e-01            | 2.737e-03            
grid_c2_hv1_bd1        | 1 | 1  | 2 | 1  | 1.843e-02             | 6.154e-02            | 2.815e-03             | 8.253e-04             | 1.275e-01            | 2.718e-03            
grid_c2_hv1_bd2        | 1 | 1  | 2 | 2  | 1.953e-02             | 7.456e-02            | 2.809e-03             | 2.383e-03             | 1.364e-01            | 2.683e-03            
grid_c2_hv2_bd1        | 1 | 2  | 2 | 1  | 1.865e-02             | 7.423e-02            | 2.930e-03             | 2.374e-03             | 1.333e-01            | 2.907e-03            
grid_c2_hv2_bd2        | 1 | 2  | 2 | 2  | 1.761e-02             | 8.173e-02            | 2.627e-03             | 2.680e-03             | 1.721e-01            | 2.693e-03            
grid_c2_hv4_bd1        | 1 | 4  | 2 | 1  | 2.109e-02             | 1.024e-01            | 3.114e-03             | 3.349e-03             | 1.429e-01            | 2.840e-03            
grid_c2_hv4_bd2        | 1 | 4  | 2 | 2  | 2.169e-02             | 6.635e-02            | 3.071e-03             | 1.332e-03             | 1.339e-01            | 2.780e-03            
grouped_heads_bd1      | 1 | 2  | 2 | 1  | 1.901e-02             | 5.760e-02            | 2.719e-03             | 2.232e-03             | 1.154e-01            | 2.914e-03            
grouped_heads_bd2      | 1 | 2  | 2 | 2  | 1.901e-02             | 5.760e-02            | 2.719e-03             | 2.232e-03             | 1.154e-01            | 2.914e-03            
grouped_idle_cores_bd1 | 1 | 2  | 1 | 1  | 1.480e-02             | 1.074e-01            | 3.339e-03             | 5.310e-03             | 1.248e-01            | 2.943e-03            
grouped_idle_cores_bd2 | 1 | 2  | 1 | 2  | 1.480e-02             | 1.074e-01            | 3.339e-03             | 5.310e-03             | 1.248e-01            | 2.943e-03            
multi_chunk_bd1        | 1 | 1  | 2 | 1  | 2.356e-02             | 4.589e-02            | 2.940e-03             | 2.362e-03             | 1.776e-01            | 2.790e-03            
multi_chunk_bd2        | 1 | 1  | 2 | 2  | 2.356e-02             | 4.589e-02            | 2.940e-03             | 2.362e-03             | 1.776e-01            | 2.790e-03            
odd_chunks_c3_bd1      | 1 | 2  | 3 | 1  | 2.141e-02             | 7.925e-02            | 3.057e-03             | 1.069e-03             | 1.469e-01            | 2.756e-03            
odd_chunks_c3_bd2      | 1 | 2  | 3 | 2  | 2.141e-02             | 7.925e-02            | 3.057e-03             | 1.069e-03             | 1.469e-01            | 2.756e-03            
single_chunk_bd1       | 1 | 1  | 1 | 1  | 1.537e-02             | 9.570e-02            | 3.200e-03             | 7.456e-03             | 1.526e-01            | 2.787e-03            
single_chunk_bd2       | 1 | 1  | 1 | 2  | 1.537e-02             | 9.570e-02            | 3.200e-03             | 7.456e-03             | 1.526e-01            | 2.787e-03            
zero_initial_state     | 1 | 2  | 2 | 2  | 3.829e-02             | 7.650e-02            | 2.758e-03             | 4.083e-03             | 1.510e-01            | 2.552e-03            

cases: 26   over-budget entries: 0
dq     relative L2  min=3.594e-03  max=3.829e-02
dk     relative L2  min=5.321e-03  max=1.115e-01
dv     relative L2  min=2.552e-03  max=3.887e-03
dbeta  relative L2  min=8.253e-04  max=7.456e-03
dg     relative L2  min=6.005e-03  max=1.776e-01
dh0    relative L2  min=2.552e-03  max=5.293e-03
