checkpoint                     case                 max_ulp   p99_ulp      >1ulp     rel_l2   |ref|max
finalize_pair.qk_left          multi_chunk_bd1        0.000     0.000    0.0000%  0.000e+00  1.898e+08
finalize_pair.qk_right         multi_chunk_bd1        1.000     0.000    0.0000%  1.056e-07  7.130e+07
finalize_pair.s_base           multi_chunk_bd1       58.000     0.000    0.2686%  6.502e-13  3.314e+08
finalize_pair.t_beta           multi_chunk_bd1       42.000     0.000    0.4028%  1.153e-13  2.381e+04
finalize_pre.k_scaled          multi_chunk_bd1        0.000     0.000    0.0000%  0.000e+00  1.168e+13
finalize_pre.kg                multi_chunk_bd1        0.000     0.000    0.0000%  0.000e+00  1.051e+13
finalize_pre.q_scaled          multi_chunk_bd1        0.000     0.000    0.0000%  0.000e+00  7.130e+11
finalize_pair.qk_left          grid_c1_hv4_bd1        1.000     0.000    0.0000%  2.855e-09  1.583e+08
finalize_pair.qk_right         grid_c1_hv4_bd1        0.000     0.000    0.0000%  0.000e+00  1.278e+07
finalize_pair.s_base           grid_c1_hv4_bd1       14.000     0.000    0.0031%  1.089e-11  1.443e+09
finalize_pair.t_beta           grid_c1_hv4_bd1        0.000     0.000    0.0000%  0.000e+00  1.188e+05
finalize_pre.k_scaled          grid_c1_hv4_bd1        0.000     0.000    0.0000%  0.000e+00  2.285e+12
finalize_pre.kg                grid_c1_hv4_bd1        0.000     0.000    0.0000%  0.000e+00  2.886e+12
finalize_pre.q_scaled          grid_c1_hv4_bd1        0.000     0.000    0.0000%  0.000e+00  1.933e+11
finalize_pair.qk_left          grid_c2_hv2_bd1       11.500     0.000    0.0031%  1.440e-15  6.644e+09
finalize_pair.qk_right         grid_c2_hv2_bd1        0.000     0.000    0.0000%  0.000e+00  8.965e+07
finalize_pair.s_base           grid_c2_hv2_bd1        8.000     0.000    0.0061%  1.944e-24  3.993e+09
finalize_pair.t_beta           grid_c2_hv2_bd1        2.000     0.000    0.0031%  1.583e-10  2.232e+05
finalize_pre.k_scaled          grid_c2_hv2_bd1        0.000     0.000    0.0000%  0.000e+00  1.828e+13
finalize_pre.kg                grid_c2_hv2_bd1        0.000     0.000    0.0000%  0.000e+00  5.937e+13
finalize_pre.q_scaled          grid_c2_hv2_bd1        0.000     0.000    0.0000%  0.000e+00  5.772e+12
finalize_pair.qk_left          odd_chunks_c3_bd1      3.000     0.000    0.0041%  4.075e-10  4.614e+08
finalize_pair.qk_right         odd_chunks_c3_bd1      1.000     0.000    0.0000%  8.158e-21  3.224e+07
finalize_pair.s_base           odd_chunks_c3_bd1      1.000     0.000    0.0000%  6.235e-29  2.915e+08
finalize_pair.t_beta           odd_chunks_c3_bd1      1.000     0.000    0.0000%  9.312e-15  7.373e+04
finalize_pre.k_scaled          odd_chunks_c3_bd1      0.000     0.000    0.0000%  0.000e+00  3.917e+12
finalize_pre.kg                odd_chunks_c3_bd1      1.000     0.000    0.0000%  3.672e-27  7.078e+12
finalize_pre.q_scaled          odd_chunks_c3_bd1      0.000     0.000    0.0000%  0.000e+00  4.295e+11

worst elementwise: 58.0 ulp
  worst relative L2 finalize_pair.qk_left          2.855e-09
  worst relative L2 finalize_pair.qk_right         1.056e-07
  worst relative L2 finalize_pair.s_base           1.089e-11
  worst relative L2 finalize_pair.t_beta           1.583e-10
  worst relative L2 finalize_pre.k_scaled          0.000e+00
  worst relative L2 finalize_pre.kg                3.672e-27
  worst relative L2 finalize_pre.q_scaled          0.000e+00
