==> unit_fwd_aclnn_aqk_c1_gqa.log
{"unit": "a2.kda_fwd_stable", "command": "check", "stage": "board", "versions": {"python": "3.11.15", "ascriptor": null, "torch": "2.10.0+cpu", "numpy": "1.26.4"}, "passed": true, "cases": 1}

==> unit_fwd_aclnn_aqk_c2_gqa.log
{"unit": "a2.kda_fwd_stable", "command": "check", "stage": "board", "versions": {"python": "3.11.15", "ascriptor": null, "torch": "2.10.0+cpu", "numpy": "1.26.4"}, "passed": true, "cases": 1}

==> unit_fwd_aclnn_aqk_c3_gqa.log
{"unit": "a2.kda_fwd_stable", "command": "check", "stage": "board", "versions": {"python": "3.11.15", "ascriptor": null, "torch": "2.10.0+cpu", "numpy": "1.26.4"}, "passed": true, "cases": 1}

==> unit_fwd_aclnn_aqk_c5_gqa.log
{"unit": "a2.kda_fwd_stable", "command": "check", "stage": "board", "versions": {"python": "3.11.15", "ascriptor": null, "torch": "2.10.0+cpu", "numpy": "1.26.4"}, "passed": true, "cases": 1}

==> unit_fwd_aclnn_deep_gate.log
{"unit": "a2.kda_fwd_stable", "command": "check", "stage": "board", "versions": {"python": "3.11.15", "ascriptor": null, "torch": "2.10.0+cpu", "numpy": "1.26.4"}, "passed": true, "cases": 1}

==> unit_fwd_aclnn_grid_c1_hv1_bd1.log
{"unit": "a2.kda_fwd_stable", "command": "check", "stage": "board", "versions": {"python": "3.11.15", "ascriptor": null, "torch": "2.10.0+cpu", "numpy": "1.26.4"}, "passed": true, "cases": 1}

==> unit_fwd_aclnn_grid_c1_hv1_bd2.log
{"unit": "a2.kda_fwd_stable", "command": "check", "stage": "board", "versions": {"python": "3.11.15", "ascriptor": null, "torch": "2.10.0+cpu", "numpy": "1.26.4"}, "passed": true, "cases": 1}

==> unit_fwd_aclnn_grid_c1_hv2_bd1.log
{"unit": "a2.kda_fwd_stable", "command": "check", "stage": "board", "versions": {"python": "3.11.15", "ascriptor": null, "torch": "2.10.0+cpu", "numpy": "1.26.4"}, "passed": true, "cases": 1}

==> unit_fwd_aclnn_grid_c1_hv2_bd2.log
{"unit": "a2.kda_fwd_stable", "command": "check", "stage": "board", "versions": {"python": "3.11.15", "ascriptor": null, "torch": "2.10.0+cpu", "numpy": "1.26.4"}, "passed": true, "cases": 1}

==> unit_fwd_aclnn_grid_c1_hv4_bd1.log
{"unit": "a2.kda_fwd_stable", "command": "check", "stage": "board", "versions": {"python": "3.11.15", "ascriptor": null, "torch": "2.10.0+cpu", "numpy": "1.26.4"}, "passed": true, "cases": 1}

==> unit_fwd_aclnn_grid_c1_hv4_bd2.log
{"unit": "a2.kda_fwd_stable", "command": "check", "stage": "board", "versions": {"python": "3.11.15", "ascriptor": null, "torch": "2.10.0+cpu", "numpy": "1.26.4"}, "passed": true, "cases": 1}

==> unit_fwd_aclnn_grid_c2_hv1_bd1.log
{"unit": "a2.kda_fwd_stable", "command": "check", "stage": "board", "versions": {"python": "3.11.15", "ascriptor": null, "torch": "2.10.0+cpu", "numpy": "1.26.4"}, "passed": true, "cases": 1}

==> unit_fwd_aclnn_grid_c2_hv1_bd2.log
{"unit": "a2.kda_fwd_stable", "command": "check", "stage": "board", "versions": {"python": "3.11.15", "ascriptor": null, "torch": "2.10.0+cpu", "numpy": "1.26.4"}, "passed": true, "cases": 1}

==> unit_fwd_aclnn_grid_c2_hv2_bd1.log
{"unit": "a2.kda_fwd_stable", "command": "check", "stage": "board", "versions": {"python": "3.11.15", "ascriptor": null, "torch": "2.10.0+cpu", "numpy": "1.26.4"}, "passed": true, "cases": 1}

==> unit_fwd_aclnn_grid_c2_hv2_bd2.log
{"unit": "a2.kda_fwd_stable", "command": "check", "stage": "board", "versions": {"python": "3.11.15", "ascriptor": null, "torch": "2.10.0+cpu", "numpy": "1.26.4"}, "passed": true, "cases": 1}

==> unit_fwd_aclnn_grid_c2_hv4_bd1.log
{"unit": "a2.kda_fwd_stable", "command": "check", "stage": "board", "versions": {"python": "3.11.15", "ascriptor": null, "torch": "2.10.0+cpu", "numpy": "1.26.4"}, "passed": true, "cases": 1}

==> unit_fwd_aclnn_grid_c2_hv4_bd2.log
{"unit": "a2.kda_fwd_stable", "command": "check", "stage": "board", "versions": {"python": "3.11.15", "ascriptor": null, "torch": "2.10.0+cpu", "numpy": "1.26.4"}, "passed": true, "cases": 1}

==> unit_fwd_aclnn_grouped_heads_deep.log
{"unit": "a2.kda_fwd_stable", "command": "check", "stage": "board", "versions": {"python": "3.11.15", "ascriptor": null, "torch": "2.10.0+cpu", "numpy": "1.26.4"}, "passed": true, "cases": 1}

==> unit_fwd_aclnn_narrow_gate.log
{"unit": "a2.kda_fwd_stable", "command": "check", "stage": "board", "versions": {"python": "3.11.15", "ascriptor": null, "torch": "2.10.0+cpu", "numpy": "1.26.4"}, "passed": true, "cases": 1}

==> unit_fwd_aclnn_very_deep_gate.log
{"unit": "a2.kda_fwd_stable", "command": "check", "stage": "board", "versions": {"python": "3.11.15", "ascriptor": null, "torch": "2.10.0+cpu", "numpy": "1.26.4"}, "passed": true, "cases": 1}

