CANN_VERSION_RAW
cat: <cann>/version.cfg: No such file or directory
OPP_DIRECTORY_RAW
<cann>/opp/built-in/op_impl/ai_core/tbe/kernel/config/ascend910_93
<cann>/opp/built-in/op_impl/ai_core/tbe/kernel/config/ascend910b
<cann>/opp/built-in/op_impl/ai_core/tbe/kernel/config/ascend950
CORRECTED_VERSION_SOURCE_RAW
Version=9.2.0
version_dir=cann
required_package_runtime_version="9.2"
required_package_ge-executor_version="9.2"
required_package_metadef_version="9.2"
required_package_bisheng-compiler_version="9.2"
required_package_tbe-tik_version="9.2"
timestamp=20260805_101249091
Version=9.2.0
version_dir=cann
required_package_runtime_version=">=8.5"
required_package_ge-executor_version=">=8.5"
required_package_metadef_version=">=8.5"
required_package_asc-devkit_version=">=8.5"
required_package_bisheng-compiler_version=">=8.5"
timestamp=20260805_101249091
