[INFO] ATRACE(<PID>,python):2026-09-20-16:19:17.475.873 [trace_recorder.c:166](tid:<PID>) get path by env ASCEND_WORK_PATH: <TASK_NATIVE>/work
[INFO] RUNTIME(<PID>,python):2026-09-20-16:19:17.477.249 [task_fail_callback_data_manager.cc:89] <PID> TaskFailCallBackManager: Constructor.
[INFO] RUNTIME(<PID>,python):2026-09-20-16:19:17.477.256 [xpu_task_fail_callback_data_manager.cc:59] <PID> XpuTaskFailCallBackManager: XpuTaskFailCallBackManager Constructor.
[INFO] RUNTIME(<PID>,python):2026-09-20-16:19:17.506.594 [runtime_keeper.cc:213] <PID> CreateRuntimeImpl: Open libruntime_v200.so successfully
[INFO] RUNTIME(<PID>,python):2026-09-20-16:19:17.507.991 [runtime.cc:5059] <PID> GetVisibleDevices: real deviceCnt:2 userDeviceCnt:1 isSetVisibleDev:1 ASCEND_RT_VISIBLE_DEVICES:[<DEVICE>] available visible devices:[<DEVICE>]
[INFO] TDT(<PID>,python):2026-09-20-16:19:17.509.264 [package_worker_factory.cpp:37][RegisterPackageWorkerCreator][tid:<PID>] Register[2] package worker was created successfully
[INFO] TDT(<PID>,python):2026-09-20-16:19:17.509.272 [package_worker_factory.cpp:37][RegisterPackageWorkerCreator][tid:<PID>] Register[3] package worker was created successfully
[INFO] HCCL(<PID>,python):2026-09-20-16:19:17.599.309 [adapter_rts.cc:2637] [545467][adapter_rts.cc][CallBackInitRts] g_deviceType [9] g_deviceLogicId [-1] g_devicePhyId [-1]
[INFO] GE(<PID>,python):2026-09-20-16:19:21.623.658 [op_tiling_manager.cc:109]<PID> ~FuncPerfScope:[GEPERFTRACE] The time cost of OpTilingManager::LoadSo is [1821] micro seconds.
[INFO] IDEDD(<PID>,python):2026-09-20-16:19:21.657.245 [adx_dump_record.cpp:699][tid:<PID>] start dump thread, remote dump record temp path : <TASK_NATIVE>/.
[INFO] DRV(<PID>,python):2026-09-20-16:19:21.657.669 [drv_share_log.c:233][ascend][curpid:<IDENTITY>,545475][drv][hdc][share_log_read_in_single_module]Server create success. (dev_id=<DEVICE>; fid=0; pid=<IDENTITY>; service_type="service_dump")
[INFO] DRV(<PID>,python):2026-09-20-16:19:21.657.792 [drv_share_log.c:233][ascend][curpid:<IDENTITY>,545475][drv][hdc][share_log_read_in_single_module]Server create success. (dev_id=<DEVICE>; fid=0; pid=<IDENTITY>; service_type="service_dump")
[INFO] IDEDD(<PID>,python):2026-09-20-16:19:21.658.438 [dump_manager.cpp:241][tid:<PID>] Set aic_err_brief_dump[3] dump setting, status: on, dump switch: 3
[INFO] ASCENDCL(<PID>,python):2026-09-20-16:19:21.661.185 [acl_op_resource_manager.cpp:60]<PID> GetRuntimeV2Env: runtime v2 flag : model flag = 1, singleOp flag = 1
[INFO] PROFILING(<PID>,python):2026-09-20-16:19:21.664.919 [platform.cpp:52] (tid:<PID>) Profiling platform version: 1.0.
[INFO] PROFILING(<PID>,python):2026-09-20-16:19:21.664.937 [platform.cpp:272] (tid:<PID>) Succeeded to DrvGetApiVersion version: 0x72418
[INFO] ASCENDCL(<PID>,python):2026-09-20-16:19:21.665.184 [acl.cpp:369]<PID> GetAllPackageVersion: Version of runtime package is 9.2.0
[INFO] ASCENDCL(<PID>,python):2026-09-20-16:19:21.665.212 [acl.cpp:369]<PID> GetAllPackageVersion: Version of runtime package is 9.2.0
[INFO] ASCENDCL(<PID>,python):2026-09-20-16:19:21.665.237 [acl.cpp:369]<PID> GetAllPackageVersion: Version of bisheng-compiler package is 9.2.0
[INFO] ASCENDCL(<PID>,python):2026-09-20-16:19:21.665.260 [acl.cpp:369]<PID> GetAllPackageVersion: Version of hccl package is 9.2.0
[INFO] ASCENDCL(<PID>,python):2026-09-20-16:19:21.665.294 [acl.cpp:369]<PID> GetAllPackageVersion: Version of oam-tools package is 9.2.0
[INFO] ASCENDCL(<PID>,python):2026-09-20-16:19:21.665.327 [acl.cpp:369]<PID> GetAllPackageVersion: Version of ops-legacy package is 9.2.0
[INFO] ASCENDCL(<PID>,python):2026-09-20-16:19:21.665.358 [acl.cpp:369]<PID> GetAllPackageVersion: Version of ops-legacy package is 9.2.0
[INFO] ASCENDCL(<PID>,python):2026-09-20-16:19:21.665.391 [acl.cpp:369]<PID> GetAllPackageVersion: Version of driver package is 7.0.t9.0.B798
[INFO] ATRACE(<PID>,python):2026-09-20-16:19:21.675.901 [atrace_client_core.c:160](tid:<PID>) start to receive device[1] trace log.
[INFO] ASCENDCL(<PID>,python):2026-09-20-16:19:21.675.926 [acl_resource_manager.cpp:128]<PID> GetRuntimeV2Env: runtime v2 flag : model flag = 1, singleOp flag = 1
[INFO] TDT(<PID>,python):2026-09-20-16:19:21.675.952 [client_manager.cpp:140][GetInstance][tid:<PID>] [ClientManager] Current mode:1
[INFO] TDT(<PID>,python):2026-09-20-16:19:21.676.020 [process_mode_manager.cpp:168][GetLogLevel][tid:<PID>] [TsdClient] get ASCEND_GLOBAL_LOG_LEVEL [] ASCEND_GLOBAL_EVENT_ENABLE [] ASCEND_MODULE_LOG_LEVEL []
[INFO] TDT(<PID>,python):2026-09-20-16:19:21.676.088 [tsd_process_controller.cpp:59][OpenProcess][tid:<PID>] [ProcessModeManager] enter into open process deviceId[<DEVICE>] rankSize[0]
[INFO] TDT(<PID>,python):2026-09-20-16:19:21.676.133 [capability_manager.cpp:401][IsSupportCommonSink][tid:<PID>] mutexFile[<EXTERNAL_PATH> found means supporting common sink
[INFO] TDT(<PID>,python):2026-09-20-16:19:21.676.344 [device_comm_agent.cpp:41][InitTsdClient][tid:<PID>] [TsdClient] deviceId[<DEVICE>] begin to init hdc client
[INFO] TDT(<PID>,python):2026-09-20-16:19:21.676.621 [version_verify.cpp:39][SetVersionInfo][tid:<PID>] VersionVerify: send client version to server
[INFO] TDT(<PID>,python):2026-09-20-16:19:21.679.940 [version_verify.cpp:71][PeerVersionCheck][tid:<PID>] VersionVerify: Check client version info, server[1230], client[1230]
[INFO] TDT(<PID>,python):2026-09-20-16:19:21.679.950 [version_verify.cpp:92][ParseVersionInfo][tid:<PID>] VersionVerify: pass client version info success
[INFO] TDT(<PID>,python):2026-09-20-16:19:21.679.954 [hdc_client.cpp:243][CheckHdcConnection][tid:<PID>] Service create hdc successfully.
[INFO] TDT(<PID>,python):2026-09-20-16:19:21.681.510 [package_env_info.cpp:131][GetShortSocVersion][tid:<PID>] get short_soc_version:Ascend950
[INFO] TDT(<PID>,python):2026-09-20-16:19:21.681.613 [package_process_config.cpp:265][SetConfigDataOnHost][tid:<PID>] insert package:Ascend-aicpu_legacy.tar.gz config
[INFO] TDT(<PID>,python):2026-09-20-16:19:21.681.627 [package_process_config.cpp:265][SetConfigDataOnHost][tid:<PID>] insert package:Ascend910-aicpu_legacy.tar.gz config
[INFO] TDT(<PID>,python):2026-09-20-16:19:21.681.639 [package_process_config.cpp:265][SetConfigDataOnHost][tid:<PID>] insert package:Ascend310P-aicpu_legacy.tar.gz config
[INFO] TDT(<PID>,python):2026-09-20-16:19:21.681.654 [package_process_config.cpp:265][SetConfigDataOnHost][tid:<PID>] insert package:aicpu_hccl.tar.gz config
[INFO] TDT(<PID>,python):2026-09-20-16:19:21.681.665 [package_process_config.cpp:265][SetConfigDataOnHost][tid:<PID>] insert package:mc2_server.tar.gz config
[INFO] TDT(<PID>,python):2026-09-20-16:19:21.681.677 [package_process_config.cpp:265][SetConfigDataOnHost][tid:<PID>] insert package:aicpu_hcomm.tar.gz config
[INFO] TDT(<PID>,python):2026-09-20-16:19:21.681.688 [package_process_config.cpp:265][SetConfigDataOnHost][tid:<PID>] insert package:cann-hixl-compat.tar.gz config
[INFO] TDT(<PID>,python):2026-09-20-16:19:21.681.700 [package_process_config.cpp:265][SetConfigDataOnHost][tid:<PID>] insert package:cann-hcomm-compat.tar.gz config
[INFO] TDT(<PID>,python):2026-09-20-16:19:21.681.711 [package_process_config.cpp:265][SetConfigDataOnHost][tid:<PID>] insert package:cann-hccd-compat.tar.gz config
[INFO] TDT(<PID>,python):2026-09-20-16:19:21.681.722 [package_process_config.cpp:265][SetConfigDataOnHost][tid:<PID>] insert package:cann-udf-compat.tar.gz config
[INFO] TDT(<PID>,python):2026-09-20-16:19:21.681.734 [package_process_config.cpp:265][SetConfigDataOnHost][tid:<PID>] insert package:cann-tsch-compat.tar.gz config
[INFO] TDT(<PID>,python):2026-09-20-16:19:21.681.759 [package_process_config.cpp:331][RefreshHostPluginVersions][tid:<PID>] host plugin pkg:cann-hcomm-compat.tar.gz ini parsed, version:9.2.0 timestamp:20260805_101249091
[INFO] TDT(<PID>,python):2026-09-20-16:19:21.681.774 [package_process_config.cpp:331][RefreshHostPluginVersions][tid:<PID>] host plugin pkg:cann-tsch-compat.tar.gz ini parsed, version:9.2.0 timestamp:20260805_101249091
[INFO] TDT(<PID>,python):2026-09-20-16:19:21.681.780 [hdc_message_builder.cpp:54][SetProcSignPid][tid:<PID>] [HdcMessageBuilder] tsd get process sign successfully, procpid[<IDENTITY>]
[INFO] TDT(<PID>,python):2026-09-20-16:19:21.681.819 [version_verify.cpp:117][SpecialFeatureCheck][tid:<PID>] VersionVerify: previous type[69], supported
[INFO] TDT(<PID>,python):2026-09-20-16:19:21.682.814 [plugin_version_manager.cpp:114][HandleDevicePluginVersionRsp][tid:<PID>] device plugin info rsp, pkgCount:0
[INFO] TDT(<PID>,python):2026-09-20-16:19:21.682.821 [package_loader.cpp:427][LoadPackageConfigInfoToDevice][tid:<PID>] Receive load package config response result:0
[INFO] TDT(<PID>,python):2026-09-20-16:19:21.682.844 [capability_manager.cpp:401][IsSupportCommonSink][tid:<PID>] mutexFile[<EXTERNAL_PATH> found means supporting common sink
[INFO] TDT(<PID>,python):2026-09-20-16:19:21.682.850 [package_loader.cpp:134][ShouldLoadLegacyPackage][tid:<PID>] [TsdClient][logicDeviceId_=1] use legacy package
[INFO] TDT(<PID>,python):2026-09-20-16:19:21.682.974 [package_env_info.cpp:221][CheckPackageExistsOnce][tid:<PID>] [TsdClient][deviceId=<DEVICE>] pkg size[0] in path[<CANN>/opp/built-in/] must be only one, skip send package, packageType[6]
[INFO] TDT(<PID>,python):2026-09-20-16:19:21.682.980 [package_loader.cpp:103][LoadSysOpKernel][tid:<PID>] [TsdClient][logicDeviceId_=1] cannot find aicpu packages
[INFO] TDT(<PID>,python):2026-09-20-16:19:21.683.007 [capability_manager.cpp:401][IsSupportCommonSink][tid:<PID>] mutexFile[<EXTERNAL_PATH> found means supporting common sink
[INFO] TDT(<PID>,python):2026-09-20-16:19:21.683.019 [package_loader.cpp:464][LoadSinglePackageToDevice][tid:<PID>] begin to load package:Ascend-aicpu_legacy.tar.gz to device:1
[INFO] TDT(<PID>,python):2026-09-20-16:19:21.683.030 [package_process_config.cpp:396][GetPkgHostAndDeviceDstPath][tid:<PID>] get orgFile:<CANN>/opp/Ascend/aicpu/Ascend-aicpu_legacy.tar.gz, dstFile:<EXTERNAL_PATH>
[INFO] TDT(<PID>,python):2026-09-20-16:19:22.339.139 [package_loader.cpp:491][LoadSinglePackageToDevice][tid:<PID>] current package:Ascend-aicpu_legacy.tar.gz is same as device, skip load
[INFO] TDT(<PID>,python):2026-09-20-16:19:22.339.160 [package_loader.cpp:464][LoadSinglePackageToDevice][tid:<PID>] begin to load package:Ascend310P-aicpu_legacy.tar.gz to device:1
[INFO] TDT(<PID>,python):2026-09-20-16:19:22.339.173 [package_loader.cpp:481][LoadSinglePackageToDevice][tid:<PID>] cannot find package:Ascend310P-aicpu_legacy.tar.gz, optional is true skip
[INFO] TDT(<PID>,python):2026-09-20-16:19:22.339.178 [package_loader.cpp:464][LoadSinglePackageToDevice][tid:<PID>] begin to load package:Ascend910-aicpu_legacy.tar.gz to device:1
[INFO] TDT(<PID>,python):2026-09-20-16:19:22.339.183 [package_loader.cpp:481][LoadSinglePackageToDevice][tid:<PID>] cannot find package:Ascend910-aicpu_legacy.tar.gz, optional is true skip
[INFO] TDT(<PID>,python):2026-09-20-16:19:22.339.189 [package_loader.cpp:464][LoadSinglePackageToDevice][tid:<PID>] begin to load package:aicpu_hccl.tar.gz to device:1
[INFO] TDT(<PID>,python):2026-09-20-16:19:22.339.201 [package_process_config.cpp:396][GetPkgHostAndDeviceDstPath][tid:<PID>] get orgFile:<CANN>/opp/built-in/op_impl/aicpu/kernel/aicpu_hccl.tar.gz, dstFile:<EXTERNAL_PATH>
[INFO] TDT(<PID>,python):2026-09-20-16:19:22.352.112 [package_loader.cpp:491][LoadSinglePackageToDevice][tid:<PID>] current package:aicpu_hccl.tar.gz is same as device, skip load
[INFO] TDT(<PID>,python):2026-09-20-16:19:22.352.120 [package_loader.cpp:464][LoadSinglePackageToDevice][tid:<PID>] begin to load package:aicpu_hcomm.tar.gz to device:1
[INFO] TDT(<PID>,python):2026-09-20-16:19:22.352.131 [package_process_config.cpp:396][GetPkgHostAndDeviceDstPath][tid:<PID>] get orgFile:<CANN>/opp/built-in/op_impl/aicpu/kernel/aicpu_hcomm.tar.gz, dstFile:<EXTERNAL_PATH>
[INFO] TDT(<PID>,python):2026-09-20-16:19:22.416.908 [package_loader.cpp:491][LoadSinglePackageToDevice][tid:<PID>] current package:aicpu_hcomm.tar.gz is same as device, skip load
[INFO] TDT(<PID>,python):2026-09-20-16:19:22.416.917 [package_loader.cpp:464][LoadSinglePackageToDevice][tid:<PID>] begin to load package:cann-hccd-compat.tar.gz to device:1
[INFO] TDT(<PID>,python):2026-09-20-16:19:22.416.923 [package_loader.cpp:467][LoadSinglePackageToDevice][tid:<PID>] current package:cann-hccd-compat.tar.gz does not need to load to device:1
[INFO] TDT(<PID>,python):2026-09-20-16:19:22.416.928 [package_loader.cpp:464][LoadSinglePackageToDevice][tid:<PID>] begin to load package:cann-hcomm-compat.tar.gz to device:1
[INFO] TDT(<PID>,python):2026-09-20-16:19:22.416.940 [package_process_config.cpp:396][GetPkgHostAndDeviceDstPath][tid:<PID>] get orgFile:<CANN>/compat/cann-hcomm-compat.tar.gz, dstFile:<EXTERNAL_PATH>
[WARNING] TDT(<PID>,python):2026-09-20-16:19:22.441.931 [plugin_version_manager.cpp:38][GetPluginUpdateStrategy][tid:<PID>] [TsdClient][deviceId=<DEVICE>] halGetDeviceInfo(INFO_TYPE_SWPLUGIN_UPGRADE_POLICY) failed, retCode[3], fallback to PLUGIN_NOT_FORCE_UPDATE
[INFO] TDT(<PID>,python):2026-09-20-16:19:22.441.938 [plugin_version_manager.cpp:76][CompareHostDeviceCompatPluginVersion][tid:<PID>] device plugin pkg:cann-hcomm-compat.tar.gz version unavailable, fallback to checkcode compare
[INFO] TDT(<PID>,python):2026-09-20-16:19:22.441.944 [package_loader.cpp:487][LoadSinglePackageToDevice][tid:<PID>] skip load compat plugin package:cann-hcomm-compat.tar.gz by version/strategy check
[INFO] TDT(<PID>,python):2026-09-20-16:19:22.441.948 [package_loader.cpp:464][LoadSinglePackageToDevice][tid:<PID>] begin to load package:cann-hixl-compat.tar.gz to device:1
[INFO] TDT(<PID>,python):2026-09-20-16:19:22.441.955 [package_process_config.cpp:396][GetPkgHostAndDeviceDstPath][tid:<PID>] get orgFile:<CANN>/opp/built-in/op_impl/aicpu/kernel/cann-hixl-compat.tar.gz, dstFile:<EXTERNAL_PATH>
[INFO] TDT(<PID>,python):2026-09-20-16:19:22.442.558 [package_loader.cpp:491][LoadSinglePackageToDevice][tid:<PID>] current package:cann-hixl-compat.tar.gz is same as device, skip load
[INFO] TDT(<PID>,python):2026-09-20-16:19:22.442.563 [package_loader.cpp:464][LoadSinglePackageToDevice][tid:<PID>] begin to load package:cann-tsch-compat.tar.gz to device:1
[INFO] TDT(<PID>,python):2026-09-20-16:19:22.442.569 [package_loader.cpp:454][SupportLoadPkg][tid:<PID>] current device chip:15 does not support package:cann-tsch-compat.tar.gz
[INFO] TDT(<PID>,python):2026-09-20-16:19:22.442.573 [package_loader.cpp:467][LoadSinglePackageToDevice][tid:<PID>] current package:cann-tsch-compat.tar.gz does not need to load to device:1
[INFO] TDT(<PID>,python):2026-09-20-16:19:22.442.577 [package_loader.cpp:464][LoadSinglePackageToDevice][tid:<PID>] begin to load package:cann-udf-compat.tar.gz to device:1
[INFO] TDT(<PID>,python):2026-09-20-16:19:22.442.581 [package_loader.cpp:467][LoadSinglePackageToDevice][tid:<PID>] current package:cann-udf-compat.tar.gz does not need to load to device:1
[INFO] TDT(<PID>,python):2026-09-20-16:19:22.442.585 [package_loader.cpp:464][LoadSinglePackageToDevice][tid:<PID>] begin to load package:mc2_server.tar.gz to device:1
[INFO] TDT(<PID>,python):2026-09-20-16:19:22.442.593 [package_process_config.cpp:396][GetPkgHostAndDeviceDstPath][tid:<PID>] get orgFile:<CANN>/opp/built-in/op_impl/aicpu/kernel/mc2_server.tar.gz, dstFile:<EXTERNAL_PATH>
[INFO] TDT(<PID>,python):2026-09-20-16:19:22.445.571 [package_loader.cpp:491][LoadSinglePackageToDevice][tid:<PID>] current package:mc2_server.tar.gz is same as device, skip load
[INFO] TDT(<PID>,python):2026-09-20-16:19:22.445.584 [hdc_message_builder.cpp:54][SetProcSignPid][tid:<PID>] [HdcMessageBuilder] tsd get process sign successfully, procpid[<IDENTITY>]
[INFO] TDT(<PID>,python):2026-09-20-16:19:22.445.598 [version_verify.cpp:117][SpecialFeatureCheck][tid:<PID>] VersionVerify: previous type[6], supported
[INFO] TDT(<PID>,python):2026-09-20-16:19:22.445.713 [tsd_process_controller.cpp:111][WaitOpenRsp][tid:<PID>] [ProcessModeManager] deviceId[<DEVICE>] sessionId[1] rankSize[0], wait subprocess start response
[INFO] TDT(<PID>,python):2026-09-20-16:19:22.873.337 [tsd_process_controller.cpp:472][ProcessQueueForAdc][tid:<PID>] [TsdClient] it is unnecessary for current mode[0] to grant queue auth to aicpusd
[INFO] TDT(<PID>,python):2026-09-20-16:19:22.873.351 [tsd_process_controller.cpp:134][LogOpenProcessDuration][tid:<PID>] [TsdClient][deviceId=<DEVICE>] [sessionId=1] start hccp and computer process success,phase4:[769]ms send open message to device,phase5:[427]ms receive open message to device,phase6:[0]ms process for adc on host,whole duration:[1197]ms
[INFO] DRV(<PID>,python):2026-09-20-16:19:22.873.409 [event_sched.c:1536][ascend][curpid:<IDENTITY>,545467][drv][event-sche][esched_device_open]The dev_id has opened. (dev_id=<DEVICE>)
[INFO] DRV(<PID>,python):2026-09-20-16:19:22.874.290 [drv_share_log.c:233][ascend][curpid:<IDENTITY>,545467][drv][devmm][share_log_read_in_single_module]Open. (udevid=<DEVICE>; tgid=2042239)
[INFO] DRV(<PID>,python):2026-09-20-16:19:22.874.867 [drv_share_log.c:233][ascend][curpid:<IDENTITY>,545467][drv][devmm][share_log_read_in_single_module]Open. (udevid=<DEVICE>; tgid=2042239)
[INFO] DRV(<PID>,python):2026-09-20-16:19:22.914.867 [queue_interface.c:954][ascend][curpid:<IDENTITY>,545467][drv][queuemng][queue_device_open]queue open finish. (dev_id=<DEVICE>)
[INFO] RUNTIME(<PID>,python):2026-09-20-16:19:22.915.182 [raw_device.cc:589] <PID> Init: isAddrFlat:0
[INFO] TDT(<PID>,python):2026-09-20-16:19:22.919.255 [tsd_client.cpp:188][TsdCapabilityGet][tid:<PID>] TsdCapabilityGet Begin.
[INFO] TDT(<PID>,python):2026-09-20-16:19:22.919.263 [capability_manager.cpp:489][CapabilityGet][tid:<PID>] [CapabilityManager] enter into CapabilityGet process deviceId[<DEVICE>] type[0].
[INFO] TDT(<PID>,python):2026-09-20-16:19:22.919.270 [hdc_message_builder.cpp:54][SetProcSignPid][tid:<PID>] [HdcMessageBuilder] tsd get process sign successfully, procpid[<IDENTITY>]
[INFO] TDT(<PID>,python):2026-09-20-16:19:22.919.277 [version_verify.cpp:117][SpecialFeatureCheck][tid:<PID>] VersionVerify: previous type[38], supported
[INFO] TDT(<PID>,python):2026-09-20-16:19:22.919.380 [capability_manager.cpp:514][CapabilityGet][tid:<PID>] [CapabilityManager][deviceId=<DEVICE>] [sessionId=1] [type=0]send capability successfully.
[INFO] TDT(<PID>,python):2026-09-20-16:19:22.921.576 [capability_manager.cpp:564][HandlePidQosRsp][tid:<PID>] [TsdClient] PidQosMsgProc recvMsg realDeviceId[<DEVICE>] msgType[39] localDevId[<DEVICE>] rspCode[0],pidqos[1]
[INFO] TDT(<PID>,python):2026-09-20-16:19:22.921.582 [capability_manager.cpp:520][CapabilityGet][tid:<PID>] [CapabilityManager][logicDeviceId_=1][type=0][pidQos=1][ret=0]recv capability response finished.
[INFO] RUNTIME(<PID>,python):2026-09-20-16:19:22.921.600 [engine.cc:77] <PID> Engine: Constructor.
[INFO] RUNTIME(<PID>,python):2026-09-20-16:19:22.921.605 [stars_engine.cc:51] <PID> StarsEngine: Constructor.
[INFO] RUNTIME(<PID>,python):2026-09-20-16:19:22.947.728 [runtime.cc:5453] <PID> CreateReportRasThread: Start report ras thread success!
[INFO] RUNTIME(<PID>,python):2026-09-20-16:19:22.947.790 [npu_driver_res.cc:305] <PID> GetDeviceStatus: GetDeviceStatus status=1.
[INFO] ATRACE(<PID>,python):2026-09-20-16:19:22.954.966 [tracer_mgr_operate.c:66](tid:<PID>) create object RUNTIME_ATRACE_DEV1_TS0 successfully, exitSave(false), noLock(false).
[INFO] TDT(<PID>,python):2026-09-20-16:19:22.954.978 [client_manager.cpp:194][SetProfilingCallback][tid:<PID>] [TsdClient] set profiling callback successfully
[INFO] RUNTIME(<PID>,python):2026-09-20-16:19:23.983.015 [runtime.cc:5659] <PID> ReportPageFaultProc: pageFaultSupportFlag_=0.
[INFO] ASCENDCL(<PID>,python):2026-09-20-16:19:48.910.744 [resource_statistics.cpp:113]<PID> TraverseStatistics: The ResourceType:ACL_STATISTICS_MALLOC_FREE, applyTotal = 2, applySucc = 2, releaseTotal = 1, releaseSucc = 1
[INFO] ASCENDCL(<PID>,python):2026-09-20-16:19:48.910.759 [resource_statistics.cpp:113]<PID> TraverseStatistics: The ResourceType:ACL_STATISTICS_MALLOC_FREE_HOST, applyTotal = 0, applySucc = 0, releaseTotal = 0, releaseSucc = 0
[INFO] ASCENDCL(<PID>,python):2026-09-20-16:19:48.910.764 [resource_statistics.cpp:113]<PID> TraverseStatistics: The ResourceType:ACL_STATISTICS_CREATE_DESTROY_CONTEXT, applyTotal = 0, applySucc = 0, releaseTotal = 0, releaseSucc = 0
[INFO] ASCENDCL(<PID>,python):2026-09-20-16:19:48.910.768 [resource_statistics.cpp:113]<PID> TraverseStatistics: The ResourceType:ACL_STATISTICS_SET_RESET_DEVICE, applyTotal = 2, applySucc = 2, releaseTotal = 1, releaseSucc = 1
[INFO] ASCENDCL(<PID>,python):2026-09-20-16:19:48.910.772 [resource_statistics.cpp:113]<PID> TraverseStatistics: The ResourceType:ACL_STATISTICS_CREATE_DESTROY_EVENT, applyTotal = 0, applySucc = 0, releaseTotal = 0, releaseSucc = 0
[INFO] ASCENDCL(<PID>,python):2026-09-20-16:19:48.910.776 [resource_statistics.cpp:113]<PID> TraverseStatistics: The ResourceType:ACL_STATISTICS_CREATE_DESTROY_STREAM, applyTotal = 2, applySucc = 2, releaseTotal = 1, releaseSucc = 1
[INFO] ASCENDCL(<PID>,python):2026-09-20-16:19:48.910.780 [resource_statistics.cpp:113]<PID> TraverseStatistics: The ResourceType:ACL_STATISTICS_DVPP_MALLOC_FREE, applyTotal = 0, applySucc = 0, releaseTotal = 0, releaseSucc = 0
[INFO] ASCENDCL(<PID>,python):2026-09-20-16:19:48.910.784 [resource_statistics.cpp:113]<PID> TraverseStatistics: The ResourceType:ACL_STATISTICS_RECORD_RESET_EVENT, applyTotal = 0, applySucc = 0, releaseTotal = 0, releaseSucc = 0
[INFO] ASCENDCL(<PID>,python):2026-09-20-16:19:48.910.788 [resource_statistics.cpp:113]<PID> TraverseStatistics: The ResourceType:ACL_STATISTICS_CREATE_DESTROY_DATA_BUFFER, applyTotal = 0, applySucc = 0, releaseTotal = 0, releaseSucc = 0
[INFO] ASCENDCL(<PID>,python):2026-09-20-16:19:48.910.792 [resource_statistics.cpp:113]<PID> TraverseStatistics: The ResourceType:ACL_STATISTICS_CREATE_DESTROY_TENSOR_DESC, applyTotal = 0, applySucc = 0, releaseTotal = 0, releaseSucc = 0
[INFO] ASCENDCL(<PID>,python):2026-09-20-16:19:48.910.796 [resource_statistics.cpp:113]<PID> TraverseStatistics: The ResourceType:ACL_STATISTICS_CREATE_DESTROY_DESC, applyTotal = 0, applySucc = 0, releaseTotal = 0, releaseSucc = 0
[INFO] ASCENDCL(<PID>,python):2026-09-20-16:19:48.910.800 [resource_statistics.cpp:113]<PID> TraverseStatistics: The ResourceType:ACL_STATISTICS_CREATE_DESTROY_DATASET, applyTotal = 0, applySucc = 0, releaseTotal = 0, releaseSucc = 0
[INFO] ASCENDCL(<PID>,python):2026-09-20-16:19:48.910.804 [resource_statistics.cpp:113]<PID> TraverseStatistics: The ResourceType:ACL_STATISTICS_CREATE_LOAD_UNLOAD_MODEL, applyTotal = 0, applySucc = 0, releaseTotal = 0, releaseSucc = 0
[INFO] ASCENDCL(<PID>,python):2026-09-20-16:19:48.910.808 [resource_statistics.cpp:113]<PID> TraverseStatistics: The ResourceType:ACL_STATISTICS_CREATE_DESTROY_AIPP, applyTotal = 0, applySucc = 0, releaseTotal = 0, releaseSucc = 0
[INFO] ASCENDCL(<PID>,python):2026-09-20-16:19:48.910.812 [resource_statistics.cpp:113]<PID> TraverseStatistics: The ResourceType:ACL_STATISTICS_CREATE_DESTROY_ATTR, applyTotal = 0, applySucc = 0, releaseTotal = 0, releaseSucc = 0
[INFO] ASCENDCL(<PID>,python):2026-09-20-16:19:48.910.816 [resource_statistics.cpp:113]<PID> TraverseStatistics: The ResourceType:ACL_STATISTICS_CREATE_DESTROY_HANDLE, applyTotal = 0, applySucc = 0, releaseTotal = 0, releaseSucc = 0
[INFO] ASCENDCL(<PID>,python):2026-09-20-16:19:48.910.821 [resource_statistics.cpp:113]<PID> TraverseStatistics: The ResourceType:ACL_STATISTICS_CREATE_DESTROY_DVPP_CHANNEL_DESC, applyTotal = 0, applySucc = 0, releaseTotal = 0, releaseSucc = 0
[INFO] ASCENDCL(<PID>,python):2026-09-20-16:19:48.910.825 [resource_statistics.cpp:113]<PID> TraverseStatistics: The ResourceType:ACL_STATISTICS_CREATE_DESTROY_DVPP_PIC_DESC, applyTotal = 0, applySucc = 0, releaseTotal = 0, releaseSucc = 0
[INFO] ASCENDCL(<PID>,python):2026-09-20-16:19:48.910.830 [resource_statistics.cpp:113]<PID> TraverseStatistics: The ResourceType:ACL_STATISTICS_CREATE_DESTROY_DVPP_ROI_CONFIG, applyTotal = 0, applySucc = 0, releaseTotal = 0, releaseSucc = 0
[INFO] ASCENDCL(<PID>,python):2026-09-20-16:19:48.910.836 [resource_statistics.cpp:113]<PID> TraverseStatistics: The ResourceType:ACL_STATISTICS_CREATE_DESTROY_DVPP_RESIZE_CONFIG, applyTotal = 0, applySucc = 0, releaseTotal = 0, releaseSucc = 0
[INFO] ASCENDCL(<PID>,python):2026-09-20-16:19:48.910.840 [resource_statistics.cpp:113]<PID> TraverseStatistics: The ResourceType:ACL_STATISTICS_CREATE_DESTROY_DVPP_JPEGE_CONFIG, applyTotal = 0, applySucc = 0, releaseTotal = 0, releaseSucc = 0
[INFO] ASCENDCL(<PID>,python):2026-09-20-16:19:48.910.844 [resource_statistics.cpp:113]<PID> TraverseStatistics: The ResourceType:ACL_STATISTICS_CREATE_DESTROY_VDEC_CHANNEL_DESC, applyTotal = 0, applySucc = 0, releaseTotal = 0, releaseSucc = 0
[INFO] ASCENDCL(<PID>,python):2026-09-20-16:19:48.910.848 [resource_statistics.cpp:113]<PID> TraverseStatistics: The ResourceType:ACL_STATISTICS_CREATE_DESTROY_VENC_CHANNEL_DESC, applyTotal = 0, applySucc = 0, releaseTotal = 0, releaseSucc = 0
[INFO] ASCENDCL(<PID>,python):2026-09-20-16:19:48.910.852 [resource_statistics.cpp:113]<PID> TraverseStatistics: The ResourceType:ACL_STATISTICS_CREATE_DESTROY_DVPP_STREAM_DESC, applyTotal = 0, applySucc = 0, releaseTotal = 0, releaseSucc = 0
[INFO] ASCENDCL(<PID>,python):2026-09-20-16:19:48.910.856 [resource_statistics.cpp:113]<PID> TraverseStatistics: The ResourceType:ACL_STATISTICS_CREATE_DESTROY_VDEC_FRAME_CONFIG, applyTotal = 0, applySucc = 0, releaseTotal = 0, releaseSucc = 0
[INFO] ASCENDCL(<PID>,python):2026-09-20-16:19:48.910.860 [resource_statistics.cpp:113]<PID> TraverseStatistics: The ResourceType:ACL_STATISTICS_CREATE_DESTROY_VENC_FRAME_CONFIG, applyTotal = 0, applySucc = 0, releaseTotal = 0, releaseSucc = 0
[INFO] ASCENDCL(<PID>,python):2026-09-20-16:19:48.910.864 [resource_statistics.cpp:113]<PID> TraverseStatistics: The ResourceType:ACL_STATISTICS_CREATE_DESTROY_DVPP_CHANNEL, applyTotal = 0, applySucc = 0, releaseTotal = 0, releaseSucc = 0
[INFO] ASCENDCL(<PID>,python):2026-09-20-16:19:48.910.868 [resource_statistics.cpp:113]<PID> TraverseStatistics: The ResourceType:ACL_STATISTICS_CREATE_DESTROY_VDEC_CHANNEL, applyTotal = 0, applySucc = 0, releaseTotal = 0, releaseSucc = 0
[INFO] ASCENDCL(<PID>,python):2026-09-20-16:19:48.910.872 [resource_statistics.cpp:113]<PID> TraverseStatistics: The ResourceType:ACL_STATISTICS_CREATE_DESTROY_VENC_CHANNEL, applyTotal = 0, applySucc = 0, releaseTotal = 0, releaseSucc = 0
[INFO] ASCENDCL(<PID>,python):2026-09-20-16:19:48.910.876 [resource_statistics.cpp:113]<PID> TraverseStatistics: The ResourceType:ACL_STATISTICS_CREATE_DESTROY_DVPP_BATCH_PIC_DESC, applyTotal = 0, applySucc = 0, releaseTotal = 0, releaseSucc = 0
[INFO] ASCENDCL(<PID>,python):2026-09-20-16:19:48.910.880 [resource_statistics.cpp:113]<PID> TraverseStatistics: The ResourceType:ACL_STATISTICS_CREATE_DESTROY_GROUP_INFO, applyTotal = 0, applySucc = 0, releaseTotal = 0, releaseSucc = 0
[INFO] ASCENDCL(<PID>,python):2026-09-20-16:19:48.910.884 [resource_statistics.cpp:113]<PID> TraverseStatistics: The ResourceType:ACL_STATISTICS_CREATE_DESTROY_PROF_CONFIG, applyTotal = 0, applySucc = 0, releaseTotal = 0, releaseSucc = 0
[INFO] ASCENDCL(<PID>,python):2026-09-20-16:19:48.910.888 [resource_statistics.cpp:113]<PID> TraverseStatistics: The ResourceType:ACL_STATISTICS_CREATE_DESTROY_PROF_SUB_CONFIG, applyTotal = 0, applySucc = 0, releaseTotal = 0, releaseSucc = 0
[INFO] ASCENDCL(<PID>,python):2026-09-20-16:19:48.910.892 [resource_statistics.cpp:113]<PID> TraverseStatistics: The ResourceType:ACL_STATISTICS_CREATE_DESTROY_MODEL_CONFIG, applyTotal = 0, applySucc = 0, releaseTotal = 0, releaseSucc = 0
[INFO] ASCENDCL(<PID>,python):2026-09-20-16:19:48.910.895 [resource_statistics.cpp:113]<PID> TraverseStatistics: The ResourceType:ACL_STATISTICS_CREATE_DESTROY_QUEUE_ID, applyTotal = 0, applySucc = 0, releaseTotal = 0, releaseSucc = 0
[INFO] ASCENDCL(<PID>,python):2026-09-20-16:19:48.910.901 [resource_statistics.cpp:113]<PID> TraverseStatistics: The ResourceType:ACL_STATISTICS_CREATE_DESTROY_QUEUE_ATTR, applyTotal = 0, applySucc = 0, releaseTotal = 0, releaseSucc = 0
[INFO] ASCENDCL(<PID>,python):2026-09-20-16:19:48.910.905 [resource_statistics.cpp:113]<PID> TraverseStatistics: The ResourceType:ACL_STATISTICS_CREATE_DESTROY_QUEUE_ROUTE, applyTotal = 0, applySucc = 0, releaseTotal = 0, releaseSucc = 0
[INFO] ASCENDCL(<PID>,python):2026-09-20-16:19:48.910.909 [resource_statistics.cpp:113]<PID> TraverseStatistics: The ResourceType:ACL_STATISTICS_CREATE_DESTROY_QUEUE_ROUTE_LIST, applyTotal = 0, applySucc = 0, releaseTotal = 0, releaseSucc = 0
[INFO] ASCENDCL(<PID>,python):2026-09-20-16:19:48.910.913 [resource_statistics.cpp:113]<PID> TraverseStatistics: The ResourceType:ACL_STATISTICS_CREATE_DESTROY_QUEUE_ROUTE_QUERY, applyTotal = 0, applySucc = 0, releaseTotal = 0, releaseSucc = 0
[INFO] ASCENDCL(<PID>,python):2026-09-20-16:19:48.910.917 [resource_statistics.cpp:113]<PID> TraverseStatistics: The ResourceType:ACL_STATISTICS_CREATE_DESTROY_MBUF, applyTotal = 0, applySucc = 0, releaseTotal = 0, releaseSucc = 0
[INFO] ASCENDCL(<PID>,python):2026-09-20-16:19:48.910.921 [resource_statistics.cpp:113]<PID> TraverseStatistics: The ResourceType:ACL_STATISTICS_CREATE_DESTROY_GRAPH_DUMP_OPTION, applyTotal = 0, applySucc = 0, releaseTotal = 0, releaseSucc = 0
[INFO] ASCENDCL(<PID>,python):2026-09-20-16:19:48.910.924 [resource_statistics.cpp:113]<PID> TraverseStatistics: The ResourceType:ACL_STATISTICS_CREATE_DESTROY_ALLOCATOR_DESC, applyTotal = 0, applySucc = 0, releaseTotal = 0, releaseSucc = 0
[INFO] ASCENDCL(<PID>,python):2026-09-20-16:19:48.910.928 [resource_statistics.cpp:113]<PID> TraverseStatistics: The ResourceType:ACL_STATISTICS_CREATE_DESTROY_ALLOCATOR_BINARY_DESC, applyTotal = 0, applySucc = 0, releaseTotal = 0, releaseSucc = 0
[INFO] ASCENDCL(<PID>,python):2026-09-20-16:19:48.910.932 [resource_statistics.cpp:113]<PID> TraverseStatistics: The ResourceType:ACL_STATISTICS_RESERVE_RELEASE_MEMORY_ADDRESS, applyTotal = 0, applySucc = 0, releaseTotal = 0, releaseSucc = 0
[INFO] ASCENDCL(<PID>,python):2026-09-20-16:19:48.910.936 [resource_statistics.cpp:113]<PID> TraverseStatistics: The ResourceType:ACL_STATISTICS_MALLOC_FREE_PHYSICAL_MEMORY, applyTotal = 0, applySucc = 0, releaseTotal = 0, releaseSucc = 0
[INFO] ASCENDCL(<PID>,python):2026-09-20-16:19:48.910.940 [resource_statistics.cpp:113]<PID> TraverseStatistics: The ResourceType:ACL_STATISTICS_MAP_UNMAP_MEMORY, applyTotal = 0, applySucc = 0, releaseTotal = 0, releaseSucc = 0
[INFO] ASCENDCL(<PID>,python):2026-09-20-16:19:48.910.944 [resource_statistics.cpp:113]<PID> TraverseStatistics: The ResourceType:ACL_STATISTICS_LOAD_UNLOAD_BINARY, applyTotal = 0, applySucc = 0, releaseTotal = 0, releaseSucc = 0
[INFO] DRV(<PID>,python):2026-09-20-16:19:49.411.121 [drv_share_log.c:233][ascend][curpid:<IDENTITY>,545467][drv][hdc][share_log_read_in_single_module]Server destroy success. (dev_id=<DEVICE>; fid=0; service="service_dump"; pid=<IDENTITY>)
[INFO] DRV(<PID>,python):2026-09-20-16:19:49.411.148 [drv_share_log.c:233][ascend][curpid:<IDENTITY>,545467][drv][hdc][share_log_read_in_single_module]Server destroy success. (dev_id=<DEVICE>; fid=0; service="service_dump"; pid=<IDENTITY>)
[INFO] RUNTIME(<PID>,python):2026-09-20-16:19:50.617.183 [runtime.cc:5493] <PID> ReportRasRun: Report ras thread exits normally!
[INFO] RUNTIME(<PID>,python):2026-09-20-16:19:51.926.895 [runtime.cc:5463] <PID> DestroyReportRasThread: Join report ras thread OK.
[INFO] RUNTIME(<PID>,python):2026-09-20-16:19:51.926.909 [runtime.cc:1582] <PID> WaitMonitorExit: wait monitor success, used count=0.
[INFO] RUNTIME(<PID>,python):2026-09-20-16:19:52.102.756 [xpu_task_fail_callback_data_manager.cc:64] <PID> ~XpuTaskFailCallBackManager: XpuTaskFailCallBackManager Destructor.
[INFO] RUNTIME(<PID>,python):2026-09-20-16:19:52.102.769 [task_fail_callback_data_manager.cc:91] <PID> ~TaskFailCallBackManager: Destructor.
[INFO] ATRACE(<PID>,python):2026-09-20-16:19:52.201.662 [stacktrace_signal.c:229](tid:<PID>) unregister all signal handlers, can not capture signal.
[INFO] ATRACE(<PID>,python):2026-09-20-16:19:52.329.541 [atrace_client_core.c:127](tid:<PID>) atrace receive thread exited, devId=<DEVICE>.
