[INFO] ATRACE(<PID>,python):2026-09-20-15:57:54.826.282 [trace_recorder.c:166](tid:<PID>) get path by env ASCEND_WORK_PATH: <TASK_NATIVE>/work
[INFO] RUNTIME(<PID>,python):2026-09-20-15:57:54.827.753 [task_fail_callback_data_manager.cc:89] <PID> TaskFailCallBackManager: Constructor.
[INFO] RUNTIME(<PID>,python):2026-09-20-15:57:54.827.761 [xpu_task_fail_callback_data_manager.cc:59] <PID> XpuTaskFailCallBackManager: XpuTaskFailCallBackManager Constructor.
[INFO] RUNTIME(<PID>,python):2026-09-20-15:57:54.857.509 [runtime_keeper.cc:213] <PID> CreateRuntimeImpl: Open libruntime_v200.so successfully
[INFO] RUNTIME(<PID>,python):2026-09-20-15:57:54.858.912 [runtime.cc:5059] <PID> GetVisibleDevices: real deviceCnt:2 userDeviceCnt:1 isSetVisibleDev:1 ASCEND_RT_VISIBLE_DEVICES:[<DEVICE>] available visible devices:[<DEVICE>]
[INFO] TDT(<PID>,python):2026-09-20-15:57:54.860.227 [package_worker_factory.cpp:37][RegisterPackageWorkerCreator][tid:<PID>] Register[2] package worker was created successfully
[INFO] TDT(<PID>,python):2026-09-20-15:57:54.860.235 [package_worker_factory.cpp:37][RegisterPackageWorkerCreator][tid:<PID>] Register[3] package worker was created successfully
[INFO] HCCL(<PID>,python):2026-09-20-15:57:54.952.775 [adapter_rts.cc:2637] [536583][adapter_rts.cc][CallBackInitRts] g_deviceType [9] g_deviceLogicId [-1] g_devicePhyId [-1]
[INFO] GE(<PID>,python):2026-09-20-15:57:59.234.358 [op_tiling_manager.cc:109]<PID> ~FuncPerfScope:[GEPERFTRACE] The time cost of OpTilingManager::LoadSo is [1834] micro seconds.
[INFO] IDEDD(<PID>,python):2026-09-20-15:57:59.267.011 [adx_dump_record.cpp:699][tid:<PID>] start dump thread, remote dump record temp path : <TASK_NATIVE>/.
[INFO] DRV(<PID>,python):2026-09-20-15:57:59.267.425 [drv_share_log.c:233][ascend][curpid:<IDENTITY>,536591][drv][hdc][share_log_read_in_single_module]Server create success. (dev_id=<DEVICE>; fid=0; pid=<IDENTITY>; service_type="service_dump")
[INFO] DRV(<PID>,python):2026-09-20-15:57:59.267.553 [drv_share_log.c:233][ascend][curpid:<IDENTITY>,536591][drv][hdc][share_log_read_in_single_module]Server create success. (dev_id=<DEVICE>; fid=0; pid=<IDENTITY>; service_type="service_dump")
[INFO] IDEDD(<PID>,python):2026-09-20-15:57:59.268.205 [dump_manager.cpp:241][tid:<PID>] Set aic_err_brief_dump[3] dump setting, status: on, dump switch: 3
[INFO] ASCENDCL(<PID>,python):2026-09-20-15:57:59.270.987 [acl_op_resource_manager.cpp:60]<PID> GetRuntimeV2Env: runtime v2 flag : model flag = 1, singleOp flag = 1
[INFO] PROFILING(<PID>,python):2026-09-20-15:57:59.274.757 [platform.cpp:52] (tid:<PID>) Profiling platform version: 1.0.
[INFO] PROFILING(<PID>,python):2026-09-20-15:57:59.274.777 [platform.cpp:272] (tid:<PID>) Succeeded to DrvGetApiVersion version: 0x72418
[INFO] ASCENDCL(<PID>,python):2026-09-20-15:57:59.275.091 [acl.cpp:369]<PID> GetAllPackageVersion: Version of runtime package is 9.2.0
[INFO] ASCENDCL(<PID>,python):2026-09-20-15:57:59.275.121 [acl.cpp:369]<PID> GetAllPackageVersion: Version of runtime package is 9.2.0
[INFO] ASCENDCL(<PID>,python):2026-09-20-15:57:59.275.146 [acl.cpp:369]<PID> GetAllPackageVersion: Version of bisheng-compiler package is 9.2.0
[INFO] ASCENDCL(<PID>,python):2026-09-20-15:57:59.275.170 [acl.cpp:369]<PID> GetAllPackageVersion: Version of hccl package is 9.2.0
[INFO] ASCENDCL(<PID>,python):2026-09-20-15:57:59.275.205 [acl.cpp:369]<PID> GetAllPackageVersion: Version of oam-tools package is 9.2.0
[INFO] ASCENDCL(<PID>,python):2026-09-20-15:57:59.275.239 [acl.cpp:369]<PID> GetAllPackageVersion: Version of ops-legacy package is 9.2.0
[INFO] ASCENDCL(<PID>,python):2026-09-20-15:57:59.275.270 [acl.cpp:369]<PID> GetAllPackageVersion: Version of ops-legacy package is 9.2.0
[INFO] ASCENDCL(<PID>,python):2026-09-20-15:57:59.275.307 [acl.cpp:369]<PID> GetAllPackageVersion: Version of driver package is 7.0.t9.0.B798
[INFO] ATRACE(<PID>,python):2026-09-20-15:57:59.283.395 [atrace_client_core.c:160](tid:<PID>) start to receive device[1] trace log.
[INFO] ASCENDCL(<PID>,python):2026-09-20-15:57:59.283.421 [acl_resource_manager.cpp:128]<PID> GetRuntimeV2Env: runtime v2 flag : model flag = 1, singleOp flag = 1
[INFO] TDT(<PID>,python):2026-09-20-15:57:59.283.449 [client_manager.cpp:140][GetInstance][tid:<PID>] [ClientManager] Current mode:1
[INFO] TDT(<PID>,python):2026-09-20-15:57:59.283.520 [process_mode_manager.cpp:168][GetLogLevel][tid:<PID>] [TsdClient] get ASCEND_GLOBAL_LOG_LEVEL [] ASCEND_GLOBAL_EVENT_ENABLE [] ASCEND_MODULE_LOG_LEVEL []
[INFO] TDT(<PID>,python):2026-09-20-15:57:59.283.588 [tsd_process_controller.cpp:59][OpenProcess][tid:<PID>] [ProcessModeManager] enter into open process deviceId[<DEVICE>] rankSize[0]
[INFO] TDT(<PID>,python):2026-09-20-15:57:59.283.639 [capability_manager.cpp:401][IsSupportCommonSink][tid:<PID>] mutexFile[<EXTERNAL_PATH> found means supporting common sink
[INFO] TDT(<PID>,python):2026-09-20-15:57:59.283.849 [device_comm_agent.cpp:41][InitTsdClient][tid:<PID>] [TsdClient] deviceId[<DEVICE>] begin to init hdc client
[INFO] TDT(<PID>,python):2026-09-20-15:57:59.284.116 [version_verify.cpp:39][SetVersionInfo][tid:<PID>] VersionVerify: send client version to server
[INFO] TDT(<PID>,python):2026-09-20-15:57:59.287.619 [version_verify.cpp:71][PeerVersionCheck][tid:<PID>] VersionVerify: Check client version info, server[1230], client[1230]
[INFO] TDT(<PID>,python):2026-09-20-15:57:59.287.627 [version_verify.cpp:92][ParseVersionInfo][tid:<PID>] VersionVerify: pass client version info success
[INFO] TDT(<PID>,python):2026-09-20-15:57:59.287.631 [hdc_client.cpp:243][CheckHdcConnection][tid:<PID>] Service create hdc successfully.
[INFO] TDT(<PID>,python):2026-09-20-15:57:59.289.220 [package_env_info.cpp:131][GetShortSocVersion][tid:<PID>] get short_soc_version:Ascend950
[INFO] TDT(<PID>,python):2026-09-20-15:57:59.289.327 [package_process_config.cpp:265][SetConfigDataOnHost][tid:<PID>] insert package:Ascend-aicpu_legacy.tar.gz config
[INFO] TDT(<PID>,python):2026-09-20-15:57:59.289.342 [package_process_config.cpp:265][SetConfigDataOnHost][tid:<PID>] insert package:Ascend910-aicpu_legacy.tar.gz config
[INFO] TDT(<PID>,python):2026-09-20-15:57:59.289.354 [package_process_config.cpp:265][SetConfigDataOnHost][tid:<PID>] insert package:Ascend310P-aicpu_legacy.tar.gz config
[INFO] TDT(<PID>,python):2026-09-20-15:57:59.289.369 [package_process_config.cpp:265][SetConfigDataOnHost][tid:<PID>] insert package:aicpu_hccl.tar.gz config
[INFO] TDT(<PID>,python):2026-09-20-15:57:59.289.380 [package_process_config.cpp:265][SetConfigDataOnHost][tid:<PID>] insert package:mc2_server.tar.gz config
[INFO] TDT(<PID>,python):2026-09-20-15:57:59.289.391 [package_process_config.cpp:265][SetConfigDataOnHost][tid:<PID>] insert package:aicpu_hcomm.tar.gz config
[INFO] TDT(<PID>,python):2026-09-20-15:57:59.289.402 [package_process_config.cpp:265][SetConfigDataOnHost][tid:<PID>] insert package:cann-hixl-compat.tar.gz config
[INFO] TDT(<PID>,python):2026-09-20-15:57:59.289.414 [package_process_config.cpp:265][SetConfigDataOnHost][tid:<PID>] insert package:cann-hcomm-compat.tar.gz config
[INFO] TDT(<PID>,python):2026-09-20-15:57:59.289.425 [package_process_config.cpp:265][SetConfigDataOnHost][tid:<PID>] insert package:cann-hccd-compat.tar.gz config
[INFO] TDT(<PID>,python):2026-09-20-15:57:59.289.436 [package_process_config.cpp:265][SetConfigDataOnHost][tid:<PID>] insert package:cann-udf-compat.tar.gz config
[INFO] TDT(<PID>,python):2026-09-20-15:57:59.289.449 [package_process_config.cpp:265][SetConfigDataOnHost][tid:<PID>] insert package:cann-tsch-compat.tar.gz config
[INFO] TDT(<PID>,python):2026-09-20-15:57:59.289.473 [package_process_config.cpp:331][RefreshHostPluginVersions][tid:<PID>] host plugin pkg:cann-hcomm-compat.tar.gz ini parsed, version:9.2.0 timestamp:20260805_101249091
[INFO] TDT(<PID>,python):2026-09-20-15:57:59.289.489 [package_process_config.cpp:331][RefreshHostPluginVersions][tid:<PID>] host plugin pkg:cann-tsch-compat.tar.gz ini parsed, version:9.2.0 timestamp:20260805_101249091
[INFO] TDT(<PID>,python):2026-09-20-15:57:59.289.495 [hdc_message_builder.cpp:54][SetProcSignPid][tid:<PID>] [HdcMessageBuilder] tsd get process sign successfully, procpid[<IDENTITY>]
[INFO] TDT(<PID>,python):2026-09-20-15:57:59.289.537 [version_verify.cpp:117][SpecialFeatureCheck][tid:<PID>] VersionVerify: previous type[69], supported
[INFO] TDT(<PID>,python):2026-09-20-15:57:59.291.600 [plugin_version_manager.cpp:114][HandleDevicePluginVersionRsp][tid:<PID>] device plugin info rsp, pkgCount:0
[INFO] TDT(<PID>,python):2026-09-20-15:57:59.291.607 [package_loader.cpp:427][LoadPackageConfigInfoToDevice][tid:<PID>] Receive load package config response result:0
[INFO] TDT(<PID>,python):2026-09-20-15:57:59.291.632 [capability_manager.cpp:401][IsSupportCommonSink][tid:<PID>] mutexFile[<EXTERNAL_PATH> found means supporting common sink
[INFO] TDT(<PID>,python):2026-09-20-15:57:59.291.638 [package_loader.cpp:134][ShouldLoadLegacyPackage][tid:<PID>] [TsdClient][logicDeviceId_=1] use legacy package
[INFO] TDT(<PID>,python):2026-09-20-15:57:59.291.768 [package_env_info.cpp:221][CheckPackageExistsOnce][tid:<PID>] [TsdClient][deviceId=<DEVICE>] pkg size[0] in path[<CANN>/opp/built-in/] must be only one, skip send package, packageType[6]
[INFO] TDT(<PID>,python):2026-09-20-15:57:59.291.775 [package_loader.cpp:103][LoadSysOpKernel][tid:<PID>] [TsdClient][logicDeviceId_=1] cannot find aicpu packages
[INFO] TDT(<PID>,python):2026-09-20-15:57:59.291.791 [capability_manager.cpp:401][IsSupportCommonSink][tid:<PID>] mutexFile[<EXTERNAL_PATH> found means supporting common sink
[INFO] TDT(<PID>,python):2026-09-20-15:57:59.291.805 [package_loader.cpp:464][LoadSinglePackageToDevice][tid:<PID>] begin to load package:Ascend-aicpu_legacy.tar.gz to device:1
[INFO] TDT(<PID>,python):2026-09-20-15:57:59.291.816 [package_process_config.cpp:396][GetPkgHostAndDeviceDstPath][tid:<PID>] get orgFile:<CANN>/opp/Ascend/aicpu/Ascend-aicpu_legacy.tar.gz, dstFile:<EXTERNAL_PATH>
[INFO] TDT(<PID>,python):2026-09-20-15:57:59.964.372 [package_loader.cpp:491][LoadSinglePackageToDevice][tid:<PID>] current package:Ascend-aicpu_legacy.tar.gz is same as device, skip load
[INFO] TDT(<PID>,python):2026-09-20-15:57:59.964.408 [package_loader.cpp:464][LoadSinglePackageToDevice][tid:<PID>] begin to load package:Ascend310P-aicpu_legacy.tar.gz to device:1
[INFO] TDT(<PID>,python):2026-09-20-15:57:59.964.419 [package_loader.cpp:481][LoadSinglePackageToDevice][tid:<PID>] cannot find package:Ascend310P-aicpu_legacy.tar.gz, optional is true skip
[INFO] TDT(<PID>,python):2026-09-20-15:57:59.964.424 [package_loader.cpp:464][LoadSinglePackageToDevice][tid:<PID>] begin to load package:Ascend910-aicpu_legacy.tar.gz to device:1
[INFO] TDT(<PID>,python):2026-09-20-15:57:59.964.435 [package_loader.cpp:481][LoadSinglePackageToDevice][tid:<PID>] cannot find package:Ascend910-aicpu_legacy.tar.gz, optional is true skip
[INFO] TDT(<PID>,python):2026-09-20-15:57:59.964.441 [package_loader.cpp:464][LoadSinglePackageToDevice][tid:<PID>] begin to load package:aicpu_hccl.tar.gz to device:1
[INFO] TDT(<PID>,python):2026-09-20-15:57:59.964.455 [package_process_config.cpp:396][GetPkgHostAndDeviceDstPath][tid:<PID>] get orgFile:<CANN>/opp/built-in/op_impl/aicpu/kernel/aicpu_hccl.tar.gz, dstFile:<EXTERNAL_PATH>
[INFO] TDT(<PID>,python):2026-09-20-15:57:59.977.445 [package_loader.cpp:491][LoadSinglePackageToDevice][tid:<PID>] current package:aicpu_hccl.tar.gz is same as device, skip load
[INFO] TDT(<PID>,python):2026-09-20-15:57:59.977.458 [package_loader.cpp:464][LoadSinglePackageToDevice][tid:<PID>] begin to load package:aicpu_hcomm.tar.gz to device:1
[INFO] TDT(<PID>,python):2026-09-20-15:57:59.977.473 [package_process_config.cpp:396][GetPkgHostAndDeviceDstPath][tid:<PID>] get orgFile:<CANN>/opp/built-in/op_impl/aicpu/kernel/aicpu_hcomm.tar.gz, dstFile:<EXTERNAL_PATH>
[INFO] TDT(<PID>,python):2026-09-20-15:58:00.038.820 [package_loader.cpp:491][LoadSinglePackageToDevice][tid:<PID>] current package:aicpu_hcomm.tar.gz is same as device, skip load
[INFO] TDT(<PID>,python):2026-09-20-15:58:00.038.834 [package_loader.cpp:464][LoadSinglePackageToDevice][tid:<PID>] begin to load package:cann-hccd-compat.tar.gz to device:1
[INFO] TDT(<PID>,python):2026-09-20-15:58:00.038.841 [package_loader.cpp:467][LoadSinglePackageToDevice][tid:<PID>] current package:cann-hccd-compat.tar.gz does not need to load to device:1
[INFO] TDT(<PID>,python):2026-09-20-15:58:00.038.847 [package_loader.cpp:464][LoadSinglePackageToDevice][tid:<PID>] begin to load package:cann-hcomm-compat.tar.gz to device:1
[INFO] TDT(<PID>,python):2026-09-20-15:58:00.038.861 [package_process_config.cpp:396][GetPkgHostAndDeviceDstPath][tid:<PID>] get orgFile:<CANN>/compat/cann-hcomm-compat.tar.gz, dstFile:<EXTERNAL_PATH>
[WARNING] TDT(<PID>,python):2026-09-20-15:58:00.064.801 [plugin_version_manager.cpp:38][GetPluginUpdateStrategy][tid:<PID>] [TsdClient][deviceId=<DEVICE>] halGetDeviceInfo(INFO_TYPE_SWPLUGIN_UPGRADE_POLICY) failed, retCode[3], fallback to PLUGIN_NOT_FORCE_UPDATE
[INFO] TDT(<PID>,python):2026-09-20-15:58:00.064.817 [plugin_version_manager.cpp:76][CompareHostDeviceCompatPluginVersion][tid:<PID>] device plugin pkg:cann-hcomm-compat.tar.gz version unavailable, fallback to checkcode compare
[INFO] TDT(<PID>,python):2026-09-20-15:58:00.064.824 [package_loader.cpp:487][LoadSinglePackageToDevice][tid:<PID>] skip load compat plugin package:cann-hcomm-compat.tar.gz by version/strategy check
[INFO] TDT(<PID>,python):2026-09-20-15:58:00.064.830 [package_loader.cpp:464][LoadSinglePackageToDevice][tid:<PID>] begin to load package:cann-hixl-compat.tar.gz to device:1
[INFO] TDT(<PID>,python):2026-09-20-15:58:00.064.844 [package_process_config.cpp:396][GetPkgHostAndDeviceDstPath][tid:<PID>] get orgFile:<CANN>/opp/built-in/op_impl/aicpu/kernel/cann-hixl-compat.tar.gz, dstFile:<EXTERNAL_PATH>
[INFO] TDT(<PID>,python):2026-09-20-15:58:00.065.497 [package_loader.cpp:491][LoadSinglePackageToDevice][tid:<PID>] current package:cann-hixl-compat.tar.gz is same as device, skip load
[INFO] TDT(<PID>,python):2026-09-20-15:58:00.065.502 [package_loader.cpp:464][LoadSinglePackageToDevice][tid:<PID>] begin to load package:cann-tsch-compat.tar.gz to device:1
[INFO] TDT(<PID>,python):2026-09-20-15:58:00.065.507 [package_loader.cpp:454][SupportLoadPkg][tid:<PID>] current device chip:15 does not support package:cann-tsch-compat.tar.gz
[INFO] TDT(<PID>,python):2026-09-20-15:58:00.065.511 [package_loader.cpp:467][LoadSinglePackageToDevice][tid:<PID>] current package:cann-tsch-compat.tar.gz does not need to load to device:1
[INFO] TDT(<PID>,python):2026-09-20-15:58:00.065.515 [package_loader.cpp:464][LoadSinglePackageToDevice][tid:<PID>] begin to load package:cann-udf-compat.tar.gz to device:1
[INFO] TDT(<PID>,python):2026-09-20-15:58:00.065.520 [package_loader.cpp:467][LoadSinglePackageToDevice][tid:<PID>] current package:cann-udf-compat.tar.gz does not need to load to device:1
[INFO] TDT(<PID>,python):2026-09-20-15:58:00.065.524 [package_loader.cpp:464][LoadSinglePackageToDevice][tid:<PID>] begin to load package:mc2_server.tar.gz to device:1
[INFO] TDT(<PID>,python):2026-09-20-15:58:00.065.534 [package_process_config.cpp:396][GetPkgHostAndDeviceDstPath][tid:<PID>] get orgFile:<CANN>/opp/built-in/op_impl/aicpu/kernel/mc2_server.tar.gz, dstFile:<EXTERNAL_PATH>
[INFO] TDT(<PID>,python):2026-09-20-15:58:00.068.578 [package_loader.cpp:491][LoadSinglePackageToDevice][tid:<PID>] current package:mc2_server.tar.gz is same as device, skip load
[INFO] TDT(<PID>,python):2026-09-20-15:58:00.068.596 [hdc_message_builder.cpp:54][SetProcSignPid][tid:<PID>] [HdcMessageBuilder] tsd get process sign successfully, procpid[<IDENTITY>]
[INFO] TDT(<PID>,python):2026-09-20-15:58:00.068.628 [version_verify.cpp:117][SpecialFeatureCheck][tid:<PID>] VersionVerify: previous type[6], supported
[INFO] TDT(<PID>,python):2026-09-20-15:58:00.068.748 [tsd_process_controller.cpp:111][WaitOpenRsp][tid:<PID>] [ProcessModeManager] deviceId[<DEVICE>] sessionId[1] rankSize[0], wait subprocess start response
[INFO] TDT(<PID>,python):2026-09-20-15:58:00.509.910 [tsd_process_controller.cpp:472][ProcessQueueForAdc][tid:<PID>] [TsdClient] it is unnecessary for current mode[0] to grant queue auth to aicpusd
[INFO] TDT(<PID>,python):2026-09-20-15:58:00.509.924 [tsd_process_controller.cpp:134][LogOpenProcessDuration][tid:<PID>] [TsdClient][deviceId=<DEVICE>] [sessionId=1] start hccp and computer process success,phase4:[785]ms send open message to device,phase5:[441]ms receive open message to device,phase6:[0]ms process for adc on host,whole duration:[1226]ms
[INFO] DRV(<PID>,python):2026-09-20-15:58:00.509.972 [event_sched.c:1536][ascend][curpid:<IDENTITY>,536583][drv][event-sche][esched_device_open]The dev_id has opened. (dev_id=<DEVICE>)
[INFO] DRV(<PID>,python):2026-09-20-15:58:00.510.870 [drv_share_log.c:233][ascend][curpid:<IDENTITY>,536583][drv][devmm][share_log_read_in_single_module]Open. (udevid=<DEVICE>; tgid=2001130)
[INFO] DRV(<PID>,python):2026-09-20-15:58:00.511.443 [drv_share_log.c:233][ascend][curpid:<IDENTITY>,536583][drv][devmm][share_log_read_in_single_module]Open. (udevid=<DEVICE>; tgid=2001130)
[INFO] DRV(<PID>,python):2026-09-20-15:58:00.558.801 [queue_interface.c:954][ascend][curpid:<IDENTITY>,536583][drv][queuemng][queue_device_open]queue open finish. (dev_id=<DEVICE>)
[INFO] RUNTIME(<PID>,python):2026-09-20-15:58:00.559.096 [raw_device.cc:589] <PID> Init: isAddrFlat:0
[INFO] TDT(<PID>,python):2026-09-20-15:58:00.564.518 [tsd_client.cpp:188][TsdCapabilityGet][tid:<PID>] TsdCapabilityGet Begin.
[INFO] TDT(<PID>,python):2026-09-20-15:58:00.564.528 [capability_manager.cpp:489][CapabilityGet][tid:<PID>] [CapabilityManager] enter into CapabilityGet process deviceId[<DEVICE>] type[0].
[INFO] TDT(<PID>,python):2026-09-20-15:58:00.564.536 [hdc_message_builder.cpp:54][SetProcSignPid][tid:<PID>] [HdcMessageBuilder] tsd get process sign successfully, procpid[<IDENTITY>]
[INFO] TDT(<PID>,python):2026-09-20-15:58:00.564.543 [version_verify.cpp:117][SpecialFeatureCheck][tid:<PID>] VersionVerify: previous type[38], supported
[INFO] TDT(<PID>,python):2026-09-20-15:58:00.564.647 [capability_manager.cpp:514][CapabilityGet][tid:<PID>] [CapabilityManager][deviceId=<DEVICE>] [sessionId=1] [type=0]send capability successfully.
[INFO] TDT(<PID>,python):2026-09-20-15:58:00.566.947 [capability_manager.cpp:564][HandlePidQosRsp][tid:<PID>] [TsdClient] PidQosMsgProc recvMsg realDeviceId[<DEVICE>] msgType[39] localDevId[<DEVICE>] rspCode[0],pidqos[1]
[INFO] TDT(<PID>,python):2026-09-20-15:58:00.566.953 [capability_manager.cpp:520][CapabilityGet][tid:<PID>] [CapabilityManager][logicDeviceId_=1][type=0][pidQos=1][ret=0]recv capability response finished.
[INFO] RUNTIME(<PID>,python):2026-09-20-15:58:00.566.963 [engine.cc:77] <PID> Engine: Constructor.
[INFO] RUNTIME(<PID>,python):2026-09-20-15:58:00.566.967 [stars_engine.cc:51] <PID> StarsEngine: Constructor.
[INFO] RUNTIME(<PID>,python):2026-09-20-15:58:00.610.256 [runtime.cc:5453] <PID> CreateReportRasThread: Start report ras thread success!
[INFO] RUNTIME(<PID>,python):2026-09-20-15:58:00.610.325 [npu_driver_res.cc:305] <PID> GetDeviceStatus: GetDeviceStatus status=1.
[INFO] ATRACE(<PID>,python):2026-09-20-15:58:00.619.126 [tracer_mgr_operate.c:66](tid:<PID>) create object RUNTIME_ATRACE_DEV1_TS0 successfully, exitSave(false), noLock(false).
[INFO] TDT(<PID>,python):2026-09-20-15:58:00.619.145 [client_manager.cpp:194][SetProfilingCallback][tid:<PID>] [TsdClient] set profiling callback successfully
[INFO] RUNTIME(<PID>,python):2026-09-20-15:58:01.611.041 [runtime.cc:5659] <PID> ReportPageFaultProc: pageFaultSupportFlag_=0.
[INFO] RUNTIME(<PID>,python):2026-09-20-16:08:02.454.702 [context.cc:474] <PID> TryToRecycleProgPool: recycle prog pool
[INFO] RUNTIME(<PID>,python):2026-09-20-16:08:02.455.035 [raw_device.cc:427] <PID> TryToRecycleModulesPool: recycle raw dev pool
[INFO] ASCENDCL(<PID>,python):2026-09-20-16:09:28.701.682 [resource_statistics.cpp:113]<PID> TraverseStatistics: The ResourceType:ACL_STATISTICS_MALLOC_FREE, applyTotal = 142, applySucc = 142, releaseTotal = 130, releaseSucc = 130
[INFO] ASCENDCL(<PID>,python):2026-09-20-16:09:28.701.699 [resource_statistics.cpp:113]<PID> TraverseStatistics: The ResourceType:ACL_STATISTICS_MALLOC_FREE_HOST, applyTotal = 0, applySucc = 0, releaseTotal = 0, releaseSucc = 0
[INFO] ASCENDCL(<PID>,python):2026-09-20-16:09:28.701.704 [resource_statistics.cpp:113]<PID> TraverseStatistics: The ResourceType:ACL_STATISTICS_CREATE_DESTROY_CONTEXT, applyTotal = 0, applySucc = 0, releaseTotal = 0, releaseSucc = 0
[INFO] ASCENDCL(<PID>,python):2026-09-20-16:09:28.701.708 [resource_statistics.cpp:113]<PID> TraverseStatistics: The ResourceType:ACL_STATISTICS_SET_RESET_DEVICE, applyTotal = 2, applySucc = 2, releaseTotal = 1, releaseSucc = 1
[INFO] ASCENDCL(<PID>,python):2026-09-20-16:09:28.701.712 [resource_statistics.cpp:113]<PID> TraverseStatistics: The ResourceType:ACL_STATISTICS_CREATE_DESTROY_EVENT, applyTotal = 0, applySucc = 0, releaseTotal = 0, releaseSucc = 0
[INFO] ASCENDCL(<PID>,python):2026-09-20-16:09:28.701.716 [resource_statistics.cpp:113]<PID> TraverseStatistics: The ResourceType:ACL_STATISTICS_CREATE_DESTROY_STREAM, applyTotal = 2, applySucc = 2, releaseTotal = 1, releaseSucc = 1
[INFO] ASCENDCL(<PID>,python):2026-09-20-16:09:28.701.720 [resource_statistics.cpp:113]<PID> TraverseStatistics: The ResourceType:ACL_STATISTICS_DVPP_MALLOC_FREE, applyTotal = 0, applySucc = 0, releaseTotal = 0, releaseSucc = 0
[INFO] ASCENDCL(<PID>,python):2026-09-20-16:09:28.701.724 [resource_statistics.cpp:113]<PID> TraverseStatistics: The ResourceType:ACL_STATISTICS_RECORD_RESET_EVENT, applyTotal = 0, applySucc = 0, releaseTotal = 0, releaseSucc = 0
[INFO] ASCENDCL(<PID>,python):2026-09-20-16:09:28.701.728 [resource_statistics.cpp:113]<PID> TraverseStatistics: The ResourceType:ACL_STATISTICS_CREATE_DESTROY_DATA_BUFFER, applyTotal = 0, applySucc = 0, releaseTotal = 0, releaseSucc = 0
[INFO] ASCENDCL(<PID>,python):2026-09-20-16:09:28.701.732 [resource_statistics.cpp:113]<PID> TraverseStatistics: The ResourceType:ACL_STATISTICS_CREATE_DESTROY_TENSOR_DESC, applyTotal = 0, applySucc = 0, releaseTotal = 0, releaseSucc = 0
[INFO] ASCENDCL(<PID>,python):2026-09-20-16:09:28.701.736 [resource_statistics.cpp:113]<PID> TraverseStatistics: The ResourceType:ACL_STATISTICS_CREATE_DESTROY_DESC, applyTotal = 0, applySucc = 0, releaseTotal = 0, releaseSucc = 0
[INFO] ASCENDCL(<PID>,python):2026-09-20-16:09:28.701.740 [resource_statistics.cpp:113]<PID> TraverseStatistics: The ResourceType:ACL_STATISTICS_CREATE_DESTROY_DATASET, applyTotal = 0, applySucc = 0, releaseTotal = 0, releaseSucc = 0
[INFO] ASCENDCL(<PID>,python):2026-09-20-16:09:28.701.744 [resource_statistics.cpp:113]<PID> TraverseStatistics: The ResourceType:ACL_STATISTICS_CREATE_LOAD_UNLOAD_MODEL, applyTotal = 0, applySucc = 0, releaseTotal = 0, releaseSucc = 0
[INFO] ASCENDCL(<PID>,python):2026-09-20-16:09:28.701.748 [resource_statistics.cpp:113]<PID> TraverseStatistics: The ResourceType:ACL_STATISTICS_CREATE_DESTROY_AIPP, applyTotal = 0, applySucc = 0, releaseTotal = 0, releaseSucc = 0
[INFO] ASCENDCL(<PID>,python):2026-09-20-16:09:28.701.752 [resource_statistics.cpp:113]<PID> TraverseStatistics: The ResourceType:ACL_STATISTICS_CREATE_DESTROY_ATTR, applyTotal = 0, applySucc = 0, releaseTotal = 0, releaseSucc = 0
[INFO] ASCENDCL(<PID>,python):2026-09-20-16:09:28.701.755 [resource_statistics.cpp:113]<PID> TraverseStatistics: The ResourceType:ACL_STATISTICS_CREATE_DESTROY_HANDLE, applyTotal = 0, applySucc = 0, releaseTotal = 0, releaseSucc = 0
[INFO] ASCENDCL(<PID>,python):2026-09-20-16:09:28.701.760 [resource_statistics.cpp:113]<PID> TraverseStatistics: The ResourceType:ACL_STATISTICS_CREATE_DESTROY_DVPP_CHANNEL_DESC, applyTotal = 0, applySucc = 0, releaseTotal = 0, releaseSucc = 0
[INFO] ASCENDCL(<PID>,python):2026-09-20-16:09:28.701.764 [resource_statistics.cpp:113]<PID> TraverseStatistics: The ResourceType:ACL_STATISTICS_CREATE_DESTROY_DVPP_PIC_DESC, applyTotal = 0, applySucc = 0, releaseTotal = 0, releaseSucc = 0
[INFO] ASCENDCL(<PID>,python):2026-09-20-16:09:28.701.769 [resource_statistics.cpp:113]<PID> TraverseStatistics: The ResourceType:ACL_STATISTICS_CREATE_DESTROY_DVPP_ROI_CONFIG, applyTotal = 0, applySucc = 0, releaseTotal = 0, releaseSucc = 0
[INFO] ASCENDCL(<PID>,python):2026-09-20-16:09:28.701.774 [resource_statistics.cpp:113]<PID> TraverseStatistics: The ResourceType:ACL_STATISTICS_CREATE_DESTROY_DVPP_RESIZE_CONFIG, applyTotal = 0, applySucc = 0, releaseTotal = 0, releaseSucc = 0
[INFO] ASCENDCL(<PID>,python):2026-09-20-16:09:28.701.779 [resource_statistics.cpp:113]<PID> TraverseStatistics: The ResourceType:ACL_STATISTICS_CREATE_DESTROY_DVPP_JPEGE_CONFIG, applyTotal = 0, applySucc = 0, releaseTotal = 0, releaseSucc = 0
[INFO] ASCENDCL(<PID>,python):2026-09-20-16:09:28.701.783 [resource_statistics.cpp:113]<PID> TraverseStatistics: The ResourceType:ACL_STATISTICS_CREATE_DESTROY_VDEC_CHANNEL_DESC, applyTotal = 0, applySucc = 0, releaseTotal = 0, releaseSucc = 0
[INFO] ASCENDCL(<PID>,python):2026-09-20-16:09:28.701.787 [resource_statistics.cpp:113]<PID> TraverseStatistics: The ResourceType:ACL_STATISTICS_CREATE_DESTROY_VENC_CHANNEL_DESC, applyTotal = 0, applySucc = 0, releaseTotal = 0, releaseSucc = 0
[INFO] ASCENDCL(<PID>,python):2026-09-20-16:09:28.701.790 [resource_statistics.cpp:113]<PID> TraverseStatistics: The ResourceType:ACL_STATISTICS_CREATE_DESTROY_DVPP_STREAM_DESC, applyTotal = 0, applySucc = 0, releaseTotal = 0, releaseSucc = 0
[INFO] ASCENDCL(<PID>,python):2026-09-20-16:09:28.701.794 [resource_statistics.cpp:113]<PID> TraverseStatistics: The ResourceType:ACL_STATISTICS_CREATE_DESTROY_VDEC_FRAME_CONFIG, applyTotal = 0, applySucc = 0, releaseTotal = 0, releaseSucc = 0
[INFO] ASCENDCL(<PID>,python):2026-09-20-16:09:28.701.798 [resource_statistics.cpp:113]<PID> TraverseStatistics: The ResourceType:ACL_STATISTICS_CREATE_DESTROY_VENC_FRAME_CONFIG, applyTotal = 0, applySucc = 0, releaseTotal = 0, releaseSucc = 0
[INFO] ASCENDCL(<PID>,python):2026-09-20-16:09:28.701.802 [resource_statistics.cpp:113]<PID> TraverseStatistics: The ResourceType:ACL_STATISTICS_CREATE_DESTROY_DVPP_CHANNEL, applyTotal = 0, applySucc = 0, releaseTotal = 0, releaseSucc = 0
[INFO] ASCENDCL(<PID>,python):2026-09-20-16:09:28.701.806 [resource_statistics.cpp:113]<PID> TraverseStatistics: The ResourceType:ACL_STATISTICS_CREATE_DESTROY_VDEC_CHANNEL, applyTotal = 0, applySucc = 0, releaseTotal = 0, releaseSucc = 0
[INFO] ASCENDCL(<PID>,python):2026-09-20-16:09:28.701.810 [resource_statistics.cpp:113]<PID> TraverseStatistics: The ResourceType:ACL_STATISTICS_CREATE_DESTROY_VENC_CHANNEL, applyTotal = 0, applySucc = 0, releaseTotal = 0, releaseSucc = 0
[INFO] ASCENDCL(<PID>,python):2026-09-20-16:09:28.701.814 [resource_statistics.cpp:113]<PID> TraverseStatistics: The ResourceType:ACL_STATISTICS_CREATE_DESTROY_DVPP_BATCH_PIC_DESC, applyTotal = 0, applySucc = 0, releaseTotal = 0, releaseSucc = 0
[INFO] ASCENDCL(<PID>,python):2026-09-20-16:09:28.701.818 [resource_statistics.cpp:113]<PID> TraverseStatistics: The ResourceType:ACL_STATISTICS_CREATE_DESTROY_GROUP_INFO, applyTotal = 0, applySucc = 0, releaseTotal = 0, releaseSucc = 0
[INFO] ASCENDCL(<PID>,python):2026-09-20-16:09:28.701.822 [resource_statistics.cpp:113]<PID> TraverseStatistics: The ResourceType:ACL_STATISTICS_CREATE_DESTROY_PROF_CONFIG, applyTotal = 0, applySucc = 0, releaseTotal = 0, releaseSucc = 0
[INFO] ASCENDCL(<PID>,python):2026-09-20-16:09:28.701.826 [resource_statistics.cpp:113]<PID> TraverseStatistics: The ResourceType:ACL_STATISTICS_CREATE_DESTROY_PROF_SUB_CONFIG, applyTotal = 0, applySucc = 0, releaseTotal = 0, releaseSucc = 0
[INFO] ASCENDCL(<PID>,python):2026-09-20-16:09:28.701.830 [resource_statistics.cpp:113]<PID> TraverseStatistics: The ResourceType:ACL_STATISTICS_CREATE_DESTROY_MODEL_CONFIG, applyTotal = 0, applySucc = 0, releaseTotal = 0, releaseSucc = 0
[INFO] ASCENDCL(<PID>,python):2026-09-20-16:09:28.701.834 [resource_statistics.cpp:113]<PID> TraverseStatistics: The ResourceType:ACL_STATISTICS_CREATE_DESTROY_QUEUE_ID, applyTotal = 0, applySucc = 0, releaseTotal = 0, releaseSucc = 0
[INFO] ASCENDCL(<PID>,python):2026-09-20-16:09:28.701.839 [resource_statistics.cpp:113]<PID> TraverseStatistics: The ResourceType:ACL_STATISTICS_CREATE_DESTROY_QUEUE_ATTR, applyTotal = 0, applySucc = 0, releaseTotal = 0, releaseSucc = 0
[INFO] ASCENDCL(<PID>,python):2026-09-20-16:09:28.701.843 [resource_statistics.cpp:113]<PID> TraverseStatistics: The ResourceType:ACL_STATISTICS_CREATE_DESTROY_QUEUE_ROUTE, applyTotal = 0, applySucc = 0, releaseTotal = 0, releaseSucc = 0
[INFO] ASCENDCL(<PID>,python):2026-09-20-16:09:28.701.847 [resource_statistics.cpp:113]<PID> TraverseStatistics: The ResourceType:ACL_STATISTICS_CREATE_DESTROY_QUEUE_ROUTE_LIST, applyTotal = 0, applySucc = 0, releaseTotal = 0, releaseSucc = 0
[INFO] ASCENDCL(<PID>,python):2026-09-20-16:09:28.701.851 [resource_statistics.cpp:113]<PID> TraverseStatistics: The ResourceType:ACL_STATISTICS_CREATE_DESTROY_QUEUE_ROUTE_QUERY, applyTotal = 0, applySucc = 0, releaseTotal = 0, releaseSucc = 0
[INFO] ASCENDCL(<PID>,python):2026-09-20-16:09:28.701.855 [resource_statistics.cpp:113]<PID> TraverseStatistics: The ResourceType:ACL_STATISTICS_CREATE_DESTROY_MBUF, applyTotal = 0, applySucc = 0, releaseTotal = 0, releaseSucc = 0
[INFO] ASCENDCL(<PID>,python):2026-09-20-16:09:28.701.859 [resource_statistics.cpp:113]<PID> TraverseStatistics: The ResourceType:ACL_STATISTICS_CREATE_DESTROY_GRAPH_DUMP_OPTION, applyTotal = 0, applySucc = 0, releaseTotal = 0, releaseSucc = 0
[INFO] ASCENDCL(<PID>,python):2026-09-20-16:09:28.701.863 [resource_statistics.cpp:113]<PID> TraverseStatistics: The ResourceType:ACL_STATISTICS_CREATE_DESTROY_ALLOCATOR_DESC, applyTotal = 0, applySucc = 0, releaseTotal = 0, releaseSucc = 0
[INFO] ASCENDCL(<PID>,python):2026-09-20-16:09:28.701.866 [resource_statistics.cpp:113]<PID> TraverseStatistics: The ResourceType:ACL_STATISTICS_CREATE_DESTROY_ALLOCATOR_BINARY_DESC, applyTotal = 0, applySucc = 0, releaseTotal = 0, releaseSucc = 0
[INFO] ASCENDCL(<PID>,python):2026-09-20-16:09:28.701.870 [resource_statistics.cpp:113]<PID> TraverseStatistics: The ResourceType:ACL_STATISTICS_RESERVE_RELEASE_MEMORY_ADDRESS, applyTotal = 0, applySucc = 0, releaseTotal = 0, releaseSucc = 0
[INFO] ASCENDCL(<PID>,python):2026-09-20-16:09:28.701.874 [resource_statistics.cpp:113]<PID> TraverseStatistics: The ResourceType:ACL_STATISTICS_MALLOC_FREE_PHYSICAL_MEMORY, applyTotal = 0, applySucc = 0, releaseTotal = 0, releaseSucc = 0
[INFO] ASCENDCL(<PID>,python):2026-09-20-16:09:28.701.878 [resource_statistics.cpp:113]<PID> TraverseStatistics: The ResourceType:ACL_STATISTICS_MAP_UNMAP_MEMORY, applyTotal = 0, applySucc = 0, releaseTotal = 0, releaseSucc = 0
[INFO] ASCENDCL(<PID>,python):2026-09-20-16:09:28.701.882 [resource_statistics.cpp:113]<PID> TraverseStatistics: The ResourceType:ACL_STATISTICS_LOAD_UNLOAD_BINARY, applyTotal = 0, applySucc = 0, releaseTotal = 0, releaseSucc = 0
[INFO] DRV(<PID>,python):2026-09-20-16:09:29.202.104 [drv_share_log.c:233][ascend][curpid:<IDENTITY>,536583][drv][hdc][share_log_read_in_single_module]Server destroy success. (dev_id=<DEVICE>; fid=0; service="service_dump"; pid=<IDENTITY>)
[INFO] DRV(<PID>,python):2026-09-20-16:09:29.202.140 [drv_share_log.c:233][ascend][curpid:<IDENTITY>,536583][drv][hdc][share_log_read_in_single_module]Server destroy success. (dev_id=<DEVICE>; fid=0; service="service_dump"; pid=<IDENTITY>)
[INFO] RUNTIME(<PID>,python):2026-09-20-16:09:30.777.200 [runtime.cc:5493] <PID> ReportRasRun: Report ras thread exits normally!
[INFO] RUNTIME(<PID>,python):2026-09-20-16:09:31.767.013 [runtime.cc:5463] <PID> DestroyReportRasThread: Join report ras thread OK.
[INFO] RUNTIME(<PID>,python):2026-09-20-16:09:31.767.035 [runtime.cc:1582] <PID> WaitMonitorExit: wait monitor success, used count=0.
[INFO] RUNTIME(<PID>,python):2026-09-20-16:09:31.937.706 [xpu_task_fail_callback_data_manager.cc:64] <PID> ~XpuTaskFailCallBackManager: XpuTaskFailCallBackManager Destructor.
[INFO] RUNTIME(<PID>,python):2026-09-20-16:09:31.937.717 [task_fail_callback_data_manager.cc:91] <PID> ~TaskFailCallBackManager: Destructor.
[INFO] ATRACE(<PID>,python):2026-09-20-16:09:32.042.189 [stacktrace_signal.c:229](tid:<PID>) unregister all signal handlers, can not capture signal.
[INFO] ATRACE(<PID>,python):2026-09-20-16:09:32.123.390 [atrace_client_core.c:127](tid:<PID>) atrace receive thread exited, devId=<DEVICE>.
