[INFO] ATRACE(<PID>,python):2026-09-20-15:39:44.143.076 [trace_recorder.c:166](tid:<PID>) get path by env ASCEND_WORK_PATH: <TASK_NATIVE>/work
[INFO] RUNTIME(<PID>,python):2026-09-20-15:39:44.145.471 [task_fail_callback_data_manager.cc:89] <PID> TaskFailCallBackManager: Constructor.
[INFO] RUNTIME(<PID>,python):2026-09-20-15:39:44.145.484 [xpu_task_fail_callback_data_manager.cc:59] <PID> XpuTaskFailCallBackManager: XpuTaskFailCallBackManager Constructor.
[INFO] RUNTIME(<PID>,python):2026-09-20-15:39:44.193.282 [runtime_keeper.cc:213] <PID> CreateRuntimeImpl: Open libruntime_v200.so successfully
[INFO] RUNTIME(<PID>,python):2026-09-20-15:39:44.195.558 [runtime.cc:5059] <PID> GetVisibleDevices: real deviceCnt:2 userDeviceCnt:1 isSetVisibleDev:1 ASCEND_RT_VISIBLE_DEVICES:[<DEVICE>] available visible devices:[<DEVICE>]
[INFO] TDT(<PID>,python):2026-09-20-15:39:44.197.464 [package_worker_factory.cpp:37][RegisterPackageWorkerCreator][tid:<PID>] Register[2] package worker was created successfully
[INFO] TDT(<PID>,python):2026-09-20-15:39:44.197.483 [package_worker_factory.cpp:37][RegisterPackageWorkerCreator][tid:<PID>] Register[3] package worker was created successfully
[INFO] HCCL(<PID>,python):2026-09-20-15:39:44.335.220 [adapter_rts.cc:2637] [527803][adapter_rts.cc][CallBackInitRts] g_deviceType [9] g_deviceLogicId [-1] g_devicePhyId [-1]
[INFO] GE(<PID>,python):2026-09-20-15:39:53.415.486 [op_tiling_manager.cc:109]<PID> ~FuncPerfScope:[GEPERFTRACE] The time cost of OpTilingManager::LoadSo is [2591] micro seconds.
[INFO] IDEDD(<PID>,python):2026-09-20-15:39:53.467.021 [adx_dump_record.cpp:699][tid:<PID>] start dump thread, remote dump record temp path : <TASK_NATIVE>/.
[INFO] DRV(<PID>,python):2026-09-20-15:39:53.475.324 [drv_share_log.c:233][ascend][curpid:<IDENTITY>,527815][drv][hdc][share_log_read_in_single_module]Server create success. (dev_id=<DEVICE>; fid=0; pid=<IDENTITY>; service_type="service_dump")
[INFO] DRV(<PID>,python):2026-09-20-15:39:53.475.528 [drv_share_log.c:233][ascend][curpid:<IDENTITY>,527815][drv][hdc][share_log_read_in_single_module]Server create success. (dev_id=<DEVICE>; fid=0; pid=<IDENTITY>; service_type="service_dump")
[INFO] IDEDD(<PID>,python):2026-09-20-15:39:53.478.211 [dump_manager.cpp:241][tid:<PID>] Set aic_err_brief_dump[3] dump setting, status: on, dump switch: 3
[INFO] ASCENDCL(<PID>,python):2026-09-20-15:39:53.481.915 [acl_op_resource_manager.cpp:60]<PID> GetRuntimeV2Env: runtime v2 flag : model flag = 1, singleOp flag = 1
[INFO] PROFILING(<PID>,python):2026-09-20-15:39:53.487.932 [platform.cpp:52] (tid:<PID>) Profiling platform version: 1.0.
[INFO] PROFILING(<PID>,python):2026-09-20-15:39:53.487.967 [platform.cpp:272] (tid:<PID>) Succeeded to DrvGetApiVersion version: 0x72418
[INFO] ASCENDCL(<PID>,python):2026-09-20-15:39:53.488.377 [acl.cpp:369]<PID> GetAllPackageVersion: Version of runtime package is 9.2.0
[INFO] ASCENDCL(<PID>,python):2026-09-20-15:39:53.488.427 [acl.cpp:369]<PID> GetAllPackageVersion: Version of runtime package is 9.2.0
[INFO] ASCENDCL(<PID>,python):2026-09-20-15:39:53.488.471 [acl.cpp:369]<PID> GetAllPackageVersion: Version of bisheng-compiler package is 9.2.0
[INFO] ASCENDCL(<PID>,python):2026-09-20-15:39:53.488.514 [acl.cpp:369]<PID> GetAllPackageVersion: Version of hccl package is 9.2.0
[INFO] ASCENDCL(<PID>,python):2026-09-20-15:39:53.488.567 [acl.cpp:369]<PID> GetAllPackageVersion: Version of oam-tools package is 9.2.0
[INFO] ASCENDCL(<PID>,python):2026-09-20-15:39:53.488.619 [acl.cpp:369]<PID> GetAllPackageVersion: Version of ops-legacy package is 9.2.0
[INFO] ASCENDCL(<PID>,python):2026-09-20-15:39:53.488.671 [acl.cpp:369]<PID> GetAllPackageVersion: Version of ops-legacy package is 9.2.0
[INFO] ASCENDCL(<PID>,python):2026-09-20-15:39:53.488.730 [acl.cpp:369]<PID> GetAllPackageVersion: Version of driver package is 7.0.t9.0.B798
[INFO] ATRACE(<PID>,python):2026-09-20-15:39:53.498.682 [atrace_client_core.c:160](tid:<PID>) start to receive device[1] trace log.
[INFO] ASCENDCL(<PID>,python):2026-09-20-15:39:53.498.717 [acl_resource_manager.cpp:128]<PID> GetRuntimeV2Env: runtime v2 flag : model flag = 1, singleOp flag = 1
[INFO] TDT(<PID>,python):2026-09-20-15:39:53.498.765 [client_manager.cpp:140][GetInstance][tid:<PID>] [ClientManager] Current mode:1
[INFO] TDT(<PID>,python):2026-09-20-15:39:53.498.866 [process_mode_manager.cpp:168][GetLogLevel][tid:<PID>] [TsdClient] get ASCEND_GLOBAL_LOG_LEVEL [] ASCEND_GLOBAL_EVENT_ENABLE [] ASCEND_MODULE_LOG_LEVEL []
[INFO] TDT(<PID>,python):2026-09-20-15:39:53.499.010 [tsd_process_controller.cpp:59][OpenProcess][tid:<PID>] [ProcessModeManager] enter into open process deviceId[<DEVICE>] rankSize[0]
[INFO] TDT(<PID>,python):2026-09-20-15:39:53.499.084 [capability_manager.cpp:401][IsSupportCommonSink][tid:<PID>] mutexFile[<EXTERNAL_PATH> found means supporting common sink
[INFO] TDT(<PID>,python):2026-09-20-15:39:53.499.369 [device_comm_agent.cpp:41][InitTsdClient][tid:<PID>] [TsdClient] deviceId[<DEVICE>] begin to init hdc client
[INFO] TDT(<PID>,python):2026-09-20-15:39:53.503.205 [version_verify.cpp:39][SetVersionInfo][tid:<PID>] VersionVerify: send client version to server
[INFO] TDT(<PID>,python):2026-09-20-15:39:53.506.191 [version_verify.cpp:71][PeerVersionCheck][tid:<PID>] VersionVerify: Check client version info, server[1230], client[1230]
[INFO] TDT(<PID>,python):2026-09-20-15:39:53.506.208 [version_verify.cpp:92][ParseVersionInfo][tid:<PID>] VersionVerify: pass client version info success
[INFO] TDT(<PID>,python):2026-09-20-15:39:53.506.212 [hdc_client.cpp:243][CheckHdcConnection][tid:<PID>] Service create hdc successfully.
[INFO] TDT(<PID>,python):2026-09-20-15:39:53.508.323 [package_env_info.cpp:131][GetShortSocVersion][tid:<PID>] get short_soc_version:Ascend950
[INFO] TDT(<PID>,python):2026-09-20-15:39:53.508.469 [package_process_config.cpp:265][SetConfigDataOnHost][tid:<PID>] insert package:Ascend-aicpu_legacy.tar.gz config
[INFO] TDT(<PID>,python):2026-09-20-15:39:53.508.487 [package_process_config.cpp:265][SetConfigDataOnHost][tid:<PID>] insert package:Ascend910-aicpu_legacy.tar.gz config
[INFO] TDT(<PID>,python):2026-09-20-15:39:53.508.499 [package_process_config.cpp:265][SetConfigDataOnHost][tid:<PID>] insert package:Ascend310P-aicpu_legacy.tar.gz config
[INFO] TDT(<PID>,python):2026-09-20-15:39:53.508.517 [package_process_config.cpp:265][SetConfigDataOnHost][tid:<PID>] insert package:aicpu_hccl.tar.gz config
[INFO] TDT(<PID>,python):2026-09-20-15:39:53.508.529 [package_process_config.cpp:265][SetConfigDataOnHost][tid:<PID>] insert package:mc2_server.tar.gz config
[INFO] TDT(<PID>,python):2026-09-20-15:39:53.508.542 [package_process_config.cpp:265][SetConfigDataOnHost][tid:<PID>] insert package:aicpu_hcomm.tar.gz config
[INFO] TDT(<PID>,python):2026-09-20-15:39:53.508.560 [package_process_config.cpp:265][SetConfigDataOnHost][tid:<PID>] insert package:cann-hixl-compat.tar.gz config
[INFO] TDT(<PID>,python):2026-09-20-15:39:53.508.574 [package_process_config.cpp:265][SetConfigDataOnHost][tid:<PID>] insert package:cann-hcomm-compat.tar.gz config
[INFO] TDT(<PID>,python):2026-09-20-15:39:53.508.585 [package_process_config.cpp:265][SetConfigDataOnHost][tid:<PID>] insert package:cann-hccd-compat.tar.gz config
[INFO] TDT(<PID>,python):2026-09-20-15:39:53.508.597 [package_process_config.cpp:265][SetConfigDataOnHost][tid:<PID>] insert package:cann-udf-compat.tar.gz config
[INFO] TDT(<PID>,python):2026-09-20-15:39:53.508.610 [package_process_config.cpp:265][SetConfigDataOnHost][tid:<PID>] insert package:cann-tsch-compat.tar.gz config
[INFO] TDT(<PID>,python):2026-09-20-15:39:53.508.637 [package_process_config.cpp:331][RefreshHostPluginVersions][tid:<PID>] host plugin pkg:cann-hcomm-compat.tar.gz ini parsed, version:9.2.0 timestamp:20260805_101249091
[INFO] TDT(<PID>,python):2026-09-20-15:39:53.508.654 [package_process_config.cpp:331][RefreshHostPluginVersions][tid:<PID>] host plugin pkg:cann-tsch-compat.tar.gz ini parsed, version:9.2.0 timestamp:20260805_101249091
[INFO] TDT(<PID>,python):2026-09-20-15:39:53.508.661 [hdc_message_builder.cpp:54][SetProcSignPid][tid:<PID>] [HdcMessageBuilder] tsd get process sign successfully, procpid[<IDENTITY>]
[INFO] TDT(<PID>,python):2026-09-20-15:39:53.508.707 [version_verify.cpp:117][SpecialFeatureCheck][tid:<PID>] VersionVerify: previous type[69], supported
[INFO] TDT(<PID>,python):2026-09-20-15:39:53.509.958 [plugin_version_manager.cpp:114][HandleDevicePluginVersionRsp][tid:<PID>] device plugin info rsp, pkgCount:0
[INFO] TDT(<PID>,python):2026-09-20-15:39:53.509.971 [package_loader.cpp:427][LoadPackageConfigInfoToDevice][tid:<PID>] Receive load package config response result:0
[INFO] TDT(<PID>,python):2026-09-20-15:39:53.510.017 [capability_manager.cpp:401][IsSupportCommonSink][tid:<PID>] mutexFile[<EXTERNAL_PATH> found means supporting common sink
[INFO] TDT(<PID>,python):2026-09-20-15:39:53.510.028 [package_loader.cpp:134][ShouldLoadLegacyPackage][tid:<PID>] [TsdClient][logicDeviceId_=1] use legacy package
[INFO] TDT(<PID>,python):2026-09-20-15:39:53.510.200 [package_env_info.cpp:221][CheckPackageExistsOnce][tid:<PID>] [TsdClient][deviceId=<DEVICE>] pkg size[0] in path[<CANN>/opp/built-in/] must be only one, skip send package, packageType[6]
[INFO] TDT(<PID>,python):2026-09-20-15:39:53.510.207 [package_loader.cpp:103][LoadSysOpKernel][tid:<PID>] [TsdClient][logicDeviceId_=1] cannot find aicpu packages
[INFO] TDT(<PID>,python):2026-09-20-15:39:53.510.225 [capability_manager.cpp:401][IsSupportCommonSink][tid:<PID>] mutexFile[<EXTERNAL_PATH> found means supporting common sink
[INFO] TDT(<PID>,python):2026-09-20-15:39:53.510.239 [package_loader.cpp:464][LoadSinglePackageToDevice][tid:<PID>] begin to load package:Ascend-aicpu_legacy.tar.gz to device:1
[INFO] TDT(<PID>,python):2026-09-20-15:39:53.510.252 [package_process_config.cpp:396][GetPkgHostAndDeviceDstPath][tid:<PID>] get orgFile:<CANN>/opp/Ascend/aicpu/Ascend-aicpu_legacy.tar.gz, dstFile:<EXTERNAL_PATH>
[INFO] TDT(<PID>,python):2026-09-20-15:39:54.402.392 [package_env_info.cpp:109][GetCurHostMutexFile][tid:<PID>] get masterId:1, logicDeviceId:<DEVICE>, physicalDeviceId[<DEVICE>],devOsId:1, mutexFile:sink_file_mutex_1.cfg, maxcount:8
[INFO] TDT(<PID>,python):2026-09-20-15:39:54.402.413 [package_sender.cpp:117][SendHostPackageComplex][tid:<PID>] get host mutex file:<EXTERNAL_PATH>, logicDeviceId:<DEVICE>
[INFO] TDT(<PID>,python):2026-09-20-15:39:54.402.509 [version_verify.cpp:117][SpecialFeatureCheck][tid:<PID>] VersionVerify: previous type[67], supported
[INFO] TDT(<PID>,python):2026-09-20-15:39:54.402.631 [package_check_code_service.cpp:101][GetDeviceCheckCodeOnce][tid:<PID>] [TsdClient][deviceId=<DEVICE>] [sessionId=1] wait package info response
[INFO] TDT(<PID>,python):2026-09-20-15:39:54.404.862 [package_sender.cpp:47][SendAICPUPackageSimple][tid:<PID>] [TsdClient][deviceId=<DEVICE>] no equal to begin send file[<CANN>/opp/Ascend/aicpu/Ascend-aicpu_legacy.tar.gz] to [<EXTERNAL_PATH>
[INFO] TDT(<PID>,python):2026-09-20-15:39:54.559.120 [package_sender.cpp:70][SendAICPUPackageSimple][tid:<PID>] [TsdClient][deviceId=<DEVICE>] hdc send file[<CANN>/opp/Ascend/aicpu/Ascend-aicpu_legacy.tar.gz] to [<EXTERNAL_PATH> success
[INFO] TDT(<PID>,python):2026-09-20-15:39:54.559.171 [device_comm_agent.cpp:41][InitTsdClient][tid:<PID>] [TsdClient] deviceId[<DEVICE>] begin to init hdc client
[INFO] TDT(<PID>,python):2026-09-20-15:39:54.571.224 [version_verify.cpp:39][SetVersionInfo][tid:<PID>] VersionVerify: send client version to server
[INFO] TDT(<PID>,python):2026-09-20-15:39:54.572.665 [version_verify.cpp:71][PeerVersionCheck][tid:<PID>] VersionVerify: Check client version info, server[1230], client[1230]
[INFO] TDT(<PID>,python):2026-09-20-15:39:54.572.681 [version_verify.cpp:92][ParseVersionInfo][tid:<PID>] VersionVerify: pass client version info success
[INFO] TDT(<PID>,python):2026-09-20-15:39:54.572.689 [hdc_client.cpp:243][CheckHdcConnection][tid:<PID>] Service create hdc successfully.
[INFO] TDT(<PID>,python):2026-09-20-15:39:54.572.705 [version_verify.cpp:117][SpecialFeatureCheck][tid:<PID>] VersionVerify: previous type[67], supported
[INFO] TDT(<PID>,python):2026-09-20-15:39:54.572.841 [package_check_code_service.cpp:101][GetDeviceCheckCodeOnce][tid:<PID>] [TsdClient][deviceId=<DEVICE>] [sessionId=1] wait package info response
[INFO] TDT(<PID>,python):2026-09-20-15:40:01.578.241 [package_loader.cpp:502][LoadSinglePackageToDevice][tid:<PID>] load package:Ascend-aicpu_legacy.tar.gz to device:1 success
[INFO] TDT(<PID>,python):2026-09-20-15:40:01.578.260 [package_loader.cpp:464][LoadSinglePackageToDevice][tid:<PID>] begin to load package:Ascend310P-aicpu_legacy.tar.gz to device:1
[INFO] TDT(<PID>,python):2026-09-20-15:40:01.578.269 [package_loader.cpp:481][LoadSinglePackageToDevice][tid:<PID>] cannot find package:Ascend310P-aicpu_legacy.tar.gz, optional is true skip
[INFO] TDT(<PID>,python):2026-09-20-15:40:01.578.277 [package_loader.cpp:464][LoadSinglePackageToDevice][tid:<PID>] begin to load package:Ascend910-aicpu_legacy.tar.gz to device:1
[INFO] TDT(<PID>,python):2026-09-20-15:40:01.578.284 [package_loader.cpp:481][LoadSinglePackageToDevice][tid:<PID>] cannot find package:Ascend910-aicpu_legacy.tar.gz, optional is true skip
[INFO] TDT(<PID>,python):2026-09-20-15:40:01.578.289 [package_loader.cpp:464][LoadSinglePackageToDevice][tid:<PID>] begin to load package:aicpu_hccl.tar.gz to device:1
[INFO] TDT(<PID>,python):2026-09-20-15:40:01.578.301 [package_process_config.cpp:396][GetPkgHostAndDeviceDstPath][tid:<PID>] get orgFile:<CANN>/opp/built-in/op_impl/aicpu/kernel/aicpu_hccl.tar.gz, dstFile:<EXTERNAL_PATH>
[INFO] TDT(<PID>,python):2026-09-20-15:40:01.603.233 [package_env_info.cpp:109][GetCurHostMutexFile][tid:<PID>] get masterId:1, logicDeviceId:<DEVICE>, physicalDeviceId[<DEVICE>],devOsId:1, mutexFile:sink_file_mutex_1.cfg, maxcount:8
[INFO] TDT(<PID>,python):2026-09-20-15:40:01.603.259 [package_sender.cpp:117][SendHostPackageComplex][tid:<PID>] get host mutex file:<EXTERNAL_PATH>, logicDeviceId:<DEVICE>
[INFO] TDT(<PID>,python):2026-09-20-15:40:01.603.354 [device_comm_agent.cpp:41][InitTsdClient][tid:<PID>] [TsdClient] deviceId[<DEVICE>] begin to init hdc client
[INFO] TDT(<PID>,python):2026-09-20-15:40:01.603.784 [version_verify.cpp:39][SetVersionInfo][tid:<PID>] VersionVerify: send client version to server
[INFO] TDT(<PID>,python):2026-09-20-15:40:01.605.196 [version_verify.cpp:71][PeerVersionCheck][tid:<PID>] VersionVerify: Check client version info, server[1230], client[1230]
[INFO] TDT(<PID>,python):2026-09-20-15:40:01.605.212 [version_verify.cpp:92][ParseVersionInfo][tid:<PID>] VersionVerify: pass client version info success
[INFO] TDT(<PID>,python):2026-09-20-15:40:01.605.219 [hdc_client.cpp:243][CheckHdcConnection][tid:<PID>] Service create hdc successfully.
[INFO] TDT(<PID>,python):2026-09-20-15:40:01.605.233 [version_verify.cpp:117][SpecialFeatureCheck][tid:<PID>] VersionVerify: previous type[67], supported
[INFO] TDT(<PID>,python):2026-09-20-15:40:01.605.365 [package_check_code_service.cpp:101][GetDeviceCheckCodeOnce][tid:<PID>] [TsdClient][deviceId=<DEVICE>] [sessionId=1] wait package info response
[INFO] TDT(<PID>,python):2026-09-20-15:40:01.607.093 [package_sender.cpp:47][SendAICPUPackageSimple][tid:<PID>] [TsdClient][deviceId=<DEVICE>] no equal to begin send file[<CANN>/opp/built-in/op_impl/aicpu/kernel/aicpu_hccl.tar.gz] to [<EXTERNAL_PATH>
[INFO] TDT(<PID>,python):2026-09-20-15:40:01.623.388 [package_sender.cpp:70][SendAICPUPackageSimple][tid:<PID>] [TsdClient][deviceId=<DEVICE>] hdc send file[<CANN>/opp/built-in/op_impl/aicpu/kernel/aicpu_hccl.tar.gz] to [<EXTERNAL_PATH> success
[INFO] TDT(<PID>,python):2026-09-20-15:40:01.623.436 [device_comm_agent.cpp:41][InitTsdClient][tid:<PID>] [TsdClient] deviceId[<DEVICE>] begin to init hdc client
[INFO] TDT(<PID>,python):2026-09-20-15:40:01.623.793 [version_verify.cpp:39][SetVersionInfo][tid:<PID>] VersionVerify: send client version to server
[INFO] TDT(<PID>,python):2026-09-20-15:40:01.625.111 [version_verify.cpp:71][PeerVersionCheck][tid:<PID>] VersionVerify: Check client version info, server[1230], client[1230]
[INFO] TDT(<PID>,python):2026-09-20-15:40:01.625.130 [version_verify.cpp:92][ParseVersionInfo][tid:<PID>] VersionVerify: pass client version info success
[INFO] TDT(<PID>,python):2026-09-20-15:40:01.625.146 [hdc_client.cpp:243][CheckHdcConnection][tid:<PID>] Service create hdc successfully.
[INFO] TDT(<PID>,python):2026-09-20-15:40:01.625.159 [version_verify.cpp:117][SpecialFeatureCheck][tid:<PID>] VersionVerify: previous type[67], supported
[INFO] TDT(<PID>,python):2026-09-20-15:40:01.625.260 [package_check_code_service.cpp:101][GetDeviceCheckCodeOnce][tid:<PID>] [TsdClient][deviceId=<DEVICE>] [sessionId=1] wait package info response
[INFO] TDT(<PID>,python):2026-09-20-15:40:02.633.878 [package_loader.cpp:502][LoadSinglePackageToDevice][tid:<PID>] load package:aicpu_hccl.tar.gz to device:1 success
[INFO] TDT(<PID>,python):2026-09-20-15:40:02.633.993 [package_loader.cpp:464][LoadSinglePackageToDevice][tid:<PID>] begin to load package:aicpu_hcomm.tar.gz to device:1
[INFO] TDT(<PID>,python):2026-09-20-15:40:02.634.039 [package_process_config.cpp:396][GetPkgHostAndDeviceDstPath][tid:<PID>] get orgFile:<CANN>/opp/built-in/op_impl/aicpu/kernel/aicpu_hcomm.tar.gz, dstFile:<EXTERNAL_PATH>
[INFO] TDT(<PID>,python):2026-09-20-15:40:02.725.253 [package_env_info.cpp:109][GetCurHostMutexFile][tid:<PID>] get masterId:1, logicDeviceId:<DEVICE>, physicalDeviceId[<DEVICE>],devOsId:1, mutexFile:sink_file_mutex_1.cfg, maxcount:8
[INFO] TDT(<PID>,python):2026-09-20-15:40:02.725.276 [package_sender.cpp:117][SendHostPackageComplex][tid:<PID>] get host mutex file:<EXTERNAL_PATH>, logicDeviceId:<DEVICE>
[INFO] TDT(<PID>,python):2026-09-20-15:40:02.725.373 [device_comm_agent.cpp:41][InitTsdClient][tid:<PID>] [TsdClient] deviceId[<DEVICE>] begin to init hdc client
[INFO] TDT(<PID>,python):2026-09-20-15:40:02.725.843 [version_verify.cpp:39][SetVersionInfo][tid:<PID>] VersionVerify: send client version to server
[INFO] TDT(<PID>,python):2026-09-20-15:40:02.727.445 [version_verify.cpp:71][PeerVersionCheck][tid:<PID>] VersionVerify: Check client version info, server[1230], client[1230]
[INFO] TDT(<PID>,python):2026-09-20-15:40:02.727.462 [version_verify.cpp:92][ParseVersionInfo][tid:<PID>] VersionVerify: pass client version info success
[INFO] TDT(<PID>,python):2026-09-20-15:40:02.727.470 [hdc_client.cpp:243][CheckHdcConnection][tid:<PID>] Service create hdc successfully.
[INFO] TDT(<PID>,python):2026-09-20-15:40:02.727.486 [version_verify.cpp:117][SpecialFeatureCheck][tid:<PID>] VersionVerify: previous type[67], supported
[INFO] TDT(<PID>,python):2026-09-20-15:40:02.727.598 [package_check_code_service.cpp:101][GetDeviceCheckCodeOnce][tid:<PID>] [TsdClient][deviceId=<DEVICE>] [sessionId=1] wait package info response
[INFO] TDT(<PID>,python):2026-09-20-15:40:02.728.709 [package_sender.cpp:47][SendAICPUPackageSimple][tid:<PID>] [TsdClient][deviceId=<DEVICE>] no equal to begin send file[<CANN>/opp/built-in/op_impl/aicpu/kernel/aicpu_hcomm.tar.gz] to [<EXTERNAL_PATH>
[INFO] TDT(<PID>,python):2026-09-20-15:40:02.795.626 [package_sender.cpp:70][SendAICPUPackageSimple][tid:<PID>] [TsdClient][deviceId=<DEVICE>] hdc send file[<CANN>/opp/built-in/op_impl/aicpu/kernel/aicpu_hcomm.tar.gz] to [<EXTERNAL_PATH> success
[INFO] TDT(<PID>,python):2026-09-20-15:40:02.795.677 [device_comm_agent.cpp:41][InitTsdClient][tid:<PID>] [TsdClient] deviceId[<DEVICE>] begin to init hdc client
[INFO] TDT(<PID>,python):2026-09-20-15:40:02.796.008 [version_verify.cpp:39][SetVersionInfo][tid:<PID>] VersionVerify: send client version to server
[INFO] TDT(<PID>,python):2026-09-20-15:40:02.797.424 [version_verify.cpp:71][PeerVersionCheck][tid:<PID>] VersionVerify: Check client version info, server[1230], client[1230]
[INFO] TDT(<PID>,python):2026-09-20-15:40:02.797.441 [version_verify.cpp:92][ParseVersionInfo][tid:<PID>] VersionVerify: pass client version info success
[INFO] TDT(<PID>,python):2026-09-20-15:40:02.797.448 [hdc_client.cpp:243][CheckHdcConnection][tid:<PID>] Service create hdc successfully.
[INFO] TDT(<PID>,python):2026-09-20-15:40:02.797.463 [version_verify.cpp:117][SpecialFeatureCheck][tid:<PID>] VersionVerify: previous type[67], supported
[INFO] TDT(<PID>,python):2026-09-20-15:40:02.797.597 [package_check_code_service.cpp:101][GetDeviceCheckCodeOnce][tid:<PID>] [TsdClient][deviceId=<DEVICE>] [sessionId=1] wait package info response
[INFO] TDT(<PID>,python):2026-09-20-15:40:04.801.153 [package_loader.cpp:502][LoadSinglePackageToDevice][tid:<PID>] load package:aicpu_hcomm.tar.gz to device:1 success
[INFO] TDT(<PID>,python):2026-09-20-15:40:04.801.177 [package_loader.cpp:464][LoadSinglePackageToDevice][tid:<PID>] begin to load package:cann-hccd-compat.tar.gz to device:1
[INFO] TDT(<PID>,python):2026-09-20-15:40:04.801.267 [package_loader.cpp:467][LoadSinglePackageToDevice][tid:<PID>] current package:cann-hccd-compat.tar.gz does not need to load to device:1
[INFO] TDT(<PID>,python):2026-09-20-15:40:04.801.293 [package_loader.cpp:464][LoadSinglePackageToDevice][tid:<PID>] begin to load package:cann-hcomm-compat.tar.gz to device:1
[INFO] TDT(<PID>,python):2026-09-20-15:40:04.801.318 [package_process_config.cpp:396][GetPkgHostAndDeviceDstPath][tid:<PID>] get orgFile:<CANN>/compat/cann-hcomm-compat.tar.gz, dstFile:<EXTERNAL_PATH>
[WARNING] TDT(<PID>,python):2026-09-20-15:40:04.843.199 [plugin_version_manager.cpp:38][GetPluginUpdateStrategy][tid:<PID>] [TsdClient][deviceId=<DEVICE>] halGetDeviceInfo(INFO_TYPE_SWPLUGIN_UPGRADE_POLICY) failed, retCode[3], fallback to PLUGIN_NOT_FORCE_UPDATE
[INFO] TDT(<PID>,python):2026-09-20-15:40:04.843.226 [plugin_version_manager.cpp:76][CompareHostDeviceCompatPluginVersion][tid:<PID>] device plugin pkg:cann-hcomm-compat.tar.gz version unavailable, fallback to checkcode compare
[INFO] TDT(<PID>,python):2026-09-20-15:40:04.843.306 [package_env_info.cpp:109][GetCurHostMutexFile][tid:<PID>] get masterId:1, logicDeviceId:<DEVICE>, physicalDeviceId[<DEVICE>],devOsId:1, mutexFile:sink_file_mutex_1.cfg, maxcount:8
[INFO] TDT(<PID>,python):2026-09-20-15:40:04.843.318 [package_sender.cpp:117][SendHostPackageComplex][tid:<PID>] get host mutex file:<EXTERNAL_PATH>, logicDeviceId:<DEVICE>
[INFO] TDT(<PID>,python):2026-09-20-15:40:04.843.417 [device_comm_agent.cpp:41][InitTsdClient][tid:<PID>] [TsdClient] deviceId[<DEVICE>] begin to init hdc client
[INFO] TDT(<PID>,python):2026-09-20-15:40:04.843.735 [version_verify.cpp:39][SetVersionInfo][tid:<PID>] VersionVerify: send client version to server
[INFO] TDT(<PID>,python):2026-09-20-15:40:04.844.858 [version_verify.cpp:71][PeerVersionCheck][tid:<PID>] VersionVerify: Check client version info, server[1230], client[1230]
[INFO] TDT(<PID>,python):2026-09-20-15:40:04.844.876 [version_verify.cpp:92][ParseVersionInfo][tid:<PID>] VersionVerify: pass client version info success
[INFO] TDT(<PID>,python):2026-09-20-15:40:04.844.884 [hdc_client.cpp:243][CheckHdcConnection][tid:<PID>] Service create hdc successfully.
[INFO] TDT(<PID>,python):2026-09-20-15:40:04.844.899 [version_verify.cpp:117][SpecialFeatureCheck][tid:<PID>] VersionVerify: previous type[67], supported
[INFO] TDT(<PID>,python):2026-09-20-15:40:04.845.037 [package_check_code_service.cpp:101][GetDeviceCheckCodeOnce][tid:<PID>] [TsdClient][deviceId=<DEVICE>] [sessionId=1] wait package info response
[INFO] TDT(<PID>,python):2026-09-20-15:40:04.846.271 [package_sender.cpp:47][SendAICPUPackageSimple][tid:<PID>] [TsdClient][deviceId=<DEVICE>] no equal to begin send file[<CANN>/compat/cann-hcomm-compat.tar.gz] to [<EXTERNAL_PATH>
[INFO] TDT(<PID>,python):2026-09-20-15:40:04.955.269 [package_sender.cpp:70][SendAICPUPackageSimple][tid:<PID>] [TsdClient][deviceId=<DEVICE>] hdc send file[<CANN>/compat/cann-hcomm-compat.tar.gz] to [<EXTERNAL_PATH> success
[INFO] TDT(<PID>,python):2026-09-20-15:40:04.955.331 [device_comm_agent.cpp:41][InitTsdClient][tid:<PID>] [TsdClient] deviceId[<DEVICE>] begin to init hdc client
[INFO] TDT(<PID>,python):2026-09-20-15:40:04.971.579 [version_verify.cpp:39][SetVersionInfo][tid:<PID>] VersionVerify: send client version to server
[INFO] TDT(<PID>,python):2026-09-20-15:40:04.973.007 [version_verify.cpp:71][PeerVersionCheck][tid:<PID>] VersionVerify: Check client version info, server[1230], client[1230]
[INFO] TDT(<PID>,python):2026-09-20-15:40:04.973.025 [version_verify.cpp:92][ParseVersionInfo][tid:<PID>] VersionVerify: pass client version info success
[INFO] TDT(<PID>,python):2026-09-20-15:40:04.973.033 [hdc_client.cpp:243][CheckHdcConnection][tid:<PID>] Service create hdc successfully.
[INFO] TDT(<PID>,python):2026-09-20-15:40:04.973.048 [version_verify.cpp:117][SpecialFeatureCheck][tid:<PID>] VersionVerify: previous type[67], supported
[INFO] TDT(<PID>,python):2026-09-20-15:40:04.973.156 [package_check_code_service.cpp:101][GetDeviceCheckCodeOnce][tid:<PID>] [TsdClient][deviceId=<DEVICE>] [sessionId=1] wait package info response
[INFO] TDT(<PID>,python):2026-09-20-15:40:05.976.876 [package_loader.cpp:502][LoadSinglePackageToDevice][tid:<PID>] load package:cann-hcomm-compat.tar.gz to device:1 success
[INFO] TDT(<PID>,python):2026-09-20-15:40:05.976.901 [package_loader.cpp:464][LoadSinglePackageToDevice][tid:<PID>] begin to load package:cann-hixl-compat.tar.gz to device:1
[INFO] TDT(<PID>,python):2026-09-20-15:40:05.976.929 [package_process_config.cpp:396][GetPkgHostAndDeviceDstPath][tid:<PID>] get orgFile:<CANN>/opp/built-in/op_impl/aicpu/kernel/cann-hixl-compat.tar.gz, dstFile:<EXTERNAL_PATH>
[INFO] TDT(<PID>,python):2026-09-20-15:40:05.977.992 [package_env_info.cpp:109][GetCurHostMutexFile][tid:<PID>] get masterId:1, logicDeviceId:<DEVICE>, physicalDeviceId[<DEVICE>],devOsId:1, mutexFile:sink_file_mutex_1.cfg, maxcount:8
[INFO] TDT(<PID>,python):2026-09-20-15:40:05.978.005 [package_sender.cpp:117][SendHostPackageComplex][tid:<PID>] get host mutex file:<EXTERNAL_PATH>, logicDeviceId:<DEVICE>
[INFO] TDT(<PID>,python):2026-09-20-15:40:05.978.083 [device_comm_agent.cpp:41][InitTsdClient][tid:<PID>] [TsdClient] deviceId[<DEVICE>] begin to init hdc client
[INFO] TDT(<PID>,python):2026-09-20-15:40:05.978.344 [version_verify.cpp:39][SetVersionInfo][tid:<PID>] VersionVerify: send client version to server
[INFO] TDT(<PID>,python):2026-09-20-15:40:05.979.608 [version_verify.cpp:71][PeerVersionCheck][tid:<PID>] VersionVerify: Check client version info, server[1230], client[1230]
[INFO] TDT(<PID>,python):2026-09-20-15:40:05.979.623 [version_verify.cpp:92][ParseVersionInfo][tid:<PID>] VersionVerify: pass client version info success
[INFO] TDT(<PID>,python):2026-09-20-15:40:05.979.630 [hdc_client.cpp:243][CheckHdcConnection][tid:<PID>] Service create hdc successfully.
[INFO] TDT(<PID>,python):2026-09-20-15:40:05.979.643 [version_verify.cpp:117][SpecialFeatureCheck][tid:<PID>] VersionVerify: previous type[67], supported
[INFO] TDT(<PID>,python):2026-09-20-15:40:05.979.745 [package_check_code_service.cpp:101][GetDeviceCheckCodeOnce][tid:<PID>] [TsdClient][deviceId=<DEVICE>] [sessionId=1] wait package info response
[INFO] TDT(<PID>,python):2026-09-20-15:40:05.981.495 [package_sender.cpp:47][SendAICPUPackageSimple][tid:<PID>] [TsdClient][deviceId=<DEVICE>] no equal to begin send file[<CANN>/opp/built-in/op_impl/aicpu/kernel/cann-hixl-compat.tar.gz] to [<EXTERNAL_PATH>
[INFO] TDT(<PID>,python):2026-09-20-15:40:05.988.057 [package_sender.cpp:70][SendAICPUPackageSimple][tid:<PID>] [TsdClient][deviceId=<DEVICE>] hdc send file[<CANN>/opp/built-in/op_impl/aicpu/kernel/cann-hixl-compat.tar.gz] to [<EXTERNAL_PATH> success
[INFO] TDT(<PID>,python):2026-09-20-15:40:05.988.107 [device_comm_agent.cpp:41][InitTsdClient][tid:<PID>] [TsdClient] deviceId[<DEVICE>] begin to init hdc client
[INFO] TDT(<PID>,python):2026-09-20-15:40:05.999.908 [version_verify.cpp:39][SetVersionInfo][tid:<PID>] VersionVerify: send client version to server
[INFO] TDT(<PID>,python):2026-09-20-15:40:06.001.264 [version_verify.cpp:71][PeerVersionCheck][tid:<PID>] VersionVerify: Check client version info, server[1230], client[1230]
[INFO] TDT(<PID>,python):2026-09-20-15:40:06.001.292 [version_verify.cpp:92][ParseVersionInfo][tid:<PID>] VersionVerify: pass client version info success
[INFO] TDT(<PID>,python):2026-09-20-15:40:06.001.300 [hdc_client.cpp:243][CheckHdcConnection][tid:<PID>] Service create hdc successfully.
[INFO] TDT(<PID>,python):2026-09-20-15:40:06.001.316 [version_verify.cpp:117][SpecialFeatureCheck][tid:<PID>] VersionVerify: previous type[67], supported
[INFO] TDT(<PID>,python):2026-09-20-15:40:06.001.459 [package_check_code_service.cpp:101][GetDeviceCheckCodeOnce][tid:<PID>] [TsdClient][deviceId=<DEVICE>] [sessionId=1] wait package info response
[INFO] TDT(<PID>,python):2026-09-20-15:40:07.008.398 [package_loader.cpp:502][LoadSinglePackageToDevice][tid:<PID>] load package:cann-hixl-compat.tar.gz to device:1 success
[INFO] TDT(<PID>,python):2026-09-20-15:40:07.008.421 [package_loader.cpp:464][LoadSinglePackageToDevice][tid:<PID>] begin to load package:cann-tsch-compat.tar.gz to device:1
[INFO] TDT(<PID>,python):2026-09-20-15:40:07.008.431 [package_loader.cpp:454][SupportLoadPkg][tid:<PID>] current device chip:15 does not support package:cann-tsch-compat.tar.gz
[INFO] TDT(<PID>,python):2026-09-20-15:40:07.008.438 [package_loader.cpp:467][LoadSinglePackageToDevice][tid:<PID>] current package:cann-tsch-compat.tar.gz does not need to load to device:1
[INFO] TDT(<PID>,python):2026-09-20-15:40:07.008.445 [package_loader.cpp:464][LoadSinglePackageToDevice][tid:<PID>] begin to load package:cann-udf-compat.tar.gz to device:1
[INFO] TDT(<PID>,python):2026-09-20-15:40:07.008.451 [package_loader.cpp:467][LoadSinglePackageToDevice][tid:<PID>] current package:cann-udf-compat.tar.gz does not need to load to device:1
[INFO] TDT(<PID>,python):2026-09-20-15:40:07.008.459 [package_loader.cpp:464][LoadSinglePackageToDevice][tid:<PID>] begin to load package:mc2_server.tar.gz to device:1
[INFO] TDT(<PID>,python):2026-09-20-15:40:07.008.576 [package_process_config.cpp:396][GetPkgHostAndDeviceDstPath][tid:<PID>] get orgFile:<CANN>/opp/built-in/op_impl/aicpu/kernel/mc2_server.tar.gz, dstFile:<EXTERNAL_PATH>
[INFO] TDT(<PID>,python):2026-09-20-15:40:07.013.642 [package_env_info.cpp:109][GetCurHostMutexFile][tid:<PID>] get masterId:1, logicDeviceId:<DEVICE>, physicalDeviceId[<DEVICE>],devOsId:1, mutexFile:sink_file_mutex_1.cfg, maxcount:8
[INFO] TDT(<PID>,python):2026-09-20-15:40:07.013.665 [package_sender.cpp:117][SendHostPackageComplex][tid:<PID>] get host mutex file:<EXTERNAL_PATH>, logicDeviceId:<DEVICE>
[INFO] TDT(<PID>,python):2026-09-20-15:40:07.013.760 [device_comm_agent.cpp:41][InitTsdClient][tid:<PID>] [TsdClient] deviceId[<DEVICE>] begin to init hdc client
[INFO] TDT(<PID>,python):2026-09-20-15:40:07.014.088 [version_verify.cpp:39][SetVersionInfo][tid:<PID>] VersionVerify: send client version to server
[INFO] TDT(<PID>,python):2026-09-20-15:40:07.015.401 [version_verify.cpp:71][PeerVersionCheck][tid:<PID>] VersionVerify: Check client version info, server[1230], client[1230]
[INFO] TDT(<PID>,python):2026-09-20-15:40:07.015.418 [version_verify.cpp:92][ParseVersionInfo][tid:<PID>] VersionVerify: pass client version info success
[INFO] TDT(<PID>,python):2026-09-20-15:40:07.015.426 [hdc_client.cpp:243][CheckHdcConnection][tid:<PID>] Service create hdc successfully.
[INFO] TDT(<PID>,python):2026-09-20-15:40:07.015.439 [version_verify.cpp:117][SpecialFeatureCheck][tid:<PID>] VersionVerify: previous type[67], supported
[INFO] TDT(<PID>,python):2026-09-20-15:40:07.015.578 [package_check_code_service.cpp:101][GetDeviceCheckCodeOnce][tid:<PID>] [TsdClient][deviceId=<DEVICE>] [sessionId=1] wait package info response
[INFO] TDT(<PID>,python):2026-09-20-15:40:07.017.294 [package_sender.cpp:47][SendAICPUPackageSimple][tid:<PID>] [TsdClient][deviceId=<DEVICE>] no equal to begin send file[<CANN>/opp/built-in/op_impl/aicpu/kernel/mc2_server.tar.gz] to [<EXTERNAL_PATH>
[INFO] TDT(<PID>,python):2026-09-20-15:40:07.039.163 [package_sender.cpp:70][SendAICPUPackageSimple][tid:<PID>] [TsdClient][deviceId=<DEVICE>] hdc send file[<CANN>/opp/built-in/op_impl/aicpu/kernel/mc2_server.tar.gz] to [<EXTERNAL_PATH> success
[INFO] TDT(<PID>,python):2026-09-20-15:40:07.039.214 [device_comm_agent.cpp:41][InitTsdClient][tid:<PID>] [TsdClient] deviceId[<DEVICE>] begin to init hdc client
[INFO] TDT(<PID>,python):2026-09-20-15:40:07.044.822 [version_verify.cpp:39][SetVersionInfo][tid:<PID>] VersionVerify: send client version to server
[INFO] TDT(<PID>,python):2026-09-20-15:40:07.045.958 [version_verify.cpp:71][PeerVersionCheck][tid:<PID>] VersionVerify: Check client version info, server[1230], client[1230]
[INFO] TDT(<PID>,python):2026-09-20-15:40:07.045.980 [version_verify.cpp:92][ParseVersionInfo][tid:<PID>] VersionVerify: pass client version info success
[INFO] TDT(<PID>,python):2026-09-20-15:40:07.045.988 [hdc_client.cpp:243][CheckHdcConnection][tid:<PID>] Service create hdc successfully.
[INFO] TDT(<PID>,python):2026-09-20-15:40:07.046.004 [version_verify.cpp:117][SpecialFeatureCheck][tid:<PID>] VersionVerify: previous type[67], supported
[INFO] TDT(<PID>,python):2026-09-20-15:40:07.046.114 [package_check_code_service.cpp:101][GetDeviceCheckCodeOnce][tid:<PID>] [TsdClient][deviceId=<DEVICE>] [sessionId=1] wait package info response
[INFO] TDT(<PID>,python):2026-09-20-15:40:08.052.642 [package_loader.cpp:502][LoadSinglePackageToDevice][tid:<PID>] load package:mc2_server.tar.gz to device:1 success
[INFO] TDT(<PID>,python):2026-09-20-15:40:08.052.700 [device_comm_agent.cpp:41][InitTsdClient][tid:<PID>] [TsdClient] deviceId[<DEVICE>] begin to init hdc client
[INFO] TDT(<PID>,python):2026-09-20-15:40:08.052.938 [version_verify.cpp:39][SetVersionInfo][tid:<PID>] VersionVerify: send client version to server
[INFO] TDT(<PID>,python):2026-09-20-15:40:08.054.081 [version_verify.cpp:71][PeerVersionCheck][tid:<PID>] VersionVerify: Check client version info, server[1230], client[1230]
[INFO] TDT(<PID>,python):2026-09-20-15:40:08.054.109 [version_verify.cpp:92][ParseVersionInfo][tid:<PID>] VersionVerify: pass client version info success
[INFO] TDT(<PID>,python):2026-09-20-15:40:08.054.116 [hdc_client.cpp:243][CheckHdcConnection][tid:<PID>] Service create hdc successfully.
[INFO] TDT(<PID>,python):2026-09-20-15:40:08.054.136 [hdc_message_builder.cpp:54][SetProcSignPid][tid:<PID>] [HdcMessageBuilder] tsd get process sign successfully, procpid[<IDENTITY>]
[INFO] TDT(<PID>,python):2026-09-20-15:40:08.054.230 [version_verify.cpp:117][SpecialFeatureCheck][tid:<PID>] VersionVerify: previous type[6], supported
[INFO] TDT(<PID>,python):2026-09-20-15:40:08.054.347 [tsd_process_controller.cpp:111][WaitOpenRsp][tid:<PID>] [ProcessModeManager] deviceId[<DEVICE>] sessionId[1] rankSize[0], wait subprocess start response
[INFO] TDT(<PID>,python):2026-09-20-15:40:09.802.115 [tsd_process_controller.cpp:472][ProcessQueueForAdc][tid:<PID>] [TsdClient] it is unnecessary for current mode[0] to grant queue auth to aicpusd
[INFO] TDT(<PID>,python):2026-09-20-15:40:09.802.137 [tsd_process_controller.cpp:134][LogOpenProcessDuration][tid:<PID>] [TsdClient][deviceId=<DEVICE>] [sessionId=1] start hccp and computer process success,phase4:[14555]ms send open message to device,phase5:[1747]ms receive open message to device,phase6:[0]ms process for adc on host,whole duration:[16303]ms
[INFO] DRV(<PID>,python):2026-09-20-15:40:09.802.208 [event_sched.c:1536][ascend][curpid:<IDENTITY>,527803][drv][event-sche][esched_device_open]The dev_id has opened. (dev_id=<DEVICE>)
[INFO] DRV(<PID>,python):2026-09-20-15:40:09.803.310 [drv_share_log.c:233][ascend][curpid:<IDENTITY>,527803][drv][devmm][share_log_read_in_single_module]Open. (udevid=<DEVICE>; tgid=1976881)
[INFO] DRV(<PID>,python):2026-09-20-15:40:09.804.063 [drv_share_log.c:233][ascend][curpid:<IDENTITY>,527803][drv][devmm][share_log_read_in_single_module]Open. (udevid=<DEVICE>; tgid=1976881)
[INFO] DRV(<PID>,python):2026-09-20-15:40:09.855.823 [queue_interface.c:954][ascend][curpid:<IDENTITY>,527803][drv][queuemng][queue_device_open]queue open finish. (dev_id=<DEVICE>)
[INFO] RUNTIME(<PID>,python):2026-09-20-15:40:09.856.086 [raw_device.cc:589] <PID> Init: isAddrFlat:0
[INFO] TDT(<PID>,python):2026-09-20-15:40:09.861.260 [tsd_client.cpp:188][TsdCapabilityGet][tid:<PID>] TsdCapabilityGet Begin.
[INFO] TDT(<PID>,python):2026-09-20-15:40:09.861.282 [capability_manager.cpp:489][CapabilityGet][tid:<PID>] [CapabilityManager] enter into CapabilityGet process deviceId[<DEVICE>] type[0].
[INFO] TDT(<PID>,python):2026-09-20-15:40:09.861.294 [hdc_message_builder.cpp:54][SetProcSignPid][tid:<PID>] [HdcMessageBuilder] tsd get process sign successfully, procpid[<IDENTITY>]
[INFO] TDT(<PID>,python):2026-09-20-15:40:09.861.305 [version_verify.cpp:117][SpecialFeatureCheck][tid:<PID>] VersionVerify: previous type[38], supported
[INFO] TDT(<PID>,python):2026-09-20-15:40:09.861.433 [capability_manager.cpp:514][CapabilityGet][tid:<PID>] [CapabilityManager][deviceId=<DEVICE>] [sessionId=1] [type=0]send capability successfully.
[INFO] TDT(<PID>,python):2026-09-20-15:40:09.864.824 [capability_manager.cpp:564][HandlePidQosRsp][tid:<PID>] [TsdClient] PidQosMsgProc recvMsg realDeviceId[<DEVICE>] msgType[39] localDevId[<DEVICE>] rspCode[0],pidqos[1]
[INFO] TDT(<PID>,python):2026-09-20-15:40:09.864.846 [capability_manager.cpp:520][CapabilityGet][tid:<PID>] [CapabilityManager][logicDeviceId_=1][type=0][pidQos=1][ret=0]recv capability response finished.
[INFO] RUNTIME(<PID>,python):2026-09-20-15:40:09.864.881 [engine.cc:77] <PID> Engine: Constructor.
[INFO] RUNTIME(<PID>,python):2026-09-20-15:40:09.864.889 [stars_engine.cc:51] <PID> StarsEngine: Constructor.
[INFO] RUNTIME(<PID>,python):2026-09-20-15:40:09.888.273 [runtime.cc:5453] <PID> CreateReportRasThread: Start report ras thread success!
[INFO] RUNTIME(<PID>,python):2026-09-20-15:40:09.891.159 [npu_driver_res.cc:305] <PID> GetDeviceStatus: GetDeviceStatus status=1.
[INFO] ATRACE(<PID>,python):2026-09-20-15:40:09.901.712 [tracer_mgr_operate.c:66](tid:<PID>) create object RUNTIME_ATRACE_DEV1_TS0 successfully, exitSave(false), noLock(false).
[INFO] TDT(<PID>,python):2026-09-20-15:40:09.901.746 [client_manager.cpp:194][SetProfilingCallback][tid:<PID>] [TsdClient] set profiling callback successfully
[INFO] RUNTIME(<PID>,python):2026-09-20-15:40:10.923.112 [runtime.cc:5659] <PID> ReportPageFaultProc: pageFaultSupportFlag_=0.
[INFO] ASCENDCL(<PID>,python):2026-09-20-15:48:46.354.969 [resource_statistics.cpp:113]<PID> TraverseStatistics: The ResourceType:ACL_STATISTICS_MALLOC_FREE, applyTotal = 71, applySucc = 71, releaseTotal = 59, releaseSucc = 59
[INFO] ASCENDCL(<PID>,python):2026-09-20-15:48:46.354.983 [resource_statistics.cpp:113]<PID> TraverseStatistics: The ResourceType:ACL_STATISTICS_MALLOC_FREE_HOST, applyTotal = 0, applySucc = 0, releaseTotal = 0, releaseSucc = 0
[INFO] ASCENDCL(<PID>,python):2026-09-20-15:48:46.354.994 [resource_statistics.cpp:113]<PID> TraverseStatistics: The ResourceType:ACL_STATISTICS_CREATE_DESTROY_CONTEXT, applyTotal = 0, applySucc = 0, releaseTotal = 0, releaseSucc = 0
[INFO] ASCENDCL(<PID>,python):2026-09-20-15:48:46.354.999 [resource_statistics.cpp:113]<PID> TraverseStatistics: The ResourceType:ACL_STATISTICS_SET_RESET_DEVICE, applyTotal = 2, applySucc = 2, releaseTotal = 1, releaseSucc = 1
[INFO] ASCENDCL(<PID>,python):2026-09-20-15:48:46.355.003 [resource_statistics.cpp:113]<PID> TraverseStatistics: The ResourceType:ACL_STATISTICS_CREATE_DESTROY_EVENT, applyTotal = 0, applySucc = 0, releaseTotal = 0, releaseSucc = 0
[INFO] ASCENDCL(<PID>,python):2026-09-20-15:48:46.355.007 [resource_statistics.cpp:113]<PID> TraverseStatistics: The ResourceType:ACL_STATISTICS_CREATE_DESTROY_STREAM, applyTotal = 2, applySucc = 2, releaseTotal = 1, releaseSucc = 1
[INFO] ASCENDCL(<PID>,python):2026-09-20-15:48:46.355.011 [resource_statistics.cpp:113]<PID> TraverseStatistics: The ResourceType:ACL_STATISTICS_DVPP_MALLOC_FREE, applyTotal = 0, applySucc = 0, releaseTotal = 0, releaseSucc = 0
[INFO] ASCENDCL(<PID>,python):2026-09-20-15:48:46.355.015 [resource_statistics.cpp:113]<PID> TraverseStatistics: The ResourceType:ACL_STATISTICS_RECORD_RESET_EVENT, applyTotal = 0, applySucc = 0, releaseTotal = 0, releaseSucc = 0
[INFO] ASCENDCL(<PID>,python):2026-09-20-15:48:46.355.019 [resource_statistics.cpp:113]<PID> TraverseStatistics: The ResourceType:ACL_STATISTICS_CREATE_DESTROY_DATA_BUFFER, applyTotal = 0, applySucc = 0, releaseTotal = 0, releaseSucc = 0
[INFO] ASCENDCL(<PID>,python):2026-09-20-15:48:46.355.023 [resource_statistics.cpp:113]<PID> TraverseStatistics: The ResourceType:ACL_STATISTICS_CREATE_DESTROY_TENSOR_DESC, applyTotal = 0, applySucc = 0, releaseTotal = 0, releaseSucc = 0
[INFO] ASCENDCL(<PID>,python):2026-09-20-15:48:46.355.027 [resource_statistics.cpp:113]<PID> TraverseStatistics: The ResourceType:ACL_STATISTICS_CREATE_DESTROY_DESC, applyTotal = 0, applySucc = 0, releaseTotal = 0, releaseSucc = 0
[INFO] ASCENDCL(<PID>,python):2026-09-20-15:48:46.355.031 [resource_statistics.cpp:113]<PID> TraverseStatistics: The ResourceType:ACL_STATISTICS_CREATE_DESTROY_DATASET, applyTotal = 0, applySucc = 0, releaseTotal = 0, releaseSucc = 0
[INFO] ASCENDCL(<PID>,python):2026-09-20-15:48:46.355.035 [resource_statistics.cpp:113]<PID> TraverseStatistics: The ResourceType:ACL_STATISTICS_CREATE_LOAD_UNLOAD_MODEL, applyTotal = 0, applySucc = 0, releaseTotal = 0, releaseSucc = 0
[INFO] ASCENDCL(<PID>,python):2026-09-20-15:48:46.355.039 [resource_statistics.cpp:113]<PID> TraverseStatistics: The ResourceType:ACL_STATISTICS_CREATE_DESTROY_AIPP, applyTotal = 0, applySucc = 0, releaseTotal = 0, releaseSucc = 0
[INFO] ASCENDCL(<PID>,python):2026-09-20-15:48:46.355.043 [resource_statistics.cpp:113]<PID> TraverseStatistics: The ResourceType:ACL_STATISTICS_CREATE_DESTROY_ATTR, applyTotal = 0, applySucc = 0, releaseTotal = 0, releaseSucc = 0
[INFO] ASCENDCL(<PID>,python):2026-09-20-15:48:46.355.047 [resource_statistics.cpp:113]<PID> TraverseStatistics: The ResourceType:ACL_STATISTICS_CREATE_DESTROY_HANDLE, applyTotal = 0, applySucc = 0, releaseTotal = 0, releaseSucc = 0
[INFO] ASCENDCL(<PID>,python):2026-09-20-15:48:46.355.052 [resource_statistics.cpp:113]<PID> TraverseStatistics: The ResourceType:ACL_STATISTICS_CREATE_DESTROY_DVPP_CHANNEL_DESC, applyTotal = 0, applySucc = 0, releaseTotal = 0, releaseSucc = 0
[INFO] ASCENDCL(<PID>,python):2026-09-20-15:48:46.355.056 [resource_statistics.cpp:113]<PID> TraverseStatistics: The ResourceType:ACL_STATISTICS_CREATE_DESTROY_DVPP_PIC_DESC, applyTotal = 0, applySucc = 0, releaseTotal = 0, releaseSucc = 0
[INFO] ASCENDCL(<PID>,python):2026-09-20-15:48:46.355.062 [resource_statistics.cpp:113]<PID> TraverseStatistics: The ResourceType:ACL_STATISTICS_CREATE_DESTROY_DVPP_ROI_CONFIG, applyTotal = 0, applySucc = 0, releaseTotal = 0, releaseSucc = 0
[INFO] ASCENDCL(<PID>,python):2026-09-20-15:48:46.355.067 [resource_statistics.cpp:113]<PID> TraverseStatistics: The ResourceType:ACL_STATISTICS_CREATE_DESTROY_DVPP_RESIZE_CONFIG, applyTotal = 0, applySucc = 0, releaseTotal = 0, releaseSucc = 0
[INFO] ASCENDCL(<PID>,python):2026-09-20-15:48:46.355.071 [resource_statistics.cpp:113]<PID> TraverseStatistics: The ResourceType:ACL_STATISTICS_CREATE_DESTROY_DVPP_JPEGE_CONFIG, applyTotal = 0, applySucc = 0, releaseTotal = 0, releaseSucc = 0
[INFO] ASCENDCL(<PID>,python):2026-09-20-15:48:46.355.075 [resource_statistics.cpp:113]<PID> TraverseStatistics: The ResourceType:ACL_STATISTICS_CREATE_DESTROY_VDEC_CHANNEL_DESC, applyTotal = 0, applySucc = 0, releaseTotal = 0, releaseSucc = 0
[INFO] ASCENDCL(<PID>,python):2026-09-20-15:48:46.355.079 [resource_statistics.cpp:113]<PID> TraverseStatistics: The ResourceType:ACL_STATISTICS_CREATE_DESTROY_VENC_CHANNEL_DESC, applyTotal = 0, applySucc = 0, releaseTotal = 0, releaseSucc = 0
[INFO] ASCENDCL(<PID>,python):2026-09-20-15:48:46.355.083 [resource_statistics.cpp:113]<PID> TraverseStatistics: The ResourceType:ACL_STATISTICS_CREATE_DESTROY_DVPP_STREAM_DESC, applyTotal = 0, applySucc = 0, releaseTotal = 0, releaseSucc = 0
[INFO] ASCENDCL(<PID>,python):2026-09-20-15:48:46.355.087 [resource_statistics.cpp:113]<PID> TraverseStatistics: The ResourceType:ACL_STATISTICS_CREATE_DESTROY_VDEC_FRAME_CONFIG, applyTotal = 0, applySucc = 0, releaseTotal = 0, releaseSucc = 0
[INFO] ASCENDCL(<PID>,python):2026-09-20-15:48:46.355.091 [resource_statistics.cpp:113]<PID> TraverseStatistics: The ResourceType:ACL_STATISTICS_CREATE_DESTROY_VENC_FRAME_CONFIG, applyTotal = 0, applySucc = 0, releaseTotal = 0, releaseSucc = 0
[INFO] ASCENDCL(<PID>,python):2026-09-20-15:48:46.355.095 [resource_statistics.cpp:113]<PID> TraverseStatistics: The ResourceType:ACL_STATISTICS_CREATE_DESTROY_DVPP_CHANNEL, applyTotal = 0, applySucc = 0, releaseTotal = 0, releaseSucc = 0
[INFO] ASCENDCL(<PID>,python):2026-09-20-15:48:46.355.099 [resource_statistics.cpp:113]<PID> TraverseStatistics: The ResourceType:ACL_STATISTICS_CREATE_DESTROY_VDEC_CHANNEL, applyTotal = 0, applySucc = 0, releaseTotal = 0, releaseSucc = 0
[INFO] ASCENDCL(<PID>,python):2026-09-20-15:48:46.355.103 [resource_statistics.cpp:113]<PID> TraverseStatistics: The ResourceType:ACL_STATISTICS_CREATE_DESTROY_VENC_CHANNEL, applyTotal = 0, applySucc = 0, releaseTotal = 0, releaseSucc = 0
[INFO] ASCENDCL(<PID>,python):2026-09-20-15:48:46.355.107 [resource_statistics.cpp:113]<PID> TraverseStatistics: The ResourceType:ACL_STATISTICS_CREATE_DESTROY_DVPP_BATCH_PIC_DESC, applyTotal = 0, applySucc = 0, releaseTotal = 0, releaseSucc = 0
[INFO] ASCENDCL(<PID>,python):2026-09-20-15:48:46.355.111 [resource_statistics.cpp:113]<PID> TraverseStatistics: The ResourceType:ACL_STATISTICS_CREATE_DESTROY_GROUP_INFO, applyTotal = 0, applySucc = 0, releaseTotal = 0, releaseSucc = 0
[INFO] ASCENDCL(<PID>,python):2026-09-20-15:48:46.355.115 [resource_statistics.cpp:113]<PID> TraverseStatistics: The ResourceType:ACL_STATISTICS_CREATE_DESTROY_PROF_CONFIG, applyTotal = 0, applySucc = 0, releaseTotal = 0, releaseSucc = 0
[INFO] ASCENDCL(<PID>,python):2026-09-20-15:48:46.355.119 [resource_statistics.cpp:113]<PID> TraverseStatistics: The ResourceType:ACL_STATISTICS_CREATE_DESTROY_PROF_SUB_CONFIG, applyTotal = 0, applySucc = 0, releaseTotal = 0, releaseSucc = 0
[INFO] ASCENDCL(<PID>,python):2026-09-20-15:48:46.355.123 [resource_statistics.cpp:113]<PID> TraverseStatistics: The ResourceType:ACL_STATISTICS_CREATE_DESTROY_MODEL_CONFIG, applyTotal = 0, applySucc = 0, releaseTotal = 0, releaseSucc = 0
[INFO] ASCENDCL(<PID>,python):2026-09-20-15:48:46.355.127 [resource_statistics.cpp:113]<PID> TraverseStatistics: The ResourceType:ACL_STATISTICS_CREATE_DESTROY_QUEUE_ID, applyTotal = 0, applySucc = 0, releaseTotal = 0, releaseSucc = 0
[INFO] ASCENDCL(<PID>,python):2026-09-20-15:48:46.355.132 [resource_statistics.cpp:113]<PID> TraverseStatistics: The ResourceType:ACL_STATISTICS_CREATE_DESTROY_QUEUE_ATTR, applyTotal = 0, applySucc = 0, releaseTotal = 0, releaseSucc = 0
[INFO] ASCENDCL(<PID>,python):2026-09-20-15:48:46.355.136 [resource_statistics.cpp:113]<PID> TraverseStatistics: The ResourceType:ACL_STATISTICS_CREATE_DESTROY_QUEUE_ROUTE, applyTotal = 0, applySucc = 0, releaseTotal = 0, releaseSucc = 0
[INFO] ASCENDCL(<PID>,python):2026-09-20-15:48:46.355.140 [resource_statistics.cpp:113]<PID> TraverseStatistics: The ResourceType:ACL_STATISTICS_CREATE_DESTROY_QUEUE_ROUTE_LIST, applyTotal = 0, applySucc = 0, releaseTotal = 0, releaseSucc = 0
[INFO] ASCENDCL(<PID>,python):2026-09-20-15:48:46.355.144 [resource_statistics.cpp:113]<PID> TraverseStatistics: The ResourceType:ACL_STATISTICS_CREATE_DESTROY_QUEUE_ROUTE_QUERY, applyTotal = 0, applySucc = 0, releaseTotal = 0, releaseSucc = 0
[INFO] ASCENDCL(<PID>,python):2026-09-20-15:48:46.355.148 [resource_statistics.cpp:113]<PID> TraverseStatistics: The ResourceType:ACL_STATISTICS_CREATE_DESTROY_MBUF, applyTotal = 0, applySucc = 0, releaseTotal = 0, releaseSucc = 0
[INFO] ASCENDCL(<PID>,python):2026-09-20-15:48:46.355.152 [resource_statistics.cpp:113]<PID> TraverseStatistics: The ResourceType:ACL_STATISTICS_CREATE_DESTROY_GRAPH_DUMP_OPTION, applyTotal = 0, applySucc = 0, releaseTotal = 0, releaseSucc = 0
[INFO] ASCENDCL(<PID>,python):2026-09-20-15:48:46.355.156 [resource_statistics.cpp:113]<PID> TraverseStatistics: The ResourceType:ACL_STATISTICS_CREATE_DESTROY_ALLOCATOR_DESC, applyTotal = 0, applySucc = 0, releaseTotal = 0, releaseSucc = 0
[INFO] ASCENDCL(<PID>,python):2026-09-20-15:48:46.355.160 [resource_statistics.cpp:113]<PID> TraverseStatistics: The ResourceType:ACL_STATISTICS_CREATE_DESTROY_ALLOCATOR_BINARY_DESC, applyTotal = 0, applySucc = 0, releaseTotal = 0, releaseSucc = 0
[INFO] ASCENDCL(<PID>,python):2026-09-20-15:48:46.355.164 [resource_statistics.cpp:113]<PID> TraverseStatistics: The ResourceType:ACL_STATISTICS_RESERVE_RELEASE_MEMORY_ADDRESS, applyTotal = 0, applySucc = 0, releaseTotal = 0, releaseSucc = 0
[INFO] ASCENDCL(<PID>,python):2026-09-20-15:48:46.355.168 [resource_statistics.cpp:113]<PID> TraverseStatistics: The ResourceType:ACL_STATISTICS_MALLOC_FREE_PHYSICAL_MEMORY, applyTotal = 0, applySucc = 0, releaseTotal = 0, releaseSucc = 0
[INFO] ASCENDCL(<PID>,python):2026-09-20-15:48:46.355.172 [resource_statistics.cpp:113]<PID> TraverseStatistics: The ResourceType:ACL_STATISTICS_MAP_UNMAP_MEMORY, applyTotal = 0, applySucc = 0, releaseTotal = 0, releaseSucc = 0
[INFO] ASCENDCL(<PID>,python):2026-09-20-15:48:46.355.176 [resource_statistics.cpp:113]<PID> TraverseStatistics: The ResourceType:ACL_STATISTICS_LOAD_UNLOAD_BINARY, applyTotal = 0, applySucc = 0, releaseTotal = 0, releaseSucc = 0
[INFO] DRV(<PID>,python):2026-09-20-15:48:46.855.364 [drv_share_log.c:233][ascend][curpid:<IDENTITY>,527803][drv][hdc][share_log_read_in_single_module]Server destroy success. (dev_id=<DEVICE>; fid=0; service="service_dump"; pid=<IDENTITY>)
[INFO] DRV(<PID>,python):2026-09-20-15:48:46.855.398 [drv_share_log.c:233][ascend][curpid:<IDENTITY>,527803][drv][hdc][share_log_read_in_single_module]Server destroy success. (dev_id=<DEVICE>; fid=0; service="service_dump"; pid=<IDENTITY>)
[INFO] RUNTIME(<PID>,python):2026-09-20-15:48:48.053.206 [runtime.cc:5493] <PID> ReportRasRun: Report ras thread exits normally!
[INFO] RUNTIME(<PID>,python):2026-09-20-15:48:49.076.460 [runtime.cc:5463] <PID> DestroyReportRasThread: Join report ras thread OK.
[INFO] RUNTIME(<PID>,python):2026-09-20-15:48:49.076.475 [runtime.cc:1582] <PID> WaitMonitorExit: wait monitor success, used count=0.
[INFO] RUNTIME(<PID>,python):2026-09-20-15:48:49.247.322 [xpu_task_fail_callback_data_manager.cc:64] <PID> ~XpuTaskFailCallBackManager: XpuTaskFailCallBackManager Destructor.
[INFO] RUNTIME(<PID>,python):2026-09-20-15:48:49.247.333 [task_fail_callback_data_manager.cc:91] <PID> ~TaskFailCallBackManager: Destructor.
[INFO] ATRACE(<PID>,python):2026-09-20-15:48:49.421.681 [stacktrace_signal.c:229](tid:<PID>) unregister all signal handlers, can not capture signal.
[INFO] ATRACE(<PID>,python):2026-09-20-15:48:49.521.101 [atrace_client_core.c:127](tid:<PID>) atrace receive thread exited, devId=<DEVICE>.
