Version=9.1.0-beta.1
version_dir=cann
required_package_runtime_version="9.1"
required_package_ge-executor_version="9.1"
required_package_metadef_version="9.1"
required_package_opbase_version="9.1"
required_package_bisheng-compiler_version="9.1"
required_package_tbe-tik_version="9.1"
timestamp=20260509_173000235
Version=9.1.0-beta.1
version_dir=cann
required_package_runtime_version=">=8.5"
required_package_ge-executor_version=">=8.5"
required_package_metadef_version=">=8.5"
required_package_asc-devkit_version=">=8.5"
required_package_bisheng-compiler_version=">=8.5"
timestamp=20260509_173000235
<cann>/opp/built-in/op_impl/ai_core/tbe/kernel/config/ascend910_93
<cann>/opp/built-in/op_impl/ai_core/tbe/kernel/config/ascend910b
<cann>/opp/built-in/op_impl/ai_core/tbe/kernel/config/ascend950
