COMPILE_START layout kda_layout_bf16_bf16_kernel 3
COMPILE_PASS kda_layout_bf16_bf16_kernel
COMPILE_START layout kda_layout_f32_f32_kernel 3
COMPILE_PASS kda_layout_f32_f32_kernel
COMPILE_START layout kda_layout_bf16_f32_kernel 3
COMPILE_PASS kda_layout_bf16_f32_kernel
COMPILE_START layout kda_layout_f32_bf16_kernel 3
COMPILE_PASS kda_layout_f32_bf16_kernel
COMPILE_START layout kda_layout_zero_bf16_kernel 3
COMPILE_PASS kda_layout_zero_bf16_kernel
COMPILE_START layout kda_layout_zero_f32_kernel 3
COMPILE_PASS kda_layout_zero_f32_kernel
COMPILE_START forward kda_sub1_gate_stable_kernel 3
COMPILE_PASS kda_sub1_gate_stable_kernel
COMPILE_START forward kda_sub2_score_stable_kernel 3
[perf] @kda_sub2_score_stable_kernel.vec #164 repo/kernels/projects/a5/kda_fwd_stable/kernels/intra.py:238:16: warning: ub_to_l1.nd2nz composes multiple MTE3 bursts (one per NZ fractal column of the ND rows) — not a single instruction, and board-measured 10x slower than the compact-NZ move (D-084); store the tile as compact NZ from the @vf instead (a strided vf.store writes the fractal directly) and move it with the plain ub_to_l1. WHEN YOU DO: pad the staging tile by one row so that store's block stride is ODD. The natural stride is the tile's row count, which is 16-aligned by nature and so is the worst rung of the bank ladder (~8.7 cycles a store against ~1.1, D-084) — on the two kernels reworked in D-226 the padding was worth MORE than this move is (-12.3 and -10.8 us of -17.7 and -28.2), and it is worth taking blind: one UB row, and it only ever costs nothing when the store pipe is idle anyway
[perf] @kda_sub2_score_stable_kernel.vec #170 repo/kernels/projects/a5/kda_fwd_stable/kernels/intra.py:239:16: warning: ub_to_l1.nd2nz composes multiple MTE3 bursts (one per NZ fractal column of the ND rows) — not a single instruction, and board-measured 10x slower than the compact-NZ move (D-084); store the tile as compact NZ from the @vf instead (a strided vf.store writes the fractal directly) and move it with the plain ub_to_l1. WHEN YOU DO: pad the staging tile by one row so that store's block stride is ODD. The natural stride is the tile's row count, which is 16-aligned by nature and so is the worst rung of the bank ladder (~8.7 cycles a store against ~1.1, D-084) — on the two kernels reworked in D-226 the padding was worth MORE than this move is (-12.3 and -10.8 us of -17.7 and -28.2), and it is worth taking blind: one UB row, and it only ever costs nothing when the store pipe is idle anyway
[perf] @kda_sub2_score_stable_kernel.vec #176 repo/kernels/projects/a5/kda_fwd_stable/kernels/intra.py:240:16: warning: ub_to_l1.nd2nz composes multiple MTE3 bursts (one per NZ fractal column of the ND rows) — not a single instruction, and board-measured 10x slower than the compact-NZ move (D-084); store the tile as compact NZ from the @vf instead (a strided vf.store writes the fractal directly) and move it with the plain ub_to_l1. WHEN YOU DO: pad the staging tile by one row so that store's block stride is ODD. The natural stride is the tile's row count, which is 16-aligned by nature and so is the worst rung of the bank ladder (~8.7 cycles a store against ~1.1, D-084) — on the two kernels reworked in D-226 the padding was worth MORE than this move is (-12.3 and -10.8 us of -17.7 and -28.2), and it is worth taking blind: one UB row, and it only ever costs nothing when the store pipe is idle anyway
COMPILE_PASS kda_sub2_score_stable_kernel
COMPILE_START forward tril_inverse64_v2_strict_bf16_kernel 3
[perf] @tril_inverse64_v2_strict_bf16_kernel.vec #101 workspace/kernels/projects/a5/kda_fwd/kernels/triangular_inverse.py:202:16: warning: ub_to_l1.nd2nz composes multiple MTE3 bursts (one per NZ fractal column of the ND rows) — not a single instruction, and board-measured 10x slower than the compact-NZ move (D-084); store the tile as compact NZ from the @vf instead (a strided vf.store writes the fractal directly) and move it with the plain ub_to_l1. WHEN YOU DO: pad the staging tile by one row so that store's block stride is ODD. The natural stride is the tile's row count, which is 16-aligned by nature and so is the worst rung of the bank ladder (~8.7 cycles a store against ~1.1, D-084) — on the two kernels reworked in D-226 the padding was worth MORE than this move is (-12.3 and -10.8 us of -17.7 and -28.2), and it is worth taking blind: one UB row, and it only ever costs nothing when the store pipe is idle anyway
[perf] @tril_inverse64_v2_strict_bf16_kernel.vec #156 workspace/kernels/projects/a5/kda_fwd/kernels/triangular_inverse.py:209:16: warning: ub_to_l1.nd2nz composes multiple MTE3 bursts (one per NZ fractal column of the ND rows) — not a single instruction, and board-measured 10x slower than the compact-NZ move (D-084); store the tile as compact NZ from the @vf instead (a strided vf.store writes the fractal directly) and move it with the plain ub_to_l1. WHEN YOU DO: pad the staging tile by one row so that store's block stride is ODD. The natural stride is the tile's row count, which is 16-aligned by nature and so is the worst rung of the bank ladder (~8.7 cycles a store against ~1.1, D-084) — on the two kernels reworked in D-226 the padding was worth MORE than this move is (-12.3 and -10.8 us of -17.7 and -28.2), and it is worth taking blind: one UB row, and it only ever costs nothing when the store pipe is idle anyway
[perf] @tril_inverse64_v2_strict_bf16_kernel.vec #158 workspace/kernels/projects/a5/kda_fwd/kernels/triangular_inverse.py:210:16: warning: ub_to_l1.nd2nz composes multiple MTE3 bursts (one per NZ fractal column of the ND rows) — not a single instruction, and board-measured 10x slower than the compact-NZ move (D-084); store the tile as compact NZ from the @vf instead (a strided vf.store writes the fractal directly) and move it with the plain ub_to_l1. WHEN YOU DO: pad the staging tile by one row so that store's block stride is ODD. The natural stride is the tile's row count, which is 16-aligned by nature and so is the worst rung of the bank ladder (~8.7 cycles a store against ~1.1, D-084) — on the two kernels reworked in D-226 the padding was worth MORE than this move is (-12.3 and -10.8 us of -17.7 and -28.2), and it is worth taking blind: one UB row, and it only ever costs nothing when the store pipe is idle anyway
[perf] @tril_inverse64_v2_strict_bf16_kernel.vec #242 workspace/kernels/projects/a5/kda_fwd/kernels/triangular_inverse.py:226:16: warning: ub_to_l1.nd2nz composes multiple MTE3 bursts (one per NZ fractal column of the ND rows) — not a single instruction, and board-measured 10x slower than the compact-NZ move (D-084); store the tile as compact NZ from the @vf instead (a strided vf.store writes the fractal directly) and move it with the plain ub_to_l1. WHEN YOU DO: pad the staging tile by one row so that store's block stride is ODD. The natural stride is the tile's row count, which is 16-aligned by nature and so is the worst rung of the bank ladder (~8.7 cycles a store against ~1.1, D-084) — on the two kernels reworked in D-226 the padding was worth MORE than this move is (-12.3 and -10.8 us of -17.7 and -28.2), and it is worth taking blind: one UB row, and it only ever costs nothing when the store pipe is idle anyway
[perf] @tril_inverse64_v2_strict_bf16_kernel.vec #244 workspace/kernels/projects/a5/kda_fwd/kernels/triangular_inverse.py:227:16: warning: ub_to_l1.nd2nz composes multiple MTE3 bursts (one per NZ fractal column of the ND rows) — not a single instruction, and board-measured 10x slower than the compact-NZ move (D-084); store the tile as compact NZ from the @vf instead (a strided vf.store writes the fractal directly) and move it with the plain ub_to_l1. WHEN YOU DO: pad the staging tile by one row so that store's block stride is ODD. The natural stride is the tile's row count, which is 16-aligned by nature and so is the worst rung of the bank ladder (~8.7 cycles a store against ~1.1, D-084) — on the two kernels reworked in D-226 the padding was worth MORE than this move is (-12.3 and -10.8 us of -17.7 and -28.2), and it is worth taking blind: one UB row, and it only ever costs nothing when the store pipe is idle anyway
[perf] @tril_inverse64_v2_strict_bf16_kernel.vec #246 workspace/kernels/projects/a5/kda_fwd/kernels/triangular_inverse.py:228:16: warning: ub_to_l1.nd2nz composes multiple MTE3 bursts (one per NZ fractal column of the ND rows) — not a single instruction, and board-measured 10x slower than the compact-NZ move (D-084); store the tile as compact NZ from the @vf instead (a strided vf.store writes the fractal directly) and move it with the plain ub_to_l1. WHEN YOU DO: pad the staging tile by one row so that store's block stride is ODD. The natural stride is the tile's row count, which is 16-aligned by nature and so is the worst rung of the bank ladder (~8.7 cycles a store against ~1.1, D-084) — on the two kernels reworked in D-226 the padding was worth MORE than this move is (-12.3 and -10.8 us of -17.7 and -28.2), and it is worth taking blind: one UB row, and it only ever costs nothing when the store pipe is idle anyway
[perf] @tril_inverse64_v2_strict_bf16_kernel.vec #248 workspace/kernels/projects/a5/kda_fwd/kernels/triangular_inverse.py:229:16: warning: ub_to_l1.nd2nz composes multiple MTE3 bursts (one per NZ fractal column of the ND rows) — not a single instruction, and board-measured 10x slower than the compact-NZ move (D-084); store the tile as compact NZ from the @vf instead (a strided vf.store writes the fractal directly) and move it with the plain ub_to_l1. WHEN YOU DO: pad the staging tile by one row so that store's block stride is ODD. The natural stride is the tile's row count, which is 16-aligned by nature and so is the worst rung of the bank ladder (~8.7 cycles a store against ~1.1, D-084) — on the two kernels reworked in D-226 the padding was worth MORE than this move is (-12.3 and -10.8 us of -17.7 and -28.2), and it is worth taking blind: one UB row, and it only ever costs nothing when the store pipe is idle anyway
[perf] @tril_inverse64_v2_strict_bf16_kernel.vec #305 workspace/kernels/projects/a5/kda_fwd/kernels/triangular_inverse.py:237:16: warning: ub_to_l1.nd2nz composes multiple MTE3 bursts (one per NZ fractal column of the ND rows) — not a single instruction, and board-measured 10x slower than the compact-NZ move (D-084); store the tile as compact NZ from the @vf instead (a strided vf.store writes the fractal directly) and move it with the plain ub_to_l1. WHEN YOU DO: pad the staging tile by one row so that store's block stride is ODD. The natural stride is the tile's row count, which is 16-aligned by nature and so is the worst rung of the bank ladder (~8.7 cycles a store against ~1.1, D-084) — on the two kernels reworked in D-226 the padding was worth MORE than this move is (-12.3 and -10.8 us of -17.7 and -28.2), and it is worth taking blind: one UB row, and it only ever costs nothing when the store pipe is idle anyway
[perf] @tril_inverse64_v2_strict_bf16_kernel.vec #307 workspace/kernels/projects/a5/kda_fwd/kernels/triangular_inverse.py:238:16: warning: ub_to_l1.nd2nz composes multiple MTE3 bursts (one per NZ fractal column of the ND rows) — not a single instruction, and board-measured 10x slower than the compact-NZ move (D-084); store the tile as compact NZ from the @vf instead (a strided vf.store writes the fractal directly) and move it with the plain ub_to_l1. WHEN YOU DO: pad the staging tile by one row so that store's block stride is ODD. The natural stride is the tile's row count, which is 16-aligned by nature and so is the worst rung of the bank ladder (~8.7 cycles a store against ~1.1, D-084) — on the two kernels reworked in D-226 the padding was worth MORE than this move is (-12.3 and -10.8 us of -17.7 and -28.2), and it is worth taking blind: one UB row, and it only ever costs nothing when the store pipe is idle anyway
[perf] @tril_inverse64_v2_strict_bf16_kernel.vec #309 workspace/kernels/projects/a5/kda_fwd/kernels/triangular_inverse.py:239:16: warning: ub_to_l1.nd2nz composes multiple MTE3 bursts (one per NZ fractal column of the ND rows) — not a single instruction, and board-measured 10x slower than the compact-NZ move (D-084); store the tile as compact NZ from the @vf instead (a strided vf.store writes the fractal directly) and move it with the plain ub_to_l1. WHEN YOU DO: pad the staging tile by one row so that store's block stride is ODD. The natural stride is the tile's row count, which is 16-aligned by nature and so is the worst rung of the bank ladder (~8.7 cycles a store against ~1.1, D-084) — on the two kernels reworked in D-226 the padding was worth MORE than this move is (-12.3 and -10.8 us of -17.7 and -28.2), and it is worth taking blind: one UB row, and it only ever costs nothing when the store pipe is idle anyway
COMPILE_PASS tril_inverse64_v2_strict_bf16_kernel
COMPILE_START forward kda_sub3_wy_stable_kernel 3
[perf] @kda_sub3_wy_stable_kernel.vec #181 repo/kernels/projects/a5/kda_fwd_stable/kernels/wy.py:192:12: warning: ub_to_l1.nd2nz composes multiple MTE3 bursts (one per NZ fractal column of the ND rows) — not a single instruction, and board-measured 10x slower than the compact-NZ move (D-084); store the tile as compact NZ from the @vf instead (a strided vf.store writes the fractal directly) and move it with the plain ub_to_l1. WHEN YOU DO: pad the staging tile by one row so that store's block stride is ODD. The natural stride is the tile's row count, which is 16-aligned by nature and so is the worst rung of the bank ladder (~8.7 cycles a store against ~1.1, D-084) — on the two kernels reworked in D-226 the padding was worth MORE than this move is (-12.3 and -10.8 us of -17.7 and -28.2), and it is worth taking blind: one UB row, and it only ever costs nothing when the store pipe is idle anyway
[perf] @kda_sub3_wy_stable_kernel.vec #187 repo/kernels/projects/a5/kda_fwd_stable/kernels/wy.py:193:12: warning: ub_to_l1.nd2nz composes multiple MTE3 bursts (one per NZ fractal column of the ND rows) — not a single instruction, and board-measured 10x slower than the compact-NZ move (D-084); store the tile as compact NZ from the @vf instead (a strided vf.store writes the fractal directly) and move it with the plain ub_to_l1. WHEN YOU DO: pad the staging tile by one row so that store's block stride is ODD. The natural stride is the tile's row count, which is 16-aligned by nature and so is the worst rung of the bank ladder (~8.7 cycles a store against ~1.1, D-084) — on the two kernels reworked in D-226 the padding was worth MORE than this move is (-12.3 and -10.8 us of -17.7 and -28.2), and it is worth taking blind: one UB row, and it only ever costs nothing when the store pipe is idle anyway
COMPILE_PASS kda_sub3_wy_stable_kernel
COMPILE_START forward kda_sub45_aqk_repaired_kernel 3
[perf] @kda_sub45_aqk_repaired_kernel.vec #144 repo/kernels/projects/a5/kda_fwd_stable/kernels/recurrent.py:210:16: warning: ub_to_l1.nd2nz composes multiple MTE3 bursts (one per NZ fractal column of the ND rows) — not a single instruction, and board-measured 10x slower than the compact-NZ move (D-084); store the tile as compact NZ from the @vf instead (a strided vf.store writes the fractal directly) and move it with the plain ub_to_l1. WHEN YOU DO: pad the staging tile by one row so that store's block stride is ODD. The natural stride is the tile's row count, which is 16-aligned by nature and so is the worst rung of the bank ladder (~8.7 cycles a store against ~1.1, D-084) — on the two kernels reworked in D-226 the padding was worth MORE than this move is (-12.3 and -10.8 us of -17.7 and -28.2), and it is worth taking blind: one UB row, and it only ever costs nothing when the store pipe is idle anyway
[perf] @kda_sub45_aqk_repaired_kernel.vec #213 repo/kernels/projects/a5/kda_fwd_stable/kernels/recurrent.py:234:12: warning: ub_to_l1.nd2nz composes multiple MTE3 bursts (one per NZ fractal column of the ND rows) — not a single instruction, and board-measured 10x slower than the compact-NZ move (D-084); store the tile as compact NZ from the @vf instead (a strided vf.store writes the fractal directly) and move it with the plain ub_to_l1. WHEN YOU DO: pad the staging tile by one row so that store's block stride is ODD. The natural stride is the tile's row count, which is 16-aligned by nature and so is the worst rung of the bank ladder (~8.7 cycles a store against ~1.1, D-084) — on the two kernels reworked in D-226 the padding was worth MORE than this move is (-12.3 and -10.8 us of -17.7 and -28.2), and it is worth taking blind: one UB row, and it only ever costs nothing when the store pipe is idle anyway
[perf] @kda_sub45_aqk_repaired_kernel.vec #371 repo/kernels/projects/a5/kda_fwd_stable/kernels/recurrent.py:314:16: warning: ub_to_l1.nd2nz composes multiple MTE3 bursts (one per NZ fractal column of the ND rows) — not a single instruction, and board-measured 10x slower than the compact-NZ move (D-084); store the tile as compact NZ from the @vf instead (a strided vf.store writes the fractal directly) and move it with the plain ub_to_l1. WHEN YOU DO: pad the staging tile by one row so that store's block stride is ODD. The natural stride is the tile's row count, which is 16-aligned by nature and so is the worst rung of the bank ladder (~8.7 cycles a store against ~1.1, D-084) — on the two kernels reworked in D-226 the padding was worth MORE than this move is (-12.3 and -10.8 us of -17.7 and -28.2), and it is worth taking blind: one UB row, and it only ever costs nothing when the store pipe is idle anyway
COMPILE_PASS kda_sub45_aqk_repaired_kernel
COMPILE_START backward scan_fused_kernel 3
[perf] @snapshot_and_cast_state_vf #106 workspace/kernels/projects/a5/kda_bwd/kernels/scan_fused.py:53:8: warning: strided block store with an even block stride (64): consecutive datablocks hit conflicting UB banks and the store port serialises (board-measured: ~2x an odd stride, ~8x at multiples of 16 — D-084); pad the destination row so the stride is odd (65) to restore the flat rate
[perf] @add_dv_and_cast_bf16_vf #260 workspace/kernels/projects/a5/kda_bwd/kernels/scan_fused.py:77:8: warning: strided block store with an even block stride (32): consecutive datablocks hit conflicting UB banks and the store port serialises (board-measured: ~2x an odd stride, ~8x at multiples of 16 — D-084); pad the destination row so the stride is odd (33) to restore the flat rate
[perf] @update_dstate_vf #457 workspace/kernels/projects/a5/kda_bwd/kernels/scan_fused.py:135:8: warning: strided block store with an even block stride (64): consecutive datablocks hit conflicting UB banks and the store port serialises (board-measured: ~2x an odd stride, ~8x at multiples of 16 — D-084); pad the destination row so the stride is odd (65) to restore the flat rate
COMPILE_PASS scan_fused_kernel
COMPILE_START backward inverse_mm_bounded_kernel 3
[perf] @inverse_mm_bounded_kernel.vec #117 repo/kernels/projects/a5/kda_bwd_stable/kernels/inverse_mm.py:120:16: warning: ub_to_l1.nd2nz composes multiple MTE3 bursts (one per NZ fractal column of the ND rows) — not a single instruction, and board-measured 10x slower than the compact-NZ move (D-084); store the tile as compact NZ from the @vf instead (a strided vf.store writes the fractal directly) and move it with the plain ub_to_l1. WHEN YOU DO: pad the staging tile by one row so that store's block stride is ODD. The natural stride is the tile's row count, which is 16-aligned by nature and so is the worst rung of the bank ladder (~8.7 cycles a store against ~1.1, D-084) — on the two kernels reworked in D-226 the padding was worth MORE than this move is (-12.3 and -10.8 us of -17.7 and -28.2), and it is worth taking blind: one UB row, and it only ever costs nothing when the store pipe is idle anyway
COMPILE_PASS inverse_mm_bounded_kernel
COMPILE_START backward inverse_epilogue_kernel 3
COMPILE_PASS inverse_epilogue_kernel
COMPILE_START backward inverse_dainv_kernel 3
COMPILE_PASS inverse_dainv_kernel
COMPILE_START backward inverse_dakk_fused_kernel 3
[perf] @inverse_dakk_fused_kernel.vec #85 workspace/kernels/projects/a5/kda_bwd/kernels/inverse_dakk_fused.py:99:16: warning: ub_to_l1.nd2nz composes multiple MTE3 bursts (one per NZ fractal column of the ND rows) — not a single instruction, and board-measured 10x slower than the compact-NZ move (D-084); store the tile as compact NZ from the @vf instead (a strided vf.store writes the fractal directly) and move it with the plain ub_to_l1. WHEN YOU DO: pad the staging tile by one row so that store's block stride is ODD. The natural stride is the tile's row count, which is 16-aligned by nature and so is the worst rung of the bank ladder (~8.7 cycles a store against ~1.1, D-084) — on the two kernels reworked in D-226 the padding was worth MORE than this move is (-12.3 and -10.8 us of -17.7 and -28.2), and it is worth taking blind: one UB row, and it only ever costs nothing when the store pipe is idle anyway
COMPILE_PASS inverse_dakk_fused_kernel
COMPILE_START backward finalize_pre_stable_kernel 3
COMPILE_PASS finalize_pre_stable_kernel
COMPILE_START backward finalize_pair_kernel 3
COMPILE_PASS finalize_pair_kernel
COMPILE_START backward finalize_post_stable_kernel 3
COMPILE_PASS finalize_post_stable_kernel
COMPILE_START backward finalize_reduce_kernel 3
COMPILE_PASS finalize_reduce_kernel
COMPILE_START decode kda_decode_bf16_kernel 3
COMPILE_PASS kda_decode_bf16_kernel
COMPILE_START decode kda_decode_fp32_kernel 3
COMPILE_PASS kda_decode_fp32_kernel
CASE_START full_kimi_t4096
[W920 07:06:39.988373386 NPUCachingAllocator.cpp:201] Warning: The current CANN and Soc versions require processing for 32 padding size, with memory allocation. (function operator())
FULL_WORKLOAD_FORWARD_CACHED_BACKWARD
CPU_FP32_REFERENCES full_kimi_t4096
CASE_PASS full_kimi_t4096
CASE_START original_single_chunk
FULL_WORKLOAD_FORWARD_CACHED_BACKWARD
CPU_FP32_REFERENCES original_single_chunk
CASE_PASS original_single_chunk
CASE_START original_multi_chunk
FULL_WORKLOAD_FORWARD_CACHED_BACKWARD
CPU_FP32_REFERENCES original_multi_chunk
CASE_PASS original_multi_chunk
CASE_START original_grouped_heads
FULL_WORKLOAD_FORWARD_CACHED_BACKWARD
CPU_FP32_REFERENCES original_grouped_heads
CASE_PASS original_grouped_heads
CASE_START original_gentle_decay
FULL_WORKLOAD_FORWARD_CACHED_BACKWARD
CPU_FP32_REFERENCES original_gentle_decay
CASE_PASS original_gentle_decay
CASE_START original_grouped_idle_cores
FULL_WORKLOAD_FORWARD_CACHED_BACKWARD
CPU_FP32_REFERENCES original_grouped_idle_cores
CASE_PASS original_grouped_idle_cores
CASE_START grid_c1_g1_s0
FULL_WORKLOAD_FORWARD_CACHED_BACKWARD
CPU_FP32_REFERENCES grid_c1_g1_s0
CASE_PASS grid_c1_g1_s0
CASE_START grid_c1_g1_s1
FULL_WORKLOAD_FORWARD_CACHED_BACKWARD
CPU_FP32_REFERENCES grid_c1_g1_s1
CASE_PASS grid_c1_g1_s1
CASE_START grid_c1_g2_s0
FULL_WORKLOAD_FORWARD_CACHED_BACKWARD
CPU_FP32_REFERENCES grid_c1_g2_s0
CASE_PASS grid_c1_g2_s0
CASE_START grid_c1_g2_s1
FULL_WORKLOAD_FORWARD_CACHED_BACKWARD
CPU_FP32_REFERENCES grid_c1_g2_s1
CASE_PASS grid_c1_g2_s1
CASE_START grid_c1_g4_s0
FULL_WORKLOAD_FORWARD_CACHED_BACKWARD
CPU_FP32_REFERENCES grid_c1_g4_s0
CASE_PASS grid_c1_g4_s0
CASE_START grid_c1_g4_s1
FULL_WORKLOAD_FORWARD_CACHED_BACKWARD
CPU_FP32_REFERENCES grid_c1_g4_s1
CASE_PASS grid_c1_g4_s1
CASE_START grid_c1_g8_s0
FULL_WORKLOAD_FORWARD_CACHED_BACKWARD
CPU_FP32_REFERENCES grid_c1_g8_s0
CASE_PASS grid_c1_g8_s0
CASE_START grid_c1_g8_s1
FULL_WORKLOAD_FORWARD_CACHED_BACKWARD
CPU_FP32_REFERENCES grid_c1_g8_s1
CASE_PASS grid_c1_g8_s1
CASE_START grid_c2_g1_s0
FULL_WORKLOAD_FORWARD_CACHED_BACKWARD
CPU_FP32_REFERENCES grid_c2_g1_s0
CASE_PASS grid_c2_g1_s0
CASE_START grid_c2_g1_s1
FULL_WORKLOAD_FORWARD_CACHED_BACKWARD
CPU_FP32_REFERENCES grid_c2_g1_s1
CASE_PASS grid_c2_g1_s1
CASE_START grid_c2_g2_s0
FULL_WORKLOAD_FORWARD_CACHED_BACKWARD
CPU_FP32_REFERENCES grid_c2_g2_s0
CASE_PASS grid_c2_g2_s0
CASE_START grid_c2_g2_s1
FULL_WORKLOAD_FORWARD_CACHED_BACKWARD
CPU_FP32_REFERENCES grid_c2_g2_s1
CASE_PASS grid_c2_g2_s1
CASE_START grid_c2_g4_s0
FULL_WORKLOAD_FORWARD_CACHED_BACKWARD
CPU_FP32_REFERENCES grid_c2_g4_s0
CASE_PASS grid_c2_g4_s0
CASE_START grid_c2_g4_s1
FULL_WORKLOAD_FORWARD_CACHED_BACKWARD
CPU_FP32_REFERENCES grid_c2_g4_s1
CASE_PASS grid_c2_g4_s1
CASE_START grid_c2_g8_s0
FULL_WORKLOAD_FORWARD_CACHED_BACKWARD
CPU_FP32_REFERENCES grid_c2_g8_s0
CASE_PASS grid_c2_g8_s0
CASE_START grid_c2_g8_s1
FULL_WORKLOAD_FORWARD_CACHED_BACKWARD
CPU_FP32_REFERENCES grid_c2_g8_s1
CASE_PASS grid_c2_g8_s1
CASE_START grid_c3_g1_s0
FULL_WORKLOAD_FORWARD_CACHED_BACKWARD
CPU_FP32_REFERENCES grid_c3_g1_s0
CASE_PASS grid_c3_g1_s0
CASE_START grid_c3_g1_s1
FULL_WORKLOAD_FORWARD_CACHED_BACKWARD
CPU_FP32_REFERENCES grid_c3_g1_s1
CASE_PASS grid_c3_g1_s1
CASE_START grid_c3_g2_s0
FULL_WORKLOAD_FORWARD_CACHED_BACKWARD
CPU_FP32_REFERENCES grid_c3_g2_s0
CASE_PASS grid_c3_g2_s0
CASE_START grid_c3_g2_s1
FULL_WORKLOAD_FORWARD_CACHED_BACKWARD
CPU_FP32_REFERENCES grid_c3_g2_s1
CASE_PASS grid_c3_g2_s1
CASE_START grid_c3_g4_s0
FULL_WORKLOAD_FORWARD_CACHED_BACKWARD
CPU_FP32_REFERENCES grid_c3_g4_s0
CASE_PASS grid_c3_g4_s0
CASE_START grid_c3_g4_s1
FULL_WORKLOAD_FORWARD_CACHED_BACKWARD
CPU_FP32_REFERENCES grid_c3_g4_s1
CASE_PASS grid_c3_g4_s1
CASE_START grid_c3_g8_s0
FULL_WORKLOAD_FORWARD_CACHED_BACKWARD
CPU_FP32_REFERENCES grid_c3_g8_s0
CASE_PASS grid_c3_g8_s0
CASE_START grid_c3_g8_s1
FULL_WORKLOAD_FORWARD_CACHED_BACKWARD
CPU_FP32_REFERENCES grid_c3_g8_s1
CASE_PASS grid_c3_g8_s1
CASE_START kimi_t1024
FULL_WORKLOAD_FORWARD_CACHED_BACKWARD
CPU_FP32_REFERENCES kimi_t1024
CASE_PASS kimi_t1024
CASE_START gradient_span105
FULL_WORKLOAD_FORWARD_CACHED_BACKWARD
CPU_FP32_REFERENCES gradient_span105
CASE_PASS gradient_span105
CASE_START public_b1_h1_hv1_c1_zero
FULL_WORKLOAD_FORWARD_CACHED_BACKWARD
CPU_FP32_REFERENCES public_b1_h1_hv1_c1_zero
CASE_PASS public_b1_h1_hv1_c1_zero
CASE_START public_b1_h1_hv1_c1_random
FULL_WORKLOAD_FORWARD_CACHED_BACKWARD
CPU_FP32_REFERENCES public_b1_h1_hv1_c1_random
CASE_PASS public_b1_h1_hv1_c1_random
CASE_START public_b1_h1_hv2_c1_zero
FULL_WORKLOAD_FORWARD_CACHED_BACKWARD
CPU_FP32_REFERENCES public_b1_h1_hv2_c1_zero
CASE_PASS public_b1_h1_hv2_c1_zero
CASE_START public_b1_h1_hv2_c1_random
FULL_WORKLOAD_FORWARD_CACHED_BACKWARD
CPU_FP32_REFERENCES public_b1_h1_hv2_c1_random
CASE_PASS public_b1_h1_hv2_c1_random
CASE_START public_b1_h1_hv4_c1_zero
FULL_WORKLOAD_FORWARD_CACHED_BACKWARD
CPU_FP32_REFERENCES public_b1_h1_hv4_c1_zero
CASE_PASS public_b1_h1_hv4_c1_zero
CASE_START public_b1_h1_hv4_c1_random
FULL_WORKLOAD_FORWARD_CACHED_BACKWARD
CPU_FP32_REFERENCES public_b1_h1_hv4_c1_random
CASE_PASS public_b1_h1_hv4_c1_random
CASE_START public_b1_h2_hv4_c1_zero
FULL_WORKLOAD_FORWARD_CACHED_BACKWARD
CPU_FP32_REFERENCES public_b1_h2_hv4_c1_zero
CASE_PASS public_b1_h2_hv4_c1_zero
CASE_START public_b1_h2_hv4_c1_random
FULL_WORKLOAD_FORWARD_CACHED_BACKWARD
CPU_FP32_REFERENCES public_b1_h2_hv4_c1_random
CASE_PASS public_b1_h2_hv4_c1_random
CASE_START public_b1_h4_hv4_c1_zero
FULL_WORKLOAD_FORWARD_CACHED_BACKWARD
CPU_FP32_REFERENCES public_b1_h4_hv4_c1_zero
CASE_PASS public_b1_h4_hv4_c1_zero
CASE_START public_b1_h4_hv4_c1_random
FULL_WORKLOAD_FORWARD_CACHED_BACKWARD
CPU_FP32_REFERENCES public_b1_h4_hv4_c1_random
CASE_PASS public_b1_h4_hv4_c1_random
CASE_START public_b1_h4_hv8_c1_zero
FULL_WORKLOAD_FORWARD_CACHED_BACKWARD
CPU_FP32_REFERENCES public_b1_h4_hv8_c1_zero
CASE_PASS public_b1_h4_hv8_c1_zero
CASE_START public_b1_h4_hv8_c1_random
FULL_WORKLOAD_FORWARD_CACHED_BACKWARD
CPU_FP32_REFERENCES public_b1_h4_hv8_c1_random
CASE_PASS public_b1_h4_hv8_c1_random
CASE_START public_b1_h32_hv32_c1_zero
FULL_WORKLOAD_FORWARD_CACHED_BACKWARD
CPU_FP32_REFERENCES public_b1_h32_hv32_c1_zero
CASE_PASS public_b1_h32_hv32_c1_zero
CASE_START public_b1_h32_hv32_c1_random
FULL_WORKLOAD_FORWARD_CACHED_BACKWARD
CPU_FP32_REFERENCES public_b1_h32_hv32_c1_random
CASE_PASS public_b1_h32_hv32_c1_random
CASE_START public_b1_h1_hv1_c2_zero
FULL_WORKLOAD_FORWARD_CACHED_BACKWARD
CPU_FP32_REFERENCES public_b1_h1_hv1_c2_zero
CASE_PASS public_b1_h1_hv1_c2_zero
CASE_START public_b1_h1_hv1_c2_random
FULL_WORKLOAD_FORWARD_CACHED_BACKWARD
CPU_FP32_REFERENCES public_b1_h1_hv1_c2_random
CASE_PASS public_b1_h1_hv1_c2_random
CASE_START public_b1_h1_hv2_c2_zero
FULL_WORKLOAD_FORWARD_CACHED_BACKWARD
CPU_FP32_REFERENCES public_b1_h1_hv2_c2_zero
CASE_PASS public_b1_h1_hv2_c2_zero
CASE_START public_b1_h1_hv2_c2_random
FULL_WORKLOAD_FORWARD_CACHED_BACKWARD
CPU_FP32_REFERENCES public_b1_h1_hv2_c2_random
CASE_PASS public_b1_h1_hv2_c2_random
CASE_START public_b1_h1_hv4_c2_zero
FULL_WORKLOAD_FORWARD_CACHED_BACKWARD
CPU_FP32_REFERENCES public_b1_h1_hv4_c2_zero
CASE_PASS public_b1_h1_hv4_c2_zero
CASE_START public_b1_h1_hv4_c2_random
FULL_WORKLOAD_FORWARD_CACHED_BACKWARD
CPU_FP32_REFERENCES public_b1_h1_hv4_c2_random
CASE_PASS public_b1_h1_hv4_c2_random
CASE_START public_b1_h2_hv4_c2_zero
FULL_WORKLOAD_FORWARD_CACHED_BACKWARD
CPU_FP32_REFERENCES public_b1_h2_hv4_c2_zero
CASE_PASS public_b1_h2_hv4_c2_zero
CASE_START public_b1_h2_hv4_c2_random
FULL_WORKLOAD_FORWARD_CACHED_BACKWARD
CPU_FP32_REFERENCES public_b1_h2_hv4_c2_random
CASE_PASS public_b1_h2_hv4_c2_random
CASE_START public_b1_h4_hv4_c2_zero
FULL_WORKLOAD_FORWARD_CACHED_BACKWARD
CPU_FP32_REFERENCES public_b1_h4_hv4_c2_zero
CASE_PASS public_b1_h4_hv4_c2_zero
CASE_START public_b1_h4_hv4_c2_random
FULL_WORKLOAD_FORWARD_CACHED_BACKWARD
CPU_FP32_REFERENCES public_b1_h4_hv4_c2_random
CASE_PASS public_b1_h4_hv4_c2_random
CASE_START public_b1_h4_hv8_c2_zero
FULL_WORKLOAD_FORWARD_CACHED_BACKWARD
CPU_FP32_REFERENCES public_b1_h4_hv8_c2_zero
CASE_PASS public_b1_h4_hv8_c2_zero
CASE_START public_b1_h4_hv8_c2_random
FULL_WORKLOAD_FORWARD_CACHED_BACKWARD
CPU_FP32_REFERENCES public_b1_h4_hv8_c2_random
CASE_PASS public_b1_h4_hv8_c2_random
CASE_START public_b1_h32_hv32_c2_zero
FULL_WORKLOAD_FORWARD_CACHED_BACKWARD
CPU_FP32_REFERENCES public_b1_h32_hv32_c2_zero
CASE_PASS public_b1_h32_hv32_c2_zero
CASE_START public_b1_h32_hv32_c2_random
FULL_WORKLOAD_FORWARD_CACHED_BACKWARD
CPU_FP32_REFERENCES public_b1_h32_hv32_c2_random
CASE_PASS public_b1_h32_hv32_c2_random
CASE_START public_b1_h1_hv1_c3_zero
FULL_WORKLOAD_FORWARD_CACHED_BACKWARD
CPU_FP32_REFERENCES public_b1_h1_hv1_c3_zero
CASE_PASS public_b1_h1_hv1_c3_zero
CASE_START public_b1_h1_hv1_c3_random
FULL_WORKLOAD_FORWARD_CACHED_BACKWARD
CPU_FP32_REFERENCES public_b1_h1_hv1_c3_random
CASE_PASS public_b1_h1_hv1_c3_random
CASE_START public_b1_h1_hv2_c3_zero
FULL_WORKLOAD_FORWARD_CACHED_BACKWARD
CPU_FP32_REFERENCES public_b1_h1_hv2_c3_zero
CASE_PASS public_b1_h1_hv2_c3_zero
CASE_START public_b1_h1_hv2_c3_random
FULL_WORKLOAD_FORWARD_CACHED_BACKWARD
CPU_FP32_REFERENCES public_b1_h1_hv2_c3_random
CASE_PASS public_b1_h1_hv2_c3_random
CASE_START public_b1_h1_hv4_c3_zero
FULL_WORKLOAD_FORWARD_CACHED_BACKWARD
CPU_FP32_REFERENCES public_b1_h1_hv4_c3_zero
CASE_PASS public_b1_h1_hv4_c3_zero
CASE_START public_b1_h1_hv4_c3_random
FULL_WORKLOAD_FORWARD_CACHED_BACKWARD
CPU_FP32_REFERENCES public_b1_h1_hv4_c3_random
CASE_PASS public_b1_h1_hv4_c3_random
CASE_START public_b1_h2_hv4_c3_zero
FULL_WORKLOAD_FORWARD_CACHED_BACKWARD
CPU_FP32_REFERENCES public_b1_h2_hv4_c3_zero
CASE_PASS public_b1_h2_hv4_c3_zero
CASE_START public_b1_h2_hv4_c3_random
FULL_WORKLOAD_FORWARD_CACHED_BACKWARD
CPU_FP32_REFERENCES public_b1_h2_hv4_c3_random
CASE_PASS public_b1_h2_hv4_c3_random
CASE_START public_b1_h4_hv4_c3_zero
FULL_WORKLOAD_FORWARD_CACHED_BACKWARD
CPU_FP32_REFERENCES public_b1_h4_hv4_c3_zero
CASE_PASS public_b1_h4_hv4_c3_zero
CASE_START public_b1_h4_hv4_c3_random
FULL_WORKLOAD_FORWARD_CACHED_BACKWARD
CPU_FP32_REFERENCES public_b1_h4_hv4_c3_random
CASE_PASS public_b1_h4_hv4_c3_random
CASE_START public_b1_h4_hv8_c3_zero
FULL_WORKLOAD_FORWARD_CACHED_BACKWARD
CPU_FP32_REFERENCES public_b1_h4_hv8_c3_zero
CASE_PASS public_b1_h4_hv8_c3_zero
CASE_START public_b1_h4_hv8_c3_random
FULL_WORKLOAD_FORWARD_CACHED_BACKWARD
CPU_FP32_REFERENCES public_b1_h4_hv8_c3_random
CASE_PASS public_b1_h4_hv8_c3_random
CASE_START public_b1_h32_hv32_c3_zero
FULL_WORKLOAD_FORWARD_CACHED_BACKWARD
CPU_FP32_REFERENCES public_b1_h32_hv32_c3_zero
CASE_PASS public_b1_h32_hv32_c3_zero
CASE_START public_b1_h32_hv32_c3_random
FULL_WORKLOAD_FORWARD_CACHED_BACKWARD
CPU_FP32_REFERENCES public_b1_h32_hv32_c3_random
CASE_PASS public_b1_h32_hv32_c3_random
CASE_START public_b1_h1_hv1_c4_zero
FULL_WORKLOAD_FORWARD_CACHED_BACKWARD
CPU_FP32_REFERENCES public_b1_h1_hv1_c4_zero
CASE_PASS public_b1_h1_hv1_c4_zero
CASE_START public_b1_h1_hv1_c4_random
FULL_WORKLOAD_FORWARD_CACHED_BACKWARD
CPU_FP32_REFERENCES public_b1_h1_hv1_c4_random
CASE_PASS public_b1_h1_hv1_c4_random
CASE_START public_b1_h1_hv2_c4_zero
FULL_WORKLOAD_FORWARD_CACHED_BACKWARD
CPU_FP32_REFERENCES public_b1_h1_hv2_c4_zero
CASE_PASS public_b1_h1_hv2_c4_zero
CASE_START public_b1_h1_hv2_c4_random
FULL_WORKLOAD_FORWARD_CACHED_BACKWARD
CPU_FP32_REFERENCES public_b1_h1_hv2_c4_random
CASE_PASS public_b1_h1_hv2_c4_random
CASE_START public_b1_h1_hv4_c4_zero
FULL_WORKLOAD_FORWARD_CACHED_BACKWARD
CPU_FP32_REFERENCES public_b1_h1_hv4_c4_zero
CASE_PASS public_b1_h1_hv4_c4_zero
CASE_START public_b1_h1_hv4_c4_random
FULL_WORKLOAD_FORWARD_CACHED_BACKWARD
CPU_FP32_REFERENCES public_b1_h1_hv4_c4_random
CASE_PASS public_b1_h1_hv4_c4_random
CASE_START public_b1_h2_hv4_c4_zero
FULL_WORKLOAD_FORWARD_CACHED_BACKWARD
CPU_FP32_REFERENCES public_b1_h2_hv4_c4_zero
CASE_PASS public_b1_h2_hv4_c4_zero
CASE_START public_b1_h2_hv4_c4_random
FULL_WORKLOAD_FORWARD_CACHED_BACKWARD
CPU_FP32_REFERENCES public_b1_h2_hv4_c4_random
CASE_PASS public_b1_h2_hv4_c4_random
CASE_START public_b1_h4_hv4_c4_zero
FULL_WORKLOAD_FORWARD_CACHED_BACKWARD
CPU_FP32_REFERENCES public_b1_h4_hv4_c4_zero
CASE_PASS public_b1_h4_hv4_c4_zero
CASE_START public_b1_h4_hv4_c4_random
FULL_WORKLOAD_FORWARD_CACHED_BACKWARD
CPU_FP32_REFERENCES public_b1_h4_hv4_c4_random
CASE_PASS public_b1_h4_hv4_c4_random
CASE_START public_b1_h4_hv8_c4_zero
FULL_WORKLOAD_FORWARD_CACHED_BACKWARD
CPU_FP32_REFERENCES public_b1_h4_hv8_c4_zero
CASE_PASS public_b1_h4_hv8_c4_zero
CASE_START public_b1_h4_hv8_c4_random
FULL_WORKLOAD_FORWARD_CACHED_BACKWARD
CPU_FP32_REFERENCES public_b1_h4_hv8_c4_random
CASE_PASS public_b1_h4_hv8_c4_random
CASE_START public_b1_h32_hv32_c4_zero
FULL_WORKLOAD_FORWARD_CACHED_BACKWARD
CPU_FP32_REFERENCES public_b1_h32_hv32_c4_zero
CASE_PASS public_b1_h32_hv32_c4_zero
CASE_START public_b1_h32_hv32_c4_random
FULL_WORKLOAD_FORWARD_CACHED_BACKWARD
CPU_FP32_REFERENCES public_b1_h32_hv32_c4_random
CASE_PASS public_b1_h32_hv32_c4_random
CASE_START public_b1_h1_hv1_c5_zero
FULL_WORKLOAD_FORWARD_CACHED_BACKWARD
CPU_FP32_REFERENCES public_b1_h1_hv1_c5_zero
CASE_PASS public_b1_h1_hv1_c5_zero
CASE_START public_b1_h1_hv1_c5_random
FULL_WORKLOAD_FORWARD_CACHED_BACKWARD
CPU_FP32_REFERENCES public_b1_h1_hv1_c5_random
CASE_PASS public_b1_h1_hv1_c5_random
CASE_START public_b1_h1_hv2_c5_zero
FULL_WORKLOAD_FORWARD_CACHED_BACKWARD
CPU_FP32_REFERENCES public_b1_h1_hv2_c5_zero
CASE_PASS public_b1_h1_hv2_c5_zero
CASE_START public_b1_h1_hv2_c5_random
FULL_WORKLOAD_FORWARD_CACHED_BACKWARD
CPU_FP32_REFERENCES public_b1_h1_hv2_c5_random
CASE_PASS public_b1_h1_hv2_c5_random
CASE_START public_b1_h1_hv4_c5_zero
FULL_WORKLOAD_FORWARD_CACHED_BACKWARD
CPU_FP32_REFERENCES public_b1_h1_hv4_c5_zero
CASE_PASS public_b1_h1_hv4_c5_zero
CASE_START public_b1_h1_hv4_c5_random
FULL_WORKLOAD_FORWARD_CACHED_BACKWARD
CPU_FP32_REFERENCES public_b1_h1_hv4_c5_random
CASE_PASS public_b1_h1_hv4_c5_random
CASE_START public_b1_h2_hv4_c5_zero
FULL_WORKLOAD_FORWARD_CACHED_BACKWARD
CPU_FP32_REFERENCES public_b1_h2_hv4_c5_zero
CASE_PASS public_b1_h2_hv4_c5_zero
CASE_START public_b1_h2_hv4_c5_random
FULL_WORKLOAD_FORWARD_CACHED_BACKWARD
CPU_FP32_REFERENCES public_b1_h2_hv4_c5_random
CASE_PASS public_b1_h2_hv4_c5_random
CASE_START public_b1_h4_hv4_c5_zero
FULL_WORKLOAD_FORWARD_CACHED_BACKWARD
CPU_FP32_REFERENCES public_b1_h4_hv4_c5_zero
CASE_PASS public_b1_h4_hv4_c5_zero
CASE_START public_b1_h4_hv4_c5_random
FULL_WORKLOAD_FORWARD_CACHED_BACKWARD
CPU_FP32_REFERENCES public_b1_h4_hv4_c5_random
CASE_PASS public_b1_h4_hv4_c5_random
CASE_START public_b1_h4_hv8_c5_zero
FULL_WORKLOAD_FORWARD_CACHED_BACKWARD
CPU_FP32_REFERENCES public_b1_h4_hv8_c5_zero
CASE_PASS public_b1_h4_hv8_c5_zero
CASE_START public_b1_h4_hv8_c5_random
FULL_WORKLOAD_FORWARD_CACHED_BACKWARD
CPU_FP32_REFERENCES public_b1_h4_hv8_c5_random
CASE_PASS public_b1_h4_hv8_c5_random
CASE_START public_b1_h32_hv32_c5_zero
FULL_WORKLOAD_FORWARD_CACHED_BACKWARD
CPU_FP32_REFERENCES public_b1_h32_hv32_c5_zero
CASE_PASS public_b1_h32_hv32_c5_zero
CASE_START public_b1_h32_hv32_c5_random
FULL_WORKLOAD_FORWARD_CACHED_BACKWARD
CPU_FP32_REFERENCES public_b1_h32_hv32_c5_random
CASE_PASS public_b1_h32_hv32_c5_random
CASE_START public_b1_h1_hv1_c6_zero
FULL_WORKLOAD_FORWARD_CACHED_BACKWARD
CPU_FP32_REFERENCES public_b1_h1_hv1_c6_zero
CASE_PASS public_b1_h1_hv1_c6_zero
CASE_START public_b1_h1_hv1_c6_random
FULL_WORKLOAD_FORWARD_CACHED_BACKWARD
CPU_FP32_REFERENCES public_b1_h1_hv1_c6_random
CASE_PASS public_b1_h1_hv1_c6_random
CASE_START public_b1_h1_hv2_c6_zero
FULL_WORKLOAD_FORWARD_CACHED_BACKWARD
CPU_FP32_REFERENCES public_b1_h1_hv2_c6_zero
CASE_PASS public_b1_h1_hv2_c6_zero
CASE_START public_b1_h1_hv2_c6_random
FULL_WORKLOAD_FORWARD_CACHED_BACKWARD
CPU_FP32_REFERENCES public_b1_h1_hv2_c6_random
CASE_PASS public_b1_h1_hv2_c6_random
CASE_START public_b1_h1_hv4_c6_zero
FULL_WORKLOAD_FORWARD_CACHED_BACKWARD
CPU_FP32_REFERENCES public_b1_h1_hv4_c6_zero
CASE_PASS public_b1_h1_hv4_c6_zero
CASE_START public_b1_h1_hv4_c6_random
FULL_WORKLOAD_FORWARD_CACHED_BACKWARD
CPU_FP32_REFERENCES public_b1_h1_hv4_c6_random
CASE_PASS public_b1_h1_hv4_c6_random
CASE_START public_b1_h2_hv4_c6_zero
FULL_WORKLOAD_FORWARD_CACHED_BACKWARD
CPU_FP32_REFERENCES public_b1_h2_hv4_c6_zero
CASE_PASS public_b1_h2_hv4_c6_zero
CASE_START public_b1_h2_hv4_c6_random
FULL_WORKLOAD_FORWARD_CACHED_BACKWARD
CPU_FP32_REFERENCES public_b1_h2_hv4_c6_random
CASE_PASS public_b1_h2_hv4_c6_random
CASE_START public_b1_h4_hv4_c6_zero
FULL_WORKLOAD_FORWARD_CACHED_BACKWARD
CPU_FP32_REFERENCES public_b1_h4_hv4_c6_zero
CASE_PASS public_b1_h4_hv4_c6_zero
CASE_START public_b1_h4_hv4_c6_random
FULL_WORKLOAD_FORWARD_CACHED_BACKWARD
CPU_FP32_REFERENCES public_b1_h4_hv4_c6_random
CASE_PASS public_b1_h4_hv4_c6_random
CASE_START public_b1_h4_hv8_c6_zero
FULL_WORKLOAD_FORWARD_CACHED_BACKWARD
CPU_FP32_REFERENCES public_b1_h4_hv8_c6_zero
CASE_PASS public_b1_h4_hv8_c6_zero
CASE_START public_b1_h4_hv8_c6_random
FULL_WORKLOAD_FORWARD_CACHED_BACKWARD
CPU_FP32_REFERENCES public_b1_h4_hv8_c6_random
CASE_PASS public_b1_h4_hv8_c6_random
CASE_START public_b1_h32_hv32_c6_zero
FULL_WORKLOAD_FORWARD_CACHED_BACKWARD
CPU_FP32_REFERENCES public_b1_h32_hv32_c6_zero
CASE_PASS public_b1_h32_hv32_c6_zero
CASE_START public_b1_h32_hv32_c6_random
FULL_WORKLOAD_FORWARD_CACHED_BACKWARD
CPU_FP32_REFERENCES public_b1_h32_hv32_c6_random
CASE_PASS public_b1_h32_hv32_c6_random
NATIVE_PASS suite 3 116
