[INFO] ATRACE(<PID>,python):2026-09-19-18:01:02.147.185 [trace_recorder.c:166](tid:<PID>) get path by env ASCEND_WORK_PATH: <TASK_NATIVE>/work
[INFO] RUNTIME(<PID>,python):2026-09-19-18:01:02.148.603 [task_fail_callback_data_manager.cc:89] <PID> TaskFailCallBackManager: Constructor.
[INFO] RUNTIME(<PID>,python):2026-09-19-18:01:02.148.611 [xpu_task_fail_callback_data_manager.cc:59] <PID> XpuTaskFailCallBackManager: XpuTaskFailCallBackManager Constructor.
[INFO] RUNTIME(<PID>,python):2026-09-19-18:01:02.178.278 [runtime_keeper.cc:213] <PID> CreateRuntimeImpl: Open libruntime_v200.so successfully
[INFO] RUNTIME(<PID>,python):2026-09-19-18:01:02.179.703 [runtime.cc:5059] <PID> GetVisibleDevices: real deviceCnt:2 userDeviceCnt:1 isSetVisibleDev:<DEVICE> ASCEND_RT_VISIBLE_DEVICES:[1] available visible devices:[1]
[INFO] TDT(<PID>,python):2026-09-19-18:01:02.180.979 [package_worker_factory.cpp:37][RegisterPackageWorkerCreator][tid:<PID>] Register[2] package worker was created successfully
[INFO] TDT(<PID>,python):2026-09-19-18:01:02.180.987 [package_worker_factory.cpp:37][RegisterPackageWorkerCreator][tid:<PID>] Register[3] package worker was created successfully
[INFO] HCCL(<PID>,python):2026-09-19-18:01:02.271.605 [adapter_rts.cc:2637] [<PID>][adapter_rts.cc][CallBackInitRts] g_deviceType [9] g_deviceLogicId [-1] g_devicePhyId [-1]
[INFO] GE(<PID>,python):2026-09-19-18:01:06.390.243 [op_tiling_manager.cc:109]<PID> ~FuncPerfScope:[GEPERFTRACE] The time cost of OpTilingManager::LoadSo is [1818] micro seconds.
[INFO] IDEDD(<PID>,python):2026-09-19-18:01:06.423.434 [adx_dump_record.cpp:699][tid:<PID>] start dump thread, remote dump record temp path : <TASK_NATIVE>/.
[INFO] DRV(<PID>,python):2026-09-19-18:01:06.423.826 [drv_share_log.c:233][ascend][curpid:<PID>,436937][drv][hdc][share_log_read_in_single_module]Server create success. (dev_id=<DEVICE>; fid=0; pid=<PID>; service_type="service_dump")
[INFO] DRV(<PID>,python):2026-09-19-18:01:06.423.948 [drv_share_log.c:233][ascend][curpid:<PID>,436937][drv][hdc][share_log_read_in_single_module]Server create success. (dev_id=<DEVICE>; fid=0; pid=<PID>; service_type="service_dump")
[INFO] IDEDD(<PID>,python):2026-09-19-18:01:06.424.625 [dump_manager.cpp:241][tid:<PID>] Set aic_err_brief_dump[3] dump setting, status: on, dump switch: 3
[INFO] ASCENDCL(<PID>,python):2026-09-19-18:01:06.427.574 [acl_op_resource_manager.cpp:60]<PID> GetRuntimeV2Env: runtime v2 flag : model flag = 1, singleOp flag = 1
[INFO] PROFILING(<PID>,python):2026-09-19-18:01:06.431.296 [platform.cpp:52] (tid:<PID>) Profiling platform version: 1.0.
[INFO] PROFILING(<PID>,python):2026-09-19-18:01:06.431.313 [platform.cpp:272] (tid:<PID>) Succeeded to DrvGetApiVersion version: 0x72418
[INFO] ASCENDCL(<PID>,python):2026-09-19-18:01:06.431.558 [acl.cpp:369]<PID> GetAllPackageVersion: Version of runtime package is 9.2.0
[INFO] ASCENDCL(<PID>,python):2026-09-19-18:01:06.431.586 [acl.cpp:369]<PID> GetAllPackageVersion: Version of runtime package is 9.2.0
[INFO] ASCENDCL(<PID>,python):2026-09-19-18:01:06.431.612 [acl.cpp:369]<PID> GetAllPackageVersion: Version of bisheng-compiler package is 9.2.0
[INFO] ASCENDCL(<PID>,python):2026-09-19-18:01:06.431.636 [acl.cpp:369]<PID> GetAllPackageVersion: Version of hccl package is 9.2.0
[INFO] ASCENDCL(<PID>,python):2026-09-19-18:01:06.431.671 [acl.cpp:369]<PID> GetAllPackageVersion: Version of oam-tools package is 9.2.0
[INFO] ASCENDCL(<PID>,python):2026-09-19-18:01:06.431.704 [acl.cpp:369]<PID> GetAllPackageVersion: Version of ops-legacy package is 9.2.0
[INFO] ASCENDCL(<PID>,python):2026-09-19-18:01:06.431.735 [acl.cpp:369]<PID> GetAllPackageVersion: Version of ops-legacy package is 9.2.0
[INFO] ASCENDCL(<PID>,python):2026-09-19-18:01:06.431.769 [acl.cpp:369]<PID> GetAllPackageVersion: Version of driver package is 7.0.t9.0.B798
[INFO] ATRACE(<PID>,python):2026-09-19-18:01:06.439.546 [atrace_client_core.c:160](tid:<PID>) start to receive device[<DEVICE>] trace log.
[INFO] ASCENDCL(<PID>,python):2026-09-19-18:01:06.439.568 [acl_resource_manager.cpp:128]<PID> GetRuntimeV2Env: runtime v2 flag : model flag = 1, singleOp flag = 1
[INFO] TDT(<PID>,python):2026-09-19-18:01:06.439.594 [client_manager.cpp:140][GetInstance][tid:<PID>] [ClientManager] Current mode:1
[INFO] TDT(<PID>,python):2026-09-19-18:01:06.439.663 [process_mode_manager.cpp:168][GetLogLevel][tid:<PID>] [TsdClient] get ASCEND_GLOBAL_LOG_LEVEL [] ASCEND_GLOBAL_EVENT_ENABLE [] ASCEND_MODULE_LOG_LEVEL []
[INFO] TDT(<PID>,python):2026-09-19-18:01:06.439.731 [tsd_process_controller.cpp:59][OpenProcess][tid:<PID>] [ProcessModeManager] enter into open process deviceId[<DEVICE>] rankSize[0]
[INFO] TDT(<PID>,python):2026-09-19-18:01:06.439.774 [capability_manager.cpp:401][IsSupportCommonSink][tid:<PID>] mutexFile[<EXTERNAL_PATH> found means supporting common sink
[INFO] TDT(<PID>,python):2026-09-19-18:01:06.439.970 [device_comm_agent.cpp:41][InitTsdClient][tid:<PID>] [TsdClient] deviceId[<DEVICE>] begin to init hdc client
[INFO] TDT(<PID>,python):2026-09-19-18:01:06.440.235 [version_verify.cpp:39][SetVersionInfo][tid:<PID>] VersionVerify: send client version to server
[INFO] TDT(<PID>,python):2026-09-19-18:01:06.443.547 [version_verify.cpp:71][PeerVersionCheck][tid:<PID>] VersionVerify: Check client version info, server[1230], client[1230]
[INFO] TDT(<PID>,python):2026-09-19-18:01:06.443.558 [version_verify.cpp:92][ParseVersionInfo][tid:<PID>] VersionVerify: pass client version info success
[INFO] TDT(<PID>,python):2026-09-19-18:01:06.443.562 [hdc_client.cpp:243][CheckHdcConnection][tid:<PID>] Service create hdc successfully.
[INFO] TDT(<PID>,python):2026-09-19-18:01:06.445.159 [package_env_info.cpp:131][GetShortSocVersion][tid:<PID>] get short_soc_version:Ascend950
[INFO] TDT(<PID>,python):2026-09-19-18:01:06.445.264 [package_process_config.cpp:265][SetConfigDataOnHost][tid:<PID>] insert package:Ascend-aicpu_legacy.tar.gz config
[INFO] TDT(<PID>,python):2026-09-19-18:01:06.445.278 [package_process_config.cpp:265][SetConfigDataOnHost][tid:<PID>] insert package:Ascend910-aicpu_legacy.tar.gz config
[INFO] TDT(<PID>,python):2026-09-19-18:01:06.445.290 [package_process_config.cpp:265][SetConfigDataOnHost][tid:<PID>] insert package:Ascend310P-aicpu_legacy.tar.gz config
[INFO] TDT(<PID>,python):2026-09-19-18:01:06.445.305 [package_process_config.cpp:265][SetConfigDataOnHost][tid:<PID>] insert package:aicpu_hccl.tar.gz config
[INFO] TDT(<PID>,python):2026-09-19-18:01:06.445.317 [package_process_config.cpp:265][SetConfigDataOnHost][tid:<PID>] insert package:mc2_server.tar.gz config
[INFO] TDT(<PID>,python):2026-09-19-18:01:06.445.328 [package_process_config.cpp:265][SetConfigDataOnHost][tid:<PID>] insert package:aicpu_hcomm.tar.gz config
[INFO] TDT(<PID>,python):2026-09-19-18:01:06.445.339 [package_process_config.cpp:265][SetConfigDataOnHost][tid:<PID>] insert package:cann-hixl-compat.tar.gz config
[INFO] TDT(<PID>,python):2026-09-19-18:01:06.445.352 [package_process_config.cpp:265][SetConfigDataOnHost][tid:<PID>] insert package:cann-hcomm-compat.tar.gz config
[INFO] TDT(<PID>,python):2026-09-19-18:01:06.445.363 [package_process_config.cpp:265][SetConfigDataOnHost][tid:<PID>] insert package:cann-hccd-compat.tar.gz config
[INFO] TDT(<PID>,python):2026-09-19-18:01:06.445.374 [package_process_config.cpp:265][SetConfigDataOnHost][tid:<PID>] insert package:cann-udf-compat.tar.gz config
[INFO] TDT(<PID>,python):2026-09-19-18:01:06.445.387 [package_process_config.cpp:265][SetConfigDataOnHost][tid:<PID>] insert package:cann-tsch-compat.tar.gz config
[INFO] TDT(<PID>,python):2026-09-19-18:01:06.445.410 [package_process_config.cpp:331][RefreshHostPluginVersions][tid:<PID>] host plugin pkg:cann-hcomm-compat.tar.gz ini parsed, version:9.2.0 timestamp:20260805_101249091
[INFO] TDT(<PID>,python):2026-09-19-18:01:06.445.425 [package_process_config.cpp:331][RefreshHostPluginVersions][tid:<PID>] host plugin pkg:cann-tsch-compat.tar.gz ini parsed, version:9.2.0 timestamp:20260805_101249091
[INFO] TDT(<PID>,python):2026-09-19-18:01:06.445.431 [hdc_message_builder.cpp:54][SetProcSignPid][tid:<PID>] [HdcMessageBuilder] tsd get process sign successfully, procpid[<PID>]
[INFO] TDT(<PID>,python):2026-09-19-18:01:06.445.471 [version_verify.cpp:117][SpecialFeatureCheck][tid:<PID>] VersionVerify: previous type[69], supported
[INFO] TDT(<PID>,python):2026-09-19-18:01:06.447.606 [plugin_version_manager.cpp:114][HandleDevicePluginVersionRsp][tid:<PID>] device plugin info rsp, pkgCount:0
[INFO] TDT(<PID>,python):2026-09-19-18:01:06.447.613 [package_loader.cpp:427][LoadPackageConfigInfoToDevice][tid:<PID>] Receive load package config response result:0
[INFO] TDT(<PID>,python):2026-09-19-18:01:06.447.637 [capability_manager.cpp:401][IsSupportCommonSink][tid:<PID>] mutexFile[<EXTERNAL_PATH> found means supporting common sink
[INFO] TDT(<PID>,python):2026-09-19-18:01:06.447.643 [package_loader.cpp:134][ShouldLoadLegacyPackage][tid:<PID>] [TsdClient][logicDeviceId_=1] use legacy package
[INFO] TDT(<PID>,python):2026-09-19-18:01:06.447.769 [package_env_info.cpp:221][CheckPackageExistsOnce][tid:<PID>] [TsdClient][deviceId=<DEVICE>] pkg size[0] in path[<CANN>/opp/built-in/] must be only one, skip send package, packageType[6]
[INFO] TDT(<PID>,python):2026-09-19-18:01:06.447.776 [package_loader.cpp:103][LoadSysOpKernel][tid:<PID>] [TsdClient][logicDeviceId_=1] cannot find aicpu packages
[INFO] TDT(<PID>,python):2026-09-19-18:01:06.447.795 [capability_manager.cpp:401][IsSupportCommonSink][tid:<PID>] mutexFile[<EXTERNAL_PATH> found means supporting common sink
[INFO] TDT(<PID>,python):2026-09-19-18:01:06.447.806 [package_loader.cpp:464][LoadSinglePackageToDevice][tid:<PID>] begin to load package:Ascend-aicpu_legacy.tar.gz to device:<DEVICE>
[INFO] TDT(<PID>,python):2026-09-19-18:01:06.447.817 [package_process_config.cpp:396][GetPkgHostAndDeviceDstPath][tid:<PID>] get orgFile:<CANN>/opp/Ascend/aicpu/Ascend-aicpu_legacy.tar.gz, dstFile:<EXTERNAL_PATH>
[INFO] TDT(<PID>,python):2026-09-19-18:01:07.115.546 [package_loader.cpp:491][LoadSinglePackageToDevice][tid:<PID>] current package:Ascend-aicpu_legacy.tar.gz is same as device, skip load
[INFO] TDT(<PID>,python):2026-09-19-18:01:07.115.567 [package_loader.cpp:464][LoadSinglePackageToDevice][tid:<PID>] begin to load package:Ascend310P-aicpu_legacy.tar.gz to device:<DEVICE>
[INFO] TDT(<PID>,python):2026-09-19-18:01:07.115.575 [package_loader.cpp:481][LoadSinglePackageToDevice][tid:<PID>] cannot find package:Ascend310P-aicpu_legacy.tar.gz, optional is true skip
[INFO] TDT(<PID>,python):2026-09-19-18:01:07.115.580 [package_loader.cpp:464][LoadSinglePackageToDevice][tid:<PID>] begin to load package:Ascend910-aicpu_legacy.tar.gz to device:<DEVICE>
[INFO] TDT(<PID>,python):2026-09-19-18:01:07.115.585 [package_loader.cpp:481][LoadSinglePackageToDevice][tid:<PID>] cannot find package:Ascend910-aicpu_legacy.tar.gz, optional is true skip
[INFO] TDT(<PID>,python):2026-09-19-18:01:07.115.589 [package_loader.cpp:464][LoadSinglePackageToDevice][tid:<PID>] begin to load package:aicpu_hccl.tar.gz to device:<DEVICE>
[INFO] TDT(<PID>,python):2026-09-19-18:01:07.115.601 [package_process_config.cpp:396][GetPkgHostAndDeviceDstPath][tid:<PID>] get orgFile:<CANN>/opp/built-in/op_impl/aicpu/kernel/aicpu_hccl.tar.gz, dstFile:<EXTERNAL_PATH>
[INFO] TDT(<PID>,python):2026-09-19-18:01:07.127.732 [package_loader.cpp:491][LoadSinglePackageToDevice][tid:<PID>] current package:aicpu_hccl.tar.gz is same as device, skip load
[INFO] TDT(<PID>,python):2026-09-19-18:01:07.127.739 [package_loader.cpp:464][LoadSinglePackageToDevice][tid:<PID>] begin to load package:aicpu_hcomm.tar.gz to device:<DEVICE>
[INFO] TDT(<PID>,python):2026-09-19-18:01:07.127.746 [package_process_config.cpp:396][GetPkgHostAndDeviceDstPath][tid:<PID>] get orgFile:<CANN>/opp/built-in/op_impl/aicpu/kernel/aicpu_hcomm.tar.gz, dstFile:<EXTERNAL_PATH>
[INFO] TDT(<PID>,python):2026-09-19-18:01:07.186.387 [package_loader.cpp:491][LoadSinglePackageToDevice][tid:<PID>] current package:aicpu_hcomm.tar.gz is same as device, skip load
[INFO] TDT(<PID>,python):2026-09-19-18:01:07.186.399 [package_loader.cpp:464][LoadSinglePackageToDevice][tid:<PID>] begin to load package:cann-hccd-compat.tar.gz to device:<DEVICE>
[INFO] TDT(<PID>,python):2026-09-19-18:01:07.186.405 [package_loader.cpp:467][LoadSinglePackageToDevice][tid:<PID>] current package:cann-hccd-compat.tar.gz does not need to load to device:<DEVICE>
[INFO] TDT(<PID>,python):2026-09-19-18:01:07.186.410 [package_loader.cpp:464][LoadSinglePackageToDevice][tid:<PID>] begin to load package:cann-hcomm-compat.tar.gz to device:<DEVICE>
[INFO] TDT(<PID>,python):2026-09-19-18:01:07.186.420 [package_process_config.cpp:396][GetPkgHostAndDeviceDstPath][tid:<PID>] get orgFile:<CANN>/compat/cann-hcomm-compat.tar.gz, dstFile:<EXTERNAL_PATH>
[WARNING] TDT(<PID>,python):2026-09-19-18:01:07.212.459 [plugin_version_manager.cpp:38][GetPluginUpdateStrategy][tid:<PID>] [TsdClient][deviceId=<DEVICE>] halGetDeviceInfo(INFO_TYPE_SWPLUGIN_UPGRADE_POLICY) failed, retCode[3], fallback to PLUGIN_NOT_FORCE_UPDATE
[INFO] TDT(<PID>,python):2026-09-19-18:01:07.212.471 [plugin_version_manager.cpp:76][CompareHostDeviceCompatPluginVersion][tid:<PID>] device plugin pkg:cann-hcomm-compat.tar.gz version unavailable, fallback to checkcode compare
[INFO] TDT(<PID>,python):2026-09-19-18:01:07.212.477 [package_loader.cpp:487][LoadSinglePackageToDevice][tid:<PID>] skip load compat plugin package:cann-hcomm-compat.tar.gz by version/strategy check
[INFO] TDT(<PID>,python):2026-09-19-18:01:07.212.482 [package_loader.cpp:464][LoadSinglePackageToDevice][tid:<PID>] begin to load package:cann-hixl-compat.tar.gz to device:<DEVICE>
[INFO] TDT(<PID>,python):2026-09-19-18:01:07.212.501 [package_process_config.cpp:396][GetPkgHostAndDeviceDstPath][tid:<PID>] get orgFile:<CANN>/opp/built-in/op_impl/aicpu/kernel/cann-hixl-compat.tar.gz, dstFile:<EXTERNAL_PATH>
[INFO] TDT(<PID>,python):2026-09-19-18:01:07.213.137 [package_loader.cpp:491][LoadSinglePackageToDevice][tid:<PID>] current package:cann-hixl-compat.tar.gz is same as device, skip load
[INFO] TDT(<PID>,python):2026-09-19-18:01:07.213.143 [package_loader.cpp:464][LoadSinglePackageToDevice][tid:<PID>] begin to load package:cann-tsch-compat.tar.gz to device:<DEVICE>
[INFO] TDT(<PID>,python):2026-09-19-18:01:07.213.147 [package_loader.cpp:454][SupportLoadPkg][tid:<PID>] current device chip:15 does not support package:cann-tsch-compat.tar.gz
[INFO] TDT(<PID>,python):2026-09-19-18:01:07.213.151 [package_loader.cpp:467][LoadSinglePackageToDevice][tid:<PID>] current package:cann-tsch-compat.tar.gz does not need to load to device:<DEVICE>
[INFO] TDT(<PID>,python):2026-09-19-18:01:07.213.156 [package_loader.cpp:464][LoadSinglePackageToDevice][tid:<PID>] begin to load package:cann-udf-compat.tar.gz to device:<DEVICE>
[INFO] TDT(<PID>,python):2026-09-19-18:01:07.213.160 [package_loader.cpp:467][LoadSinglePackageToDevice][tid:<PID>] current package:cann-udf-compat.tar.gz does not need to load to device:<DEVICE>
[INFO] TDT(<PID>,python):2026-09-19-18:01:07.213.164 [package_loader.cpp:464][LoadSinglePackageToDevice][tid:<PID>] begin to load package:mc2_server.tar.gz to device:<DEVICE>
[INFO] TDT(<PID>,python):2026-09-19-18:01:07.213.170 [package_process_config.cpp:396][GetPkgHostAndDeviceDstPath][tid:<PID>] get orgFile:<CANN>/opp/built-in/op_impl/aicpu/kernel/mc2_server.tar.gz, dstFile:<EXTERNAL_PATH>
[INFO] TDT(<PID>,python):2026-09-19-18:01:07.216.358 [package_loader.cpp:491][LoadSinglePackageToDevice][tid:<PID>] current package:mc2_server.tar.gz is same as device, skip load
[INFO] TDT(<PID>,python):2026-09-19-18:01:07.216.371 [hdc_message_builder.cpp:54][SetProcSignPid][tid:<PID>] [HdcMessageBuilder] tsd get process sign successfully, procpid[<PID>]
[INFO] TDT(<PID>,python):2026-09-19-18:01:07.216.386 [version_verify.cpp:117][SpecialFeatureCheck][tid:<PID>] VersionVerify: previous type[6], supported
[INFO] TDT(<PID>,python):2026-09-19-18:01:07.216.530 [tsd_process_controller.cpp:111][WaitOpenRsp][tid:<PID>] [ProcessModeManager] deviceId[<DEVICE>] sessionId[1] rankSize[0], wait subprocess start response
[INFO] TDT(<PID>,python):2026-09-19-18:01:07.650.463 [tsd_process_controller.cpp:472][ProcessQueueForAdc][tid:<PID>] [TsdClient] it is unnecessary for current mode[0] to grant queue auth to aicpusd
[INFO] TDT(<PID>,python):2026-09-19-18:01:07.650.478 [tsd_process_controller.cpp:134][LogOpenProcessDuration][tid:<PID>] [TsdClient][deviceId=<DEVICE>] [sessionId=1] start hccp and computer process success,phase4:[776]ms send open message to device,phase5:[433]ms receive open message to device,phase6:[0]ms process for adc on host,whole duration:[1210]ms
[INFO] DRV(<PID>,python):2026-09-19-18:01:07.650.520 [event_sched.c:1536][ascend][curpid:<PID>,<PID>][drv][event-sche][esched_device_open]The dev_id has opened. (dev_id=<DEVICE>)
[INFO] DRV(<PID>,python):2026-09-19-18:01:07.651.376 [drv_share_log.c:233][ascend][curpid:<PID>,<PID>][drv][devmm][share_log_read_in_single_module]Open. (udevid=<DEVICE>; tgid=<PID>)
[INFO] DRV(<PID>,python):2026-09-19-18:01:07.651.916 [drv_share_log.c:233][ascend][curpid:<PID>,<PID>][drv][devmm][share_log_read_in_single_module]Open. (udevid=<DEVICE>; tgid=<PID>)
[INFO] DRV(<PID>,python):2026-09-19-18:01:07.690.443 [queue_interface.c:954][ascend][curpid:<PID>,<PID>][drv][queuemng][queue_device_open]queue open finish. (dev_id=<DEVICE>)
[INFO] RUNTIME(<PID>,python):2026-09-19-18:01:07.690.682 [raw_device.cc:589] <PID> Init: isAddrFlat:0
[INFO] TDT(<PID>,python):2026-09-19-18:01:07.694.807 [tsd_client.cpp:188][TsdCapabilityGet][tid:<PID>] TsdCapabilityGet Begin.
[INFO] TDT(<PID>,python):2026-09-19-18:01:07.694.819 [capability_manager.cpp:489][CapabilityGet][tid:<PID>] [CapabilityManager] enter into CapabilityGet process deviceId[<DEVICE>] type[0].
[INFO] TDT(<PID>,python):2026-09-19-18:01:07.694.830 [hdc_message_builder.cpp:54][SetProcSignPid][tid:<PID>] [HdcMessageBuilder] tsd get process sign successfully, procpid[<PID>]
[INFO] TDT(<PID>,python):2026-09-19-18:01:07.694.839 [version_verify.cpp:117][SpecialFeatureCheck][tid:<PID>] VersionVerify: previous type[38], supported
[INFO] TDT(<PID>,python):2026-09-19-18:01:07.694.981 [capability_manager.cpp:514][CapabilityGet][tid:<PID>] [CapabilityManager][deviceId=<DEVICE>] [sessionId=1] [type=0]send capability successfully.
[INFO] TDT(<PID>,python):2026-09-19-18:01:07.697.327 [capability_manager.cpp:564][HandlePidQosRsp][tid:<PID>] [TsdClient] PidQosMsgProc recvMsg realDeviceId[<DEVICE>] msgType[39] localDevId[<DEVICE>] rspCode[0],pidqos[1]
[INFO] TDT(<PID>,python):2026-09-19-18:01:07.697.334 [capability_manager.cpp:520][CapabilityGet][tid:<PID>] [CapabilityManager][logicDeviceId_=1][type=0][pidQos=1][ret=0]recv capability response finished.
[INFO] RUNTIME(<PID>,python):2026-09-19-18:01:07.697.342 [engine.cc:77] <PID> Engine: Constructor.
[INFO] RUNTIME(<PID>,python):2026-09-19-18:01:07.697.346 [stars_engine.cc:51] <PID> StarsEngine: Constructor.
[INFO] RUNTIME(<PID>,python):2026-09-19-18:01:07.716.995 [runtime.cc:5453] <PID> CreateReportRasThread: Start report ras thread success!
[INFO] RUNTIME(<PID>,python):2026-09-19-18:01:07.717.063 [npu_driver_res.cc:305] 436941 GetDeviceStatus: GetDeviceStatus status=1.
[INFO] ATRACE(<PID>,python):2026-09-19-18:01:07.724.042 [tracer_mgr_operate.c:66](tid:<PID>) create object RUNTIME_ATRACE_DEV1_TS0 successfully, exitSave(false), noLock(false).
[INFO] TDT(<PID>,python):2026-09-19-18:01:07.724.058 [client_manager.cpp:194][SetProfilingCallback][tid:<PID>] [TsdClient] set profiling callback successfully
[INFO] RUNTIME(<PID>,python):2026-09-19-18:01:08.751.030 [runtime.cc:5659] 436942 ReportPageFaultProc: pageFaultSupportFlag_=0.
[INFO] ASCENDCL(<PID>,python):2026-09-19-18:08:11.881.057 [resource_statistics.cpp:113]<PID> TraverseStatistics: The ResourceType:ACL_STATISTICS_MALLOC_FREE, applyTotal = 78, applySucc = 78, releaseTotal = 71, releaseSucc = 71
[INFO] ASCENDCL(<PID>,python):2026-09-19-18:08:11.881.074 [resource_statistics.cpp:113]<PID> TraverseStatistics: The ResourceType:ACL_STATISTICS_MALLOC_FREE_HOST, applyTotal = 0, applySucc = 0, releaseTotal = 0, releaseSucc = 0
[INFO] ASCENDCL(<PID>,python):2026-09-19-18:08:11.881.079 [resource_statistics.cpp:113]<PID> TraverseStatistics: The ResourceType:ACL_STATISTICS_CREATE_DESTROY_CONTEXT, applyTotal = 0, applySucc = 0, releaseTotal = 0, releaseSucc = 0
[INFO] ASCENDCL(<PID>,python):2026-09-19-18:08:11.881.084 [resource_statistics.cpp:113]<PID> TraverseStatistics: The ResourceType:ACL_STATISTICS_SET_RESET_DEVICE, applyTotal = 2, applySucc = 2, releaseTotal = 1, releaseSucc = 1
[INFO] ASCENDCL(<PID>,python):2026-09-19-18:08:11.881.088 [resource_statistics.cpp:113]<PID> TraverseStatistics: The ResourceType:ACL_STATISTICS_CREATE_DESTROY_EVENT, applyTotal = 0, applySucc = 0, releaseTotal = 0, releaseSucc = 0
[INFO] ASCENDCL(<PID>,python):2026-09-19-18:08:11.881.092 [resource_statistics.cpp:113]<PID> TraverseStatistics: The ResourceType:ACL_STATISTICS_CREATE_DESTROY_STREAM, applyTotal = 2, applySucc = 2, releaseTotal = 1, releaseSucc = 1
[INFO] ASCENDCL(<PID>,python):2026-09-19-18:08:11.881.096 [resource_statistics.cpp:113]<PID> TraverseStatistics: The ResourceType:ACL_STATISTICS_DVPP_MALLOC_FREE, applyTotal = 0, applySucc = 0, releaseTotal = 0, releaseSucc = 0
[INFO] ASCENDCL(<PID>,python):2026-09-19-18:08:11.881.100 [resource_statistics.cpp:113]<PID> TraverseStatistics: The ResourceType:ACL_STATISTICS_RECORD_RESET_EVENT, applyTotal = 0, applySucc = 0, releaseTotal = 0, releaseSucc = 0
[INFO] ASCENDCL(<PID>,python):2026-09-19-18:08:11.881.104 [resource_statistics.cpp:113]<PID> TraverseStatistics: The ResourceType:ACL_STATISTICS_CREATE_DESTROY_DATA_BUFFER, applyTotal = 0, applySucc = 0, releaseTotal = 0, releaseSucc = 0
[INFO] ASCENDCL(<PID>,python):2026-09-19-18:08:11.881.108 [resource_statistics.cpp:113]<PID> TraverseStatistics: The ResourceType:ACL_STATISTICS_CREATE_DESTROY_TENSOR_DESC, applyTotal = 0, applySucc = 0, releaseTotal = 0, releaseSucc = 0
[INFO] ASCENDCL(<PID>,python):2026-09-19-18:08:11.881.112 [resource_statistics.cpp:113]<PID> TraverseStatistics: The ResourceType:ACL_STATISTICS_CREATE_DESTROY_DESC, applyTotal = 0, applySucc = 0, releaseTotal = 0, releaseSucc = 0
[INFO] ASCENDCL(<PID>,python):2026-09-19-18:08:11.881.116 [resource_statistics.cpp:113]<PID> TraverseStatistics: The ResourceType:ACL_STATISTICS_CREATE_DESTROY_DATASET, applyTotal = 0, applySucc = 0, releaseTotal = 0, releaseSucc = 0
[INFO] ASCENDCL(<PID>,python):2026-09-19-18:08:11.881.120 [resource_statistics.cpp:113]<PID> TraverseStatistics: The ResourceType:ACL_STATISTICS_CREATE_LOAD_UNLOAD_MODEL, applyTotal = 0, applySucc = 0, releaseTotal = 0, releaseSucc = 0
[INFO] ASCENDCL(<PID>,python):2026-09-19-18:08:11.881.124 [resource_statistics.cpp:113]<PID> TraverseStatistics: The ResourceType:ACL_STATISTICS_CREATE_DESTROY_AIPP, applyTotal = 0, applySucc = 0, releaseTotal = 0, releaseSucc = 0
[INFO] ASCENDCL(<PID>,python):2026-09-19-18:08:11.881.128 [resource_statistics.cpp:113]<PID> TraverseStatistics: The ResourceType:ACL_STATISTICS_CREATE_DESTROY_ATTR, applyTotal = 0, applySucc = 0, releaseTotal = 0, releaseSucc = 0
[INFO] ASCENDCL(<PID>,python):2026-09-19-18:08:11.881.131 [resource_statistics.cpp:113]<PID> TraverseStatistics: The ResourceType:ACL_STATISTICS_CREATE_DESTROY_HANDLE, applyTotal = 0, applySucc = 0, releaseTotal = 0, releaseSucc = 0
[INFO] ASCENDCL(<PID>,python):2026-09-19-18:08:11.881.136 [resource_statistics.cpp:113]<PID> TraverseStatistics: The ResourceType:ACL_STATISTICS_CREATE_DESTROY_DVPP_CHANNEL_DESC, applyTotal = 0, applySucc = 0, releaseTotal = 0, releaseSucc = 0
[INFO] ASCENDCL(<PID>,python):2026-09-19-18:08:11.881.140 [resource_statistics.cpp:113]<PID> TraverseStatistics: The ResourceType:ACL_STATISTICS_CREATE_DESTROY_DVPP_PIC_DESC, applyTotal = 0, applySucc = 0, releaseTotal = 0, releaseSucc = 0
[INFO] ASCENDCL(<PID>,python):2026-09-19-18:08:11.881.145 [resource_statistics.cpp:113]<PID> TraverseStatistics: The ResourceType:ACL_STATISTICS_CREATE_DESTROY_DVPP_ROI_CONFIG, applyTotal = 0, applySucc = 0, releaseTotal = 0, releaseSucc = 0
[INFO] ASCENDCL(<PID>,python):2026-09-19-18:08:11.881.151 [resource_statistics.cpp:113]<PID> TraverseStatistics: The ResourceType:ACL_STATISTICS_CREATE_DESTROY_DVPP_RESIZE_CONFIG, applyTotal = 0, applySucc = 0, releaseTotal = 0, releaseSucc = 0
[INFO] ASCENDCL(<PID>,python):2026-09-19-18:08:11.881.155 [resource_statistics.cpp:113]<PID> TraverseStatistics: The ResourceType:ACL_STATISTICS_CREATE_DESTROY_DVPP_JPEGE_CONFIG, applyTotal = 0, applySucc = 0, releaseTotal = 0, releaseSucc = 0
[INFO] ASCENDCL(<PID>,python):2026-09-19-18:08:11.881.159 [resource_statistics.cpp:113]<PID> TraverseStatistics: The ResourceType:ACL_STATISTICS_CREATE_DESTROY_VDEC_CHANNEL_DESC, applyTotal = 0, applySucc = 0, releaseTotal = 0, releaseSucc = 0
[INFO] ASCENDCL(<PID>,python):2026-09-19-18:08:11.881.163 [resource_statistics.cpp:113]<PID> TraverseStatistics: The ResourceType:ACL_STATISTICS_CREATE_DESTROY_VENC_CHANNEL_DESC, applyTotal = 0, applySucc = 0, releaseTotal = 0, releaseSucc = 0
[INFO] ASCENDCL(<PID>,python):2026-09-19-18:08:11.881.167 [resource_statistics.cpp:113]<PID> TraverseStatistics: The ResourceType:ACL_STATISTICS_CREATE_DESTROY_DVPP_STREAM_DESC, applyTotal = 0, applySucc = 0, releaseTotal = 0, releaseSucc = 0
[INFO] ASCENDCL(<PID>,python):2026-09-19-18:08:11.881.171 [resource_statistics.cpp:113]<PID> TraverseStatistics: The ResourceType:ACL_STATISTICS_CREATE_DESTROY_VDEC_FRAME_CONFIG, applyTotal = 0, applySucc = 0, releaseTotal = 0, releaseSucc = 0
[INFO] ASCENDCL(<PID>,python):2026-09-19-18:08:11.881.175 [resource_statistics.cpp:113]<PID> TraverseStatistics: The ResourceType:ACL_STATISTICS_CREATE_DESTROY_VENC_FRAME_CONFIG, applyTotal = 0, applySucc = 0, releaseTotal = 0, releaseSucc = 0
[INFO] ASCENDCL(<PID>,python):2026-09-19-18:08:11.881.179 [resource_statistics.cpp:113]<PID> TraverseStatistics: The ResourceType:ACL_STATISTICS_CREATE_DESTROY_DVPP_CHANNEL, applyTotal = 0, applySucc = 0, releaseTotal = 0, releaseSucc = 0
[INFO] ASCENDCL(<PID>,python):2026-09-19-18:08:11.881.182 [resource_statistics.cpp:113]<PID> TraverseStatistics: The ResourceType:ACL_STATISTICS_CREATE_DESTROY_VDEC_CHANNEL, applyTotal = 0, applySucc = 0, releaseTotal = 0, releaseSucc = 0
[INFO] ASCENDCL(<PID>,python):2026-09-19-18:08:11.881.186 [resource_statistics.cpp:113]<PID> TraverseStatistics: The ResourceType:ACL_STATISTICS_CREATE_DESTROY_VENC_CHANNEL, applyTotal = 0, applySucc = 0, releaseTotal = 0, releaseSucc = 0
[INFO] ASCENDCL(<PID>,python):2026-09-19-18:08:11.881.190 [resource_statistics.cpp:113]<PID> TraverseStatistics: The ResourceType:ACL_STATISTICS_CREATE_DESTROY_DVPP_BATCH_PIC_DESC, applyTotal = 0, applySucc = 0, releaseTotal = 0, releaseSucc = 0
[INFO] ASCENDCL(<PID>,python):2026-09-19-18:08:11.881.194 [resource_statistics.cpp:113]<PID> TraverseStatistics: The ResourceType:ACL_STATISTICS_CREATE_DESTROY_GROUP_INFO, applyTotal = 0, applySucc = 0, releaseTotal = 0, releaseSucc = 0
[INFO] ASCENDCL(<PID>,python):2026-09-19-18:08:11.881.198 [resource_statistics.cpp:113]<PID> TraverseStatistics: The ResourceType:ACL_STATISTICS_CREATE_DESTROY_PROF_CONFIG, applyTotal = 0, applySucc = 0, releaseTotal = 0, releaseSucc = 0
[INFO] ASCENDCL(<PID>,python):2026-09-19-18:08:11.881.202 [resource_statistics.cpp:113]<PID> TraverseStatistics: The ResourceType:ACL_STATISTICS_CREATE_DESTROY_PROF_SUB_CONFIG, applyTotal = 0, applySucc = 0, releaseTotal = 0, releaseSucc = 0
[INFO] ASCENDCL(<PID>,python):2026-09-19-18:08:11.881.206 [resource_statistics.cpp:113]<PID> TraverseStatistics: The ResourceType:ACL_STATISTICS_CREATE_DESTROY_MODEL_CONFIG, applyTotal = 0, applySucc = 0, releaseTotal = 0, releaseSucc = 0
[INFO] ASCENDCL(<PID>,python):2026-09-19-18:08:11.881.210 [resource_statistics.cpp:113]<PID> TraverseStatistics: The ResourceType:ACL_STATISTICS_CREATE_DESTROY_QUEUE_ID, applyTotal = 0, applySucc = 0, releaseTotal = 0, releaseSucc = 0
[INFO] ASCENDCL(<PID>,python):2026-09-19-18:08:11.881.215 [resource_statistics.cpp:113]<PID> TraverseStatistics: The ResourceType:ACL_STATISTICS_CREATE_DESTROY_QUEUE_ATTR, applyTotal = 0, applySucc = 0, releaseTotal = 0, releaseSucc = 0
[INFO] ASCENDCL(<PID>,python):2026-09-19-18:08:11.881.219 [resource_statistics.cpp:113]<PID> TraverseStatistics: The ResourceType:ACL_STATISTICS_CREATE_DESTROY_QUEUE_ROUTE, applyTotal = 0, applySucc = 0, releaseTotal = 0, releaseSucc = 0
[INFO] ASCENDCL(<PID>,python):2026-09-19-18:08:11.881.223 [resource_statistics.cpp:113]<PID> TraverseStatistics: The ResourceType:ACL_STATISTICS_CREATE_DESTROY_QUEUE_ROUTE_LIST, applyTotal = 0, applySucc = 0, releaseTotal = 0, releaseSucc = 0
[INFO] ASCENDCL(<PID>,python):2026-09-19-18:08:11.881.227 [resource_statistics.cpp:113]<PID> TraverseStatistics: The ResourceType:ACL_STATISTICS_CREATE_DESTROY_QUEUE_ROUTE_QUERY, applyTotal = 0, applySucc = 0, releaseTotal = 0, releaseSucc = 0
[INFO] ASCENDCL(<PID>,python):2026-09-19-18:08:11.881.231 [resource_statistics.cpp:113]<PID> TraverseStatistics: The ResourceType:ACL_STATISTICS_CREATE_DESTROY_MBUF, applyTotal = 0, applySucc = 0, releaseTotal = 0, releaseSucc = 0
[INFO] ASCENDCL(<PID>,python):2026-09-19-18:08:11.881.235 [resource_statistics.cpp:113]<PID> TraverseStatistics: The ResourceType:ACL_STATISTICS_CREATE_DESTROY_GRAPH_DUMP_OPTION, applyTotal = 0, applySucc = 0, releaseTotal = 0, releaseSucc = 0
[INFO] ASCENDCL(<PID>,python):2026-09-19-18:08:11.881.239 [resource_statistics.cpp:113]<PID> TraverseStatistics: The ResourceType:ACL_STATISTICS_CREATE_DESTROY_ALLOCATOR_DESC, applyTotal = 0, applySucc = 0, releaseTotal = 0, releaseSucc = 0
[INFO] ASCENDCL(<PID>,python):2026-09-19-18:08:11.881.243 [resource_statistics.cpp:113]<PID> TraverseStatistics: The ResourceType:ACL_STATISTICS_CREATE_DESTROY_ALLOCATOR_BINARY_DESC, applyTotal = 0, applySucc = 0, releaseTotal = 0, releaseSucc = 0
[INFO] ASCENDCL(<PID>,python):2026-09-19-18:08:11.881.247 [resource_statistics.cpp:113]<PID> TraverseStatistics: The ResourceType:ACL_STATISTICS_RESERVE_RELEASE_MEMORY_ADDRESS, applyTotal = 0, applySucc = 0, releaseTotal = 0, releaseSucc = 0
[INFO] ASCENDCL(<PID>,python):2026-09-19-18:08:11.881.251 [resource_statistics.cpp:113]<PID> TraverseStatistics: The ResourceType:ACL_STATISTICS_MALLOC_FREE_PHYSICAL_MEMORY, applyTotal = 0, applySucc = 0, releaseTotal = 0, releaseSucc = 0
[INFO] ASCENDCL(<PID>,python):2026-09-19-18:08:11.881.254 [resource_statistics.cpp:113]<PID> TraverseStatistics: The ResourceType:ACL_STATISTICS_MAP_UNMAP_MEMORY, applyTotal = 0, applySucc = 0, releaseTotal = 0, releaseSucc = 0
[INFO] ASCENDCL(<PID>,python):2026-09-19-18:08:11.881.258 [resource_statistics.cpp:113]<PID> TraverseStatistics: The ResourceType:ACL_STATISTICS_LOAD_UNLOAD_BINARY, applyTotal = 0, applySucc = 0, releaseTotal = 0, releaseSucc = 0
[INFO] DRV(<PID>,python):2026-09-19-18:08:12.381.452 [drv_share_log.c:233][ascend][curpid:<PID>,<PID>][drv][hdc][share_log_read_in_single_module]Server destroy success. (dev_id=<DEVICE>; fid=0; service="service_dump"; pid=<PID>)
[INFO] DRV(<PID>,python):2026-09-19-18:08:12.381.489 [drv_share_log.c:233][ascend][curpid:<PID>,<PID>][drv][hdc][share_log_read_in_single_module]Server destroy success. (dev_id=<DEVICE>; fid=0; service="service_dump"; pid=<PID>)
[INFO] RUNTIME(<PID>,python):2026-09-19-18:08:13.717.230 [runtime.cc:5493] 436942 ReportRasRun: Report ras thread exits normally!
[INFO] RUNTIME(<PID>,python):2026-09-19-18:08:14.558.295 [runtime.cc:5463] <PID> DestroyReportRasThread: Join report ras thread OK.
[INFO] RUNTIME(<PID>,python):2026-09-19-18:08:14.558.309 [runtime.cc:1582] <PID> WaitMonitorExit: wait monitor success, used count=0.
[INFO] RUNTIME(<PID>,python):2026-09-19-18:08:14.737.755 [xpu_task_fail_callback_data_manager.cc:64] <PID> ~XpuTaskFailCallBackManager: XpuTaskFailCallBackManager Destructor.
[INFO] RUNTIME(<PID>,python):2026-09-19-18:08:14.737.773 [task_fail_callback_data_manager.cc:91] <PID> ~TaskFailCallBackManager: Destructor.
[INFO] ATRACE(<PID>,python):2026-09-19-18:08:14.845.750 [stacktrace_signal.c:229](tid:<PID>) unregister all signal handlers, can not capture signal.
[INFO] ATRACE(<PID>,python):2026-09-19-18:08:14.936.614 [atrace_client_core.c:127](tid:<PID>) atrace receive thread exited, devId=<DEVICE>.
